2026-08-26T22:16:22.412199Z  INFO MapleEMR: MapleEMR is running!
2026-08-26T22:16:22.639916Z  INFO MapleEMR: Database connection established to: postgres://postgres:csm500@localhost:5432/csm500
2026-08-26T22:16:22.640035Z  INFO MapleEMR: CARGO_MANIFEST_DIR = C:\uol\csm500-final-project\src\app
2026-08-26T22:16:22.688638Z  INFO ort::logging: Discovered OrtHardwareDevice {vendor_id:0x8086, device_id:0x1912, vendor:Intel Corporation, type:1, metadata: [Description=Intel(R) HD Graphics 530, Discrete=0, DxgiAdapterNumber=0, DxgiHighPerformanceIndex=0, DxgiVideoMemory=128 MB, LUID=49304, ]}
2026-08-26T22:16:22.688938Z  INFO ort::logging: Discovered OrtHardwareDevice {vendor_id:0x8086, device_id:0x0, vendor:Intel, type:0, metadata: [Description=Intel(R) Core(TM) i5-6600 CPU @ 3.30GHz, ]}
2026-08-26T22:16:22.689688Z  INFO ort::logging: Session Options {  execution_mode:0 execution_order:DEFAULT enable_profiling:0 optimized_model_filepath: enable_mem_pattern:1 enable_mem_reuse:1 enable_cpu_mem_arena:1 profile_file_prefix:onnxruntime_profile_ session_logid: session_log_severity_level:-1 session_log_verbosity_level:0 max_num_graph_transformation_steps:10 graph_optimization_level:1 intra_op_param:OrtThreadPoolParams { thread_pool_size: 1 auto_set_affinity: 0 allow_spinning: 0 dynamic_block_base_: 0 stack_size: 0 affinity_str:  set_denormal_as_zero: 0 } inter_op_param:OrtThreadPoolParams { thread_pool_size: 0 auto_set_affinity: 0 allow_spinning: 0 dynamic_block_base_: 0 stack_size: 0 affinity_str:  set_denormal_as_zero: 0 } use_per_session_threads:1 thread_pool_allow_spinning:1 use_deterministic_compute:0 ep_selection_policy:5 config_options: {  } }
2026-08-26T22:16:22.689757Z  INFO ort::logging: Flush-to-zero and denormal-as-zero are off
2026-08-26T22:16:22.689785Z  INFO ort::logging: Creating and using per session threadpools since use_per_session_threads_ is true
2026-08-26T22:16:22.689837Z  INFO ort::logging: Dynamic block base set to 0
2026-08-26T22:16:22.754531Z  INFO ort::logging: Initializing session.
2026-08-26T22:16:22.754659Z  INFO ort::logging: Creating BFCArena for Cpu with following configs: initial_chunk_size_bytes: 1048576 max_dead_bytes_per_chunk: 134217728 initial_growth_chunk_size_bytes: 2097152 max_power_of_two_extend_bytes: 1073741824 memory limit: 18446744073709551615 arena_extend_strategy: 0
2026-08-26T22:16:22.759064Z  INFO ort::logging: This model does not have any local functions defined. AOT Inlining is not performed
2026-08-26T22:16:22.784102Z  INFO ort::logging: GraphTransformer EnsureUniqueDQForNodeUnit modified: 0 with status: OK
2026-08-26T22:16:22.784552Z  INFO ort::logging: GraphTransformer Level1_RuleBasedTransformer modified: 0 with status: OK
2026-08-26T22:16:22.784689Z  INFO ort::logging: GraphTransformer DoubleQDQPairsRemover modified: 0 with status: OK
2026-08-26T22:16:22.786146Z  INFO ort::logging: Total shared scalar initializer count: 199
2026-08-26T22:16:22.786177Z  INFO ort::logging: GraphTransformer ConstantSharing modified: 1 with status: OK
2026-08-26T22:16:22.791345Z  INFO ort::logging: GraphTransformer CommonSubexpressionElimination modified: 1 with status: OK
2026-08-26T22:16:22.798871Z  INFO ort::logging: GraphTransformer ConstantFolding modified: 1 with status: OK
2026-08-26T22:16:22.803299Z  INFO ort::logging: Removing initializer '/1/Constant_8_output_0'. It is no longer used by any node.
2026-08-26T22:16:22.803356Z  INFO ort::logging: Removing initializer '/0/auto_model/Shape_2_output_0'. It is no longer used by any node.
2026-08-26T22:16:22.803374Z  INFO ort::logging: Removing initializer '/1/Shape_3_output_0'. It is no longer used by any node.
2026-08-26T22:16:22.803636Z  INFO ort::logging: GraphTransformer MatMulAddFusion modified: 0 with status: OK
2026-08-26T22:16:22.803832Z  INFO ort::logging: Fused reshape node: /0/auto_model/encoder/layer.0/attention/self/Reshape_output_0
2026-08-26T22:16:22.803875Z  INFO ort::logging: Fused reshape node: /0/auto_model/encoder/layer.0/attention/self/Reshape_2_output_0
2026-08-26T22:16:22.803914Z  INFO ort::logging: Fused reshape node: /0/auto_model/encoder/layer.0/attention/self/Reshape_1_output_0
2026-08-26T22:16:22.804011Z  INFO ort::logging: Fused reshape node: /0/auto_model/encoder/layer.0/attention/self/Reshape_3_output_0
2026-08-26T22:16:22.804055Z  INFO ort::logging: Fused reshape node: /0/auto_model/encoder/layer.1/attention/self/Reshape_output_0
2026-08-26T22:16:22.804092Z  INFO ort::logging: Fused reshape node: /0/auto_model/encoder/layer.1/attention/self/Reshape_2_output_0
2026-08-26T22:16:22.804130Z  INFO ort::logging: Fused reshape node: /0/auto_model/encoder/layer.1/attention/self/Reshape_1_output_0
2026-08-26T22:16:22.804171Z  INFO ort::logging: Fused reshape node: /0/auto_model/encoder/layer.1/attention/self/Reshape_3_output_0
2026-08-26T22:16:22.804209Z  INFO ort::logging: Fused reshape node: /0/auto_model/encoder/layer.2/attention/self/Reshape_output_0
2026-08-26T22:16:22.804247Z  INFO ort::logging: Fused reshape node: /0/auto_model/encoder/layer.2/attention/self/Reshape_2_output_0
2026-08-26T22:16:22.804290Z  INFO ort::logging: Fused reshape node: /0/auto_model/encoder/layer.2/attention/self/Reshape_1_output_0
2026-08-26T22:16:22.804331Z  INFO ort::logging: Fused reshape node: /0/auto_model/encoder/layer.2/attention/self/Reshape_3_output_0
2026-08-26T22:16:22.804369Z  INFO ort::logging: Fused reshape node: /0/auto_model/encoder/layer.3/attention/self/Reshape_output_0
2026-08-26T22:16:22.804407Z  INFO ort::logging: Fused reshape node: /0/auto_model/encoder/layer.3/attention/self/Reshape_2_output_0
2026-08-26T22:16:22.804444Z  INFO ort::logging: Fused reshape node: /0/auto_model/encoder/layer.3/attention/self/Reshape_1_output_0
2026-08-26T22:16:22.804484Z  INFO ort::logging: Fused reshape node: /0/auto_model/encoder/layer.3/attention/self/Reshape_3_output_0
2026-08-26T22:16:22.804522Z  INFO ort::logging: Fused reshape node: /0/auto_model/encoder/layer.4/attention/self/Reshape_output_0
2026-08-26T22:16:22.804564Z  INFO ort::logging: Fused reshape node: /0/auto_model/encoder/layer.4/attention/self/Reshape_2_output_0
2026-08-26T22:16:22.804601Z  INFO ort::logging: Fused reshape node: /0/auto_model/encoder/layer.4/attention/self/Reshape_1_output_0
2026-08-26T22:16:22.804641Z  INFO ort::logging: Fused reshape node: /0/auto_model/encoder/layer.4/attention/self/Reshape_3_output_0
2026-08-26T22:16:22.804679Z  INFO ort::logging: Fused reshape node: /0/auto_model/encoder/layer.5/attention/self/Reshape_output_0
2026-08-26T22:16:22.804716Z  INFO ort::logging: Fused reshape node: /0/auto_model/encoder/layer.5/attention/self/Reshape_2_output_0
2026-08-26T22:16:22.804753Z  INFO ort::logging: Fused reshape node: /0/auto_model/encoder/layer.5/attention/self/Reshape_1_output_0
2026-08-26T22:16:22.804794Z  INFO ort::logging: Fused reshape node: /0/auto_model/encoder/layer.5/attention/self/Reshape_3_output_0
2026-08-26T22:16:22.804812Z  INFO ort::logging: Total fused reshape node count: 24
2026-08-26T22:16:22.804829Z  INFO ort::logging: GraphTransformer ReshapeFusion modified: 1 with status: OK
2026-08-26T22:16:22.808003Z  INFO ort::logging: Removing initializer '/0/auto_model/encoder/layer.4/attention/self/Constant_11_output_0'. It is no longer used by any node.
2026-08-26T22:16:22.808035Z  INFO ort::logging: Removing initializer '/0/auto_model/encoder/layer.4/attention/self/Constant_6_output_0'. It is no longer used by any node.
2026-08-26T22:16:22.808061Z  INFO ort::logging: Removing initializer '/0/auto_model/encoder/layer.0/attention/self/Constant_15_output_0'. It is no longer used by any node.
2026-08-26T22:16:22.808155Z  INFO ort::logging: GraphTransformer FreeDimensionOverrideTransformer modified: 0 with status: OK
2026-08-26T22:16:22.808183Z  INFO ort::logging: GraphTransformer GeluFusionL1 modified: 0 with status: OK
2026-08-26T22:16:22.808208Z  INFO ort::logging: GraphTransformer LayerNormFusionL1 modified: 0 with status: OK
2026-08-26T22:16:22.808335Z  INFO ort::logging: GraphTransformer QDQPropagationTransformer modified: 0 with status: OK
2026-08-26T22:16:22.808432Z  INFO ort::logging: GraphTransformer WeightBiasQuantization modified: 0 with status: OK
2026-08-26T22:16:22.808568Z  INFO ort::logging: GraphTransformer EnsureUniqueDQForNodeUnit modified: 0 with status: OK
2026-08-26T22:16:22.808667Z  INFO ort::logging: GraphTransformer WhereDummyDq modified: 0 with status: OK
2026-08-26T22:16:22.809226Z  INFO ort::logging: GraphTransformer TransposeOptimizer modified: 0 with status: OK
2026-08-26T22:16:22.809449Z  INFO ort::logging: GraphTransformer Level1_RuleBasedTransformer modified: 0 with status: OK
2026-08-26T22:16:22.809537Z  INFO ort::logging: GraphTransformer DoubleQDQPairsRemover modified: 0 with status: OK
2026-08-26T22:16:22.809879Z  INFO ort::logging: GraphTransformer CommonSubexpressionElimination modified: 0 with status: OK
2026-08-26T22:16:22.810024Z  INFO ort::logging: GraphTransformer ConstantFolding modified: 0 with status: OK
2026-08-26T22:16:22.810136Z  INFO ort::logging: GraphTransformer MatMulAddFusion modified: 0 with status: OK
2026-08-26T22:16:22.810224Z  INFO ort::logging: GraphTransformer ReshapeFusion modified: 0 with status: OK
2026-08-26T22:16:22.810243Z  INFO ort::logging: GraphTransformer FreeDimensionOverrideTransformer modified: 0 with status: OK
2026-08-26T22:16:22.810259Z  INFO ort::logging: GraphTransformer GeluFusionL1 modified: 0 with status: OK
2026-08-26T22:16:22.810273Z  INFO ort::logging: GraphTransformer LayerNormFusionL1 modified: 0 with status: OK
2026-08-26T22:16:22.810362Z  INFO ort::logging: GraphTransformer QDQPropagationTransformer modified: 0 with status: OK
2026-08-26T22:16:22.810444Z  INFO ort::logging: GraphTransformer WeightBiasQuantization modified: 0 with status: OK
2026-08-26T22:16:22.810530Z  INFO ort::logging: GraphTransformer EnsureUniqueDQForNodeUnit modified: 0 with status: OK
2026-08-26T22:16:22.810613Z  INFO ort::logging: GraphTransformer WhereDummyDq modified: 0 with status: OK
2026-08-26T22:16:22.816007Z  INFO ort::logging: Running graph optimizations in loop 1 time/s (Graph Optimizations Loop Level : 1)
2026-08-26T22:16:22.816457Z  INFO ort::logging: GraphTransformer RemoveDuplicateCastTransformer modified: 0 with status: OK
2026-08-26T22:16:22.816479Z  INFO ort::logging: GraphTransformer CastFloat16Transformer modified: 0 with status: OK
2026-08-26T22:16:22.816513Z  INFO ort::logging: GraphTransformer MemcpyTransformer modified: 0 with status: OK
2026-08-26T22:16:22.821964Z  INFO ort::logging: Use DeviceBasedPartition as default
2026-08-26T22:16:22.860272Z  INFO ort::logging: Saving initialized tensors.
2026-08-26T22:16:22.860381Z  INFO ort::logging: Reserving memory in BFCArena for Cpu size: 24
2026-08-26T22:16:22.860435Z  INFO ort::logging: Reserving memory in BFCArena for Cpu size: 4
2026-08-26T22:16:22.860466Z  INFO ort::logging: Reserving memory in BFCArena for Cpu size: 24
2026-08-26T22:16:22.860493Z  INFO ort::logging: Reserving memory in BFCArena for Cpu size: 32
2026-08-26T22:16:22.860513Z  INFO ort::logging: Reserving memory in BFCArena for Cpu size: 8
2026-08-26T22:16:22.860539Z  INFO ort::logging: Reserving memory in BFCArena for Cpu size: 24
2026-08-26T22:16:22.860559Z  INFO ort::logging: Reserving memory in BFCArena for Cpu size: 32
2026-08-26T22:16:22.860584Z  INFO ort::logging: Reserving memory in BFCArena for Cpu size: 8
2026-08-26T22:16:22.860603Z  INFO ort::logging: Reserving memory in BFCArena for Cpu size: 32
2026-08-26T22:16:22.860639Z  INFO ort::logging: Reserving memory in BFCArena for Cpu size: 24
2026-08-26T22:16:22.860659Z  INFO ort::logging: Reserving memory in BFCArena for Cpu size: 32
2026-08-26T22:16:22.860683Z  INFO ort::logging: Reserving memory in BFCArena for Cpu size: 32
2026-08-26T22:16:22.860706Z  INFO ort::logging: Reserving memory in BFCArena for Cpu size: 24
2026-08-26T22:16:22.860739Z  INFO ort::logging: Reserving memory in BFCArena for Cpu size: 32
2026-08-26T22:16:22.860760Z  INFO ort::logging: Reserving memory in BFCArena for Cpu size: 4
2026-08-26T22:16:22.860783Z  INFO ort::logging: Reserving memory in BFCArena for Cpu size: 24
2026-08-26T22:16:22.860802Z  INFO ort::logging: Reserving memory in BFCArena for Cpu size: 32
2026-08-26T22:16:22.860823Z  INFO ort::logging: Reserving memory in BFCArena for Cpu size: 32
2026-08-26T22:16:22.860846Z  INFO ort::logging: Reserving memory in BFCArena for Cpu size: 16
2026-08-26T22:16:22.860876Z  INFO ort::logging: Reserving memory in BFCArena for Cpu size: 32
2026-08-26T22:16:22.860901Z  INFO ort::logging: Reserving memory in BFCArena for Cpu size: 4
2026-08-26T22:16:22.860928Z  INFO ort::logging: Reserving memory in BFCArena for Cpu size: 32
2026-08-26T22:16:22.860947Z  INFO ort::logging: Reserving memory in BFCArena for Cpu size: 4
2026-08-26T22:16:22.860965Z  INFO ort::logging: Reserving memory in BFCArena for Cpu size: 16
2026-08-26T22:16:22.860983Z  INFO ort::logging: Reserving memory in BFCArena for Cpu size: 32
2026-08-26T22:16:22.861004Z  INFO ort::logging: Reserving memory in BFCArena for Cpu size: 24
2026-08-26T22:16:22.861026Z  INFO ort::logging: Reserving memory in BFCArena for Cpu size: 8
2026-08-26T22:16:22.861049Z  INFO ort::logging: Reserving memory in BFCArena for Cpu size: 32
2026-08-26T22:16:22.861085Z  INFO ort::logging: Reserving memory in BFCArena for Cpu size: 8
2026-08-26T22:16:22.861220Z  INFO ort::logging: Reserving memory in BFCArena for Cpu size: 8
2026-08-26T22:16:22.861263Z  INFO ort::logging: Reserving memory in BFCArena for Cpu size: 4
2026-08-26T22:16:22.861291Z  INFO ort::logging: Reserving memory in BFCArena for Cpu size: 4
2026-08-26T22:16:22.861312Z  INFO ort::logging: Reserving memory in BFCArena for Cpu size: 32
2026-08-26T22:16:22.861336Z  INFO ort::logging: Reserving memory in BFCArena for Cpu size: 8
2026-08-26T22:16:22.861358Z  INFO ort::logging: Reserving memory in BFCArena for Cpu size: 24
2026-08-26T22:16:22.861383Z  INFO ort::logging: Reserving memory in BFCArena for Cpu size: 4
2026-08-26T22:16:22.861410Z  INFO ort::logging: Reserving memory in BFCArena for Cpu size: 32
2026-08-26T22:16:22.861498Z  INFO ort::logging: Reserving memory in BFCArena for Cpu size: 32
2026-08-26T22:16:22.861608Z  INFO ort::logging: Reserving memory in BFCArena for Cpu size: 8
2026-08-26T22:16:22.861645Z  INFO ort::logging: Reserving memory in BFCArena for Cpu size: 32
2026-08-26T22:16:22.861671Z  INFO ort::logging: Reserving memory in BFCArena for Cpu size: 4
2026-08-26T22:16:22.861821Z  INFO ort::logging: Reserving memory in BFCArena for Cpu size: 32
2026-08-26T22:16:22.861857Z  INFO ort::logging: Reserving memory in BFCArena for Cpu size: 32
2026-08-26T22:16:22.861882Z  INFO ort::logging: Done saving initialized tensors
2026-08-26T22:16:22.863111Z  INFO ort::logging: Reserving memory in BFCArena for Cpu size: 589824
2026-08-26T22:16:22.863435Z  INFO ort::logging: Reserving memory in BFCArena for Cpu size: 589824
2026-08-26T22:16:22.863661Z  INFO ort::logging: Reserving memory in BFCArena for Cpu size: 589824
2026-08-26T22:16:22.863913Z  INFO ort::logging: Reserving memory in BFCArena for Cpu size: 589824
2026-08-26T22:16:22.864151Z  INFO ort::logging: Reserving memory in BFCArena for Cpu size: 2359296
2026-08-26T22:16:22.865708Z  INFO ort::logging: Reserving memory in BFCArena for Cpu size: 2359296
2026-08-26T22:16:22.867198Z  INFO ort::logging: Reserving memory in BFCArena for Cpu size: 589824
2026-08-26T22:16:22.867453Z  INFO ort::logging: Reserving memory in BFCArena for Cpu size: 589824
2026-08-26T22:16:22.867694Z  INFO ort::logging: Reserving memory in BFCArena for Cpu size: 589824
2026-08-26T22:16:22.867942Z  INFO ort::logging: Reserving memory in BFCArena for Cpu size: 589824
2026-08-26T22:16:22.868163Z  INFO ort::logging: Reserving memory in BFCArena for Cpu size: 2359296
2026-08-26T22:16:22.869688Z  INFO ort::logging: Reserving memory in BFCArena for Cpu size: 2359296
2026-08-26T22:16:22.871081Z  INFO ort::logging: Reserving memory in BFCArena for Cpu size: 589824
2026-08-26T22:16:22.871317Z  INFO ort::logging: Reserving memory in BFCArena for Cpu size: 589824
2026-08-26T22:16:22.871544Z  INFO ort::logging: Reserving memory in BFCArena for Cpu size: 589824
2026-08-26T22:16:22.871783Z  INFO ort::logging: Reserving memory in BFCArena for Cpu size: 589824
2026-08-26T22:16:22.872018Z  INFO ort::logging: Reserving memory in BFCArena for Cpu size: 2359296
2026-08-26T22:16:22.873703Z  INFO ort::logging: Reserving memory in BFCArena for Cpu size: 2359296
2026-08-26T22:16:22.875177Z  INFO ort::logging: Reserving memory in BFCArena for Cpu size: 589824
2026-08-26T22:16:22.875432Z  INFO ort::logging: Reserving memory in BFCArena for Cpu size: 589824
2026-08-26T22:16:22.875648Z  INFO ort::logging: Reserving memory in BFCArena for Cpu size: 589824
2026-08-26T22:16:22.875880Z  INFO ort::logging: Reserving memory in BFCArena for Cpu size: 589824
2026-08-26T22:16:22.876110Z  INFO ort::logging: Reserving memory in BFCArena for Cpu size: 2359296
2026-08-26T22:16:22.877863Z  INFO ort::logging: Reserving memory in BFCArena for Cpu size: 2359296
2026-08-26T22:16:22.879353Z  INFO ort::logging: Reserving memory in BFCArena for Cpu size: 589824
2026-08-26T22:16:22.879601Z  INFO ort::logging: Reserving memory in BFCArena for Cpu size: 589824
2026-08-26T22:16:22.879832Z  INFO ort::logging: Reserving memory in BFCArena for Cpu size: 589824
2026-08-26T22:16:22.880137Z  INFO ort::logging: Reserving memory in BFCArena for Cpu size: 589824
2026-08-26T22:16:22.880372Z  INFO ort::logging: Reserving memory in BFCArena for Cpu size: 2359296
2026-08-26T22:16:22.881907Z  INFO ort::logging: Reserving memory in BFCArena for Cpu size: 2359296
2026-08-26T22:16:22.883380Z  INFO ort::logging: Reserving memory in BFCArena for Cpu size: 589824
2026-08-26T22:16:22.883610Z  INFO ort::logging: Reserving memory in BFCArena for Cpu size: 589824
2026-08-26T22:16:22.883831Z  INFO ort::logging: Reserving memory in BFCArena for Cpu size: 589824
2026-08-26T22:16:22.884070Z  INFO ort::logging: Reserving memory in BFCArena for Cpu size: 589824
2026-08-26T22:16:22.884299Z  INFO ort::logging: Reserving memory in BFCArena for Cpu size: 2359296
2026-08-26T22:16:22.885806Z  INFO ort::logging: Reserving memory in BFCArena for Cpu size: 2359296
2026-08-26T22:16:22.887587Z  INFO ort::logging: Session successfully initialized.
2026-08-26T22:16:22.888363Z  INFO actix_server::builder: starting 4 workers
2026-08-26T22:16:22.888474Z  INFO actix_server::server: Tokio runtime found; starting in existing Tokio runtime
2026-08-26T22:16:22.888514Z  INFO actix_server::server: starting service: "actix-web-service-127.0.0.1:8000", workers: 4, listening on: 127.0.0.1:8000
2026-08-26T22:16:22.889097Z  INFO MapleEMR: >get_application_secret_key()
2026-08-26T22:16:22.889445Z DEBUG MapleEMR::webc::tile_factory: >WebContentFactory:new() : Attempting read of: C:\uol\csm500-final-project\src\app\webc\static\LoginTile.htl
2026-08-26T22:16:22.892477Z  INFO MapleEMR: >get_application_secret_key()
2026-08-26T22:16:22.892620Z DEBUG MapleEMR::webc::tile_factory: >WebContentFactory:new() : Attempting read of: C:\uol\csm500-final-project\src\app\webc\static\LoginTile.htl
2026-08-26T22:16:22.894818Z  INFO MapleEMR: >get_application_secret_key()
2026-08-26T22:16:22.894933Z DEBUG MapleEMR::webc::tile_factory: >WebContentFactory:new() : Attempting read of: C:\uol\csm500-final-project\src\app\webc\static\LoginTile.htl
2026-08-26T22:16:22.896560Z  INFO MapleEMR: >get_application_secret_key()
2026-08-26T22:16:22.896641Z DEBUG MapleEMR::webc::tile_factory: >WebContentFactory:new() : Attempting read of: C:\uol\csm500-final-project\src\app\webc\static\LoginTile.htl
2026-08-26T22:21:35.151994Z DEBUG MapleEMR::route::default_route: -> /default_route Requested
2026-08-26T22:21:35.152134Z DEBUG MapleEMR::route::default_route: Checking session for Validation errors
2026-08-26T22:21:35.152171Z DEBUG MapleEMR::route::default_route: Ok( None ) No active session
2026-08-26T22:21:42.330742Z DEBUG MapleEMR::route::login_route: -> /login Requested
2026-08-26T22:21:42.330819Z DEBUG MapleEMR::dao::auth_dao: Query: SELECT id, name, username, email, created_timestamp, password FROM USERS WHERE USERNAME = 'chath' AND PASSWORD = 'nurse1'
2026-08-26T22:21:42.336088Z DEBUG sqlx::query: summary="SELECT id, name, username, …" db.statement="\n\nSELECT id, name, username, email, created_timestamp, password FROM USERS WHERE USERNAME = 'chath' AND PASSWORD = 'nurse1'\n" rows_affected=1 rows_returned=1 elapsed=4.6887ms elapsed_secs=0.0046887
2026-08-26T22:21:42.336204Z DEBUG MapleEMR::dao::auth_dao: Successful login (results found) for: chath
2026-08-26T22:21:42.336279Z DEBUG MapleEMR::route::login_route: User can login: chath redirect to /home
2026-08-26T22:21:42.336302Z DEBUG MapleEMR::dao::auth_dao: get_user_permissions Query: SELECT department_id, permission_id FROM public.user_permission where active_flag = 'Y' and users_id = 2 group by department_id, permission_id order by permission_id
2026-08-26T22:21:42.443942Z DEBUG sqlx::query: summary="SELECT department_id, permission_id FROM …" db.statement="\n\nSELECT department_id, permission_id FROM public.user_permission where active_flag = 'Y' and users_id = 2 group by department_id, permission_id order by permission_id\n" rows_affected=12 rows_returned=12 elapsed=5.4215ms elapsed_secs=0.0054215
2026-08-26T22:21:42.450159Z DEBUG MapleEMR::route::home_route: -> /home Route Requested
2026-08-26T22:21:42.450352Z DEBUG MapleEMR::dao::patient_dao: >get_patients_at_users_site_no_discharge() Query: SELECT p.id, e.id, e.location_id, legal_first_name, legal_last_name, COALESCE(legal_middle_names, '') as "legal_middle_names",
                                        COALESCE(admit_notes, '') as "admit_notes", COALESCE(discharge_notes, '') as "discharge_notes",
                                        birthdate, admit_timestamp,
                                        discharge_timestamp as "discharge_timestamp?",
                                        phn, l2.short_name "location_short_name"
                                    FROM patient p
                                    join encounter e on p.id = e.patient_id
									join location l2 on l2.id = e.location_id
                                    where discharge_timestamp is null
                                      and location_id in (
                                        select l.id
                                        from location l
                                        where site_id in (
                                        select site_id
                                        from user_permission up
                                        where users_id = 2
                                            and up.site_id = l.site_id)  )
2026-08-26T22:21:42.463814Z DEBUG sqlx::query: summary="SELECT p.id, e.id, e.location_id, …" db.statement="\n\nSELECT p.id, e.id, e.location_id, legal_first_name, legal_last_name, COALESCE(legal_middle_names, '') as \"legal_middle_names\",\n                                        COALESCE(admit_notes, '') as \"admit_notes\", COALESCE(discharge_notes, '') as \"discharge_notes\",\n                                        birthdate, admit_timestamp,\n                                        discharge_timestamp as \"discharge_timestamp?\",\n                                        phn, l2.short_name \"location_short_name\"\n                                    FROM patient p\n                                    join encounter e on p.id = e.patient_id\n\t\t\t\t\t\t\t\t\tjoin location l2 on l2.id = e.location_id\n                                    where discharge_timestamp is null\n                                      and location_id in (\n                                        select l.id\n                                        from location l\n                                        where site_id in (\n                                        select site_id\n                                        from user_permission up\n                                        where users_id = 2\n                                            and up.site_id = l.site_id)  )\n" rows_affected=7 rows_returned=7 elapsed=13.0879ms elapsed_secs=0.0130879
2026-08-26T22:21:42.463917Z DEBUG MapleEMR::route::home_route: Retrieved 7 patients:
2026-08-26T22:21:42.472891Z DEBUG sqlx::query: summary="select e.id \"encounter_id\", admit_timestamp, …" db.statement="\n\n\n                                    select e.id \"encounter_id\", admit_timestamp,\n                                        discharge_timestamp as \"discharge_timestamp?\",\n                                        COALESCE(admit_notes, '') as \"admit_notes\",\n                                        COALESCE(discharge_notes, '') as \"discharge_notes\",\n                                        s.name \"encounter_site_name\",\n                                        l.short_name \"room_identifier\",\n                                        'Y' as \"current_encounter\"\n                                    from encounter e\n                                    join location l on e.location_id = l.id\n                                    join site s on s.id = l.site_id\n                                    where patient_id = 1\n                                      and discharge_timestamp is null\n                                      limit 1\n                                    \n" rows_affected=1 rows_returned=1 elapsed=8.5705ms elapsed_secs=0.0085705
2026-08-26T22:21:42.478302Z DEBUG sqlx::query: summary="SELECT i.id intervention_id, encounter_id, …" db.statement="\n\n\n                                SELECT i.id intervention_id, encounter_id, i.description, i.notes, location_id, users_id,\n                                    intervention_type_id, status_id,\n                                    l.room_identifier,\n                                    ref1.name \"intervention_type\", \n                                    ref2.name \"status\", i.scheduled_timestamp, i.performed_timestamp\n                                FROM intervention i\n                                join location l on  l.id = i.location_id\n                                join common_reference_type ref1 on i.intervention_type_id = ref1.id\n                                join common_reference_type ref2 on i.status_id = ref2.id \n                                where i.encounter_id = 1\n                                  AND i.intervention_type_id = 38\n                                ORDER BY i.id DESC LIMIT 1\n                                                \n" rows_affected=1 rows_returned=1 elapsed=4.7583ms elapsed_secs=0.0047583
2026-08-26T22:21:42.480090Z DEBUG sqlx::query: summary="select e.id \"encounter_id\", admit_timestamp, …" db.statement="\n\n\n                                    select e.id \"encounter_id\", admit_timestamp,\n                                        discharge_timestamp as \"discharge_timestamp?\",\n                                        COALESCE(admit_notes, '') as \"admit_notes\",\n                                        COALESCE(discharge_notes, '') as \"discharge_notes\",\n                                        s.name \"encounter_site_name\",\n                                        l.short_name \"room_identifier\",\n                                        'Y' as \"current_encounter\"\n                                    from encounter e\n                                    join location l on e.location_id = l.id\n                                    join site s on s.id = l.site_id\n                                    where patient_id = 2\n                                      and discharge_timestamp is null\n                                      limit 1\n                                    \n" rows_affected=1 rows_returned=1 elapsed=1.0465ms elapsed_secs=0.0010465
2026-08-26T22:21:42.481820Z DEBUG sqlx::query: summary="SELECT i.id intervention_id, encounter_id, …" db.statement="\n\n\n                                SELECT i.id intervention_id, encounter_id, i.description, i.notes, location_id, users_id,\n                                    intervention_type_id, status_id,\n                                    l.room_identifier,\n                                    ref1.name \"intervention_type\", \n                                    ref2.name \"status\", i.scheduled_timestamp, i.performed_timestamp\n                                FROM intervention i\n                                join location l on  l.id = i.location_id\n                                join common_reference_type ref1 on i.intervention_type_id = ref1.id\n                                join common_reference_type ref2 on i.status_id = ref2.id \n                                where i.encounter_id = 2\n                                  AND i.intervention_type_id = 38\n                                ORDER BY i.id DESC LIMIT 1\n                                                \n" rows_affected=1 rows_returned=1 elapsed=1.2964ms elapsed_secs=0.0012964
2026-08-26T22:21:42.483149Z DEBUG sqlx::query: summary="select e.id \"encounter_id\", admit_timestamp, …" db.statement="\n\n\n                                    select e.id \"encounter_id\", admit_timestamp,\n                                        discharge_timestamp as \"discharge_timestamp?\",\n                                        COALESCE(admit_notes, '') as \"admit_notes\",\n                                        COALESCE(discharge_notes, '') as \"discharge_notes\",\n                                        s.name \"encounter_site_name\",\n                                        l.short_name \"room_identifier\",\n                                        'Y' as \"current_encounter\"\n                                    from encounter e\n                                    join location l on e.location_id = l.id\n                                    join site s on s.id = l.site_id\n                                    where patient_id = 3\n                                      and discharge_timestamp is null\n                                      limit 1\n                                    \n" rows_affected=1 rows_returned=1 elapsed=1.0145ms elapsed_secs=0.0010145
2026-08-26T22:21:42.484888Z DEBUG sqlx::query: summary="SELECT i.id intervention_id, encounter_id, …" db.statement="\n\n\n                                SELECT i.id intervention_id, encounter_id, i.description, i.notes, location_id, users_id,\n                                    intervention_type_id, status_id,\n                                    l.room_identifier,\n                                    ref1.name \"intervention_type\", \n                                    ref2.name \"status\", i.scheduled_timestamp, i.performed_timestamp\n                                FROM intervention i\n                                join location l on  l.id = i.location_id\n                                join common_reference_type ref1 on i.intervention_type_id = ref1.id\n                                join common_reference_type ref2 on i.status_id = ref2.id \n                                where i.encounter_id = 3\n                                  AND i.intervention_type_id = 38\n                                ORDER BY i.id DESC LIMIT 1\n                                                \n" rows_affected=1 rows_returned=1 elapsed=1.3616ms elapsed_secs=0.0013616
2026-08-26T22:21:42.486358Z DEBUG sqlx::query: summary="select e.id \"encounter_id\", admit_timestamp, …" db.statement="\n\n\n                                    select e.id \"encounter_id\", admit_timestamp,\n                                        discharge_timestamp as \"discharge_timestamp?\",\n                                        COALESCE(admit_notes, '') as \"admit_notes\",\n                                        COALESCE(discharge_notes, '') as \"discharge_notes\",\n                                        s.name \"encounter_site_name\",\n                                        l.short_name \"room_identifier\",\n                                        'Y' as \"current_encounter\"\n                                    from encounter e\n                                    join location l on e.location_id = l.id\n                                    join site s on s.id = l.site_id\n                                    where patient_id = 5\n                                      and discharge_timestamp is null\n                                      limit 1\n                                    \n" rows_affected=1 rows_returned=1 elapsed=962.4µs elapsed_secs=0.0009624
2026-08-26T22:21:42.488140Z DEBUG sqlx::query: summary="SELECT i.id intervention_id, encounter_id, …" db.statement="\n\n\n                                SELECT i.id intervention_id, encounter_id, i.description, i.notes, location_id, users_id,\n                                    intervention_type_id, status_id,\n                                    l.room_identifier,\n                                    ref1.name \"intervention_type\", \n                                    ref2.name \"status\", i.scheduled_timestamp, i.performed_timestamp\n                                FROM intervention i\n                                join location l on  l.id = i.location_id\n                                join common_reference_type ref1 on i.intervention_type_id = ref1.id\n                                join common_reference_type ref2 on i.status_id = ref2.id \n                                where i.encounter_id = 10\n                                  AND i.intervention_type_id = 38\n                                ORDER BY i.id DESC LIMIT 1\n                                                \n" rows_affected=0 rows_returned=0 elapsed=1.36ms elapsed_secs=0.00136
2026-08-26T22:21:42.488305Z DEBUG MapleEMR::dao::intervention_dao: No Interventions found for encounter_id: 10 [count=0]
2026-08-26T22:21:42.489874Z DEBUG sqlx::query: summary="select e.id \"encounter_id\", admit_timestamp, …" db.statement="\n\n\n                                    select e.id \"encounter_id\", admit_timestamp,\n                                        discharge_timestamp as \"discharge_timestamp?\",\n                                        COALESCE(admit_notes, '') as \"admit_notes\",\n                                        COALESCE(discharge_notes, '') as \"discharge_notes\",\n                                        s.name \"encounter_site_name\",\n                                        l.short_name \"room_identifier\",\n                                        'Y' as \"current_encounter\"\n                                    from encounter e\n                                    join location l on e.location_id = l.id\n                                    join site s on s.id = l.site_id\n                                    where patient_id = 25\n                                      and discharge_timestamp is null\n                                      limit 1\n                                    \n" rows_affected=1 rows_returned=1 elapsed=1.1662ms elapsed_secs=0.0011662
2026-08-26T22:21:42.491299Z DEBUG sqlx::query: summary="SELECT i.id intervention_id, encounter_id, …" db.statement="\n\n\n                                SELECT i.id intervention_id, encounter_id, i.description, i.notes, location_id, users_id,\n                                    intervention_type_id, status_id,\n                                    l.room_identifier,\n                                    ref1.name \"intervention_type\", \n                                    ref2.name \"status\", i.scheduled_timestamp, i.performed_timestamp\n                                FROM intervention i\n                                join location l on  l.id = i.location_id\n                                join common_reference_type ref1 on i.intervention_type_id = ref1.id\n                                join common_reference_type ref2 on i.status_id = ref2.id \n                                where i.encounter_id = 11\n                                  AND i.intervention_type_id = 38\n                                ORDER BY i.id DESC LIMIT 1\n                                                \n" rows_affected=0 rows_returned=0 elapsed=1.0401ms elapsed_secs=0.0010401
2026-08-26T22:21:42.491541Z DEBUG MapleEMR::dao::intervention_dao: No Interventions found for encounter_id: 11 [count=0]
2026-08-26T22:21:42.492949Z DEBUG sqlx::query: summary="select e.id \"encounter_id\", admit_timestamp, …" db.statement="\n\n\n                                    select e.id \"encounter_id\", admit_timestamp,\n                                        discharge_timestamp as \"discharge_timestamp?\",\n                                        COALESCE(admit_notes, '') as \"admit_notes\",\n                                        COALESCE(discharge_notes, '') as \"discharge_notes\",\n                                        s.name \"encounter_site_name\",\n                                        l.short_name \"room_identifier\",\n                                        'Y' as \"current_encounter\"\n                                    from encounter e\n                                    join location l on e.location_id = l.id\n                                    join site s on s.id = l.site_id\n                                    where patient_id = 26\n                                      and discharge_timestamp is null\n                                      limit 1\n                                    \n" rows_affected=1 rows_returned=1 elapsed=945.8µs elapsed_secs=0.0009458
2026-08-26T22:21:42.494870Z DEBUG sqlx::query: summary="SELECT i.id intervention_id, encounter_id, …" db.statement="\n\n\n                                SELECT i.id intervention_id, encounter_id, i.description, i.notes, location_id, users_id,\n                                    intervention_type_id, status_id,\n                                    l.room_identifier,\n                                    ref1.name \"intervention_type\", \n                                    ref2.name \"status\", i.scheduled_timestamp, i.performed_timestamp\n                                FROM intervention i\n                                join location l on  l.id = i.location_id\n                                join common_reference_type ref1 on i.intervention_type_id = ref1.id\n                                join common_reference_type ref2 on i.status_id = ref2.id \n                                where i.encounter_id = 12\n                                  AND i.intervention_type_id = 38\n                                ORDER BY i.id DESC LIMIT 1\n                                                \n" rows_affected=0 rows_returned=0 elapsed=1.3777ms elapsed_secs=0.0013777
2026-08-26T22:21:42.494964Z DEBUG MapleEMR::dao::intervention_dao: No Interventions found for encounter_id: 12 [count=0]
2026-08-26T22:21:42.497679Z DEBUG sqlx::query: summary="select e.id \"encounter_id\", admit_timestamp, …" db.statement="\n\n\n                                    select e.id \"encounter_id\", admit_timestamp,\n                                        discharge_timestamp as \"discharge_timestamp?\",\n                                        COALESCE(admit_notes, '') as \"admit_notes\",\n                                        COALESCE(discharge_notes, '') as \"discharge_notes\",\n                                        s.name \"encounter_site_name\",\n                                        l.short_name \"room_identifier\",\n                                        'Y' as \"current_encounter\"\n                                    from encounter e\n                                    join location l on e.location_id = l.id\n                                    join site s on s.id = l.site_id\n                                    where patient_id = 27\n                                      and discharge_timestamp is null\n                                      limit 1\n                                    \n" rows_affected=1 rows_returned=1 elapsed=1.9262ms elapsed_secs=0.0019262
2026-08-26T22:21:42.499666Z DEBUG sqlx::query: summary="SELECT i.id intervention_id, encounter_id, …" db.statement="\n\n\n                                SELECT i.id intervention_id, encounter_id, i.description, i.notes, location_id, users_id,\n                                    intervention_type_id, status_id,\n                                    l.room_identifier,\n                                    ref1.name \"intervention_type\", \n                                    ref2.name \"status\", i.scheduled_timestamp, i.performed_timestamp\n                                FROM intervention i\n                                join location l on  l.id = i.location_id\n                                join common_reference_type ref1 on i.intervention_type_id = ref1.id\n                                join common_reference_type ref2 on i.status_id = ref2.id \n                                where i.encounter_id = 13\n                                  AND i.intervention_type_id = 38\n                                ORDER BY i.id DESC LIMIT 1\n                                                \n" rows_affected=0 rows_returned=0 elapsed=1.4445ms elapsed_secs=0.0014445
2026-08-26T22:21:42.499766Z DEBUG MapleEMR::dao::intervention_dao: No Interventions found for encounter_id: 13 [count=0]
2026-08-26T22:21:56.570279Z  INFO MapleEMR::route::nle_route: -> /nlprompt Requested;  natural_language_prompt();  prompt: "A 34-year-old male patient, James Whitfield, weighing 82 kg (181 lbs), was admitted to the emergency department following a fall from a ladder at home, presenting with acute pain and swelling in the right wrist. Initial examination revealed deformity consistent with a suspected fracture, and the patient reported limited range of motion and tenderness on palpation. Vital signs were stable on arrival. X-ray imaging was ordered to confirm the extent of the injury, and the patient was given pain management while awaiting orthopedic consultation."
2026-08-26T22:21:56.570351Z  INFO MapleEMR::route::nle_route: CARGO_MANIFEST_DIR = C:\uol\csm500-final-project\src\app
2026-08-26T22:21:56.570396Z DEBUG MapleEMR::nle::nle: NaturalLanguageEngine::new()
2026-08-26T22:21:56.570413Z DEBUG MapleEMR::nle::nle: ..load model for session: C:\uol\csm500-final-project\src\app\data\all-MiniLM-L6-v2.onnx
2026-08-26T22:21:56.570426Z DEBUG MapleEMR::nle::nle: ..load tokenizer: C:\uol\csm500-final-project\src\app\data\tokenizer.json
2026-08-26T22:21:56.570771Z  INFO ort::logging: Session Options {  execution_mode:0 execution_order:DEFAULT enable_profiling:0 optimized_model_filepath: enable_mem_pattern:1 enable_mem_reuse:1 enable_cpu_mem_arena:1 profile_file_prefix:onnxruntime_profile_ session_logid: session_log_severity_level:-1 session_log_verbosity_level:0 max_num_graph_transformation_steps:10 graph_optimization_level:1 intra_op_param:OrtThreadPoolParams { thread_pool_size: 1 auto_set_affinity: 0 allow_spinning: 0 dynamic_block_base_: 0 stack_size: 0 affinity_str:  set_denormal_as_zero: 0 } inter_op_param:OrtThreadPoolParams { thread_pool_size: 0 auto_set_affinity: 0 allow_spinning: 0 dynamic_block_base_: 0 stack_size: 0 affinity_str:  set_denormal_as_zero: 0 } use_per_session_threads:1 thread_pool_allow_spinning:1 use_deterministic_compute:0 ep_selection_policy:5 config_options: {  } }
2026-08-26T22:21:56.570824Z  INFO ort::logging: Creating and using per session threadpools since use_per_session_threads_ is true
2026-08-26T22:21:56.570850Z  INFO ort::logging: Dynamic block base set to 0
2026-08-26T22:21:56.626724Z  INFO ort::logging: Initializing session.
2026-08-26T22:21:56.626805Z  INFO ort::logging: Creating BFCArena for Cpu with following configs: initial_chunk_size_bytes: 1048576 max_dead_bytes_per_chunk: 134217728 initial_growth_chunk_size_bytes: 2097152 max_power_of_two_extend_bytes: 1073741824 memory limit: 18446744073709551615 arena_extend_strategy: 0
2026-08-26T22:21:56.626885Z  INFO ort::logging: This model does not have any local functions defined. AOT Inlining is not performed
2026-08-26T22:21:56.651443Z  INFO ort::logging: GraphTransformer EnsureUniqueDQForNodeUnit modified: 0 with status: OK
2026-08-26T22:21:56.651856Z  INFO ort::logging: GraphTransformer Level1_RuleBasedTransformer modified: 0 with status: OK
2026-08-26T22:21:56.651983Z  INFO ort::logging: GraphTransformer DoubleQDQPairsRemover modified: 0 with status: OK
2026-08-26T22:21:56.653399Z  INFO ort::logging: Total shared scalar initializer count: 199
2026-08-26T22:21:56.653430Z  INFO ort::logging: GraphTransformer ConstantSharing modified: 1 with status: OK
2026-08-26T22:21:56.658253Z  INFO ort::logging: GraphTransformer CommonSubexpressionElimination modified: 1 with status: OK
2026-08-26T22:21:56.665087Z  INFO ort::logging: GraphTransformer ConstantFolding modified: 1 with status: OK
2026-08-26T22:21:56.668916Z  INFO ort::logging: Removing initializer '/1/Constant_8_output_0'. It is no longer used by any node.
2026-08-26T22:21:56.668964Z  INFO ort::logging: Removing initializer '/0/auto_model/Shape_2_output_0'. It is no longer used by any node.
2026-08-26T22:21:56.668985Z  INFO ort::logging: Removing initializer '/1/Shape_3_output_0'. It is no longer used by any node.
2026-08-26T22:21:56.669175Z  INFO ort::logging: GraphTransformer MatMulAddFusion modified: 0 with status: OK
2026-08-26T22:21:56.669320Z  INFO ort::logging: Fused reshape node: /0/auto_model/encoder/layer.0/attention/self/Reshape_output_0
2026-08-26T22:21:56.669361Z  INFO ort::logging: Fused reshape node: /0/auto_model/encoder/layer.0/attention/self/Reshape_2_output_0
2026-08-26T22:21:56.669399Z  INFO ort::logging: Fused reshape node: /0/auto_model/encoder/layer.0/attention/self/Reshape_1_output_0
2026-08-26T22:21:56.669445Z  INFO ort::logging: Fused reshape node: /0/auto_model/encoder/layer.0/attention/self/Reshape_3_output_0
2026-08-26T22:21:56.669483Z  INFO ort::logging: Fused reshape node: /0/auto_model/encoder/layer.1/attention/self/Reshape_output_0
2026-08-26T22:21:56.669519Z  INFO ort::logging: Fused reshape node: /0/auto_model/encoder/layer.1/attention/self/Reshape_2_output_0
2026-08-26T22:21:56.669555Z  INFO ort::logging: Fused reshape node: /0/auto_model/encoder/layer.1/attention/self/Reshape_1_output_0
2026-08-26T22:21:56.669595Z  INFO ort::logging: Fused reshape node: /0/auto_model/encoder/layer.1/attention/self/Reshape_3_output_0
2026-08-26T22:21:56.669633Z  INFO ort::logging: Fused reshape node: /0/auto_model/encoder/layer.2/attention/self/Reshape_output_0
2026-08-26T22:21:56.669669Z  INFO ort::logging: Fused reshape node: /0/auto_model/encoder/layer.2/attention/self/Reshape_2_output_0
2026-08-26T22:21:56.669705Z  INFO ort::logging: Fused reshape node: /0/auto_model/encoder/layer.2/attention/self/Reshape_1_output_0
2026-08-26T22:21:56.669747Z  INFO ort::logging: Fused reshape node: /0/auto_model/encoder/layer.2/attention/self/Reshape_3_output_0
2026-08-26T22:21:56.669783Z  INFO ort::logging: Fused reshape node: /0/auto_model/encoder/layer.3/attention/self/Reshape_output_0
2026-08-26T22:21:56.669820Z  INFO ort::logging: Fused reshape node: /0/auto_model/encoder/layer.3/attention/self/Reshape_2_output_0
2026-08-26T22:21:56.669857Z  INFO ort::logging: Fused reshape node: /0/auto_model/encoder/layer.3/attention/self/Reshape_1_output_0
2026-08-26T22:21:56.669897Z  INFO ort::logging: Fused reshape node: /0/auto_model/encoder/layer.3/attention/self/Reshape_3_output_0
2026-08-26T22:21:56.669934Z  INFO ort::logging: Fused reshape node: /0/auto_model/encoder/layer.4/attention/self/Reshape_output_0
2026-08-26T22:21:56.669970Z  INFO ort::logging: Fused reshape node: /0/auto_model/encoder/layer.4/attention/self/Reshape_2_output_0
2026-08-26T22:21:56.670006Z  INFO ort::logging: Fused reshape node: /0/auto_model/encoder/layer.4/attention/self/Reshape_1_output_0
2026-08-26T22:21:56.670054Z  INFO ort::logging: Fused reshape node: /0/auto_model/encoder/layer.4/attention/self/Reshape_3_output_0
2026-08-26T22:21:56.670092Z  INFO ort::logging: Fused reshape node: /0/auto_model/encoder/layer.5/attention/self/Reshape_output_0
2026-08-26T22:21:56.670128Z  INFO ort::logging: Fused reshape node: /0/auto_model/encoder/layer.5/attention/self/Reshape_2_output_0
2026-08-26T22:21:56.670165Z  INFO ort::logging: Fused reshape node: /0/auto_model/encoder/layer.5/attention/self/Reshape_1_output_0
2026-08-26T22:21:56.670205Z  INFO ort::logging: Fused reshape node: /0/auto_model/encoder/layer.5/attention/self/Reshape_3_output_0
2026-08-26T22:21:56.670223Z  INFO ort::logging: Total fused reshape node count: 24
2026-08-26T22:21:56.670238Z  INFO ort::logging: GraphTransformer ReshapeFusion modified: 1 with status: OK
2026-08-26T22:21:56.673064Z  INFO ort::logging: Removing initializer '/0/auto_model/encoder/layer.4/attention/self/Constant_11_output_0'. It is no longer used by any node.
2026-08-26T22:21:56.673090Z  INFO ort::logging: Removing initializer '/0/auto_model/encoder/layer.4/attention/self/Constant_6_output_0'. It is no longer used by any node.
2026-08-26T22:21:56.673115Z  INFO ort::logging: Removing initializer '/0/auto_model/encoder/layer.0/attention/self/Constant_15_output_0'. It is no longer used by any node.
2026-08-26T22:21:56.673183Z  INFO ort::logging: GraphTransformer FreeDimensionOverrideTransformer modified: 0 with status: OK
2026-08-26T22:21:56.673203Z  INFO ort::logging: GraphTransformer GeluFusionL1 modified: 0 with status: OK
2026-08-26T22:21:56.673220Z  INFO ort::logging: GraphTransformer LayerNormFusionL1 modified: 0 with status: OK
2026-08-26T22:21:56.673317Z  INFO ort::logging: GraphTransformer QDQPropagationTransformer modified: 0 with status: OK
2026-08-26T22:21:56.673403Z  INFO ort::logging: GraphTransformer WeightBiasQuantization modified: 0 with status: OK
2026-08-26T22:21:56.673491Z  INFO ort::logging: GraphTransformer EnsureUniqueDQForNodeUnit modified: 0 with status: OK
2026-08-26T22:21:56.673575Z  INFO ort::logging: GraphTransformer WhereDummyDq modified: 0 with status: OK
2026-08-26T22:21:56.674016Z  INFO ort::logging: GraphTransformer TransposeOptimizer modified: 0 with status: OK
2026-08-26T22:21:56.674214Z  INFO ort::logging: GraphTransformer Level1_RuleBasedTransformer modified: 0 with status: OK
2026-08-26T22:21:56.674301Z  INFO ort::logging: GraphTransformer DoubleQDQPairsRemover modified: 0 with status: OK
2026-08-26T22:21:56.674627Z  INFO ort::logging: GraphTransformer CommonSubexpressionElimination modified: 0 with status: OK
2026-08-26T22:21:56.674771Z  INFO ort::logging: GraphTransformer ConstantFolding modified: 0 with status: OK
2026-08-26T22:21:56.674872Z  INFO ort::logging: GraphTransformer MatMulAddFusion modified: 0 with status: OK
2026-08-26T22:21:56.674970Z  INFO ort::logging: GraphTransformer ReshapeFusion modified: 0 with status: OK
2026-08-26T22:21:56.674989Z  INFO ort::logging: GraphTransformer FreeDimensionOverrideTransformer modified: 0 with status: OK
2026-08-26T22:21:56.675004Z  INFO ort::logging: GraphTransformer GeluFusionL1 modified: 0 with status: OK
2026-08-26T22:21:56.675019Z  INFO ort::logging: GraphTransformer LayerNormFusionL1 modified: 0 with status: OK
2026-08-26T22:21:56.675105Z  INFO ort::logging: GraphTransformer QDQPropagationTransformer modified: 0 with status: OK
2026-08-26T22:21:56.675187Z  INFO ort::logging: GraphTransformer WeightBiasQuantization modified: 0 with status: OK
2026-08-26T22:21:56.675273Z  INFO ort::logging: GraphTransformer EnsureUniqueDQForNodeUnit modified: 0 with status: OK
2026-08-26T22:21:56.675355Z  INFO ort::logging: GraphTransformer WhereDummyDq modified: 0 with status: OK
2026-08-26T22:21:56.680603Z  INFO ort::logging: Running graph optimizations in loop 1 time/s (Graph Optimizations Loop Level : 1)
2026-08-26T22:21:56.680974Z  INFO ort::logging: GraphTransformer RemoveDuplicateCastTransformer modified: 0 with status: OK
2026-08-26T22:21:56.680995Z  INFO ort::logging: GraphTransformer CastFloat16Transformer modified: 0 with status: OK
2026-08-26T22:21:56.681014Z  INFO ort::logging: GraphTransformer MemcpyTransformer modified: 0 with status: OK
2026-08-26T22:21:56.686172Z  INFO ort::logging: Use DeviceBasedPartition as default
2026-08-26T22:21:56.724511Z  INFO ort::logging: Saving initialized tensors.
2026-08-26T22:21:56.724614Z  INFO ort::logging: Reserving memory in BFCArena for Cpu size: 24
2026-08-26T22:21:56.724666Z  INFO ort::logging: Reserving memory in BFCArena for Cpu size: 4
2026-08-26T22:21:56.724699Z  INFO ort::logging: Reserving memory in BFCArena for Cpu size: 4
2026-08-26T22:21:56.724720Z  INFO ort::logging: Reserving memory in BFCArena for Cpu size: 32
2026-08-26T22:21:56.724747Z  INFO ort::logging: Reserving memory in BFCArena for Cpu size: 24
2026-08-26T22:21:56.724769Z  INFO ort::logging: Reserving memory in BFCArena for Cpu size: 16
2026-08-26T22:21:56.724787Z  INFO ort::logging: Reserving memory in BFCArena for Cpu size: 8
2026-08-26T22:21:56.724810Z  INFO ort::logging: Reserving memory in BFCArena for Cpu size: 4
2026-08-26T22:21:56.724831Z  INFO ort::logging: Reserving memory in BFCArena for Cpu size: 24
2026-08-26T22:21:56.724853Z  INFO ort::logging: Reserving memory in BFCArena for Cpu size: 32
2026-08-26T22:21:56.724894Z  INFO ort::logging: Reserving memory in BFCArena for Cpu size: 32
2026-08-26T22:21:56.724917Z  INFO ort::logging: Reserving memory in BFCArena for Cpu size: 24
2026-08-26T22:21:56.724994Z  INFO ort::logging: Reserving memory in BFCArena for Cpu size: 4
2026-08-26T22:21:56.725017Z  INFO ort::logging: Reserving memory in BFCArena for Cpu size: 24
2026-08-26T22:21:56.725036Z  INFO ort::logging: Reserving memory in BFCArena for Cpu size: 4
2026-08-26T22:21:56.725056Z  INFO ort::logging: Reserving memory in BFCArena for Cpu size: 4
2026-08-26T22:21:56.725078Z  INFO ort::logging: Reserving memory in BFCArena for Cpu size: 4
2026-08-26T22:21:56.725115Z  INFO ort::logging: Reserving memory in BFCArena for Cpu size: 32
2026-08-26T22:21:56.725142Z  INFO ort::logging: Reserving memory in BFCArena for Cpu size: 8
2026-08-26T22:21:56.725161Z  INFO ort::logging: Reserving memory in BFCArena for Cpu size: 32
2026-08-26T22:21:56.725179Z  INFO ort::logging: Reserving memory in BFCArena for Cpu size: 32
2026-08-26T22:21:56.725200Z  INFO ort::logging: Reserving memory in BFCArena for Cpu size: 32
2026-08-26T22:21:56.725219Z  INFO ort::logging: Reserving memory in BFCArena for Cpu size: 32
2026-08-26T22:21:56.725245Z  INFO ort::logging: Reserving memory in BFCArena for Cpu size: 24
2026-08-26T22:21:56.725263Z  INFO ort::logging: Reserving memory in BFCArena for Cpu size: 32
2026-08-26T22:21:56.725281Z  INFO ort::logging: Reserving memory in BFCArena for Cpu size: 8
2026-08-26T22:21:56.725302Z  INFO ort::logging: Reserving memory in BFCArena for Cpu size: 32
2026-08-26T22:21:56.725329Z  INFO ort::logging: Reserving memory in BFCArena for Cpu size: 8
2026-08-26T22:21:56.725351Z  INFO ort::logging: Reserving memory in BFCArena for Cpu size: 32
2026-08-26T22:21:56.725373Z  INFO ort::logging: Reserving memory in BFCArena for Cpu size: 16
2026-08-26T22:21:56.725392Z  INFO ort::logging: Reserving memory in BFCArena for Cpu size: 24
2026-08-26T22:21:56.725410Z  INFO ort::logging: Reserving memory in BFCArena for Cpu size: 8
2026-08-26T22:21:56.725429Z  INFO ort::logging: Reserving memory in BFCArena for Cpu size: 8
2026-08-26T22:21:56.725447Z  INFO ort::logging: Reserving memory in BFCArena for Cpu size: 32
2026-08-26T22:21:56.725466Z  INFO ort::logging: Reserving memory in BFCArena for Cpu size: 32
2026-08-26T22:21:56.725493Z  INFO ort::logging: Reserving memory in BFCArena for Cpu size: 8
2026-08-26T22:21:56.725515Z  INFO ort::logging: Reserving memory in BFCArena for Cpu size: 32
2026-08-26T22:21:56.725532Z  INFO ort::logging: Reserving memory in BFCArena for Cpu size: 24
2026-08-26T22:21:56.725552Z  INFO ort::logging: Reserving memory in BFCArena for Cpu size: 32
2026-08-26T22:21:56.725570Z  INFO ort::logging: Reserving memory in BFCArena for Cpu size: 32
2026-08-26T22:21:56.725591Z  INFO ort::logging: Reserving memory in BFCArena for Cpu size: 4
2026-08-26T22:21:56.725609Z  INFO ort::logging: Reserving memory in BFCArena for Cpu size: 32
2026-08-26T22:21:56.725627Z  INFO ort::logging: Reserving memory in BFCArena for Cpu size: 32
2026-08-26T22:21:56.725644Z  INFO ort::logging: Done saving initialized tensors
2026-08-26T22:21:56.726169Z  INFO ort::logging: Reserving memory in BFCArena for Cpu size: 589824
2026-08-26T22:21:56.726382Z  INFO ort::logging: Reserving memory in BFCArena for Cpu size: 589824
2026-08-26T22:21:56.726589Z  INFO ort::logging: Reserving memory in BFCArena for Cpu size: 589824
2026-08-26T22:21:56.726796Z  INFO ort::logging: Reserving memory in BFCArena for Cpu size: 589824
2026-08-26T22:21:56.727024Z  INFO ort::logging: Reserving memory in BFCArena for Cpu size: 2359296
2026-08-26T22:21:56.728782Z  INFO ort::logging: Reserving memory in BFCArena for Cpu size: 2359296
2026-08-26T22:21:56.730194Z  INFO ort::logging: Reserving memory in BFCArena for Cpu size: 589824
2026-08-26T22:21:56.730431Z  INFO ort::logging: Reserving memory in BFCArena for Cpu size: 589824
2026-08-26T22:21:56.730639Z  INFO ort::logging: Reserving memory in BFCArena for Cpu size: 589824
2026-08-26T22:21:56.730866Z  INFO ort::logging: Reserving memory in BFCArena for Cpu size: 589824
2026-08-26T22:21:56.731110Z  INFO ort::logging: Reserving memory in BFCArena for Cpu size: 2359296
2026-08-26T22:21:56.732583Z  INFO ort::logging: Reserving memory in BFCArena for Cpu size: 2359296
2026-08-26T22:21:56.734042Z  INFO ort::logging: Reserving memory in BFCArena for Cpu size: 589824
2026-08-26T22:21:56.734280Z  INFO ort::logging: Reserving memory in BFCArena for Cpu size: 589824
2026-08-26T22:21:56.734499Z  INFO ort::logging: Reserving memory in BFCArena for Cpu size: 589824
2026-08-26T22:21:56.734747Z  INFO ort::logging: Reserving memory in BFCArena for Cpu size: 589824
2026-08-26T22:21:56.735005Z  INFO ort::logging: Reserving memory in BFCArena for Cpu size: 2359296
2026-08-26T22:21:56.736486Z  INFO ort::logging: Reserving memory in BFCArena for Cpu size: 2359296
2026-08-26T22:21:56.737955Z  INFO ort::logging: Reserving memory in BFCArena for Cpu size: 589824
2026-08-26T22:21:56.738191Z  INFO ort::logging: Reserving memory in BFCArena for Cpu size: 589824
2026-08-26T22:21:56.738402Z  INFO ort::logging: Reserving memory in BFCArena for Cpu size: 589824
2026-08-26T22:21:56.738618Z  INFO ort::logging: Reserving memory in BFCArena for Cpu size: 589824
2026-08-26T22:21:56.739095Z  INFO ort::logging: Reserving memory in BFCArena for Cpu size: 2359296
2026-08-26T22:21:56.740795Z  INFO ort::logging: Reserving memory in BFCArena for Cpu size: 2359296
2026-08-26T22:21:56.742250Z  INFO ort::logging: Reserving memory in BFCArena for Cpu size: 589824
2026-08-26T22:21:56.742484Z  INFO ort::logging: Reserving memory in BFCArena for Cpu size: 589824
2026-08-26T22:21:56.742724Z  INFO ort::logging: Reserving memory in BFCArena for Cpu size: 589824
2026-08-26T22:21:56.742947Z  INFO ort::logging: Reserving memory in BFCArena for Cpu size: 589824
2026-08-26T22:21:56.743173Z  INFO ort::logging: Reserving memory in BFCArena for Cpu size: 2359296
2026-08-26T22:21:56.744765Z  INFO ort::logging: Reserving memory in BFCArena for Cpu size: 2359296
2026-08-26T22:21:56.746399Z  INFO ort::logging: Reserving memory in BFCArena for Cpu size: 589824
2026-08-26T22:21:56.746656Z  INFO ort::logging: Reserving memory in BFCArena for Cpu size: 589824
2026-08-26T22:21:56.746878Z  INFO ort::logging: Reserving memory in BFCArena for Cpu size: 589824
2026-08-26T22:21:56.747110Z  INFO ort::logging: Reserving memory in BFCArena for Cpu size: 589824
2026-08-26T22:21:56.747331Z  INFO ort::logging: Reserving memory in BFCArena for Cpu size: 2359296
2026-08-26T22:21:56.748861Z  INFO ort::logging: Reserving memory in BFCArena for Cpu size: 2359296
2026-08-26T22:21:56.750616Z  INFO ort::logging: Session successfully initialized.
2026-08-26T22:21:56.832632Z DEBUG MapleEMR::nle::controller: CommandController::New() C:\uol\csm500-final-project\src\app\data\command_mapping.csv
2026-08-26T22:21:56.833159Z DEBUG MapleEMR::nle::controller: get_classifier_rankings_filtered_for_permissions()
2026-08-26T22:21:56.833214Z DEBUG MapleEMR::nle::nle: NaturalLanguageEngine::get_classifier_rankings()
2026-08-26T22:21:56.837844Z  INFO ort::logging: Extending BFCArena for Cpu. bin_num:0 (requested) num_bytes: 16 (actual) rounded_bytes:256
2026-08-26T22:21:56.837911Z  INFO ort::logging: Extended allocation by 1048576 bytes.
2026-08-26T22:21:56.837936Z  INFO ort::logging: Total allocated bytes: 43516792
2026-08-26T22:21:56.837953Z  INFO ort::logging: Allocated memory at 00000262088B1080 to 00000262089B1080
2026-08-26T22:21:56.838201Z  INFO ort::logging: Extending BFCArena for Cpu. bin_num:13 (requested) num_bytes: 2359296 (actual) rounded_bytes:2359296
2026-08-26T22:21:56.838242Z  INFO ort::logging: Extended allocation by 4194304 bytes.
2026-08-26T22:21:56.838259Z  INFO ort::logging: Total allocated bytes: 47711096
2026-08-26T22:21:56.838274Z  INFO ort::logging: Allocated memory at 0000026209B5C080 to 0000026209F5C080
2026-08-26T22:21:56.838815Z  INFO ort::logging: Extending BFCArena for Cpu. bin_num:13 (requested) num_bytes: 2359296 (actual) rounded_bytes:2359296
2026-08-26T22:21:56.838851Z  INFO ort::logging: Extended allocation by 4194304 bytes.
2026-08-26T22:21:56.838872Z  INFO ort::logging: Total allocated bytes: 51905400
2026-08-26T22:21:56.838891Z  INFO ort::logging: Allocated memory at 0000026209F68080 to 000002620A368080
2026-08-26T22:21:56.839467Z  INFO ort::logging: Extending BFCArena for Cpu. bin_num:13 (requested) num_bytes: 2359296 (actual) rounded_bytes:2359296
2026-08-26T22:21:56.839500Z  INFO ort::logging: Extended allocation by 8388608 bytes.
2026-08-26T22:21:56.839515Z  INFO ort::logging: Total allocated bytes: 60294008
2026-08-26T22:21:56.839529Z  INFO ort::logging: Allocated memory at 000002620A377080 to 000002620AB77080
2026-08-26T22:21:56.853549Z  INFO ort::logging: Extending BFCArena for Cpu. bin_num:15 (requested) num_bytes: 9437184 (actual) rounded_bytes:9437184
2026-08-26T22:21:56.853626Z  INFO ort::logging: Extended allocation by 16777216 bytes.
2026-08-26T22:21:56.853645Z  INFO ort::logging: Total allocated bytes: 77071224
2026-08-26T22:21:56.853661Z  INFO ort::logging: Allocated memory at 000002620E18C080 to 000002620F18C080
2026-08-26T22:21:56.858446Z  INFO ort::logging: Extending BFCArena for Cpu. bin_num:15 (requested) num_bytes: 9437184 (actual) rounded_bytes:9437184
2026-08-26T22:21:56.858545Z  INFO ort::logging: Extended allocation by 33554432 bytes.
2026-08-26T22:21:56.858577Z  INFO ort::logging: Total allocated bytes: 110625656
2026-08-26T22:21:56.858593Z  INFO ort::logging: Allocated memory at 000002620F196080 to 0000026211196080
2026-08-26T22:21:57.301765Z  INFO MapleEMR::nle::nle: 	'admit patient': 25.3%
2026-08-26T22:21:57.302171Z  INFO MapleEMR::nle::nle: 	'admit add new open patient': 14.0%
2026-08-26T22:21:57.302467Z  INFO MapleEMR::nle::nle: 	'add patient': 26.1%
2026-08-26T22:21:57.302701Z  INFO MapleEMR::nle::nle: 	'new open patient': 16.9%
2026-08-26T22:21:57.302928Z  INFO MapleEMR::nle::nle: 	'create patient': 26.5%
2026-08-26T22:21:57.303188Z  INFO MapleEMR::nle::nle: 	'add information': 4.0%
2026-08-26T22:21:57.303485Z  INFO MapleEMR::nle::nle: 	'add medication': 18.1%
2026-08-26T22:21:57.303690Z  INFO MapleEMR::nle::nle: 	'prescribe medication': 11.8%
2026-08-26T22:21:57.303909Z  INFO MapleEMR::nle::nle: 	'move patient': 26.5%
2026-08-26T22:21:57.304080Z  INFO MapleEMR::nle::nle: 	'update contact information': 0.6%
2026-08-26T22:21:57.304352Z  INFO MapleEMR::nle::nle: 	'discharge patient': 24.9%
2026-08-26T22:21:57.304637Z DEBUG MapleEMR::nle::controller: get_permission_for_operation(): Compare to prompt: 'move patient'
2026-08-26T22:21:57.304658Z DEBUG MapleEMR::nle::controller: get_permission_for_operation(): Compare to prompt: 'create patient'
2026-08-26T22:21:57.304671Z DEBUG MapleEMR::nle::controller: get_permission_for_operation(): Compare to prompt: 'add patient'
2026-08-26T22:21:57.304683Z DEBUG MapleEMR::nle::controller: get_permission_for_operation(): Compare to prompt: 'admit patient'
2026-08-26T22:21:57.304696Z DEBUG MapleEMR::nle::controller: get_permission_for_operation(): Compare to prompt: 'discharge patient'
2026-08-26T22:21:57.304709Z DEBUG MapleEMR::nle::controller: get_permission_for_operation(): Compare to prompt: 'add medication'
2026-08-26T22:21:57.304722Z DEBUG MapleEMR::nle::controller: get_permission_for_operation(): Compare to prompt: 'new open patient'
2026-08-26T22:21:57.304734Z DEBUG MapleEMR::nle::controller: get_permission_for_operation(): Compare to prompt: 'admit add new open patient'
2026-08-26T22:21:57.304746Z DEBUG MapleEMR::nle::controller: get_permission_for_operation(): Compare to prompt: 'prescribe medication'
2026-08-26T22:21:57.304759Z DEBUG MapleEMR::nle::controller: get_permission_for_operation(): Compare to prompt: 'add information'
2026-08-26T22:21:57.304771Z DEBUG MapleEMR::nle::controller: get_permission_for_operation(): Compare to prompt: 'update contact information'
2026-08-26T22:21:57.304795Z DEBUG MapleEMR::nle::controller: get_permission_for_operation(): Compare to prompt: 'move patient'
2026-08-26T22:21:57.304820Z DEBUG MapleEMR::nle::controller: get_permission_for_operation(): Compare to prompt: 'create patient'
2026-08-26T22:21:57.304888Z DEBUG MapleEMR::nle::controller: get_permission_for_operation(): Compare to prompt: 'add patient'
2026-08-26T22:21:57.304908Z DEBUG MapleEMR::nle::controller: get_permission_for_operation(): Compare to prompt: 'admit patient'
2026-08-26T22:21:57.304923Z DEBUG MapleEMR::nle::controller: get_permission_for_operation(): Compare to prompt: 'discharge patient'
2026-08-26T22:21:57.304938Z DEBUG MapleEMR::nle::controller: get_permission_for_operation(): Compare to prompt: 'add medication'
2026-08-26T22:21:57.304951Z DEBUG MapleEMR::nle::controller: get_permission_for_operation(): Compare to prompt: 'new open patient'
2026-08-26T22:21:57.304965Z DEBUG MapleEMR::nle::controller: get_permission_for_operation(): Compare to prompt: 'admit add new open patient'
2026-08-26T22:21:57.304978Z DEBUG MapleEMR::nle::controller: get_permission_for_operation(): Compare to prompt: 'prescribe medication'
2026-08-26T22:21:57.304992Z DEBUG MapleEMR::nle::controller: get_permission_for_operation(): Compare to prompt: 'add information'
2026-08-26T22:21:57.305005Z DEBUG MapleEMR::nle::controller: get_permission_for_operation(): Compare to prompt: 'update contact information'
2026-08-26T23:04:04.452521Z  INFO actix_server::server: SIGINT received; starting forced shutdown
2026-08-26T23:04:04.452816Z DEBUG actix_server::accept: paused accepting connections on 127.0.0.1:8000
2026-08-26T23:04:04.452863Z  INFO actix_server::accept: accept thread stopped
2026-08-26T23:04:04.453065Z  INFO actix_server::worker: shutting down idle worker
2026-08-26T23:04:04.453106Z  INFO actix_server::worker: shutting down idle worker
2026-08-26T23:04:04.453178Z  INFO actix_server::worker: shutting down idle worker
2026-08-26T23:04:04.453435Z  INFO actix_server::worker: shutting down idle worker
