2026-08-26T16:38:02.146825Z  INFO MapleEMR: MapleEMR is running! Access via: http://127.0.0.1:8000
2026-08-26T16:38:02.382595Z  INFO MapleEMR: Database connection established to: postgres://postgres:csm500@localhost:5432/csm500
2026-08-26T16:38:02.382692Z  INFO MapleEMR: CARGO_MANIFEST_DIR = C:\uol\csm500-final-project\src\app
2026-08-26T16:38:02.447816Z  INFO ort::logging: Discovered OrtHardwareDevice {vendor_id:0x8086, device_id:0x1912, vendor:Intel Corporation, type:1, metadata: [Description=Intel(R) HD Graphics 530, Discrete=0, DxgiAdapterNumber=0, DxgiHighPerformanceIndex=0, DxgiVideoMemory=128 MB, LUID=49304, ]}
2026-08-26T16:38:02.451765Z  INFO ort::logging: Discovered OrtHardwareDevice {vendor_id:0x8086, device_id:0x0, vendor:Intel, type:0, metadata: [Description=Intel(R) Core(TM) i5-6600 CPU @ 3.30GHz, ]}
2026-08-26T16:38:02.454494Z  INFO ort::logging: Session Options {  execution_mode:0 execution_order:DEFAULT enable_profiling:0 optimized_model_filepath: enable_mem_pattern:1 enable_mem_reuse:1 enable_cpu_mem_arena:1 profile_file_prefix:onnxruntime_profile_ session_logid: session_log_severity_level:-1 session_log_verbosity_level:0 max_num_graph_transformation_steps:10 graph_optimization_level:1 intra_op_param:OrtThreadPoolParams { thread_pool_size: 1 auto_set_affinity: 0 allow_spinning: 0 dynamic_block_base_: 0 stack_size: 0 affinity_str:  set_denormal_as_zero: 0 } inter_op_param:OrtThreadPoolParams { thread_pool_size: 0 auto_set_affinity: 0 allow_spinning: 0 dynamic_block_base_: 0 stack_size: 0 affinity_str:  set_denormal_as_zero: 0 } use_per_session_threads:1 thread_pool_allow_spinning:1 use_deterministic_compute:0 ep_selection_policy:5 config_options: {  } }
2026-08-26T16:38:02.454773Z  INFO ort::logging: Flush-to-zero and denormal-as-zero are off
2026-08-26T16:38:02.454859Z  INFO ort::logging: Creating and using per session threadpools since use_per_session_threads_ is true
2026-08-26T16:38:02.455103Z  INFO ort::logging: Dynamic block base set to 0
2026-08-26T16:38:02.545953Z  INFO ort::logging: Initializing session.
2026-08-26T16:38:02.546046Z  INFO ort::logging: Creating BFCArena for Cpu with following configs: initial_chunk_size_bytes: 1048576 max_dead_bytes_per_chunk: 134217728 initial_growth_chunk_size_bytes: 2097152 max_power_of_two_extend_bytes: 1073741824 memory limit: 18446744073709551615 arena_extend_strategy: 0
2026-08-26T16:38:02.550020Z  INFO ort::logging: This model does not have any local functions defined. AOT Inlining is not performed
2026-08-26T16:38:02.571366Z  INFO ort::logging: GraphTransformer EnsureUniqueDQForNodeUnit modified: 0 with status: OK
2026-08-26T16:38:02.571838Z  INFO ort::logging: GraphTransformer Level1_RuleBasedTransformer modified: 0 with status: OK
2026-08-26T16:38:02.571973Z  INFO ort::logging: GraphTransformer DoubleQDQPairsRemover modified: 0 with status: OK
2026-08-26T16:38:02.573421Z  INFO ort::logging: Total shared scalar initializer count: 199
2026-08-26T16:38:02.573453Z  INFO ort::logging: GraphTransformer ConstantSharing modified: 1 with status: OK
2026-08-26T16:38:02.578199Z  INFO ort::logging: GraphTransformer CommonSubexpressionElimination modified: 1 with status: OK
2026-08-26T16:38:02.584826Z  INFO ort::logging: GraphTransformer ConstantFolding modified: 1 with status: OK
2026-08-26T16:38:02.590095Z  INFO ort::logging: Removing initializer '/1/Constant_8_output_0'. It is no longer used by any node.
2026-08-26T16:38:02.590175Z  INFO ort::logging: Removing initializer '/0/auto_model/Shape_2_output_0'. It is no longer used by any node.
2026-08-26T16:38:02.590197Z  INFO ort::logging: Removing initializer '/1/Shape_3_output_0'. It is no longer used by any node.
2026-08-26T16:38:02.590614Z  INFO ort::logging: GraphTransformer MatMulAddFusion modified: 0 with status: OK
2026-08-26T16:38:02.590832Z  INFO ort::logging: Fused reshape node: /0/auto_model/encoder/layer.0/attention/self/Reshape_output_0
2026-08-26T16:38:02.590894Z  INFO ort::logging: Fused reshape node: /0/auto_model/encoder/layer.0/attention/self/Reshape_2_output_0
2026-08-26T16:38:02.590938Z  INFO ort::logging: Fused reshape node: /0/auto_model/encoder/layer.0/attention/self/Reshape_1_output_0
2026-08-26T16:38:02.591060Z  INFO ort::logging: Fused reshape node: /0/auto_model/encoder/layer.0/attention/self/Reshape_3_output_0
2026-08-26T16:38:02.591136Z  INFO ort::logging: Fused reshape node: /0/auto_model/encoder/layer.1/attention/self/Reshape_output_0
2026-08-26T16:38:02.591188Z  INFO ort::logging: Fused reshape node: /0/auto_model/encoder/layer.1/attention/self/Reshape_2_output_0
2026-08-26T16:38:02.591227Z  INFO ort::logging: Fused reshape node: /0/auto_model/encoder/layer.1/attention/self/Reshape_1_output_0
2026-08-26T16:38:02.591269Z  INFO ort::logging: Fused reshape node: /0/auto_model/encoder/layer.1/attention/self/Reshape_3_output_0
2026-08-26T16:38:02.591309Z  INFO ort::logging: Fused reshape node: /0/auto_model/encoder/layer.2/attention/self/Reshape_output_0
2026-08-26T16:38:02.591348Z  INFO ort::logging: Fused reshape node: /0/auto_model/encoder/layer.2/attention/self/Reshape_2_output_0
2026-08-26T16:38:02.591386Z  INFO ort::logging: Fused reshape node: /0/auto_model/encoder/layer.2/attention/self/Reshape_1_output_0
2026-08-26T16:38:02.591439Z  INFO ort::logging: Fused reshape node: /0/auto_model/encoder/layer.2/attention/self/Reshape_3_output_0
2026-08-26T16:38:02.591496Z  INFO ort::logging: Fused reshape node: /0/auto_model/encoder/layer.3/attention/self/Reshape_output_0
2026-08-26T16:38:02.591591Z  INFO ort::logging: Fused reshape node: /0/auto_model/encoder/layer.3/attention/self/Reshape_2_output_0
2026-08-26T16:38:02.591671Z  INFO ort::logging: Fused reshape node: /0/auto_model/encoder/layer.3/attention/self/Reshape_1_output_0
2026-08-26T16:38:02.591729Z  INFO ort::logging: Fused reshape node: /0/auto_model/encoder/layer.3/attention/self/Reshape_3_output_0
2026-08-26T16:38:02.591770Z  INFO ort::logging: Fused reshape node: /0/auto_model/encoder/layer.4/attention/self/Reshape_output_0
2026-08-26T16:38:02.591809Z  INFO ort::logging: Fused reshape node: /0/auto_model/encoder/layer.4/attention/self/Reshape_2_output_0
2026-08-26T16:38:02.591847Z  INFO ort::logging: Fused reshape node: /0/auto_model/encoder/layer.4/attention/self/Reshape_1_output_0
2026-08-26T16:38:02.591895Z  INFO ort::logging: Fused reshape node: /0/auto_model/encoder/layer.4/attention/self/Reshape_3_output_0
2026-08-26T16:38:02.591936Z  INFO ort::logging: Fused reshape node: /0/auto_model/encoder/layer.5/attention/self/Reshape_output_0
2026-08-26T16:38:02.591976Z  INFO ort::logging: Fused reshape node: /0/auto_model/encoder/layer.5/attention/self/Reshape_2_output_0
2026-08-26T16:38:02.592014Z  INFO ort::logging: Fused reshape node: /0/auto_model/encoder/layer.5/attention/self/Reshape_1_output_0
2026-08-26T16:38:02.592085Z  INFO ort::logging: Fused reshape node: /0/auto_model/encoder/layer.5/attention/self/Reshape_3_output_0
2026-08-26T16:38:02.592104Z  INFO ort::logging: Total fused reshape node count: 24
2026-08-26T16:38:02.592122Z  INFO ort::logging: GraphTransformer ReshapeFusion modified: 1 with status: OK
2026-08-26T16:38:02.596138Z  INFO ort::logging: Removing initializer '/0/auto_model/encoder/layer.4/attention/self/Constant_11_output_0'. It is no longer used by any node.
2026-08-26T16:38:02.596195Z  INFO ort::logging: Removing initializer '/0/auto_model/encoder/layer.4/attention/self/Constant_6_output_0'. It is no longer used by any node.
2026-08-26T16:38:02.596287Z  INFO ort::logging: Removing initializer '/0/auto_model/encoder/layer.0/attention/self/Constant_15_output_0'. It is no longer used by any node.
2026-08-26T16:38:02.596419Z  INFO ort::logging: GraphTransformer FreeDimensionOverrideTransformer modified: 0 with status: OK
2026-08-26T16:38:02.596459Z  INFO ort::logging: GraphTransformer GeluFusionL1 modified: 0 with status: OK
2026-08-26T16:38:02.596514Z  INFO ort::logging: GraphTransformer LayerNormFusionL1 modified: 0 with status: OK
2026-08-26T16:38:02.596679Z  INFO ort::logging: GraphTransformer QDQPropagationTransformer modified: 0 with status: OK
2026-08-26T16:38:02.596773Z  INFO ort::logging: GraphTransformer WeightBiasQuantization modified: 0 with status: OK
2026-08-26T16:38:02.596946Z  INFO ort::logging: GraphTransformer EnsureUniqueDQForNodeUnit modified: 0 with status: OK
2026-08-26T16:38:02.597043Z  INFO ort::logging: GraphTransformer WhereDummyDq modified: 0 with status: OK
2026-08-26T16:38:02.597736Z  INFO ort::logging: GraphTransformer TransposeOptimizer modified: 0 with status: OK
2026-08-26T16:38:02.597959Z  INFO ort::logging: GraphTransformer Level1_RuleBasedTransformer modified: 0 with status: OK
2026-08-26T16:38:02.598045Z  INFO ort::logging: GraphTransformer DoubleQDQPairsRemover modified: 0 with status: OK
2026-08-26T16:38:02.598459Z  INFO ort::logging: GraphTransformer CommonSubexpressionElimination modified: 0 with status: OK
2026-08-26T16:38:02.598653Z  INFO ort::logging: GraphTransformer ConstantFolding modified: 0 with status: OK
2026-08-26T16:38:02.598782Z  INFO ort::logging: GraphTransformer MatMulAddFusion modified: 0 with status: OK
2026-08-26T16:38:02.598874Z  INFO ort::logging: GraphTransformer ReshapeFusion modified: 0 with status: OK
2026-08-26T16:38:02.598909Z  INFO ort::logging: GraphTransformer FreeDimensionOverrideTransformer modified: 0 with status: OK
2026-08-26T16:38:02.598939Z  INFO ort::logging: GraphTransformer GeluFusionL1 modified: 0 with status: OK
2026-08-26T16:38:02.598954Z  INFO ort::logging: GraphTransformer LayerNormFusionL1 modified: 0 with status: OK
2026-08-26T16:38:02.599071Z  INFO ort::logging: GraphTransformer QDQPropagationTransformer modified: 0 with status: OK
2026-08-26T16:38:02.599152Z  INFO ort::logging: GraphTransformer WeightBiasQuantization modified: 0 with status: OK
2026-08-26T16:38:02.599241Z  INFO ort::logging: GraphTransformer EnsureUniqueDQForNodeUnit modified: 0 with status: OK
2026-08-26T16:38:02.599323Z  INFO ort::logging: GraphTransformer WhereDummyDq modified: 0 with status: OK
2026-08-26T16:38:02.604590Z  INFO ort::logging: Running graph optimizations in loop 1 time/s (Graph Optimizations Loop Level : 1)
2026-08-26T16:38:02.604934Z  INFO ort::logging: GraphTransformer RemoveDuplicateCastTransformer modified: 0 with status: OK
2026-08-26T16:38:02.604962Z  INFO ort::logging: GraphTransformer CastFloat16Transformer modified: 0 with status: OK
2026-08-26T16:38:02.605001Z  INFO ort::logging: GraphTransformer MemcpyTransformer modified: 0 with status: OK
2026-08-26T16:38:02.611627Z  INFO ort::logging: Use DeviceBasedPartition as default
2026-08-26T16:38:02.654432Z  INFO ort::logging: Saving initialized tensors.
2026-08-26T16:38:02.654584Z  INFO ort::logging: Reserving memory in BFCArena for Cpu size: 24
2026-08-26T16:38:02.654634Z  INFO ort::logging: Reserving memory in BFCArena for Cpu size: 4
2026-08-26T16:38:02.654660Z  INFO ort::logging: Reserving memory in BFCArena for Cpu size: 24
2026-08-26T16:38:02.654686Z  INFO ort::logging: Reserving memory in BFCArena for Cpu size: 32
2026-08-26T16:38:02.654706Z  INFO ort::logging: Reserving memory in BFCArena for Cpu size: 8
2026-08-26T16:38:02.654733Z  INFO ort::logging: Reserving memory in BFCArena for Cpu size: 24
2026-08-26T16:38:02.654752Z  INFO ort::logging: Reserving memory in BFCArena for Cpu size: 32
2026-08-26T16:38:02.654777Z  INFO ort::logging: Reserving memory in BFCArena for Cpu size: 8
2026-08-26T16:38:02.654796Z  INFO ort::logging: Reserving memory in BFCArena for Cpu size: 32
2026-08-26T16:38:02.654832Z  INFO ort::logging: Reserving memory in BFCArena for Cpu size: 24
2026-08-26T16:38:02.654852Z  INFO ort::logging: Reserving memory in BFCArena for Cpu size: 32
2026-08-26T16:38:02.654892Z  INFO ort::logging: Reserving memory in BFCArena for Cpu size: 32
2026-08-26T16:38:02.654947Z  INFO ort::logging: Reserving memory in BFCArena for Cpu size: 24
2026-08-26T16:38:02.654977Z  INFO ort::logging: Reserving memory in BFCArena for Cpu size: 32
2026-08-26T16:38:02.655022Z  INFO ort::logging: Reserving memory in BFCArena for Cpu size: 4
2026-08-26T16:38:02.655058Z  INFO ort::logging: Reserving memory in BFCArena for Cpu size: 24
2026-08-26T16:38:02.655078Z  INFO ort::logging: Reserving memory in BFCArena for Cpu size: 32
2026-08-26T16:38:02.655122Z  INFO ort::logging: Reserving memory in BFCArena for Cpu size: 32
2026-08-26T16:38:02.655145Z  INFO ort::logging: Reserving memory in BFCArena for Cpu size: 16
2026-08-26T16:38:02.655339Z  INFO ort::logging: Reserving memory in BFCArena for Cpu size: 32
2026-08-26T16:38:02.655382Z  INFO ort::logging: Reserving memory in BFCArena for Cpu size: 4
2026-08-26T16:38:02.655426Z  INFO ort::logging: Reserving memory in BFCArena for Cpu size: 32
2026-08-26T16:38:02.655446Z  INFO ort::logging: Reserving memory in BFCArena for Cpu size: 4
2026-08-26T16:38:02.655465Z  INFO ort::logging: Reserving memory in BFCArena for Cpu size: 16
2026-08-26T16:38:02.655484Z  INFO ort::logging: Reserving memory in BFCArena for Cpu size: 32
2026-08-26T16:38:02.655504Z  INFO ort::logging: Reserving memory in BFCArena for Cpu size: 24
2026-08-26T16:38:02.655526Z  INFO ort::logging: Reserving memory in BFCArena for Cpu size: 8
2026-08-26T16:38:02.655550Z  INFO ort::logging: Reserving memory in BFCArena for Cpu size: 32
2026-08-26T16:38:02.655572Z  INFO ort::logging: Reserving memory in BFCArena for Cpu size: 8
2026-08-26T16:38:02.655607Z  INFO ort::logging: Reserving memory in BFCArena for Cpu size: 8
2026-08-26T16:38:02.655631Z  INFO ort::logging: Reserving memory in BFCArena for Cpu size: 4
2026-08-26T16:38:02.655652Z  INFO ort::logging: Reserving memory in BFCArena for Cpu size: 4
2026-08-26T16:38:02.655670Z  INFO ort::logging: Reserving memory in BFCArena for Cpu size: 32
2026-08-26T16:38:02.655691Z  INFO ort::logging: Reserving memory in BFCArena for Cpu size: 8
2026-08-26T16:38:02.655712Z  INFO ort::logging: Reserving memory in BFCArena for Cpu size: 24
2026-08-26T16:38:02.655733Z  INFO ort::logging: Reserving memory in BFCArena for Cpu size: 4
2026-08-26T16:38:02.655758Z  INFO ort::logging: Reserving memory in BFCArena for Cpu size: 32
2026-08-26T16:38:02.655776Z  INFO ort::logging: Reserving memory in BFCArena for Cpu size: 32
2026-08-26T16:38:02.655797Z  INFO ort::logging: Reserving memory in BFCArena for Cpu size: 8
2026-08-26T16:38:02.655817Z  INFO ort::logging: Reserving memory in BFCArena for Cpu size: 32
2026-08-26T16:38:02.655837Z  INFO ort::logging: Reserving memory in BFCArena for Cpu size: 4
2026-08-26T16:38:02.655862Z  INFO ort::logging: Reserving memory in BFCArena for Cpu size: 32
2026-08-26T16:38:02.655898Z  INFO ort::logging: Reserving memory in BFCArena for Cpu size: 32
2026-08-26T16:38:02.655919Z  INFO ort::logging: Done saving initialized tensors
2026-08-26T16:38:02.656674Z  INFO ort::logging: Reserving memory in BFCArena for Cpu size: 589824
2026-08-26T16:38:02.656925Z  INFO ort::logging: Reserving memory in BFCArena for Cpu size: 589824
2026-08-26T16:38:02.657156Z  INFO ort::logging: Reserving memory in BFCArena for Cpu size: 589824
2026-08-26T16:38:02.657420Z  INFO ort::logging: Reserving memory in BFCArena for Cpu size: 589824
2026-08-26T16:38:02.657644Z  INFO ort::logging: Reserving memory in BFCArena for Cpu size: 2359296
2026-08-26T16:38:02.659246Z  INFO ort::logging: Reserving memory in BFCArena for Cpu size: 2359296
2026-08-26T16:38:02.661179Z  INFO ort::logging: Reserving memory in BFCArena for Cpu size: 589824
2026-08-26T16:38:02.661481Z  INFO ort::logging: Reserving memory in BFCArena for Cpu size: 589824
2026-08-26T16:38:02.661703Z  INFO ort::logging: Reserving memory in BFCArena for Cpu size: 589824
2026-08-26T16:38:02.661951Z  INFO ort::logging: Reserving memory in BFCArena for Cpu size: 589824
2026-08-26T16:38:02.662176Z  INFO ort::logging: Reserving memory in BFCArena for Cpu size: 2359296
2026-08-26T16:38:02.663734Z  INFO ort::logging: Reserving memory in BFCArena for Cpu size: 2359296
2026-08-26T16:38:02.665177Z  INFO ort::logging: Reserving memory in BFCArena for Cpu size: 589824
2026-08-26T16:38:02.665455Z  INFO ort::logging: Reserving memory in BFCArena for Cpu size: 589824
2026-08-26T16:38:02.665671Z  INFO ort::logging: Reserving memory in BFCArena for Cpu size: 589824
2026-08-26T16:38:02.665891Z  INFO ort::logging: Reserving memory in BFCArena for Cpu size: 589824
2026-08-26T16:38:02.666112Z  INFO ort::logging: Reserving memory in BFCArena for Cpu size: 2359296
2026-08-26T16:38:02.667765Z  INFO ort::logging: Reserving memory in BFCArena for Cpu size: 2359296
2026-08-26T16:38:02.669316Z  INFO ort::logging: Reserving memory in BFCArena for Cpu size: 589824
2026-08-26T16:38:02.669598Z  INFO ort::logging: Reserving memory in BFCArena for Cpu size: 589824
2026-08-26T16:38:02.669819Z  INFO ort::logging: Reserving memory in BFCArena for Cpu size: 589824
2026-08-26T16:38:02.670065Z  INFO ort::logging: Reserving memory in BFCArena for Cpu size: 589824
2026-08-26T16:38:02.670311Z  INFO ort::logging: Reserving memory in BFCArena for Cpu size: 2359296
2026-08-26T16:38:02.671979Z  INFO ort::logging: Reserving memory in BFCArena for Cpu size: 2359296
2026-08-26T16:38:02.681885Z  INFO ort::logging: Reserving memory in BFCArena for Cpu size: 589824
2026-08-26T16:38:02.682194Z  INFO ort::logging: Reserving memory in BFCArena for Cpu size: 589824
2026-08-26T16:38:02.682502Z  INFO ort::logging: Reserving memory in BFCArena for Cpu size: 589824
2026-08-26T16:38:02.682822Z  INFO ort::logging: Reserving memory in BFCArena for Cpu size: 589824
2026-08-26T16:38:02.683104Z  INFO ort::logging: Reserving memory in BFCArena for Cpu size: 2359296
2026-08-26T16:38:02.684894Z  INFO ort::logging: Reserving memory in BFCArena for Cpu size: 2359296
2026-08-26T16:38:02.686574Z  INFO ort::logging: Reserving memory in BFCArena for Cpu size: 589824
2026-08-26T16:38:02.686873Z  INFO ort::logging: Reserving memory in BFCArena for Cpu size: 589824
2026-08-26T16:38:02.687125Z  INFO ort::logging: Reserving memory in BFCArena for Cpu size: 589824
2026-08-26T16:38:02.687389Z  INFO ort::logging: Reserving memory in BFCArena for Cpu size: 589824
2026-08-26T16:38:02.687719Z  INFO ort::logging: Reserving memory in BFCArena for Cpu size: 2359296
2026-08-26T16:38:02.690218Z  INFO ort::logging: Reserving memory in BFCArena for Cpu size: 2359296
2026-08-26T16:38:02.692663Z  INFO ort::logging: Session successfully initialized.
2026-08-26T16:38:02.693535Z  INFO actix_server::builder: starting 4 workers
2026-08-26T16:38:02.693706Z  INFO actix_server::server: Tokio runtime found; starting in existing Tokio runtime
2026-08-26T16:38:02.693760Z  INFO actix_server::server: starting service: "actix-web-service-127.0.0.1:8000", workers: 4, listening on: 127.0.0.1:8000
2026-08-26T16:38:02.694439Z  INFO MapleEMR: >get_application_secret_key()
2026-08-26T16:38:02.694833Z DEBUG MapleEMR::webc::tile_factory: >WebContentFactory:new() : Attempting read of: C:\uol\csm500-final-project\src\app\webc\static\LoginTile.htl
2026-08-26T16:38:02.731030Z  INFO MapleEMR: >get_application_secret_key()
2026-08-26T16:38:02.731107Z DEBUG MapleEMR::webc::tile_factory: >WebContentFactory:new() : Attempting read of: C:\uol\csm500-final-project\src\app\webc\static\LoginTile.htl
2026-08-26T16:38:02.732495Z  INFO MapleEMR: >get_application_secret_key()
2026-08-26T16:38:02.732589Z DEBUG MapleEMR::webc::tile_factory: >WebContentFactory:new() : Attempting read of: C:\uol\csm500-final-project\src\app\webc\static\LoginTile.htl
2026-08-26T16:38:02.733876Z  INFO MapleEMR: >get_application_secret_key()
2026-08-26T16:38:02.733937Z DEBUG MapleEMR::webc::tile_factory: >WebContentFactory:new() : Attempting read of: C:\uol\csm500-final-project\src\app\webc\static\LoginTile.htl
2026-08-26T16:38:11.090581Z DEBUG MapleEMR::route::default_route: -> /default_route Requested
2026-08-26T16:38:11.090790Z DEBUG MapleEMR::route::default_route: Checking session for Validation errors
2026-08-26T16:38:17.113720Z DEBUG MapleEMR::route::login_route: -> /login Requested
2026-08-26T16:38:17.113938Z DEBUG MapleEMR::dao::auth_dao: Query: SELECT id, name, username, email, created_timestamp, password FROM USERS WHERE USERNAME = 'chath' AND PASSWORD = 'nurse1'
2026-08-26T16:38:17.133611Z DEBUG sqlx::query: summary="SELECT id, name, username, …" db.statement="\n\nSELECT id, name, username, email, created_timestamp, password FROM USERS WHERE USERNAME = 'chath' AND PASSWORD = 'nurse1'\n" rows_affected=1 rows_returned=1 elapsed=18.3214ms elapsed_secs=0.0183214
2026-08-26T16:38:17.134029Z DEBUG MapleEMR::dao::auth_dao: Successful login (results found) for: chath
2026-08-26T16:38:17.134292Z DEBUG MapleEMR::route::login_route: User can login: chath redirect to /home
2026-08-26T16:38:17.134365Z DEBUG MapleEMR::dao::auth_dao: get_user_permissions Query: SELECT department_id, permission_id FROM public.user_permission where active_flag = 'Y' and users_id = 2 group by department_id, permission_id order by permission_id
2026-08-26T16:38:17.258565Z DEBUG sqlx::query: summary="SELECT department_id, permission_id FROM …" db.statement="\n\nSELECT department_id, permission_id FROM public.user_permission where active_flag = 'Y' and users_id = 2 group by department_id, permission_id order by permission_id\n" rows_affected=12 rows_returned=12 elapsed=4.0028ms elapsed_secs=0.0040028
2026-08-26T16:38:17.263904Z DEBUG MapleEMR::route::home_route: -> /home Route Requested
2026-08-26T16:38:17.264096Z DEBUG MapleEMR::dao::patient_dao: >get_patients_at_users_site_no_discharge() Query: SELECT p.id, e.id, e.location_id, legal_first_name, legal_last_name, COALESCE(legal_middle_names, '') as "legal_middle_names",
                                        COALESCE(admit_notes, '') as "admit_notes", COALESCE(discharge_notes, '') as "discharge_notes",
                                        birthdate, admit_timestamp,
                                        discharge_timestamp as "discharge_timestamp?",
                                        phn, l2.short_name "location_short_name"
                                    FROM patient p
                                    join encounter e on p.id = e.patient_id
									join location l2 on l2.id = e.location_id
                                    where discharge_timestamp is null
                                      and location_id in (
                                        select l.id
                                        from location l
                                        where site_id in (
                                        select site_id
                                        from user_permission up
                                        where users_id = 2
                                            and up.site_id = l.site_id)  )
2026-08-26T16:38:17.275388Z DEBUG sqlx::query: summary="SELECT p.id, e.id, e.location_id, …" db.statement="\n\nSELECT p.id, e.id, e.location_id, legal_first_name, legal_last_name, COALESCE(legal_middle_names, '') as \"legal_middle_names\",\n                                        COALESCE(admit_notes, '') as \"admit_notes\", COALESCE(discharge_notes, '') as \"discharge_notes\",\n                                        birthdate, admit_timestamp,\n                                        discharge_timestamp as \"discharge_timestamp?\",\n                                        phn, l2.short_name \"location_short_name\"\n                                    FROM patient p\n                                    join encounter e on p.id = e.patient_id\n\t\t\t\t\t\t\t\t\tjoin location l2 on l2.id = e.location_id\n                                    where discharge_timestamp is null\n                                      and location_id in (\n                                        select l.id\n                                        from location l\n                                        where site_id in (\n                                        select site_id\n                                        from user_permission up\n                                        where users_id = 2\n                                            and up.site_id = l.site_id)  )\n" rows_affected=7 rows_returned=7 elapsed=10.864ms elapsed_secs=0.010864
2026-08-26T16:38:17.275483Z DEBUG MapleEMR::route::home_route: Retrieved 7 patients:
2026-08-26T16:38:17.282605Z DEBUG sqlx::query: summary="select e.id \"encounter_id\", admit_timestamp, …" db.statement="\n\n\n                                    select e.id \"encounter_id\", admit_timestamp,\n                                        discharge_timestamp as \"discharge_timestamp?\",\n                                        COALESCE(admit_notes, '') as \"admit_notes\",\n                                        COALESCE(discharge_notes, '') as \"discharge_notes\",\n                                        s.name \"encounter_site_name\",\n                                        l.short_name \"room_identifier\",\n                                        'Y' as \"current_encounter\"\n                                    from encounter e\n                                    join location l on e.location_id = l.id\n                                    join site s on s.id = l.site_id\n                                    where patient_id = 1\n                                      and discharge_timestamp is null\n                                      limit 1\n                                    \n" rows_affected=1 rows_returned=1 elapsed=6.7753ms elapsed_secs=0.0067753
2026-08-26T16:38:17.288079Z DEBUG sqlx::query: summary="SELECT i.id intervention_id, encounter_id, …" db.statement="\n\n\n                                SELECT i.id intervention_id, encounter_id, i.description, i.notes, location_id, users_id,\n                                    intervention_type_id, status_id,\n                                    l.room_identifier,\n                                    ref1.name \"intervention_type\", \n                                    ref2.name \"status\", i.scheduled_timestamp, i.performed_timestamp\n                                FROM intervention i\n                                join location l on  l.id = i.location_id\n                                join common_reference_type ref1 on i.intervention_type_id = ref1.id\n                                join common_reference_type ref2 on i.status_id = ref2.id \n                                where i.encounter_id = 1\n                                  AND i.intervention_type_id = 38\n                                ORDER BY i.id DESC LIMIT 1\n                                                \n" rows_affected=1 rows_returned=1 elapsed=5.0595ms elapsed_secs=0.0050595
2026-08-26T16:38:17.289522Z DEBUG sqlx::query: summary="select e.id \"encounter_id\", admit_timestamp, …" db.statement="\n\n\n                                    select e.id \"encounter_id\", admit_timestamp,\n                                        discharge_timestamp as \"discharge_timestamp?\",\n                                        COALESCE(admit_notes, '') as \"admit_notes\",\n                                        COALESCE(discharge_notes, '') as \"discharge_notes\",\n                                        s.name \"encounter_site_name\",\n                                        l.short_name \"room_identifier\",\n                                        'Y' as \"current_encounter\"\n                                    from encounter e\n                                    join location l on e.location_id = l.id\n                                    join site s on s.id = l.site_id\n                                    where patient_id = 2\n                                      and discharge_timestamp is null\n                                      limit 1\n                                    \n" rows_affected=1 rows_returned=1 elapsed=1.0246ms elapsed_secs=0.0010246
2026-08-26T16:38:17.291362Z DEBUG sqlx::query: summary="SELECT i.id intervention_id, encounter_id, …" db.statement="\n\n\n                                SELECT i.id intervention_id, encounter_id, i.description, i.notes, location_id, users_id,\n                                    intervention_type_id, status_id,\n                                    l.room_identifier,\n                                    ref1.name \"intervention_type\", \n                                    ref2.name \"status\", i.scheduled_timestamp, i.performed_timestamp\n                                FROM intervention i\n                                join location l on  l.id = i.location_id\n                                join common_reference_type ref1 on i.intervention_type_id = ref1.id\n                                join common_reference_type ref2 on i.status_id = ref2.id \n                                where i.encounter_id = 2\n                                  AND i.intervention_type_id = 38\n                                ORDER BY i.id DESC LIMIT 1\n                                                \n" rows_affected=1 rows_returned=1 elapsed=1.3888ms elapsed_secs=0.0013888
2026-08-26T16:38:17.292698Z DEBUG sqlx::query: summary="select e.id \"encounter_id\", admit_timestamp, …" db.statement="\n\n\n                                    select e.id \"encounter_id\", admit_timestamp,\n                                        discharge_timestamp as \"discharge_timestamp?\",\n                                        COALESCE(admit_notes, '') as \"admit_notes\",\n                                        COALESCE(discharge_notes, '') as \"discharge_notes\",\n                                        s.name \"encounter_site_name\",\n                                        l.short_name \"room_identifier\",\n                                        'Y' as \"current_encounter\"\n                                    from encounter e\n                                    join location l on e.location_id = l.id\n                                    join site s on s.id = l.site_id\n                                    where patient_id = 3\n                                      and discharge_timestamp is null\n                                      limit 1\n                                    \n" rows_affected=1 rows_returned=1 elapsed=895.2µs elapsed_secs=0.0008952
2026-08-26T16:38:17.294259Z DEBUG sqlx::query: summary="SELECT i.id intervention_id, encounter_id, …" db.statement="\n\n\n                                SELECT i.id intervention_id, encounter_id, i.description, i.notes, location_id, users_id,\n                                    intervention_type_id, status_id,\n                                    l.room_identifier,\n                                    ref1.name \"intervention_type\", \n                                    ref2.name \"status\", i.scheduled_timestamp, i.performed_timestamp\n                                FROM intervention i\n                                join location l on  l.id = i.location_id\n                                join common_reference_type ref1 on i.intervention_type_id = ref1.id\n                                join common_reference_type ref2 on i.status_id = ref2.id \n                                where i.encounter_id = 3\n                                  AND i.intervention_type_id = 38\n                                ORDER BY i.id DESC LIMIT 1\n                                                \n" rows_affected=1 rows_returned=1 elapsed=1.2013ms elapsed_secs=0.0012013
2026-08-26T16:38:17.295391Z DEBUG sqlx::query: summary="select e.id \"encounter_id\", admit_timestamp, …" db.statement="\n\n\n                                    select e.id \"encounter_id\", admit_timestamp,\n                                        discharge_timestamp as \"discharge_timestamp?\",\n                                        COALESCE(admit_notes, '') as \"admit_notes\",\n                                        COALESCE(discharge_notes, '') as \"discharge_notes\",\n                                        s.name \"encounter_site_name\",\n                                        l.short_name \"room_identifier\",\n                                        'Y' as \"current_encounter\"\n                                    from encounter e\n                                    join location l on e.location_id = l.id\n                                    join site s on s.id = l.site_id\n                                    where patient_id = 5\n                                      and discharge_timestamp is null\n                                      limit 1\n                                    \n" rows_affected=1 rows_returned=1 elapsed=792.2µs elapsed_secs=0.0007922
2026-08-26T16:38:17.296918Z DEBUG sqlx::query: summary="SELECT i.id intervention_id, encounter_id, …" db.statement="\n\n\n                                SELECT i.id intervention_id, encounter_id, i.description, i.notes, location_id, users_id,\n                                    intervention_type_id, status_id,\n                                    l.room_identifier,\n                                    ref1.name \"intervention_type\", \n                                    ref2.name \"status\", i.scheduled_timestamp, i.performed_timestamp\n                                FROM intervention i\n                                join location l on  l.id = i.location_id\n                                join common_reference_type ref1 on i.intervention_type_id = ref1.id\n                                join common_reference_type ref2 on i.status_id = ref2.id \n                                where i.encounter_id = 10\n                                  AND i.intervention_type_id = 38\n                                ORDER BY i.id DESC LIMIT 1\n                                                \n" rows_affected=0 rows_returned=0 elapsed=1.1772ms elapsed_secs=0.0011772
2026-08-26T16:38:17.297061Z DEBUG MapleEMR::dao::intervention_dao: No Interventions found for encounter_id: 10 [count=0]
2026-08-26T16:38:17.298480Z DEBUG sqlx::query: summary="select e.id \"encounter_id\", admit_timestamp, …" db.statement="\n\n\n                                    select e.id \"encounter_id\", admit_timestamp,\n                                        discharge_timestamp as \"discharge_timestamp?\",\n                                        COALESCE(admit_notes, '') as \"admit_notes\",\n                                        COALESCE(discharge_notes, '') as \"discharge_notes\",\n                                        s.name \"encounter_site_name\",\n                                        l.short_name \"room_identifier\",\n                                        'Y' as \"current_encounter\"\n                                    from encounter e\n                                    join location l on e.location_id = l.id\n                                    join site s on s.id = l.site_id\n                                    where patient_id = 25\n                                      and discharge_timestamp is null\n                                      limit 1\n                                    \n" rows_affected=1 rows_returned=1 elapsed=1.0991ms elapsed_secs=0.0010991
2026-08-26T16:38:17.299976Z DEBUG sqlx::query: summary="SELECT i.id intervention_id, encounter_id, …" db.statement="\n\n\n                                SELECT i.id intervention_id, encounter_id, i.description, i.notes, location_id, users_id,\n                                    intervention_type_id, status_id,\n                                    l.room_identifier,\n                                    ref1.name \"intervention_type\", \n                                    ref2.name \"status\", i.scheduled_timestamp, i.performed_timestamp\n                                FROM intervention i\n                                join location l on  l.id = i.location_id\n                                join common_reference_type ref1 on i.intervention_type_id = ref1.id\n                                join common_reference_type ref2 on i.status_id = ref2.id \n                                where i.encounter_id = 11\n                                  AND i.intervention_type_id = 38\n                                ORDER BY i.id DESC LIMIT 1\n                                                \n" rows_affected=0 rows_returned=0 elapsed=1.1358ms elapsed_secs=0.0011358
2026-08-26T16:38:17.300057Z DEBUG MapleEMR::dao::intervention_dao: No Interventions found for encounter_id: 11 [count=0]
2026-08-26T16:38:17.301508Z DEBUG sqlx::query: summary="select e.id \"encounter_id\", admit_timestamp, …" db.statement="\n\n\n                                    select e.id \"encounter_id\", admit_timestamp,\n                                        discharge_timestamp as \"discharge_timestamp?\",\n                                        COALESCE(admit_notes, '') as \"admit_notes\",\n                                        COALESCE(discharge_notes, '') as \"discharge_notes\",\n                                        s.name \"encounter_site_name\",\n                                        l.short_name \"room_identifier\",\n                                        'Y' as \"current_encounter\"\n                                    from encounter e\n                                    join location l on e.location_id = l.id\n                                    join site s on s.id = l.site_id\n                                    where patient_id = 26\n                                      and discharge_timestamp is null\n                                      limit 1\n                                    \n" rows_affected=1 rows_returned=1 elapsed=1.1371ms elapsed_secs=0.0011371
2026-08-26T16:38:17.303354Z DEBUG sqlx::query: summary="SELECT i.id intervention_id, encounter_id, …" db.statement="\n\n\n                                SELECT i.id intervention_id, encounter_id, i.description, i.notes, location_id, users_id,\n                                    intervention_type_id, status_id,\n                                    l.room_identifier,\n                                    ref1.name \"intervention_type\", \n                                    ref2.name \"status\", i.scheduled_timestamp, i.performed_timestamp\n                                FROM intervention i\n                                join location l on  l.id = i.location_id\n                                join common_reference_type ref1 on i.intervention_type_id = ref1.id\n                                join common_reference_type ref2 on i.status_id = ref2.id \n                                where i.encounter_id = 12\n                                  AND i.intervention_type_id = 38\n                                ORDER BY i.id DESC LIMIT 1\n                                                \n" rows_affected=0 rows_returned=0 elapsed=1.3428ms elapsed_secs=0.0013428
2026-08-26T16:38:17.303450Z DEBUG MapleEMR::dao::intervention_dao: No Interventions found for encounter_id: 12 [count=0]
2026-08-26T16:38:17.304836Z DEBUG sqlx::query: summary="select e.id \"encounter_id\", admit_timestamp, …" db.statement="\n\n\n                                    select e.id \"encounter_id\", admit_timestamp,\n                                        discharge_timestamp as \"discharge_timestamp?\",\n                                        COALESCE(admit_notes, '') as \"admit_notes\",\n                                        COALESCE(discharge_notes, '') as \"discharge_notes\",\n                                        s.name \"encounter_site_name\",\n                                        l.short_name \"room_identifier\",\n                                        'Y' as \"current_encounter\"\n                                    from encounter e\n                                    join location l on e.location_id = l.id\n                                    join site s on s.id = l.site_id\n                                    where patient_id = 27\n                                      and discharge_timestamp is null\n                                      limit 1\n                                    \n" rows_affected=1 rows_returned=1 elapsed=988.8µs elapsed_secs=0.0009888
2026-08-26T16:38:17.306316Z DEBUG sqlx::query: summary="SELECT i.id intervention_id, encounter_id, …" db.statement="\n\n\n                                SELECT i.id intervention_id, encounter_id, i.description, i.notes, location_id, users_id,\n                                    intervention_type_id, status_id,\n                                    l.room_identifier,\n                                    ref1.name \"intervention_type\", \n                                    ref2.name \"status\", i.scheduled_timestamp, i.performed_timestamp\n                                FROM intervention i\n                                join location l on  l.id = i.location_id\n                                join common_reference_type ref1 on i.intervention_type_id = ref1.id\n                                join common_reference_type ref2 on i.status_id = ref2.id \n                                where i.encounter_id = 13\n                                  AND i.intervention_type_id = 38\n                                ORDER BY i.id DESC LIMIT 1\n                                                \n" rows_affected=0 rows_returned=0 elapsed=1.1235ms elapsed_secs=0.0011235
2026-08-26T16:38:17.306427Z DEBUG MapleEMR::dao::intervention_dao: No Interventions found for encounter_id: 13 [count=0]
2026-08-26T16:38:19.020761Z DEBUG MapleEMR::route::patient_route: -> /patientdtls Route Requested
2026-08-26T16:38:19.024632Z DEBUG sqlx::query: summary="select e.id \"encounter_id\", admit_timestamp, …" db.statement="\n\n\n                                    select e.id \"encounter_id\", admit_timestamp,\n                                        discharge_timestamp as \"discharge_timestamp?\",\n                                        COALESCE(admit_notes, '') as \"admit_notes\",\n                                        COALESCE(discharge_notes, '') as \"discharge_notes\",\n                                        s.name \"encounter_site_name\",\n                                        l.short_name \"room_identifier\",\n                                        'Y' as \"current_encounter\"\n                                    from encounter e\n                                    join location l on e.location_id = l.id\n                                    join site s on s.id = l.site_id\n                                    where patient_id = 2\n                                      and discharge_timestamp is null\n                                      limit 1\n                                    \n" rows_affected=1 rows_returned=1 elapsed=954.6µs elapsed_secs=0.0009546
2026-08-26T16:38:19.025588Z DEBUG sqlx::query: summary="SELECT i.id intervention_id, encounter_id, …" db.statement="\n\n\n                                SELECT i.id intervention_id, encounter_id, i.description, i.notes, location_id, users_id,\n                                    intervention_type_id, status_id,\n                                    l.room_identifier,\n                                    ref1.name \"intervention_type\", \n                                    ref2.name \"status\", i.scheduled_timestamp, i.performed_timestamp\n                                FROM intervention i\n                                join location l on  l.id = i.location_id\n                                join common_reference_type ref1 on i.intervention_type_id = ref1.id\n                                join common_reference_type ref2 on i.status_id = ref2.id \n                                where i.encounter_id = 2\n                                  AND i.intervention_type_id = 38\n                                ORDER BY i.id DESC LIMIT 1\n                                                \n" rows_affected=1 rows_returned=1 elapsed=549.9µs elapsed_secs=0.0005499
2026-08-26T16:38:19.027065Z DEBUG sqlx::query: summary="select e.id \"encounter_id\", admit_timestamp, …" db.statement="\n\n\n                                    select e.id \"encounter_id\", admit_timestamp,\n                                        discharge_timestamp as \"discharge_timestamp?\",\n                                        COALESCE(admit_notes, '') as \"admit_notes\",\n                                        COALESCE(discharge_notes, '') as \"discharge_notes\",\n                                        s.name \"encounter_site_name\",\n                                        l.short_name \"room_identifier\",\n                                        CASE WHEN discharge_timestamp is null then 'Y' else 'N' end as \"current_encounter\"\n                                    from encounter e\n                                    join location l on e.location_id = l.id\n                                    join site s on s.id = l.site_id\n                                    where patient_id = 2\n                                    order by admit_timestamp desc\n                                    \n" rows_affected=1 rows_returned=1 elapsed=1.0829ms elapsed_secs=0.0010829
2026-08-26T16:38:19.027125Z DEBUG MapleEMR::webc::simple_fmt: >get_encounter_list_tile()
2026-08-26T16:38:19.028587Z DEBUG sqlx::query: summary="SELECT i.id intervention_id, encounter_id, …" db.statement="\n\n\n                                SELECT i.id intervention_id, encounter_id, i.description, i.notes, location_id, users_id,\n                                     intervention_type_id, status_id,\n                                    l.room_identifier,\n                                    ref1.name \"intervention_type\", \n                                    ref2.name \"status\", i.scheduled_timestamp, i.performed_timestamp\n                                FROM intervention i\n                                join location l on  l.id = i.location_id\n                                join common_reference_type ref1 on i.intervention_type_id = ref1.id\n                                join common_reference_type ref2 on i.status_id = ref2.id \n                                where i.encounter_id = 2\n                                ORDER BY i.id DESC\n                                               \n" rows_affected=1 rows_returned=1 elapsed=1.1232ms elapsed_secs=0.0011232
2026-08-26T16:38:19.028674Z DEBUG MapleEMR::webc::simple_fmt: >get_intervention_list_tile()
2026-08-26T16:38:19.028733Z DEBUG MapleEMR::dao::patient_dao: get_patient_details Query: SELECT p.id "patient_id", e.id "encounter_id", e.location_id "location_id", legal_first_name, legal_last_name, COALESCE(legal_middle_names, '') as "legal_middle_names",
                                                COALESCE(admit_notes, '') as "admit_notes", COALESCE(discharge_notes, '') as "discharge_notes",
                                                birthdate, admit_timestamp,
                                                discharge_timestamp as "discharge_timestamp?",
                                                sin, phn, l2.short_name "location_short_name"
                                            FROM patient p
                                            join encounter e on p.id = e.patient_id
											join location l2 on l2.id = e.location_id
                                            where patient_id = 2
2026-08-26T16:38:19.032362Z DEBUG sqlx::query: summary="SELECT p.id \"patient_id\", e.id …" db.statement="\n\nSELECT p.id \"patient_id\", e.id \"encounter_id\", e.location_id \"location_id\", legal_first_name, legal_last_name, COALESCE(legal_middle_names, '') as \"legal_middle_names\",\n                                                COALESCE(admit_notes, '') as \"admit_notes\", COALESCE(discharge_notes, '') as \"discharge_notes\",\n                                                birthdate, admit_timestamp,\n                                                discharge_timestamp as \"discharge_timestamp?\",\n                                                sin, phn, l2.short_name \"location_short_name\"\n                                            FROM patient p\n                                            join encounter e on p.id = e.patient_id\n\t\t\t\t\t\t\t\t\t\t\tjoin location l2 on l2.id = e.location_id\n                                            where patient_id = 2\n" rows_affected=1 rows_returned=1 elapsed=3.3165ms elapsed_secs=0.0033165
2026-08-26T16:38:19.032506Z DEBUG MapleEMR::dao::patient_dao: >get_patients_at_users_site_no_discharge() Query: SELECT p.id, e.id, e.location_id, legal_first_name, legal_last_name, COALESCE(legal_middle_names, '') as "legal_middle_names",
                                        COALESCE(admit_notes, '') as "admit_notes", COALESCE(discharge_notes, '') as "discharge_notes",
                                        birthdate, admit_timestamp,
                                        discharge_timestamp as "discharge_timestamp?",
                                        phn, l2.short_name "location_short_name"
                                    FROM patient p
                                    join encounter e on p.id = e.patient_id
									join location l2 on l2.id = e.location_id
                                    where discharge_timestamp is null
                                      and location_id in (
                                        select l.id
                                        from location l
                                        where site_id in (
                                        select site_id
                                        from user_permission up
                                        where users_id = 2
                                            and up.site_id = l.site_id)  )
2026-08-26T16:38:19.033512Z DEBUG sqlx::query: summary="SELECT p.id, e.id, e.location_id, …" db.statement="\n\nSELECT p.id, e.id, e.location_id, legal_first_name, legal_last_name, COALESCE(legal_middle_names, '') as \"legal_middle_names\",\n                                        COALESCE(admit_notes, '') as \"admit_notes\", COALESCE(discharge_notes, '') as \"discharge_notes\",\n                                        birthdate, admit_timestamp,\n                                        discharge_timestamp as \"discharge_timestamp?\",\n                                        phn, l2.short_name \"location_short_name\"\n                                    FROM patient p\n                                    join encounter e on p.id = e.patient_id\n\t\t\t\t\t\t\t\t\tjoin location l2 on l2.id = e.location_id\n                                    where discharge_timestamp is null\n                                      and location_id in (\n                                        select l.id\n                                        from location l\n                                        where site_id in (\n                                        select site_id\n                                        from user_permission up\n                                        where users_id = 2\n                                            and up.site_id = l.site_id)  )\n" rows_affected=7 rows_returned=7 elapsed=654.4µs elapsed_secs=0.0006544
2026-08-26T16:38:19.033620Z DEBUG MapleEMR::dao::common_dao: get_common_references()
2026-08-26T16:38:19.036014Z DEBUG sqlx::query: summary="select id, name, description …" db.statement="\n\nselect id, name, description from common_reference_type where group_id = 1 ORDER BY NAME\n" rows_affected=13 rows_returned=13 elapsed=2.0528ms elapsed_secs=0.0020528
2026-08-26T16:38:19.036087Z DEBUG MapleEMR::webc::tile_factory: >get_patient_details_full_tile()
2026-08-26T16:40:34.153244Z  INFO actix_server::server: SIGINT received; starting forced shutdown
2026-08-26T16:40:34.153382Z DEBUG actix_server::accept: paused accepting connections on 127.0.0.1:8000
2026-08-26T16:40:34.153437Z  INFO actix_server::accept: accept thread stopped
2026-08-26T16:40:34.153646Z  INFO actix_server::worker: shutting down idle worker
2026-08-26T16:40:34.153730Z  INFO actix_server::worker: shutting down idle worker
2026-08-26T16:40:34.153767Z  INFO actix_server::worker: shutting down idle worker
2026-08-26T16:40:34.153651Z  INFO actix_server::worker: shutting down idle worker
