2026-08-29T17:35:21.283969Z  INFO MapleEMR: MapleEMR is running!
2026-08-29T17:35:21.284341Z  INFO MapleEMR: CARGO_MANIFEST_DIR = C:\uol\csm500-final-project\src\app
2026-08-29T17:35:21.284879Z  INFO MapleEMR: Configuration loaded: C:\uol\csm500-final-project\src\app\config\maple-config.toml
2026-08-29T17:35:21.409893Z  INFO MapleEMR: Database connection established to: postgres://postgres:csm500@localhost:5432/csm500
2026-08-29T17:35:21.459560Z  INFO ort::logging: Discovered OrtHardwareDevice {vendor_id:0x8086, device_id:0x1912, vendor:Intel Corporation, type:1, metadata: [Description=Intel(R) HD Graphics 530, Discrete=0, DxgiAdapterNumber=0, DxgiHighPerformanceIndex=0, DxgiVideoMemory=128 MB, LUID=49304, ]}
2026-08-29T17:35:21.463234Z  INFO ort::logging: Discovered OrtHardwareDevice {vendor_id:0x8086, device_id:0x0, vendor:Intel, type:0, metadata: [Description=Intel(R) Core(TM) i5-6600 CPU @ 3.30GHz, ]}
2026-08-29T17:35:21.463822Z  INFO ort::logging: Session Options {  execution_mode:0 execution_order:DEFAULT enable_profiling:0 optimized_model_filepath: enable_mem_pattern:1 enable_mem_reuse:1 enable_cpu_mem_arena:1 profile_file_prefix:onnxruntime_profile_ session_logid: session_log_severity_level:-1 session_log_verbosity_level:0 max_num_graph_transformation_steps:10 graph_optimization_level:1 intra_op_param:OrtThreadPoolParams { thread_pool_size: 1 auto_set_affinity: 0 allow_spinning: 0 dynamic_block_base_: 0 stack_size: 0 affinity_str:  set_denormal_as_zero: 0 } inter_op_param:OrtThreadPoolParams { thread_pool_size: 0 auto_set_affinity: 0 allow_spinning: 0 dynamic_block_base_: 0 stack_size: 0 affinity_str:  set_denormal_as_zero: 0 } use_per_session_threads:1 thread_pool_allow_spinning:1 use_deterministic_compute:0 ep_selection_policy:5 config_options: {  } }
2026-08-29T17:35:21.463885Z  INFO ort::logging: Flush-to-zero and denormal-as-zero are off
2026-08-29T17:35:21.463927Z  INFO ort::logging: Creating and using per session threadpools since use_per_session_threads_ is true
2026-08-29T17:35:21.463977Z  INFO ort::logging: Dynamic block base set to 0
2026-08-29T17:35:21.528372Z  INFO ort::logging: Initializing session.
2026-08-29T17:35:21.528462Z  INFO ort::logging: Creating BFCArena for Cpu with following configs: initial_chunk_size_bytes: 1048576 max_dead_bytes_per_chunk: 134217728 initial_growth_chunk_size_bytes: 2097152 max_power_of_two_extend_bytes: 1073741824 memory limit: 18446744073709551615 arena_extend_strategy: 0
2026-08-29T17:35:21.532841Z  INFO ort::logging: This model does not have any local functions defined. AOT Inlining is not performed
2026-08-29T17:35:21.559092Z  INFO ort::logging: GraphTransformer EnsureUniqueDQForNodeUnit modified: 0 with status: OK
2026-08-29T17:35:21.559532Z  INFO ort::logging: GraphTransformer Level1_RuleBasedTransformer modified: 0 with status: OK
2026-08-29T17:35:21.559666Z  INFO ort::logging: GraphTransformer DoubleQDQPairsRemover modified: 0 with status: OK
2026-08-29T17:35:21.561184Z  INFO ort::logging: Total shared scalar initializer count: 199
2026-08-29T17:35:21.561218Z  INFO ort::logging: GraphTransformer ConstantSharing modified: 1 with status: OK
2026-08-29T17:35:21.566338Z  INFO ort::logging: GraphTransformer CommonSubexpressionElimination modified: 1 with status: OK
2026-08-29T17:35:21.574605Z  INFO ort::logging: GraphTransformer ConstantFolding modified: 1 with status: OK
2026-08-29T17:35:21.578921Z  INFO ort::logging: Removing initializer '/1/Constant_8_output_0'. It is no longer used by any node.
2026-08-29T17:35:21.578965Z  INFO ort::logging: Removing initializer '/0/auto_model/Shape_2_output_0'. It is no longer used by any node.
2026-08-29T17:35:21.578983Z  INFO ort::logging: Removing initializer '/1/Shape_3_output_0'. It is no longer used by any node.
2026-08-29T17:35:21.579200Z  INFO ort::logging: GraphTransformer MatMulAddFusion modified: 0 with status: OK
2026-08-29T17:35:21.579370Z  INFO ort::logging: Fused reshape node: /0/auto_model/encoder/layer.0/attention/self/Reshape_output_0
2026-08-29T17:35:21.579411Z  INFO ort::logging: Fused reshape node: /0/auto_model/encoder/layer.0/attention/self/Reshape_2_output_0
2026-08-29T17:35:21.579511Z  INFO ort::logging: Fused reshape node: /0/auto_model/encoder/layer.0/attention/self/Reshape_1_output_0
2026-08-29T17:35:21.579565Z  INFO ort::logging: Fused reshape node: /0/auto_model/encoder/layer.0/attention/self/Reshape_3_output_0
2026-08-29T17:35:21.579603Z  INFO ort::logging: Fused reshape node: /0/auto_model/encoder/layer.1/attention/self/Reshape_output_0
2026-08-29T17:35:21.579640Z  INFO ort::logging: Fused reshape node: /0/auto_model/encoder/layer.1/attention/self/Reshape_2_output_0
2026-08-29T17:35:21.579677Z  INFO ort::logging: Fused reshape node: /0/auto_model/encoder/layer.1/attention/self/Reshape_1_output_0
2026-08-29T17:35:21.579717Z  INFO ort::logging: Fused reshape node: /0/auto_model/encoder/layer.1/attention/self/Reshape_3_output_0
2026-08-29T17:35:21.579754Z  INFO ort::logging: Fused reshape node: /0/auto_model/encoder/layer.2/attention/self/Reshape_output_0
2026-08-29T17:35:21.579791Z  INFO ort::logging: Fused reshape node: /0/auto_model/encoder/layer.2/attention/self/Reshape_2_output_0
2026-08-29T17:35:21.579828Z  INFO ort::logging: Fused reshape node: /0/auto_model/encoder/layer.2/attention/self/Reshape_1_output_0
2026-08-29T17:35:21.579868Z  INFO ort::logging: Fused reshape node: /0/auto_model/encoder/layer.2/attention/self/Reshape_3_output_0
2026-08-29T17:35:21.579905Z  INFO ort::logging: Fused reshape node: /0/auto_model/encoder/layer.3/attention/self/Reshape_output_0
2026-08-29T17:35:21.579942Z  INFO ort::logging: Fused reshape node: /0/auto_model/encoder/layer.3/attention/self/Reshape_2_output_0
2026-08-29T17:35:21.579978Z  INFO ort::logging: Fused reshape node: /0/auto_model/encoder/layer.3/attention/self/Reshape_1_output_0
2026-08-29T17:35:21.580018Z  INFO ort::logging: Fused reshape node: /0/auto_model/encoder/layer.3/attention/self/Reshape_3_output_0
2026-08-29T17:35:21.580056Z  INFO ort::logging: Fused reshape node: /0/auto_model/encoder/layer.4/attention/self/Reshape_output_0
2026-08-29T17:35:21.580096Z  INFO ort::logging: Fused reshape node: /0/auto_model/encoder/layer.4/attention/self/Reshape_2_output_0
2026-08-29T17:35:21.580133Z  INFO ort::logging: Fused reshape node: /0/auto_model/encoder/layer.4/attention/self/Reshape_1_output_0
2026-08-29T17:35:21.580171Z  INFO ort::logging: Fused reshape node: /0/auto_model/encoder/layer.4/attention/self/Reshape_3_output_0
2026-08-29T17:35:21.580208Z  INFO ort::logging: Fused reshape node: /0/auto_model/encoder/layer.5/attention/self/Reshape_output_0
2026-08-29T17:35:21.580244Z  INFO ort::logging: Fused reshape node: /0/auto_model/encoder/layer.5/attention/self/Reshape_2_output_0
2026-08-29T17:35:21.580280Z  INFO ort::logging: Fused reshape node: /0/auto_model/encoder/layer.5/attention/self/Reshape_1_output_0
2026-08-29T17:35:21.580320Z  INFO ort::logging: Fused reshape node: /0/auto_model/encoder/layer.5/attention/self/Reshape_3_output_0
2026-08-29T17:35:21.580338Z  INFO ort::logging: Total fused reshape node count: 24
2026-08-29T17:35:21.580355Z  INFO ort::logging: GraphTransformer ReshapeFusion modified: 1 with status: OK
2026-08-29T17:35:21.583309Z  INFO ort::logging: Removing initializer '/0/auto_model/encoder/layer.4/attention/self/Constant_11_output_0'. It is no longer used by any node.
2026-08-29T17:35:21.583336Z  INFO ort::logging: Removing initializer '/0/auto_model/encoder/layer.4/attention/self/Constant_6_output_0'. It is no longer used by any node.
2026-08-29T17:35:21.583361Z  INFO ort::logging: Removing initializer '/0/auto_model/encoder/layer.0/attention/self/Constant_15_output_0'. It is no longer used by any node.
2026-08-29T17:35:21.583427Z  INFO ort::logging: GraphTransformer FreeDimensionOverrideTransformer modified: 0 with status: OK
2026-08-29T17:35:21.583452Z  INFO ort::logging: GraphTransformer GeluFusionL1 modified: 0 with status: OK
2026-08-29T17:35:21.583476Z  INFO ort::logging: GraphTransformer LayerNormFusionL1 modified: 0 with status: OK
2026-08-29T17:35:21.583601Z  INFO ort::logging: GraphTransformer QDQPropagationTransformer modified: 0 with status: OK
2026-08-29T17:35:21.583731Z  INFO ort::logging: GraphTransformer WeightBiasQuantization modified: 0 with status: OK
2026-08-29T17:35:21.583824Z  INFO ort::logging: GraphTransformer EnsureUniqueDQForNodeUnit modified: 0 with status: OK
2026-08-29T17:35:21.583915Z  INFO ort::logging: GraphTransformer WhereDummyDq modified: 0 with status: OK
2026-08-29T17:35:21.584401Z  INFO ort::logging: GraphTransformer TransposeOptimizer modified: 0 with status: OK
2026-08-29T17:35:21.584608Z  INFO ort::logging: GraphTransformer Level1_RuleBasedTransformer modified: 0 with status: OK
2026-08-29T17:35:21.584707Z  INFO ort::logging: GraphTransformer DoubleQDQPairsRemover modified: 0 with status: OK
2026-08-29T17:35:21.585049Z  INFO ort::logging: GraphTransformer CommonSubexpressionElimination modified: 0 with status: OK
2026-08-29T17:35:21.585194Z  INFO ort::logging: GraphTransformer ConstantFolding modified: 0 with status: OK
2026-08-29T17:35:21.585296Z  INFO ort::logging: GraphTransformer MatMulAddFusion modified: 0 with status: OK
2026-08-29T17:35:21.585384Z  INFO ort::logging: GraphTransformer ReshapeFusion modified: 0 with status: OK
2026-08-29T17:35:21.585402Z  INFO ort::logging: GraphTransformer FreeDimensionOverrideTransformer modified: 0 with status: OK
2026-08-29T17:35:21.585418Z  INFO ort::logging: GraphTransformer GeluFusionL1 modified: 0 with status: OK
2026-08-29T17:35:21.585432Z  INFO ort::logging: GraphTransformer LayerNormFusionL1 modified: 0 with status: OK
2026-08-29T17:35:21.585529Z  INFO ort::logging: GraphTransformer QDQPropagationTransformer modified: 0 with status: OK
2026-08-29T17:35:21.585612Z  INFO ort::logging: GraphTransformer WeightBiasQuantization modified: 0 with status: OK
2026-08-29T17:35:21.585698Z  INFO ort::logging: GraphTransformer EnsureUniqueDQForNodeUnit modified: 0 with status: OK
2026-08-29T17:35:21.585779Z  INFO ort::logging: GraphTransformer WhereDummyDq modified: 0 with status: OK
2026-08-29T17:35:21.592483Z  INFO ort::logging: Running graph optimizations in loop 1 time/s (Graph Optimizations Loop Level : 1)
2026-08-29T17:35:21.592921Z  INFO ort::logging: GraphTransformer RemoveDuplicateCastTransformer modified: 0 with status: OK
2026-08-29T17:35:21.592945Z  INFO ort::logging: GraphTransformer CastFloat16Transformer modified: 0 with status: OK
2026-08-29T17:35:21.592983Z  INFO ort::logging: GraphTransformer MemcpyTransformer modified: 0 with status: OK
2026-08-29T17:35:21.598317Z  INFO ort::logging: Use DeviceBasedPartition as default
2026-08-29T17:35:21.643091Z  INFO ort::logging: Saving initialized tensors.
2026-08-29T17:35:21.643204Z  INFO ort::logging: Reserving memory in BFCArena for Cpu size: 32
2026-08-29T17:35:21.643246Z  INFO ort::logging: Reserving memory in BFCArena for Cpu size: 32
2026-08-29T17:35:21.643268Z  INFO ort::logging: Reserving memory in BFCArena for Cpu size: 4
2026-08-29T17:35:21.643299Z  INFO ort::logging: Reserving memory in BFCArena for Cpu size: 4
2026-08-29T17:35:21.643332Z  INFO ort::logging: Reserving memory in BFCArena for Cpu size: 32
2026-08-29T17:35:21.643359Z  INFO ort::logging: Reserving memory in BFCArena for Cpu size: 4
2026-08-29T17:35:21.643384Z  INFO ort::logging: Reserving memory in BFCArena for Cpu size: 4
2026-08-29T17:35:21.643403Z  INFO ort::logging: Reserving memory in BFCArena for Cpu size: 8
2026-08-29T17:35:21.643426Z  INFO ort::logging: Reserving memory in BFCArena for Cpu size: 24
2026-08-29T17:35:21.643449Z  INFO ort::logging: Reserving memory in BFCArena for Cpu size: 32
2026-08-29T17:35:21.643473Z  INFO ort::logging: Reserving memory in BFCArena for Cpu size: 4
2026-08-29T17:35:21.643501Z  INFO ort::logging: Reserving memory in BFCArena for Cpu size: 32
2026-08-29T17:35:21.643526Z  INFO ort::logging: Reserving memory in BFCArena for Cpu size: 32
2026-08-29T17:35:21.643560Z  INFO ort::logging: Reserving memory in BFCArena for Cpu size: 24
2026-08-29T17:35:21.643579Z  INFO ort::logging: Reserving memory in BFCArena for Cpu size: 24
2026-08-29T17:35:21.643608Z  INFO ort::logging: Reserving memory in BFCArena for Cpu size: 32
2026-08-29T17:35:21.643634Z  INFO ort::logging: Reserving memory in BFCArena for Cpu size: 32
2026-08-29T17:35:21.643660Z  INFO ort::logging: Reserving memory in BFCArena for Cpu size: 32
2026-08-29T17:35:21.643679Z  INFO ort::logging: Reserving memory in BFCArena for Cpu size: 8
2026-08-29T17:35:21.643708Z  INFO ort::logging: Reserving memory in BFCArena for Cpu size: 8
2026-08-29T17:35:21.643727Z  INFO ort::logging: Reserving memory in BFCArena for Cpu size: 8
2026-08-29T17:35:21.643748Z  INFO ort::logging: Reserving memory in BFCArena for Cpu size: 32
2026-08-29T17:35:21.643768Z  INFO ort::logging: Reserving memory in BFCArena for Cpu size: 24
2026-08-29T17:35:21.643800Z  INFO ort::logging: Reserving memory in BFCArena for Cpu size: 8
2026-08-29T17:35:21.643820Z  INFO ort::logging: Reserving memory in BFCArena for Cpu size: 32
2026-08-29T17:35:21.643839Z  INFO ort::logging: Reserving memory in BFCArena for Cpu size: 4
2026-08-29T17:35:21.643861Z  INFO ort::logging: Reserving memory in BFCArena for Cpu size: 24
2026-08-29T17:35:21.643889Z  INFO ort::logging: Reserving memory in BFCArena for Cpu size: 4
2026-08-29T17:35:21.643909Z  INFO ort::logging: Reserving memory in BFCArena for Cpu size: 24
2026-08-29T17:35:21.643932Z  INFO ort::logging: Reserving memory in BFCArena for Cpu size: 8
2026-08-29T17:35:21.643951Z  INFO ort::logging: Reserving memory in BFCArena for Cpu size: 32
2026-08-29T17:35:21.643970Z  INFO ort::logging: Reserving memory in BFCArena for Cpu size: 16
2026-08-29T17:35:21.643990Z  INFO ort::logging: Reserving memory in BFCArena for Cpu size: 32
2026-08-29T17:35:21.644015Z  INFO ort::logging: Reserving memory in BFCArena for Cpu size: 32
2026-08-29T17:35:21.644036Z  INFO ort::logging: Reserving memory in BFCArena for Cpu size: 8
2026-08-29T17:35:21.644054Z  INFO ort::logging: Reserving memory in BFCArena for Cpu size: 4
2026-08-29T17:35:21.644082Z  INFO ort::logging: Reserving memory in BFCArena for Cpu size: 16
2026-08-29T17:35:21.644113Z  INFO ort::logging: Reserving memory in BFCArena for Cpu size: 24
2026-08-29T17:35:21.644135Z  INFO ort::logging: Reserving memory in BFCArena for Cpu size: 24
2026-08-29T17:35:21.644157Z  INFO ort::logging: Reserving memory in BFCArena for Cpu size: 32
2026-08-29T17:35:21.644178Z  INFO ort::logging: Reserving memory in BFCArena for Cpu size: 32
2026-08-29T17:35:21.644196Z  INFO ort::logging: Reserving memory in BFCArena for Cpu size: 32
2026-08-29T17:35:21.644217Z  INFO ort::logging: Reserving memory in BFCArena for Cpu size: 32
2026-08-29T17:35:21.644235Z  INFO ort::logging: Done saving initialized tensors
2026-08-29T17:35:21.644856Z  INFO ort::logging: Reserving memory in BFCArena for Cpu size: 589824
2026-08-29T17:35:21.645106Z  INFO ort::logging: Reserving memory in BFCArena for Cpu size: 589824
2026-08-29T17:35:21.645327Z  INFO ort::logging: Reserving memory in BFCArena for Cpu size: 589824
2026-08-29T17:35:21.645541Z  INFO ort::logging: Reserving memory in BFCArena for Cpu size: 589824
2026-08-29T17:35:21.645756Z  INFO ort::logging: Reserving memory in BFCArena for Cpu size: 2359296
2026-08-29T17:35:21.647284Z  INFO ort::logging: Reserving memory in BFCArena for Cpu size: 2359296
2026-08-29T17:35:21.648709Z  INFO ort::logging: Reserving memory in BFCArena for Cpu size: 589824
2026-08-29T17:35:21.648939Z  INFO ort::logging: Reserving memory in BFCArena for Cpu size: 589824
2026-08-29T17:35:21.649164Z  INFO ort::logging: Reserving memory in BFCArena for Cpu size: 589824
2026-08-29T17:35:21.649404Z  INFO ort::logging: Reserving memory in BFCArena for Cpu size: 589824
2026-08-29T17:35:21.649628Z  INFO ort::logging: Reserving memory in BFCArena for Cpu size: 2359296
2026-08-29T17:35:21.651350Z  INFO ort::logging: Reserving memory in BFCArena for Cpu size: 2359296
2026-08-29T17:35:21.652810Z  INFO ort::logging: Reserving memory in BFCArena for Cpu size: 589824
2026-08-29T17:35:21.653131Z  INFO ort::logging: Reserving memory in BFCArena for Cpu size: 589824
2026-08-29T17:35:21.653363Z  INFO ort::logging: Reserving memory in BFCArena for Cpu size: 589824
2026-08-29T17:35:21.653584Z  INFO ort::logging: Reserving memory in BFCArena for Cpu size: 589824
2026-08-29T17:35:21.654268Z  INFO ort::logging: Reserving memory in BFCArena for Cpu size: 2359296
2026-08-29T17:35:21.656387Z  INFO ort::logging: Reserving memory in BFCArena for Cpu size: 2359296
2026-08-29T17:35:21.657799Z  INFO ort::logging: Reserving memory in BFCArena for Cpu size: 589824
2026-08-29T17:35:21.658055Z  INFO ort::logging: Reserving memory in BFCArena for Cpu size: 589824
2026-08-29T17:35:21.658345Z  INFO ort::logging: Reserving memory in BFCArena for Cpu size: 589824
2026-08-29T17:35:21.658603Z  INFO ort::logging: Reserving memory in BFCArena for Cpu size: 589824
2026-08-29T17:35:21.659097Z  INFO ort::logging: Reserving memory in BFCArena for Cpu size: 2359296
2026-08-29T17:35:21.661227Z  INFO ort::logging: Reserving memory in BFCArena for Cpu size: 2359296
2026-08-29T17:35:21.662681Z  INFO ort::logging: Reserving memory in BFCArena for Cpu size: 589824
2026-08-29T17:35:21.662919Z  INFO ort::logging: Reserving memory in BFCArena for Cpu size: 589824
2026-08-29T17:35:21.663144Z  INFO ort::logging: Reserving memory in BFCArena for Cpu size: 589824
2026-08-29T17:35:21.663394Z  INFO ort::logging: Reserving memory in BFCArena for Cpu size: 589824
2026-08-29T17:35:21.663612Z  INFO ort::logging: Reserving memory in BFCArena for Cpu size: 2359296
2026-08-29T17:35:21.665116Z  INFO ort::logging: Reserving memory in BFCArena for Cpu size: 2359296
2026-08-29T17:35:21.666627Z  INFO ort::logging: Reserving memory in BFCArena for Cpu size: 589824
2026-08-29T17:35:21.666871Z  INFO ort::logging: Reserving memory in BFCArena for Cpu size: 589824
2026-08-29T17:35:21.667085Z  INFO ort::logging: Reserving memory in BFCArena for Cpu size: 589824
2026-08-29T17:35:21.667340Z  INFO ort::logging: Reserving memory in BFCArena for Cpu size: 589824
2026-08-29T17:35:21.667563Z  INFO ort::logging: Reserving memory in BFCArena for Cpu size: 2359296
2026-08-29T17:35:21.669087Z  INFO ort::logging: Reserving memory in BFCArena for Cpu size: 2359296
2026-08-29T17:35:21.671792Z  INFO ort::logging: Session successfully initialized.
2026-08-29T17:35:21.672612Z  INFO actix_server::builder: starting 4 workers
2026-08-29T17:35:21.672698Z  INFO actix_server::server: Tokio runtime found; starting in existing Tokio runtime
2026-08-29T17:35:21.672725Z  INFO actix_server::server: starting service: "actix-web-service-127.0.0.1:8000", workers: 4, listening on: 127.0.0.1:8000
2026-08-29T17:35:21.673174Z  INFO MapleEMR: >get_application_secret_key()
2026-08-29T17:35:21.673369Z DEBUG MapleEMR::ui::tile_factory: >WebContentFactory:new() : Attempting read of: C:\uol\csm500-final-project\src\app\webc\static\LoginTile.htl
2026-08-29T17:35:21.675912Z  INFO MapleEMR: >get_application_secret_key()
2026-08-29T17:35:21.675967Z DEBUG MapleEMR::ui::tile_factory: >WebContentFactory:new() : Attempting read of: C:\uol\csm500-final-project\src\app\webc\static\LoginTile.htl
2026-08-29T17:35:21.677642Z  INFO MapleEMR: >get_application_secret_key()
2026-08-29T17:35:21.677693Z DEBUG MapleEMR::ui::tile_factory: >WebContentFactory:new() : Attempting read of: C:\uol\csm500-final-project\src\app\webc\static\LoginTile.htl
2026-08-29T17:35:21.679260Z  INFO MapleEMR: >get_application_secret_key()
2026-08-29T17:35:21.679308Z DEBUG MapleEMR::ui::tile_factory: >WebContentFactory:new() : Attempting read of: C:\uol\csm500-final-project\src\app\webc\static\LoginTile.htl
2026-08-29T17:35:25.666644Z DEBUG MapleEMR::route::default_route: -> /default_route Requested
2026-08-29T17:35:25.666835Z DEBUG MapleEMR::route::default_route: Checking session for Validation errors
2026-08-29T17:35:25.667099Z DEBUG MapleEMR::route::default_route: Ok( None ) No active session
2026-08-29T17:35:29.711707Z DEBUG MapleEMR::route::login_route: -> /login Requested
2026-08-29T17:35:29.711762Z DEBUG MapleEMR::dao::auth_dao: Query: SELECT id, name, username, email, created_timestamp, password FROM USERS WHERE USERNAME = 'chath' AND PASSWORD = 'nurse1'
2026-08-29T17:35:29.719201Z DEBUG sqlx::query: summary="SELECT id, name, username, …" db.statement="\n\nSELECT id, name, username, email, created_timestamp, password FROM USERS WHERE USERNAME = 'chath' AND PASSWORD = 'nurse1'\n" rows_affected=1 rows_returned=1 elapsed=6.9283ms elapsed_secs=0.0069283
2026-08-29T17:35:29.719405Z DEBUG MapleEMR::dao::auth_dao: Successful login (results found) for: chath
2026-08-29T17:35:29.719472Z DEBUG MapleEMR::route::login_route: User can login: chath redirect to /home
2026-08-29T17:35:29.719497Z DEBUG MapleEMR::dao::auth_dao: get_user_permissions Query: SELECT department_id, permission_id FROM public.user_permission where active_flag = 'Y' and users_id = 2 group by department_id, permission_id order by permission_id
2026-08-29T17:35:29.831641Z DEBUG sqlx::query: summary="SELECT department_id, permission_id FROM …" db.statement="\n\nSELECT department_id, permission_id FROM public.user_permission where active_flag = 'Y' and users_id = 2 group by department_id, permission_id order by permission_id\n" rows_affected=12 rows_returned=12 elapsed=3.9173ms elapsed_secs=0.0039173
2026-08-29T17:35:29.837180Z DEBUG MapleEMR::route::home_route: -> /home Route Requested
2026-08-29T17:35:29.837760Z DEBUG MapleEMR::dao::patient_dao: >get_patients_at_users_site_no_discharge() Query: SELECT p.id, e.id, e.location_id, legal_first_name, legal_last_name, COALESCE(legal_middle_names, '') as "legal_middle_names",
                                        COALESCE(admit_notes, '') as "admit_notes", COALESCE(discharge_notes, '') as "discharge_notes",
                                        birthdate, admit_timestamp,
                                        discharge_timestamp as "discharge_timestamp?",
                                        phn, l2.short_name "location_short_name"
                                    FROM patient p
                                    join encounter e on p.id = e.patient_id
									join location l2 on l2.id = e.location_id
                                    where discharge_timestamp is null
                                      and location_id in (
                                        select l.id
                                        from location l
                                        where site_id in (
                                        select site_id
                                        from user_permission up
                                        where users_id = 2
                                            and up.site_id = l.site_id)  )
2026-08-29T17:35:29.849422Z DEBUG sqlx::query: summary="SELECT p.id, e.id, e.location_id, …" db.statement="\n\nSELECT p.id, e.id, e.location_id, legal_first_name, legal_last_name, COALESCE(legal_middle_names, '') as \"legal_middle_names\",\n                                        COALESCE(admit_notes, '') as \"admit_notes\", COALESCE(discharge_notes, '') as \"discharge_notes\",\n                                        birthdate, admit_timestamp,\n                                        discharge_timestamp as \"discharge_timestamp?\",\n                                        phn, l2.short_name \"location_short_name\"\n                                    FROM patient p\n                                    join encounter e on p.id = e.patient_id\n\t\t\t\t\t\t\t\t\tjoin location l2 on l2.id = e.location_id\n                                    where discharge_timestamp is null\n                                      and location_id in (\n                                        select l.id\n                                        from location l\n                                        where site_id in (\n                                        select site_id\n                                        from user_permission up\n                                        where users_id = 2\n                                            and up.site_id = l.site_id)  )\n" rows_affected=7 rows_returned=7 elapsed=10.6829ms elapsed_secs=0.0106829
2026-08-29T17:35:29.849508Z DEBUG MapleEMR::route::home_route: Retrieved 7 patients:
2026-08-29T17:35:29.859540Z DEBUG sqlx::query: summary="select e.id \"encounter_id\", admit_timestamp, …" db.statement="\n\n\n                                    select e.id \"encounter_id\", admit_timestamp,\n                                        discharge_timestamp as \"discharge_timestamp?\",\n                                        COALESCE(admit_notes, '') as \"admit_notes\",\n                                        COALESCE(discharge_notes, '') as \"discharge_notes\",\n                                        s.name \"encounter_site_name\",\n                                        l.short_name \"room_identifier\",\n                                        'Y' as \"current_encounter\"\n                                    from encounter e\n                                    join location l on e.location_id = l.id\n                                    join site s on s.id = l.site_id\n                                    where patient_id = 1\n                                      and discharge_timestamp is null\n                                      limit 1\n                                    \n" rows_affected=1 rows_returned=1 elapsed=9.5322ms elapsed_secs=0.0095322
2026-08-29T17:35:29.864294Z DEBUG sqlx::query: summary="SELECT i.id intervention_id, encounter_id, …" db.statement="\n\n\n                                SELECT i.id intervention_id, encounter_id, i.description, i.notes, location_id, users_id,\n                                    intervention_type_id, status_id,\n                                    l.room_identifier,\n                                    ref1.name \"intervention_type\", \n                                    ref2.name \"status\", i.scheduled_timestamp, i.performed_timestamp\n                                FROM intervention i\n                                join location l on  l.id = i.location_id\n                                join common_reference_type ref1 on i.intervention_type_id = ref1.id\n                                join common_reference_type ref2 on i.status_id = ref2.id \n                                where i.encounter_id = 1\n                                  AND i.intervention_type_id = 38\n                                ORDER BY i.id DESC LIMIT 1\n                                                \n" rows_affected=1 rows_returned=1 elapsed=4.3039ms elapsed_secs=0.0043039
2026-08-29T17:35:29.865904Z DEBUG sqlx::query: summary="select e.id \"encounter_id\", admit_timestamp, …" db.statement="\n\n\n                                    select e.id \"encounter_id\", admit_timestamp,\n                                        discharge_timestamp as \"discharge_timestamp?\",\n                                        COALESCE(admit_notes, '') as \"admit_notes\",\n                                        COALESCE(discharge_notes, '') as \"discharge_notes\",\n                                        s.name \"encounter_site_name\",\n                                        l.short_name \"room_identifier\",\n                                        'Y' as \"current_encounter\"\n                                    from encounter e\n                                    join location l on e.location_id = l.id\n                                    join site s on s.id = l.site_id\n                                    where patient_id = 2\n                                      and discharge_timestamp is null\n                                      limit 1\n                                    \n" rows_affected=1 rows_returned=1 elapsed=1.08ms elapsed_secs=0.00108
2026-08-29T17:35:29.867516Z DEBUG sqlx::query: summary="SELECT i.id intervention_id, encounter_id, …" db.statement="\n\n\n                                SELECT i.id intervention_id, encounter_id, i.description, i.notes, location_id, users_id,\n                                    intervention_type_id, status_id,\n                                    l.room_identifier,\n                                    ref1.name \"intervention_type\", \n                                    ref2.name \"status\", i.scheduled_timestamp, i.performed_timestamp\n                                FROM intervention i\n                                join location l on  l.id = i.location_id\n                                join common_reference_type ref1 on i.intervention_type_id = ref1.id\n                                join common_reference_type ref2 on i.status_id = ref2.id \n                                where i.encounter_id = 2\n                                  AND i.intervention_type_id = 38\n                                ORDER BY i.id DESC LIMIT 1\n                                                \n" rows_affected=1 rows_returned=1 elapsed=1.145ms elapsed_secs=0.001145
2026-08-29T17:35:29.868986Z DEBUG sqlx::query: summary="select e.id \"encounter_id\", admit_timestamp, …" db.statement="\n\n\n                                    select e.id \"encounter_id\", admit_timestamp,\n                                        discharge_timestamp as \"discharge_timestamp?\",\n                                        COALESCE(admit_notes, '') as \"admit_notes\",\n                                        COALESCE(discharge_notes, '') as \"discharge_notes\",\n                                        s.name \"encounter_site_name\",\n                                        l.short_name \"room_identifier\",\n                                        'Y' as \"current_encounter\"\n                                    from encounter e\n                                    join location l on e.location_id = l.id\n                                    join site s on s.id = l.site_id\n                                    where patient_id = 3\n                                      and discharge_timestamp is null\n                                      limit 1\n                                    \n" rows_affected=1 rows_returned=1 elapsed=1.0692ms elapsed_secs=0.0010692
2026-08-29T17:35:29.871157Z DEBUG sqlx::query: summary="SELECT i.id intervention_id, encounter_id, …" db.statement="\n\n\n                                SELECT i.id intervention_id, encounter_id, i.description, i.notes, location_id, users_id,\n                                    intervention_type_id, status_id,\n                                    l.room_identifier,\n                                    ref1.name \"intervention_type\", \n                                    ref2.name \"status\", i.scheduled_timestamp, i.performed_timestamp\n                                FROM intervention i\n                                join location l on  l.id = i.location_id\n                                join common_reference_type ref1 on i.intervention_type_id = ref1.id\n                                join common_reference_type ref2 on i.status_id = ref2.id \n                                where i.encounter_id = 3\n                                  AND i.intervention_type_id = 38\n                                ORDER BY i.id DESC LIMIT 1\n                                                \n" rows_affected=1 rows_returned=1 elapsed=1.7653ms elapsed_secs=0.0017653
2026-08-29T17:35:29.873108Z DEBUG sqlx::query: summary="select e.id \"encounter_id\", admit_timestamp, …" db.statement="\n\n\n                                    select e.id \"encounter_id\", admit_timestamp,\n                                        discharge_timestamp as \"discharge_timestamp?\",\n                                        COALESCE(admit_notes, '') as \"admit_notes\",\n                                        COALESCE(discharge_notes, '') as \"discharge_notes\",\n                                        s.name \"encounter_site_name\",\n                                        l.short_name \"room_identifier\",\n                                        'Y' as \"current_encounter\"\n                                    from encounter e\n                                    join location l on e.location_id = l.id\n                                    join site s on s.id = l.site_id\n                                    where patient_id = 5\n                                      and discharge_timestamp is null\n                                      limit 1\n                                    \n" rows_affected=1 rows_returned=1 elapsed=1.0728ms elapsed_secs=0.0010728
2026-08-29T17:35:29.874580Z DEBUG sqlx::query: summary="SELECT i.id intervention_id, encounter_id, …" db.statement="\n\n\n                                SELECT i.id intervention_id, encounter_id, i.description, i.notes, location_id, users_id,\n                                    intervention_type_id, status_id,\n                                    l.room_identifier,\n                                    ref1.name \"intervention_type\", \n                                    ref2.name \"status\", i.scheduled_timestamp, i.performed_timestamp\n                                FROM intervention i\n                                join location l on  l.id = i.location_id\n                                join common_reference_type ref1 on i.intervention_type_id = ref1.id\n                                join common_reference_type ref2 on i.status_id = ref2.id \n                                where i.encounter_id = 10\n                                  AND i.intervention_type_id = 38\n                                ORDER BY i.id DESC LIMIT 1\n                                                \n" rows_affected=0 rows_returned=0 elapsed=1.1022ms elapsed_secs=0.0011022
2026-08-29T17:35:29.874665Z DEBUG MapleEMR::dao::intervention_dao: No Interventions found for encounter_id: 10 [count=0]
2026-08-29T17:35:29.876093Z DEBUG sqlx::query: summary="select e.id \"encounter_id\", admit_timestamp, …" db.statement="\n\n\n                                    select e.id \"encounter_id\", admit_timestamp,\n                                        discharge_timestamp as \"discharge_timestamp?\",\n                                        COALESCE(admit_notes, '') as \"admit_notes\",\n                                        COALESCE(discharge_notes, '') as \"discharge_notes\",\n                                        s.name \"encounter_site_name\",\n                                        l.short_name \"room_identifier\",\n                                        'Y' as \"current_encounter\"\n                                    from encounter e\n                                    join location l on e.location_id = l.id\n                                    join site s on s.id = l.site_id\n                                    where patient_id = 25\n                                      and discharge_timestamp is null\n                                      limit 1\n                                    \n" rows_affected=1 rows_returned=1 elapsed=1.1137ms elapsed_secs=0.0011137
2026-08-29T17:35:29.877479Z DEBUG sqlx::query: summary="SELECT i.id intervention_id, encounter_id, …" db.statement="\n\n\n                                SELECT i.id intervention_id, encounter_id, i.description, i.notes, location_id, users_id,\n                                    intervention_type_id, status_id,\n                                    l.room_identifier,\n                                    ref1.name \"intervention_type\", \n                                    ref2.name \"status\", i.scheduled_timestamp, i.performed_timestamp\n                                FROM intervention i\n                                join location l on  l.id = i.location_id\n                                join common_reference_type ref1 on i.intervention_type_id = ref1.id\n                                join common_reference_type ref2 on i.status_id = ref2.id \n                                where i.encounter_id = 11\n                                  AND i.intervention_type_id = 38\n                                ORDER BY i.id DESC LIMIT 1\n                                                \n" rows_affected=0 rows_returned=0 elapsed=1.0283ms elapsed_secs=0.0010283
2026-08-29T17:35:29.877558Z DEBUG MapleEMR::dao::intervention_dao: No Interventions found for encounter_id: 11 [count=0]
2026-08-29T17:35:29.878941Z DEBUG sqlx::query: summary="select e.id \"encounter_id\", admit_timestamp, …" db.statement="\n\n\n                                    select e.id \"encounter_id\", admit_timestamp,\n                                        discharge_timestamp as \"discharge_timestamp?\",\n                                        COALESCE(admit_notes, '') as \"admit_notes\",\n                                        COALESCE(discharge_notes, '') as \"discharge_notes\",\n                                        s.name \"encounter_site_name\",\n                                        l.short_name \"room_identifier\",\n                                        'Y' as \"current_encounter\"\n                                    from encounter e\n                                    join location l on e.location_id = l.id\n                                    join site s on s.id = l.site_id\n                                    where patient_id = 26\n                                      and discharge_timestamp is null\n                                      limit 1\n                                    \n" rows_affected=1 rows_returned=1 elapsed=1.0436ms elapsed_secs=0.0010436
2026-08-29T17:35:29.880533Z DEBUG sqlx::query: summary="SELECT i.id intervention_id, encounter_id, …" db.statement="\n\n\n                                SELECT i.id intervention_id, encounter_id, i.description, i.notes, location_id, users_id,\n                                    intervention_type_id, status_id,\n                                    l.room_identifier,\n                                    ref1.name \"intervention_type\", \n                                    ref2.name \"status\", i.scheduled_timestamp, i.performed_timestamp\n                                FROM intervention i\n                                join location l on  l.id = i.location_id\n                                join common_reference_type ref1 on i.intervention_type_id = ref1.id\n                                join common_reference_type ref2 on i.status_id = ref2.id \n                                where i.encounter_id = 12\n                                  AND i.intervention_type_id = 38\n                                ORDER BY i.id DESC LIMIT 1\n                                                \n" rows_affected=0 rows_returned=0 elapsed=1.2004ms elapsed_secs=0.0012004
2026-08-29T17:35:29.880628Z DEBUG MapleEMR::dao::intervention_dao: No Interventions found for encounter_id: 12 [count=0]
2026-08-29T17:35:29.882074Z DEBUG sqlx::query: summary="select e.id \"encounter_id\", admit_timestamp, …" db.statement="\n\n\n                                    select e.id \"encounter_id\", admit_timestamp,\n                                        discharge_timestamp as \"discharge_timestamp?\",\n                                        COALESCE(admit_notes, '') as \"admit_notes\",\n                                        COALESCE(discharge_notes, '') as \"discharge_notes\",\n                                        s.name \"encounter_site_name\",\n                                        l.short_name \"room_identifier\",\n                                        'Y' as \"current_encounter\"\n                                    from encounter e\n                                    join location l on e.location_id = l.id\n                                    join site s on s.id = l.site_id\n                                    where patient_id = 27\n                                      and discharge_timestamp is null\n                                      limit 1\n                                    \n" rows_affected=1 rows_returned=1 elapsed=1.0213ms elapsed_secs=0.0010213
2026-08-29T17:35:29.883585Z DEBUG sqlx::query: summary="SELECT i.id intervention_id, encounter_id, …" db.statement="\n\n\n                                SELECT i.id intervention_id, encounter_id, i.description, i.notes, location_id, users_id,\n                                    intervention_type_id, status_id,\n                                    l.room_identifier,\n                                    ref1.name \"intervention_type\", \n                                    ref2.name \"status\", i.scheduled_timestamp, i.performed_timestamp\n                                FROM intervention i\n                                join location l on  l.id = i.location_id\n                                join common_reference_type ref1 on i.intervention_type_id = ref1.id\n                                join common_reference_type ref2 on i.status_id = ref2.id \n                                where i.encounter_id = 13\n                                  AND i.intervention_type_id = 38\n                                ORDER BY i.id DESC LIMIT 1\n                                                \n" rows_affected=0 rows_returned=0 elapsed=1.1263ms elapsed_secs=0.0011263
2026-08-29T17:35:29.883663Z DEBUG MapleEMR::dao::intervention_dao: No Interventions found for encounter_id: 13 [count=0]
2026-08-29T17:35:31.616681Z DEBUG MapleEMR::route::patient_route: -> /patientdtls Route Requested
2026-08-29T17:35:31.617521Z DEBUG sqlx::query: summary="select e.id \"encounter_id\", admit_timestamp, …" db.statement="\n\n\n                                    select e.id \"encounter_id\", admit_timestamp,\n                                        discharge_timestamp as \"discharge_timestamp?\",\n                                        COALESCE(admit_notes, '') as \"admit_notes\",\n                                        COALESCE(discharge_notes, '') as \"discharge_notes\",\n                                        s.name \"encounter_site_name\",\n                                        l.short_name \"room_identifier\",\n                                        'Y' as \"current_encounter\"\n                                    from encounter e\n                                    join location l on e.location_id = l.id\n                                    join site s on s.id = l.site_id\n                                    where patient_id = 26\n                                      and discharge_timestamp is null\n                                      limit 1\n                                    \n" rows_affected=1 rows_returned=1 elapsed=420.1µs elapsed_secs=0.0004201
2026-08-29T17:35:31.618226Z DEBUG sqlx::query: summary="SELECT i.id intervention_id, encounter_id, …" db.statement="\n\n\n                                SELECT i.id intervention_id, encounter_id, i.description, i.notes, location_id, users_id,\n                                    intervention_type_id, status_id,\n                                    l.room_identifier,\n                                    ref1.name \"intervention_type\", \n                                    ref2.name \"status\", i.scheduled_timestamp, i.performed_timestamp\n                                FROM intervention i\n                                join location l on  l.id = i.location_id\n                                join common_reference_type ref1 on i.intervention_type_id = ref1.id\n                                join common_reference_type ref2 on i.status_id = ref2.id \n                                where i.encounter_id = 12\n                                  AND i.intervention_type_id = 38\n                                ORDER BY i.id DESC LIMIT 1\n                                                \n" rows_affected=0 rows_returned=0 elapsed=344.7µs elapsed_secs=0.0003447
2026-08-29T17:35:31.618291Z DEBUG MapleEMR::dao::intervention_dao: No Interventions found for encounter_id: 12 [count=0]
2026-08-29T17:35:31.620009Z DEBUG sqlx::query: summary="select e.id \"encounter_id\", admit_timestamp, …" db.statement="\n\n\n                                    select e.id \"encounter_id\", admit_timestamp,\n                                        discharge_timestamp as \"discharge_timestamp?\",\n                                        COALESCE(admit_notes, '') as \"admit_notes\",\n                                        COALESCE(discharge_notes, '') as \"discharge_notes\",\n                                        s.name \"encounter_site_name\",\n                                        l.short_name \"room_identifier\",\n                                        CASE WHEN discharge_timestamp is null then 'Y' else 'N' end as \"current_encounter\"\n                                    from encounter e\n                                    join location l on e.location_id = l.id\n                                    join site s on s.id = l.site_id\n                                    where patient_id = 26\n                                    order by admit_timestamp desc\n                                    \n" rows_affected=1 rows_returned=1 elapsed=1.3571ms elapsed_secs=0.0013571
2026-08-29T17:35:31.620119Z DEBUG MapleEMR::ui::simple_fmt: >get_encounter_list_tile()
2026-08-29T17:35:31.624331Z DEBUG sqlx::query: summary="SELECT i.id intervention_id, encounter_id, …" db.statement="\n\n\n                                SELECT i.id intervention_id, encounter_id, i.description, i.notes, location_id, users_id,\n                                     intervention_type_id, status_id,\n                                    l.room_identifier,\n                                    ref1.name \"intervention_type\", \n                                    ref2.name \"status\", i.scheduled_timestamp, i.performed_timestamp\n                                FROM intervention i\n                                join location l on  l.id = i.location_id\n                                join common_reference_type ref1 on i.intervention_type_id = ref1.id\n                                join common_reference_type ref2 on i.status_id = ref2.id \n                                where i.encounter_id = 12\n                                ORDER BY i.id DESC\n                                               \n" rows_affected=1 rows_returned=1 elapsed=3.7799ms elapsed_secs=0.0037799
2026-08-29T17:35:31.624674Z DEBUG MapleEMR::ui::simple_fmt: >get_intervention_list_tile()
2026-08-29T17:35:31.624917Z DEBUG MapleEMR::dao::patient_dao: get_patient_details Query: SELECT p.id "patient_id", e.id "encounter_id", e.location_id "location_id", legal_first_name, legal_last_name, COALESCE(legal_middle_names, '') as "legal_middle_names",
                                                COALESCE(admit_notes, '') as "admit_notes", COALESCE(discharge_notes, '') as "discharge_notes",
                                                birthdate, admit_timestamp,
                                                discharge_timestamp as "discharge_timestamp?",
                                                sin, phn, l2.short_name "location_short_name"
                                            FROM patient p
                                            join encounter e on p.id = e.patient_id
											join location l2 on l2.id = e.location_id
                                            where patient_id = 26
2026-08-29T17:35:31.629314Z DEBUG sqlx::query: summary="SELECT p.id \"patient_id\", e.id …" db.statement="\n\nSELECT p.id \"patient_id\", e.id \"encounter_id\", e.location_id \"location_id\", legal_first_name, legal_last_name, COALESCE(legal_middle_names, '') as \"legal_middle_names\",\n                                                COALESCE(admit_notes, '') as \"admit_notes\", COALESCE(discharge_notes, '') as \"discharge_notes\",\n                                                birthdate, admit_timestamp,\n                                                discharge_timestamp as \"discharge_timestamp?\",\n                                                sin, phn, l2.short_name \"location_short_name\"\n                                            FROM patient p\n                                            join encounter e on p.id = e.patient_id\n\t\t\t\t\t\t\t\t\t\t\tjoin location l2 on l2.id = e.location_id\n                                            where patient_id = 26\n" rows_affected=1 rows_returned=1 elapsed=3.6464ms elapsed_secs=0.0036464
2026-08-29T17:35:31.629468Z DEBUG MapleEMR::dao::patient_dao: >get_patients_at_users_site_no_discharge() Query: SELECT p.id, e.id, e.location_id, legal_first_name, legal_last_name, COALESCE(legal_middle_names, '') as "legal_middle_names",
                                        COALESCE(admit_notes, '') as "admit_notes", COALESCE(discharge_notes, '') as "discharge_notes",
                                        birthdate, admit_timestamp,
                                        discharge_timestamp as "discharge_timestamp?",
                                        phn, l2.short_name "location_short_name"
                                    FROM patient p
                                    join encounter e on p.id = e.patient_id
									join location l2 on l2.id = e.location_id
                                    where discharge_timestamp is null
                                      and location_id in (
                                        select l.id
                                        from location l
                                        where site_id in (
                                        select site_id
                                        from user_permission up
                                        where users_id = 2
                                            and up.site_id = l.site_id)  )
2026-08-29T17:35:31.630466Z DEBUG sqlx::query: summary="SELECT p.id, e.id, e.location_id, …" db.statement="\n\nSELECT p.id, e.id, e.location_id, legal_first_name, legal_last_name, COALESCE(legal_middle_names, '') as \"legal_middle_names\",\n                                        COALESCE(admit_notes, '') as \"admit_notes\", COALESCE(discharge_notes, '') as \"discharge_notes\",\n                                        birthdate, admit_timestamp,\n                                        discharge_timestamp as \"discharge_timestamp?\",\n                                        phn, l2.short_name \"location_short_name\"\n                                    FROM patient p\n                                    join encounter e on p.id = e.patient_id\n\t\t\t\t\t\t\t\t\tjoin location l2 on l2.id = e.location_id\n                                    where discharge_timestamp is null\n                                      and location_id in (\n                                        select l.id\n                                        from location l\n                                        where site_id in (\n                                        select site_id\n                                        from user_permission up\n                                        where users_id = 2\n                                            and up.site_id = l.site_id)  )\n" rows_affected=7 rows_returned=7 elapsed=680.2µs elapsed_secs=0.0006802
2026-08-29T17:35:31.630567Z DEBUG MapleEMR::dao::common_dao: get_common_references()
2026-08-29T17:35:31.633157Z DEBUG sqlx::query: summary="select id, name, description …" db.statement="\n\nselect id, name, description from common_reference_type where group_id = 1 ORDER BY NAME\n" rows_affected=19 rows_returned=19 elapsed=2.3115ms elapsed_secs=0.0023115
2026-08-29T17:35:31.633243Z DEBUG MapleEMR::ui::tile_factory: >get_patient_details_full_tile()
2026-08-29T17:35:31.633332Z DEBUG MapleEMR::ui::common: > get_dropdown_generic(intervention_type_id)
2026-08-29T17:35:32.909741Z DEBUG MapleEMR::route::intervention_route: -> Route Requested: /intvlink  route_to_modify_intervention_basic()
2026-08-29T17:35:32.909796Z DEBUG MapleEMR::route::intervention_route: -> Route Requested: /intv  (add/modify)
2026-08-29T17:35:32.909860Z DEBUG MapleEMR::route::intervention_route:    Intervention exists: view existing Intervention
2026-08-29T17:35:32.911613Z DEBUG sqlx::query: summary="SELECT i.id intervention_id, encounter_id, …" db.statement="\n\nSELECT i.id intervention_id,\n                                                encounter_id,\n                                                i.description,\n                                                i.notes,\n                                                i.location_id,\n                                                users_id,\n                                                intervention_type_id,\n                                                status_id,\n                                                l.room_identifier,\n                                                ref1.name \"intervention_type\", \n                                                ref2.name \"status\",\n                                                i.scheduled_timestamp,\n                                                i.performed_timestamp,\n                                                e.patient_id\n                                            FROM intervention i\n                                            join encounter e ON e.id = i.encounter_id\n                                            join location l on  l.id = i.location_id\n                                            join common_reference_type ref1 on i.intervention_type_id = ref1.id\n                                            join common_reference_type ref2 on i.status_id = ref2.id \n                                            where i.id = 15\n                                              \n" rows_affected=1 rows_returned=1 elapsed=1.3864ms elapsed_secs=0.0013864
2026-08-29T17:35:32.915597Z DEBUG sqlx::query: summary="SELECT i.id \"intervention_details_id\", value, …" db.statement="\n\n\n                                                    SELECT i.id \"intervention_details_id\", value, notes, entry_timestamp, ref1.name \"intervention_type\", intervention_id, type_id\n                                                        FROM intervention_details i\n                                                        JOIN common_reference_type ref1 on i.type_id = ref1.id \n                                                        WHERE i.intervention_id = 15\n                                                \n" rows_affected=0 rows_returned=0 elapsed=3.0692ms elapsed_secs=0.0030692
2026-08-29T17:35:32.915708Z DEBUG MapleEMR::dao::intervention_dao: No intervention details found for intervention_id: 15 [0]
2026-08-29T17:35:32.915728Z DEBUG MapleEMR::dao::intervention_dao: get_interventions_details() Query: 
                                                    SELECT i.id "intervention_details_id", value, notes, entry_timestamp, ref1.name "intervention_type", intervention_id, type_id
                                                        FROM intervention_details i
                                                        JOIN common_reference_type ref1 on i.type_id = ref1.id 
                                                        WHERE i.intervention_id = 15
                                                
2026-08-29T17:35:32.915775Z DEBUG MapleEMR::dao::patient_dao: >get_patients_at_users_site_no_discharge() Query: SELECT p.id, e.id, e.location_id, legal_first_name, legal_last_name, COALESCE(legal_middle_names, '') as "legal_middle_names",
                                        COALESCE(admit_notes, '') as "admit_notes", COALESCE(discharge_notes, '') as "discharge_notes",
                                        birthdate, admit_timestamp,
                                        discharge_timestamp as "discharge_timestamp?",
                                        phn, l2.short_name "location_short_name"
                                    FROM patient p
                                    join encounter e on p.id = e.patient_id
									join location l2 on l2.id = e.location_id
                                    where discharge_timestamp is null
                                      and location_id in (
                                        select l.id
                                        from location l
                                        where site_id in (
                                        select site_id
                                        from user_permission up
                                        where users_id = 2
                                            and up.site_id = l.site_id)  )
2026-08-29T17:35:32.917363Z DEBUG sqlx::query: summary="SELECT p.id, e.id, e.location_id, …" db.statement="\n\nSELECT p.id, e.id, e.location_id, legal_first_name, legal_last_name, COALESCE(legal_middle_names, '') as \"legal_middle_names\",\n                                        COALESCE(admit_notes, '') as \"admit_notes\", COALESCE(discharge_notes, '') as \"discharge_notes\",\n                                        birthdate, admit_timestamp,\n                                        discharge_timestamp as \"discharge_timestamp?\",\n                                        phn, l2.short_name \"location_short_name\"\n                                    FROM patient p\n                                    join encounter e on p.id = e.patient_id\n\t\t\t\t\t\t\t\t\tjoin location l2 on l2.id = e.location_id\n                                    where discharge_timestamp is null\n                                      and location_id in (\n                                        select l.id\n                                        from location l\n                                        where site_id in (\n                                        select site_id\n                                        from user_permission up\n                                        where users_id = 2\n                                            and up.site_id = l.site_id)  )\n" rows_affected=7 rows_returned=7 elapsed=1.0381ms elapsed_secs=0.0010381
2026-08-29T17:35:32.917605Z DEBUG MapleEMR::dao::auth_dao: get_user_and_departments_at_current_user_sites()
2026-08-29T17:35:32.928418Z DEBUG sqlx::query: summary="select distinct u.id user_id, …" db.statement="\n\n\n                                                select distinct u.id user_id,\n                                                    d.name || ' ('|| u.name||')' \"name\",\n                                                    u.name \"user_name\"\n                                                from user_permission up\n                                                join users u on up.users_id = u.id\n                                                join department d on up.department_id = d.id\n                                                where up.active_flag = 'Y'\n                                                and site_id is not null\n\t\t\t\t\t\t\t\t\t\t\t\torder by  d.name || ' ('|| u.name||')'\n                                                \n" rows_affected=10 rows_returned=10 elapsed=10.376ms elapsed_secs=0.010376
2026-08-29T17:35:32.928556Z DEBUG MapleEMR::dao::common_dao: get_common_reference()
2026-08-29T17:35:32.929889Z DEBUG sqlx::query: summary="SELECT id, name, description …" db.statement="\n\nSELECT id, name, description FROM common_reference_type WHERE ID = 9 LIMIT 1\n" rows_affected=1 rows_returned=1 elapsed=967.7µs elapsed_secs=0.0009677
2026-08-29T17:35:32.929999Z DEBUG MapleEMR::dao::common_dao: get_common_references()
2026-08-29T17:35:32.931409Z DEBUG sqlx::query: summary="select id, name, description …" db.statement="\n\nselect id, name, description from common_reference_type where group_id = 5 ORDER BY NAME\n" rows_affected=3 rows_returned=3 elapsed=768.1µs elapsed_secs=0.0007681
2026-08-29T17:35:32.931504Z DEBUG MapleEMR::dao::common_dao: get_common_references()
2026-08-29T17:35:32.932884Z DEBUG sqlx::query: summary="select id, name, description …" db.statement="\n\nselect id, name, description from common_reference_type where group_id = 2 ORDER BY NAME\n" rows_affected=6 rows_returned=6 elapsed=998.4µs elapsed_secs=0.0009984
2026-08-29T17:35:32.932977Z DEBUG MapleEMR::dao::common_dao: get_locations_for_user()
2026-08-29T17:35:32.934214Z DEBUG sqlx::query: summary="select id, name || …" db.statement="\n\n\n                                        select id, name || ' (' || short_name|| ')' from location\n                                        where active_flag = 'Y'\n                                        and site_id in (\n                                            select site_id\n                                            from user_permission\n                                            where users_id = 2\n                                                and active_flag = 'Y' )\n" rows_affected=34 rows_returned=34 elapsed=940.4µs elapsed_secs=0.0009404
2026-08-29T17:35:32.934296Z DEBUG MapleEMR::ui::common: > get_location_dropdown()
2026-08-29T17:35:32.934349Z DEBUG MapleEMR::ui::tile_factory: >get_modify_intervention_full_page_tile()
2026-08-29T17:35:32.934387Z DEBUG MapleEMR::ui::tile_factory:   Update existing Intervention
2026-08-29T17:35:32.934400Z DEBUG MapleEMR::ui::common: > get_dropdown_generic(users_id)
2026-08-29T17:35:32.934423Z DEBUG MapleEMR::ui::common: > get_dropdown_generic(status_id)
2026-08-29T17:35:32.934456Z DEBUG MapleEMR::ui::intervention_fmt: >get_view_only_intervention_details_list()
2026-08-29T17:36:15.692329Z  INFO actix_server::server: SIGINT received; starting forced shutdown
2026-08-29T17:36:15.692697Z DEBUG actix_server::accept: paused accepting connections on 127.0.0.1:8000
2026-08-29T17:36:15.692876Z  INFO actix_server::accept: accept thread stopped
2026-08-29T17:36:15.693369Z  INFO actix_server::worker: shutting down idle worker
2026-08-29T17:36:15.693459Z  INFO actix_server::worker: shutting down idle worker
2026-08-29T17:36:15.693678Z  INFO actix_server::worker: shutting down idle worker
2026-08-29T17:36:15.693352Z  INFO actix_server::worker: shutting down idle worker
