2026-08-28T23:08:25.498739Z  INFO MapleEMR: MapleEMR is running!
2026-08-28T23:08:25.501245Z  INFO MapleEMR: CARGO_MANIFEST_DIR = C:\uol\csm500-final-project\src\app
2026-08-28T23:08:25.502113Z  INFO MapleEMR: Configuration loaded: C:\uol\csm500-final-project\src\app\config\maple-config.toml
2026-08-28T23:08:25.621675Z  INFO MapleEMR: Database connection established to: postgres://postgres:csm500@localhost:5432/csm500
2026-08-28T23:08:25.669909Z  INFO ort::logging: Discovered OrtHardwareDevice {vendor_id:0x8086, device_id:0x1912, vendor:Intel Corporation, type:1, metadata: [Description=Intel(R) HD Graphics 530, Discrete=0, DxgiAdapterNumber=0, DxgiHighPerformanceIndex=0, DxgiVideoMemory=128 MB, LUID=49304, ]}
2026-08-28T23:08:25.673981Z  INFO ort::logging: Discovered OrtHardwareDevice {vendor_id:0x8086, device_id:0x0, vendor:Intel, type:0, metadata: [Description=Intel(R) Core(TM) i5-6600 CPU @ 3.30GHz, ]}
2026-08-28T23:08:25.676962Z  INFO ort::logging: Session Options {  execution_mode:0 execution_order:DEFAULT enable_profiling:0 optimized_model_filepath: enable_mem_pattern:1 enable_mem_reuse:1 enable_cpu_mem_arena:1 profile_file_prefix:onnxruntime_profile_ session_logid: session_log_severity_level:-1 session_log_verbosity_level:0 max_num_graph_transformation_steps:10 graph_optimization_level:1 intra_op_param:OrtThreadPoolParams { thread_pool_size: 1 auto_set_affinity: 0 allow_spinning: 0 dynamic_block_base_: 0 stack_size: 0 affinity_str:  set_denormal_as_zero: 0 } inter_op_param:OrtThreadPoolParams { thread_pool_size: 0 auto_set_affinity: 0 allow_spinning: 0 dynamic_block_base_: 0 stack_size: 0 affinity_str:  set_denormal_as_zero: 0 } use_per_session_threads:1 thread_pool_allow_spinning:1 use_deterministic_compute:0 ep_selection_policy:5 config_options: {  } }
2026-08-28T23:08:25.677143Z  INFO ort::logging: Flush-to-zero and denormal-as-zero are off
2026-08-28T23:08:25.677196Z  INFO ort::logging: Creating and using per session threadpools since use_per_session_threads_ is true
2026-08-28T23:08:25.677367Z  INFO ort::logging: Dynamic block base set to 0
2026-08-28T23:08:25.751926Z  INFO ort::logging: Initializing session.
2026-08-28T23:08:25.752072Z  INFO ort::logging: Creating BFCArena for Cpu with following configs: initial_chunk_size_bytes: 1048576 max_dead_bytes_per_chunk: 134217728 initial_growth_chunk_size_bytes: 2097152 max_power_of_two_extend_bytes: 1073741824 memory limit: 18446744073709551615 arena_extend_strategy: 0
2026-08-28T23:08:25.756419Z  INFO ort::logging: This model does not have any local functions defined. AOT Inlining is not performed
2026-08-28T23:08:25.781251Z  INFO ort::logging: GraphTransformer EnsureUniqueDQForNodeUnit modified: 0 with status: OK
2026-08-28T23:08:25.782909Z  INFO ort::logging: GraphTransformer Level1_RuleBasedTransformer modified: 0 with status: OK
2026-08-28T23:08:25.783203Z  INFO ort::logging: GraphTransformer DoubleQDQPairsRemover modified: 0 with status: OK
2026-08-28T23:08:25.784932Z  INFO ort::logging: Total shared scalar initializer count: 199
2026-08-28T23:08:25.784998Z  INFO ort::logging: GraphTransformer ConstantSharing modified: 1 with status: OK
2026-08-28T23:08:25.790381Z  INFO ort::logging: GraphTransformer CommonSubexpressionElimination modified: 1 with status: OK
2026-08-28T23:08:25.797646Z  INFO ort::logging: GraphTransformer ConstantFolding modified: 1 with status: OK
2026-08-28T23:08:25.802742Z  INFO ort::logging: Removing initializer '/1/Constant_8_output_0'. It is no longer used by any node.
2026-08-28T23:08:25.802804Z  INFO ort::logging: Removing initializer '/0/auto_model/Shape_2_output_0'. It is no longer used by any node.
2026-08-28T23:08:25.802822Z  INFO ort::logging: Removing initializer '/1/Shape_3_output_0'. It is no longer used by any node.
2026-08-28T23:08:25.803087Z  INFO ort::logging: GraphTransformer MatMulAddFusion modified: 0 with status: OK
2026-08-28T23:08:25.803287Z  INFO ort::logging: Fused reshape node: /0/auto_model/encoder/layer.0/attention/self/Reshape_output_0
2026-08-28T23:08:25.803329Z  INFO ort::logging: Fused reshape node: /0/auto_model/encoder/layer.0/attention/self/Reshape_2_output_0
2026-08-28T23:08:25.803430Z  INFO ort::logging: Fused reshape node: /0/auto_model/encoder/layer.0/attention/self/Reshape_1_output_0
2026-08-28T23:08:25.803477Z  INFO ort::logging: Fused reshape node: /0/auto_model/encoder/layer.0/attention/self/Reshape_3_output_0
2026-08-28T23:08:25.803515Z  INFO ort::logging: Fused reshape node: /0/auto_model/encoder/layer.1/attention/self/Reshape_output_0
2026-08-28T23:08:25.803552Z  INFO ort::logging: Fused reshape node: /0/auto_model/encoder/layer.1/attention/self/Reshape_2_output_0
2026-08-28T23:08:25.803588Z  INFO ort::logging: Fused reshape node: /0/auto_model/encoder/layer.1/attention/self/Reshape_1_output_0
2026-08-28T23:08:25.803631Z  INFO ort::logging: Fused reshape node: /0/auto_model/encoder/layer.1/attention/self/Reshape_3_output_0
2026-08-28T23:08:25.803711Z  INFO ort::logging: Fused reshape node: /0/auto_model/encoder/layer.2/attention/self/Reshape_output_0
2026-08-28T23:08:25.803761Z  INFO ort::logging: Fused reshape node: /0/auto_model/encoder/layer.2/attention/self/Reshape_2_output_0
2026-08-28T23:08:25.803796Z  INFO ort::logging: Fused reshape node: /0/auto_model/encoder/layer.2/attention/self/Reshape_1_output_0
2026-08-28T23:08:25.803836Z  INFO ort::logging: Fused reshape node: /0/auto_model/encoder/layer.2/attention/self/Reshape_3_output_0
2026-08-28T23:08:25.803873Z  INFO ort::logging: Fused reshape node: /0/auto_model/encoder/layer.3/attention/self/Reshape_output_0
2026-08-28T23:08:25.803910Z  INFO ort::logging: Fused reshape node: /0/auto_model/encoder/layer.3/attention/self/Reshape_2_output_0
2026-08-28T23:08:25.803946Z  INFO ort::logging: Fused reshape node: /0/auto_model/encoder/layer.3/attention/self/Reshape_1_output_0
2026-08-28T23:08:25.803986Z  INFO ort::logging: Fused reshape node: /0/auto_model/encoder/layer.3/attention/self/Reshape_3_output_0
2026-08-28T23:08:25.804023Z  INFO ort::logging: Fused reshape node: /0/auto_model/encoder/layer.4/attention/self/Reshape_output_0
2026-08-28T23:08:25.804060Z  INFO ort::logging: Fused reshape node: /0/auto_model/encoder/layer.4/attention/self/Reshape_2_output_0
2026-08-28T23:08:25.804095Z  INFO ort::logging: Fused reshape node: /0/auto_model/encoder/layer.4/attention/self/Reshape_1_output_0
2026-08-28T23:08:25.804134Z  INFO ort::logging: Fused reshape node: /0/auto_model/encoder/layer.4/attention/self/Reshape_3_output_0
2026-08-28T23:08:25.804174Z  INFO ort::logging: Fused reshape node: /0/auto_model/encoder/layer.5/attention/self/Reshape_output_0
2026-08-28T23:08:25.804214Z  INFO ort::logging: Fused reshape node: /0/auto_model/encoder/layer.5/attention/self/Reshape_2_output_0
2026-08-28T23:08:25.804249Z  INFO ort::logging: Fused reshape node: /0/auto_model/encoder/layer.5/attention/self/Reshape_1_output_0
2026-08-28T23:08:25.804289Z  INFO ort::logging: Fused reshape node: /0/auto_model/encoder/layer.5/attention/self/Reshape_3_output_0
2026-08-28T23:08:25.804307Z  INFO ort::logging: Total fused reshape node count: 24
2026-08-28T23:08:25.804323Z  INFO ort::logging: GraphTransformer ReshapeFusion modified: 1 with status: OK
2026-08-28T23:08:25.807294Z  INFO ort::logging: Removing initializer '/0/auto_model/encoder/layer.4/attention/self/Constant_11_output_0'. It is no longer used by any node.
2026-08-28T23:08:25.807319Z  INFO ort::logging: Removing initializer '/0/auto_model/encoder/layer.4/attention/self/Constant_6_output_0'. It is no longer used by any node.
2026-08-28T23:08:25.807343Z  INFO ort::logging: Removing initializer '/0/auto_model/encoder/layer.0/attention/self/Constant_15_output_0'. It is no longer used by any node.
2026-08-28T23:08:25.807423Z  INFO ort::logging: GraphTransformer FreeDimensionOverrideTransformer modified: 0 with status: OK
2026-08-28T23:08:25.807456Z  INFO ort::logging: GraphTransformer GeluFusionL1 modified: 0 with status: OK
2026-08-28T23:08:25.807481Z  INFO ort::logging: GraphTransformer LayerNormFusionL1 modified: 0 with status: OK
2026-08-28T23:08:25.807592Z  INFO ort::logging: GraphTransformer QDQPropagationTransformer modified: 0 with status: OK
2026-08-28T23:08:25.807763Z  INFO ort::logging: GraphTransformer WeightBiasQuantization modified: 0 with status: OK
2026-08-28T23:08:25.807856Z  INFO ort::logging: GraphTransformer EnsureUniqueDQForNodeUnit modified: 0 with status: OK
2026-08-28T23:08:25.807945Z  INFO ort::logging: GraphTransformer WhereDummyDq modified: 0 with status: OK
2026-08-28T23:08:25.808466Z  INFO ort::logging: GraphTransformer TransposeOptimizer modified: 0 with status: OK
2026-08-28T23:08:25.808691Z  INFO ort::logging: GraphTransformer Level1_RuleBasedTransformer modified: 0 with status: OK
2026-08-28T23:08:25.808776Z  INFO ort::logging: GraphTransformer DoubleQDQPairsRemover modified: 0 with status: OK
2026-08-28T23:08:25.809113Z  INFO ort::logging: GraphTransformer CommonSubexpressionElimination modified: 0 with status: OK
2026-08-28T23:08:25.809257Z  INFO ort::logging: GraphTransformer ConstantFolding modified: 0 with status: OK
2026-08-28T23:08:25.809362Z  INFO ort::logging: GraphTransformer MatMulAddFusion modified: 0 with status: OK
2026-08-28T23:08:25.809449Z  INFO ort::logging: GraphTransformer ReshapeFusion modified: 0 with status: OK
2026-08-28T23:08:25.809467Z  INFO ort::logging: GraphTransformer FreeDimensionOverrideTransformer modified: 0 with status: OK
2026-08-28T23:08:25.809483Z  INFO ort::logging: GraphTransformer GeluFusionL1 modified: 0 with status: OK
2026-08-28T23:08:25.809497Z  INFO ort::logging: GraphTransformer LayerNormFusionL1 modified: 0 with status: OK
2026-08-28T23:08:25.809584Z  INFO ort::logging: GraphTransformer QDQPropagationTransformer modified: 0 with status: OK
2026-08-28T23:08:25.809694Z  INFO ort::logging: GraphTransformer WeightBiasQuantization modified: 0 with status: OK
2026-08-28T23:08:25.809809Z  INFO ort::logging: GraphTransformer EnsureUniqueDQForNodeUnit modified: 0 with status: OK
2026-08-28T23:08:25.809903Z  INFO ort::logging: GraphTransformer WhereDummyDq modified: 0 with status: OK
2026-08-28T23:08:25.817103Z  INFO ort::logging: Running graph optimizations in loop 1 time/s (Graph Optimizations Loop Level : 1)
2026-08-28T23:08:25.817744Z  INFO ort::logging: GraphTransformer RemoveDuplicateCastTransformer modified: 0 with status: OK
2026-08-28T23:08:25.817778Z  INFO ort::logging: GraphTransformer CastFloat16Transformer modified: 0 with status: OK
2026-08-28T23:08:25.817817Z  INFO ort::logging: GraphTransformer MemcpyTransformer modified: 0 with status: OK
2026-08-28T23:08:25.823551Z  INFO ort::logging: Use DeviceBasedPartition as default
2026-08-28T23:08:25.867049Z  INFO ort::logging: Saving initialized tensors.
2026-08-28T23:08:25.867174Z  INFO ort::logging: Reserving memory in BFCArena for Cpu size: 32
2026-08-28T23:08:25.867219Z  INFO ort::logging: Reserving memory in BFCArena for Cpu size: 32
2026-08-28T23:08:25.867242Z  INFO ort::logging: Reserving memory in BFCArena for Cpu size: 4
2026-08-28T23:08:25.867265Z  INFO ort::logging: Reserving memory in BFCArena for Cpu size: 4
2026-08-28T23:08:25.867298Z  INFO ort::logging: Reserving memory in BFCArena for Cpu size: 32
2026-08-28T23:08:25.867324Z  INFO ort::logging: Reserving memory in BFCArena for Cpu size: 4
2026-08-28T23:08:25.867348Z  INFO ort::logging: Reserving memory in BFCArena for Cpu size: 4
2026-08-28T23:08:25.867366Z  INFO ort::logging: Reserving memory in BFCArena for Cpu size: 8
2026-08-28T23:08:25.867395Z  INFO ort::logging: Reserving memory in BFCArena for Cpu size: 24
2026-08-28T23:08:25.867426Z  INFO ort::logging: Reserving memory in BFCArena for Cpu size: 32
2026-08-28T23:08:25.867449Z  INFO ort::logging: Reserving memory in BFCArena for Cpu size: 4
2026-08-28T23:08:25.867484Z  INFO ort::logging: Reserving memory in BFCArena for Cpu size: 32
2026-08-28T23:08:25.867509Z  INFO ort::logging: Reserving memory in BFCArena for Cpu size: 32
2026-08-28T23:08:25.867531Z  INFO ort::logging: Reserving memory in BFCArena for Cpu size: 24
2026-08-28T23:08:25.867549Z  INFO ort::logging: Reserving memory in BFCArena for Cpu size: 24
2026-08-28T23:08:25.867578Z  INFO ort::logging: Reserving memory in BFCArena for Cpu size: 32
2026-08-28T23:08:25.867603Z  INFO ort::logging: Reserving memory in BFCArena for Cpu size: 32
2026-08-28T23:08:25.867628Z  INFO ort::logging: Reserving memory in BFCArena for Cpu size: 32
2026-08-28T23:08:25.867647Z  INFO ort::logging: Reserving memory in BFCArena for Cpu size: 8
2026-08-28T23:08:25.867675Z  INFO ort::logging: Reserving memory in BFCArena for Cpu size: 8
2026-08-28T23:08:25.867693Z  INFO ort::logging: Reserving memory in BFCArena for Cpu size: 8
2026-08-28T23:08:25.867714Z  INFO ort::logging: Reserving memory in BFCArena for Cpu size: 32
2026-08-28T23:08:25.867733Z  INFO ort::logging: Reserving memory in BFCArena for Cpu size: 24
2026-08-28T23:08:25.867765Z  INFO ort::logging: Reserving memory in BFCArena for Cpu size: 8
2026-08-28T23:08:25.867785Z  INFO ort::logging: Reserving memory in BFCArena for Cpu size: 32
2026-08-28T23:08:25.867803Z  INFO ort::logging: Reserving memory in BFCArena for Cpu size: 4
2026-08-28T23:08:25.867824Z  INFO ort::logging: Reserving memory in BFCArena for Cpu size: 24
2026-08-28T23:08:25.867850Z  INFO ort::logging: Reserving memory in BFCArena for Cpu size: 4
2026-08-28T23:08:25.867869Z  INFO ort::logging: Reserving memory in BFCArena for Cpu size: 24
2026-08-28T23:08:25.867891Z  INFO ort::logging: Reserving memory in BFCArena for Cpu size: 8
2026-08-28T23:08:25.867908Z  INFO ort::logging: Reserving memory in BFCArena for Cpu size: 32
2026-08-28T23:08:25.867927Z  INFO ort::logging: Reserving memory in BFCArena for Cpu size: 16
2026-08-28T23:08:25.867946Z  INFO ort::logging: Reserving memory in BFCArena for Cpu size: 32
2026-08-28T23:08:25.867970Z  INFO ort::logging: Reserving memory in BFCArena for Cpu size: 32
2026-08-28T23:08:25.867991Z  INFO ort::logging: Reserving memory in BFCArena for Cpu size: 8
2026-08-28T23:08:25.868009Z  INFO ort::logging: Reserving memory in BFCArena for Cpu size: 4
2026-08-28T23:08:25.868027Z  INFO ort::logging: Reserving memory in BFCArena for Cpu size: 16
2026-08-28T23:08:25.868053Z  INFO ort::logging: Reserving memory in BFCArena for Cpu size: 24
2026-08-28T23:08:25.868073Z  INFO ort::logging: Reserving memory in BFCArena for Cpu size: 24
2026-08-28T23:08:25.868093Z  INFO ort::logging: Reserving memory in BFCArena for Cpu size: 32
2026-08-28T23:08:25.868112Z  INFO ort::logging: Reserving memory in BFCArena for Cpu size: 32
2026-08-28T23:08:25.868129Z  INFO ort::logging: Reserving memory in BFCArena for Cpu size: 32
2026-08-28T23:08:25.868150Z  INFO ort::logging: Reserving memory in BFCArena for Cpu size: 32
2026-08-28T23:08:25.868167Z  INFO ort::logging: Done saving initialized tensors
2026-08-28T23:08:25.868913Z  INFO ort::logging: Reserving memory in BFCArena for Cpu size: 589824
2026-08-28T23:08:25.869168Z  INFO ort::logging: Reserving memory in BFCArena for Cpu size: 589824
2026-08-28T23:08:25.869377Z  INFO ort::logging: Reserving memory in BFCArena for Cpu size: 589824
2026-08-28T23:08:25.869591Z  INFO ort::logging: Reserving memory in BFCArena for Cpu size: 589824
2026-08-28T23:08:25.869799Z  INFO ort::logging: Reserving memory in BFCArena for Cpu size: 2359296
2026-08-28T23:08:25.871609Z  INFO ort::logging: Reserving memory in BFCArena for Cpu size: 2359296
2026-08-28T23:08:25.873043Z  INFO ort::logging: Reserving memory in BFCArena for Cpu size: 589824
2026-08-28T23:08:25.873283Z  INFO ort::logging: Reserving memory in BFCArena for Cpu size: 589824
2026-08-28T23:08:25.873508Z  INFO ort::logging: Reserving memory in BFCArena for Cpu size: 589824
2026-08-28T23:08:25.873738Z  INFO ort::logging: Reserving memory in BFCArena for Cpu size: 589824
2026-08-28T23:08:25.873955Z  INFO ort::logging: Reserving memory in BFCArena for Cpu size: 2359296
2026-08-28T23:08:25.875772Z  INFO ort::logging: Reserving memory in BFCArena for Cpu size: 2359296
2026-08-28T23:08:25.877265Z  INFO ort::logging: Reserving memory in BFCArena for Cpu size: 589824
2026-08-28T23:08:25.877509Z  INFO ort::logging: Reserving memory in BFCArena for Cpu size: 589824
2026-08-28T23:08:25.877728Z  INFO ort::logging: Reserving memory in BFCArena for Cpu size: 589824
2026-08-28T23:08:25.877968Z  INFO ort::logging: Reserving memory in BFCArena for Cpu size: 589824
2026-08-28T23:08:25.878274Z  INFO ort::logging: Reserving memory in BFCArena for Cpu size: 2359296
2026-08-28T23:08:25.879800Z  INFO ort::logging: Reserving memory in BFCArena for Cpu size: 2359296
2026-08-28T23:08:25.881734Z  INFO ort::logging: Reserving memory in BFCArena for Cpu size: 589824
2026-08-28T23:08:25.882989Z  INFO ort::logging: Reserving memory in BFCArena for Cpu size: 589824
2026-08-28T23:08:25.883318Z  INFO ort::logging: Reserving memory in BFCArena for Cpu size: 589824
2026-08-28T23:08:25.883611Z  INFO ort::logging: Reserving memory in BFCArena for Cpu size: 589824
2026-08-28T23:08:25.883912Z  INFO ort::logging: Reserving memory in BFCArena for Cpu size: 2359296
2026-08-28T23:08:25.885576Z  INFO ort::logging: Reserving memory in BFCArena for Cpu size: 2359296
2026-08-28T23:08:25.887099Z  INFO ort::logging: Reserving memory in BFCArena for Cpu size: 589824
2026-08-28T23:08:25.887353Z  INFO ort::logging: Reserving memory in BFCArena for Cpu size: 589824
2026-08-28T23:08:25.887580Z  INFO ort::logging: Reserving memory in BFCArena for Cpu size: 589824
2026-08-28T23:08:25.887828Z  INFO ort::logging: Reserving memory in BFCArena for Cpu size: 589824
2026-08-28T23:08:25.888080Z  INFO ort::logging: Reserving memory in BFCArena for Cpu size: 2359296
2026-08-28T23:08:25.889659Z  INFO ort::logging: Reserving memory in BFCArena for Cpu size: 2359296
2026-08-28T23:08:25.891212Z  INFO ort::logging: Reserving memory in BFCArena for Cpu size: 589824
2026-08-28T23:08:25.891485Z  INFO ort::logging: Reserving memory in BFCArena for Cpu size: 589824
2026-08-28T23:08:25.891716Z  INFO ort::logging: Reserving memory in BFCArena for Cpu size: 589824
2026-08-28T23:08:25.891958Z  INFO ort::logging: Reserving memory in BFCArena for Cpu size: 589824
2026-08-28T23:08:25.892191Z  INFO ort::logging: Reserving memory in BFCArena for Cpu size: 2359296
2026-08-28T23:08:25.893732Z  INFO ort::logging: Reserving memory in BFCArena for Cpu size: 2359296
2026-08-28T23:08:25.895568Z  INFO ort::logging: Session successfully initialized.
2026-08-28T23:08:25.896285Z  INFO actix_server::builder: starting 4 workers
2026-08-28T23:08:25.896400Z  INFO actix_server::server: Tokio runtime found; starting in existing Tokio runtime
2026-08-28T23:08:25.896436Z  INFO actix_server::server: starting service: "actix-web-service-127.0.0.1:8000", workers: 4, listening on: 127.0.0.1:8000
2026-08-28T23:08:25.897087Z  INFO MapleEMR: >get_application_secret_key()
2026-08-28T23:08:25.897457Z DEBUG MapleEMR::ui::tile_factory: >WebContentFactory:new() : Attempting read of: C:\uol\csm500-final-project\src\app\webc\static\LoginTile.htl
2026-08-28T23:08:25.900300Z  INFO MapleEMR: >get_application_secret_key()
2026-08-28T23:08:25.900370Z DEBUG MapleEMR::ui::tile_factory: >WebContentFactory:new() : Attempting read of: C:\uol\csm500-final-project\src\app\webc\static\LoginTile.htl
2026-08-28T23:08:25.901555Z  INFO MapleEMR: >get_application_secret_key()
2026-08-28T23:08:25.901628Z DEBUG MapleEMR::ui::tile_factory: >WebContentFactory:new() : Attempting read of: C:\uol\csm500-final-project\src\app\webc\static\LoginTile.htl
2026-08-28T23:08:25.902751Z  INFO MapleEMR: >get_application_secret_key()
2026-08-28T23:08:25.902811Z DEBUG MapleEMR::ui::tile_factory: >WebContentFactory:new() : Attempting read of: C:\uol\csm500-final-project\src\app\webc\static\LoginTile.htl
2026-08-28T23:08:39.423152Z DEBUG MapleEMR::route::default_route: -> /default_route Requested
2026-08-28T23:08:39.423225Z DEBUG MapleEMR::route::default_route: Checking session for Validation errors
2026-08-28T23:08:39.423264Z DEBUG MapleEMR::route::default_route: Ok( None ) No active session
2026-08-28T23:08:43.146941Z DEBUG MapleEMR::route::login_route: -> /login Requested
2026-08-28T23:08:43.147024Z DEBUG MapleEMR::dao::auth_dao: Query: SELECT id, name, username, email, created_timestamp, password FROM USERS WHERE USERNAME = 'chath' AND PASSWORD = 'nurse1'
2026-08-28T23:08:43.156057Z DEBUG sqlx::query: summary="SELECT id, name, username, …" db.statement="\n\nSELECT id, name, username, email, created_timestamp, password FROM USERS WHERE USERNAME = 'chath' AND PASSWORD = 'nurse1'\n" rows_affected=1 rows_returned=1 elapsed=8.5539ms elapsed_secs=0.0085539
2026-08-28T23:08:43.156198Z DEBUG MapleEMR::dao::auth_dao: Successful login (results found) for: chath
2026-08-28T23:08:43.156279Z DEBUG MapleEMR::route::login_route: User can login: chath redirect to /home
2026-08-28T23:08:43.156308Z DEBUG MapleEMR::dao::auth_dao: get_user_permissions Query: SELECT department_id, permission_id FROM public.user_permission where active_flag = 'Y' and users_id = 2 group by department_id, permission_id order by permission_id
2026-08-28T23:08:43.276563Z DEBUG sqlx::query: summary="SELECT department_id, permission_id FROM …" db.statement="\n\nSELECT department_id, permission_id FROM public.user_permission where active_flag = 'Y' and users_id = 2 group by department_id, permission_id order by permission_id\n" rows_affected=12 rows_returned=12 elapsed=4.0359ms elapsed_secs=0.0040359
2026-08-28T23:08:43.282413Z DEBUG MapleEMR::route::home_route: -> /home Route Requested
2026-08-28T23:08:43.283290Z DEBUG MapleEMR::dao::patient_dao: >get_patients_at_users_site_no_discharge() Query: SELECT p.id, e.id, e.location_id, legal_first_name, legal_last_name, COALESCE(legal_middle_names, '') as "legal_middle_names",
                                        COALESCE(admit_notes, '') as "admit_notes", COALESCE(discharge_notes, '') as "discharge_notes",
                                        birthdate, admit_timestamp,
                                        discharge_timestamp as "discharge_timestamp?",
                                        phn, l2.short_name "location_short_name"
                                    FROM patient p
                                    join encounter e on p.id = e.patient_id
									join location l2 on l2.id = e.location_id
                                    where discharge_timestamp is null
                                      and location_id in (
                                        select l.id
                                        from location l
                                        where site_id in (
                                        select site_id
                                        from user_permission up
                                        where users_id = 2
                                            and up.site_id = l.site_id)  )
2026-08-28T23:08:43.294940Z DEBUG sqlx::query: summary="SELECT p.id, e.id, e.location_id, …" db.statement="\n\nSELECT p.id, e.id, e.location_id, legal_first_name, legal_last_name, COALESCE(legal_middle_names, '') as \"legal_middle_names\",\n                                        COALESCE(admit_notes, '') as \"admit_notes\", COALESCE(discharge_notes, '') as \"discharge_notes\",\n                                        birthdate, admit_timestamp,\n                                        discharge_timestamp as \"discharge_timestamp?\",\n                                        phn, l2.short_name \"location_short_name\"\n                                    FROM patient p\n                                    join encounter e on p.id = e.patient_id\n\t\t\t\t\t\t\t\t\tjoin location l2 on l2.id = e.location_id\n                                    where discharge_timestamp is null\n                                      and location_id in (\n                                        select l.id\n                                        from location l\n                                        where site_id in (\n                                        select site_id\n                                        from user_permission up\n                                        where users_id = 2\n                                            and up.site_id = l.site_id)  )\n" rows_affected=7 rows_returned=7 elapsed=10.9841ms elapsed_secs=0.0109841
2026-08-28T23:08:43.295070Z DEBUG MapleEMR::route::home_route: Retrieved 7 patients:
2026-08-28T23:08:43.305377Z DEBUG sqlx::query: summary="select e.id \"encounter_id\", admit_timestamp, …" db.statement="\n\n\n                                    select e.id \"encounter_id\", admit_timestamp,\n                                        discharge_timestamp as \"discharge_timestamp?\",\n                                        COALESCE(admit_notes, '') as \"admit_notes\",\n                                        COALESCE(discharge_notes, '') as \"discharge_notes\",\n                                        s.name \"encounter_site_name\",\n                                        l.short_name \"room_identifier\",\n                                        'Y' as \"current_encounter\"\n                                    from encounter e\n                                    join location l on e.location_id = l.id\n                                    join site s on s.id = l.site_id\n                                    where patient_id = 1\n                                      and discharge_timestamp is null\n                                      limit 1\n                                    \n" rows_affected=1 rows_returned=1 elapsed=9.9575ms elapsed_secs=0.0099575
2026-08-28T23:08:43.310307Z DEBUG sqlx::query: summary="SELECT i.id intervention_id, encounter_id, …" db.statement="\n\n\n                                SELECT i.id intervention_id, encounter_id, i.description, i.notes, location_id, users_id,\n                                    intervention_type_id, status_id,\n                                    l.room_identifier,\n                                    ref1.name \"intervention_type\", \n                                    ref2.name \"status\", i.scheduled_timestamp, i.performed_timestamp\n                                FROM intervention i\n                                join location l on  l.id = i.location_id\n                                join common_reference_type ref1 on i.intervention_type_id = ref1.id\n                                join common_reference_type ref2 on i.status_id = ref2.id \n                                where i.encounter_id = 1\n                                  AND i.intervention_type_id = 38\n                                ORDER BY i.id DESC LIMIT 1\n                                                \n" rows_affected=1 rows_returned=1 elapsed=4.5294ms elapsed_secs=0.0045294
2026-08-28T23:08:43.311971Z DEBUG sqlx::query: summary="select e.id \"encounter_id\", admit_timestamp, …" db.statement="\n\n\n                                    select e.id \"encounter_id\", admit_timestamp,\n                                        discharge_timestamp as \"discharge_timestamp?\",\n                                        COALESCE(admit_notes, '') as \"admit_notes\",\n                                        COALESCE(discharge_notes, '') as \"discharge_notes\",\n                                        s.name \"encounter_site_name\",\n                                        l.short_name \"room_identifier\",\n                                        'Y' as \"current_encounter\"\n                                    from encounter e\n                                    join location l on e.location_id = l.id\n                                    join site s on s.id = l.site_id\n                                    where patient_id = 2\n                                      and discharge_timestamp is null\n                                      limit 1\n                                    \n" rows_affected=1 rows_returned=1 elapsed=1.0892ms elapsed_secs=0.0010892
2026-08-28T23:08:43.313886Z DEBUG sqlx::query: summary="SELECT i.id intervention_id, encounter_id, …" db.statement="\n\n\n                                SELECT i.id intervention_id, encounter_id, i.description, i.notes, location_id, users_id,\n                                    intervention_type_id, status_id,\n                                    l.room_identifier,\n                                    ref1.name \"intervention_type\", \n                                    ref2.name \"status\", i.scheduled_timestamp, i.performed_timestamp\n                                FROM intervention i\n                                join location l on  l.id = i.location_id\n                                join common_reference_type ref1 on i.intervention_type_id = ref1.id\n                                join common_reference_type ref2 on i.status_id = ref2.id \n                                where i.encounter_id = 2\n                                  AND i.intervention_type_id = 38\n                                ORDER BY i.id DESC LIMIT 1\n                                                \n" rows_affected=1 rows_returned=1 elapsed=1.4696ms elapsed_secs=0.0014696
2026-08-28T23:08:43.317920Z DEBUG sqlx::query: summary="select e.id \"encounter_id\", admit_timestamp, …" db.statement="\n\n\n                                    select e.id \"encounter_id\", admit_timestamp,\n                                        discharge_timestamp as \"discharge_timestamp?\",\n                                        COALESCE(admit_notes, '') as \"admit_notes\",\n                                        COALESCE(discharge_notes, '') as \"discharge_notes\",\n                                        s.name \"encounter_site_name\",\n                                        l.short_name \"room_identifier\",\n                                        'Y' as \"current_encounter\"\n                                    from encounter e\n                                    join location l on e.location_id = l.id\n                                    join site s on s.id = l.site_id\n                                    where patient_id = 3\n                                      and discharge_timestamp is null\n                                      limit 1\n                                    \n" rows_affected=1 rows_returned=1 elapsed=3.3407ms elapsed_secs=0.0033407
2026-08-28T23:08:43.319924Z DEBUG sqlx::query: summary="SELECT i.id intervention_id, encounter_id, …" db.statement="\n\n\n                                SELECT i.id intervention_id, encounter_id, i.description, i.notes, location_id, users_id,\n                                    intervention_type_id, status_id,\n                                    l.room_identifier,\n                                    ref1.name \"intervention_type\", \n                                    ref2.name \"status\", i.scheduled_timestamp, i.performed_timestamp\n                                FROM intervention i\n                                join location l on  l.id = i.location_id\n                                join common_reference_type ref1 on i.intervention_type_id = ref1.id\n                                join common_reference_type ref2 on i.status_id = ref2.id \n                                where i.encounter_id = 3\n                                  AND i.intervention_type_id = 38\n                                ORDER BY i.id DESC LIMIT 1\n                                                \n" rows_affected=1 rows_returned=1 elapsed=1.3771ms elapsed_secs=0.0013771
2026-08-28T23:08:43.321388Z DEBUG sqlx::query: summary="select e.id \"encounter_id\", admit_timestamp, …" db.statement="\n\n\n                                    select e.id \"encounter_id\", admit_timestamp,\n                                        discharge_timestamp as \"discharge_timestamp?\",\n                                        COALESCE(admit_notes, '') as \"admit_notes\",\n                                        COALESCE(discharge_notes, '') as \"discharge_notes\",\n                                        s.name \"encounter_site_name\",\n                                        l.short_name \"room_identifier\",\n                                        'Y' as \"current_encounter\"\n                                    from encounter e\n                                    join location l on e.location_id = l.id\n                                    join site s on s.id = l.site_id\n                                    where patient_id = 5\n                                      and discharge_timestamp is null\n                                      limit 1\n                                    \n" rows_affected=1 rows_returned=1 elapsed=980.2µs elapsed_secs=0.0009802
2026-08-28T23:08:43.322928Z DEBUG sqlx::query: summary="SELECT i.id intervention_id, encounter_id, …" db.statement="\n\n\n                                SELECT i.id intervention_id, encounter_id, i.description, i.notes, location_id, users_id,\n                                    intervention_type_id, status_id,\n                                    l.room_identifier,\n                                    ref1.name \"intervention_type\", \n                                    ref2.name \"status\", i.scheduled_timestamp, i.performed_timestamp\n                                FROM intervention i\n                                join location l on  l.id = i.location_id\n                                join common_reference_type ref1 on i.intervention_type_id = ref1.id\n                                join common_reference_type ref2 on i.status_id = ref2.id \n                                where i.encounter_id = 10\n                                  AND i.intervention_type_id = 38\n                                ORDER BY i.id DESC LIMIT 1\n                                                \n" rows_affected=0 rows_returned=0 elapsed=1.0847ms elapsed_secs=0.0010847
2026-08-28T23:08:43.323018Z DEBUG MapleEMR::dao::intervention_dao: No Interventions found for encounter_id: 10 [count=0]
2026-08-28T23:08:43.324468Z DEBUG sqlx::query: summary="select e.id \"encounter_id\", admit_timestamp, …" db.statement="\n\n\n                                    select e.id \"encounter_id\", admit_timestamp,\n                                        discharge_timestamp as \"discharge_timestamp?\",\n                                        COALESCE(admit_notes, '') as \"admit_notes\",\n                                        COALESCE(discharge_notes, '') as \"discharge_notes\",\n                                        s.name \"encounter_site_name\",\n                                        l.short_name \"room_identifier\",\n                                        'Y' as \"current_encounter\"\n                                    from encounter e\n                                    join location l on e.location_id = l.id\n                                    join site s on s.id = l.site_id\n                                    where patient_id = 25\n                                      and discharge_timestamp is null\n                                      limit 1\n                                    \n" rows_affected=1 rows_returned=1 elapsed=1.1337ms elapsed_secs=0.0011337
2026-08-28T23:08:43.325911Z DEBUG sqlx::query: summary="SELECT i.id intervention_id, encounter_id, …" db.statement="\n\n\n                                SELECT i.id intervention_id, encounter_id, i.description, i.notes, location_id, users_id,\n                                    intervention_type_id, status_id,\n                                    l.room_identifier,\n                                    ref1.name \"intervention_type\", \n                                    ref2.name \"status\", i.scheduled_timestamp, i.performed_timestamp\n                                FROM intervention i\n                                join location l on  l.id = i.location_id\n                                join common_reference_type ref1 on i.intervention_type_id = ref1.id\n                                join common_reference_type ref2 on i.status_id = ref2.id \n                                where i.encounter_id = 11\n                                  AND i.intervention_type_id = 38\n                                ORDER BY i.id DESC LIMIT 1\n                                                \n" rows_affected=0 rows_returned=0 elapsed=1.0863ms elapsed_secs=0.0010863
2026-08-28T23:08:43.325982Z DEBUG MapleEMR::dao::intervention_dao: No Interventions found for encounter_id: 11 [count=0]
2026-08-28T23:08:43.327396Z DEBUG sqlx::query: summary="select e.id \"encounter_id\", admit_timestamp, …" db.statement="\n\n\n                                    select e.id \"encounter_id\", admit_timestamp,\n                                        discharge_timestamp as \"discharge_timestamp?\",\n                                        COALESCE(admit_notes, '') as \"admit_notes\",\n                                        COALESCE(discharge_notes, '') as \"discharge_notes\",\n                                        s.name \"encounter_site_name\",\n                                        l.short_name \"room_identifier\",\n                                        'Y' as \"current_encounter\"\n                                    from encounter e\n                                    join location l on e.location_id = l.id\n                                    join site s on s.id = l.site_id\n                                    where patient_id = 26\n                                      and discharge_timestamp is null\n                                      limit 1\n                                    \n" rows_affected=1 rows_returned=1 elapsed=1.0304ms elapsed_secs=0.0010304
2026-08-28T23:08:43.328936Z DEBUG sqlx::query: summary="SELECT i.id intervention_id, encounter_id, …" db.statement="\n\n\n                                SELECT i.id intervention_id, encounter_id, i.description, i.notes, location_id, users_id,\n                                    intervention_type_id, status_id,\n                                    l.room_identifier,\n                                    ref1.name \"intervention_type\", \n                                    ref2.name \"status\", i.scheduled_timestamp, i.performed_timestamp\n                                FROM intervention i\n                                join location l on  l.id = i.location_id\n                                join common_reference_type ref1 on i.intervention_type_id = ref1.id\n                                join common_reference_type ref2 on i.status_id = ref2.id \n                                where i.encounter_id = 12\n                                  AND i.intervention_type_id = 38\n                                ORDER BY i.id DESC LIMIT 1\n                                                \n" rows_affected=0 rows_returned=0 elapsed=1.167ms elapsed_secs=0.001167
2026-08-28T23:08:43.329032Z DEBUG MapleEMR::dao::intervention_dao: No Interventions found for encounter_id: 12 [count=0]
2026-08-28T23:08:43.330434Z DEBUG sqlx::query: summary="select e.id \"encounter_id\", admit_timestamp, …" db.statement="\n\n\n                                    select e.id \"encounter_id\", admit_timestamp,\n                                        discharge_timestamp as \"discharge_timestamp?\",\n                                        COALESCE(admit_notes, '') as \"admit_notes\",\n                                        COALESCE(discharge_notes, '') as \"discharge_notes\",\n                                        s.name \"encounter_site_name\",\n                                        l.short_name \"room_identifier\",\n                                        'Y' as \"current_encounter\"\n                                    from encounter e\n                                    join location l on e.location_id = l.id\n                                    join site s on s.id = l.site_id\n                                    where patient_id = 27\n                                      and discharge_timestamp is null\n                                      limit 1\n                                    \n" rows_affected=1 rows_returned=1 elapsed=1.0018ms elapsed_secs=0.0010018
2026-08-28T23:08:43.332618Z DEBUG sqlx::query: summary="SELECT i.id intervention_id, encounter_id, …" db.statement="\n\n\n                                SELECT i.id intervention_id, encounter_id, i.description, i.notes, location_id, users_id,\n                                    intervention_type_id, status_id,\n                                    l.room_identifier,\n                                    ref1.name \"intervention_type\", \n                                    ref2.name \"status\", i.scheduled_timestamp, i.performed_timestamp\n                                FROM intervention i\n                                join location l on  l.id = i.location_id\n                                join common_reference_type ref1 on i.intervention_type_id = ref1.id\n                                join common_reference_type ref2 on i.status_id = ref2.id \n                                where i.encounter_id = 13\n                                  AND i.intervention_type_id = 38\n                                ORDER BY i.id DESC LIMIT 1\n                                                \n" rows_affected=0 rows_returned=0 elapsed=1.6534ms elapsed_secs=0.0016534
2026-08-28T23:08:43.332718Z DEBUG MapleEMR::dao::intervention_dao: No Interventions found for encounter_id: 13 [count=0]
2026-08-28T23:08:45.543856Z DEBUG MapleEMR::route::patient_route: -> /patientdtls Route Requested
2026-08-28T23:08:45.544653Z DEBUG sqlx::query: summary="select e.id \"encounter_id\", admit_timestamp, …" db.statement="\n\n\n                                    select e.id \"encounter_id\", admit_timestamp,\n                                        discharge_timestamp as \"discharge_timestamp?\",\n                                        COALESCE(admit_notes, '') as \"admit_notes\",\n                                        COALESCE(discharge_notes, '') as \"discharge_notes\",\n                                        s.name \"encounter_site_name\",\n                                        l.short_name \"room_identifier\",\n                                        'Y' as \"current_encounter\"\n                                    from encounter e\n                                    join location l on e.location_id = l.id\n                                    join site s on s.id = l.site_id\n                                    where patient_id = 1\n                                      and discharge_timestamp is null\n                                      limit 1\n                                    \n" rows_affected=1 rows_returned=1 elapsed=379.7µs elapsed_secs=0.0003797
2026-08-28T23:08:45.545449Z DEBUG sqlx::query: summary="SELECT i.id intervention_id, encounter_id, …" db.statement="\n\n\n                                SELECT i.id intervention_id, encounter_id, i.description, i.notes, location_id, users_id,\n                                    intervention_type_id, status_id,\n                                    l.room_identifier,\n                                    ref1.name \"intervention_type\", \n                                    ref2.name \"status\", i.scheduled_timestamp, i.performed_timestamp\n                                FROM intervention i\n                                join location l on  l.id = i.location_id\n                                join common_reference_type ref1 on i.intervention_type_id = ref1.id\n                                join common_reference_type ref2 on i.status_id = ref2.id \n                                where i.encounter_id = 1\n                                  AND i.intervention_type_id = 38\n                                ORDER BY i.id DESC LIMIT 1\n                                                \n" rows_affected=1 rows_returned=1 elapsed=409.4µs elapsed_secs=0.0004094
2026-08-28T23:08:45.547532Z DEBUG sqlx::query: summary="select e.id \"encounter_id\", admit_timestamp, …" db.statement="\n\n\n                                    select e.id \"encounter_id\", admit_timestamp,\n                                        discharge_timestamp as \"discharge_timestamp?\",\n                                        COALESCE(admit_notes, '') as \"admit_notes\",\n                                        COALESCE(discharge_notes, '') as \"discharge_notes\",\n                                        s.name \"encounter_site_name\",\n                                        l.short_name \"room_identifier\",\n                                        CASE WHEN discharge_timestamp is null then 'Y' else 'N' end as \"current_encounter\"\n                                    from encounter e\n                                    join location l on e.location_id = l.id\n                                    join site s on s.id = l.site_id\n                                    where patient_id = 1\n                                    order by admit_timestamp desc\n                                    \n" rows_affected=1 rows_returned=1 elapsed=1.4592ms elapsed_secs=0.0014592
2026-08-28T23:08:45.547651Z DEBUG MapleEMR::ui::simple_fmt: >get_encounter_list_tile()
2026-08-28T23:08:45.552562Z DEBUG sqlx::query: summary="SELECT i.id intervention_id, encounter_id, …" db.statement="\n\n\n                                SELECT i.id intervention_id, encounter_id, i.description, i.notes, location_id, users_id,\n                                     intervention_type_id, status_id,\n                                    l.room_identifier,\n                                    ref1.name \"intervention_type\", \n                                    ref2.name \"status\", i.scheduled_timestamp, i.performed_timestamp\n                                FROM intervention i\n                                join location l on  l.id = i.location_id\n                                join common_reference_type ref1 on i.intervention_type_id = ref1.id\n                                join common_reference_type ref2 on i.status_id = ref2.id \n                                where i.encounter_id = 1\n                                ORDER BY i.id DESC\n                                               \n" rows_affected=1 rows_returned=1 elapsed=4.4281ms elapsed_secs=0.0044281
2026-08-28T23:08:45.552692Z DEBUG MapleEMR::ui::simple_fmt: >get_intervention_list_tile()
2026-08-28T23:08:45.552821Z DEBUG MapleEMR::dao::patient_dao: get_patient_details Query: SELECT p.id "patient_id", e.id "encounter_id", e.location_id "location_id", legal_first_name, legal_last_name, COALESCE(legal_middle_names, '') as "legal_middle_names",
                                                COALESCE(admit_notes, '') as "admit_notes", COALESCE(discharge_notes, '') as "discharge_notes",
                                                birthdate, admit_timestamp,
                                                discharge_timestamp as "discharge_timestamp?",
                                                sin, phn, l2.short_name "location_short_name"
                                            FROM patient p
                                            join encounter e on p.id = e.patient_id
											join location l2 on l2.id = e.location_id
                                            where patient_id = 1
2026-08-28T23:08:45.557879Z DEBUG sqlx::query: summary="SELECT p.id \"patient_id\", e.id …" db.statement="\n\nSELECT p.id \"patient_id\", e.id \"encounter_id\", e.location_id \"location_id\", legal_first_name, legal_last_name, COALESCE(legal_middle_names, '') as \"legal_middle_names\",\n                                                COALESCE(admit_notes, '') as \"admit_notes\", COALESCE(discharge_notes, '') as \"discharge_notes\",\n                                                birthdate, admit_timestamp,\n                                                discharge_timestamp as \"discharge_timestamp?\",\n                                                sin, phn, l2.short_name \"location_short_name\"\n                                            FROM patient p\n                                            join encounter e on p.id = e.patient_id\n\t\t\t\t\t\t\t\t\t\t\tjoin location l2 on l2.id = e.location_id\n                                            where patient_id = 1\n" rows_affected=1 rows_returned=1 elapsed=4.558ms elapsed_secs=0.004558
2026-08-28T23:08:45.558050Z DEBUG MapleEMR::dao::patient_dao: >get_patients_at_users_site_no_discharge() Query: SELECT p.id, e.id, e.location_id, legal_first_name, legal_last_name, COALESCE(legal_middle_names, '') as "legal_middle_names",
                                        COALESCE(admit_notes, '') as "admit_notes", COALESCE(discharge_notes, '') as "discharge_notes",
                                        birthdate, admit_timestamp,
                                        discharge_timestamp as "discharge_timestamp?",
                                        phn, l2.short_name "location_short_name"
                                    FROM patient p
                                    join encounter e on p.id = e.patient_id
									join location l2 on l2.id = e.location_id
                                    where discharge_timestamp is null
                                      and location_id in (
                                        select l.id
                                        from location l
                                        where site_id in (
                                        select site_id
                                        from user_permission up
                                        where users_id = 2
                                            and up.site_id = l.site_id)  )
2026-08-28T23:08:45.558982Z DEBUG sqlx::query: summary="SELECT p.id, e.id, e.location_id, …" db.statement="\n\nSELECT p.id, e.id, e.location_id, legal_first_name, legal_last_name, COALESCE(legal_middle_names, '') as \"legal_middle_names\",\n                                        COALESCE(admit_notes, '') as \"admit_notes\", COALESCE(discharge_notes, '') as \"discharge_notes\",\n                                        birthdate, admit_timestamp,\n                                        discharge_timestamp as \"discharge_timestamp?\",\n                                        phn, l2.short_name \"location_short_name\"\n                                    FROM patient p\n                                    join encounter e on p.id = e.patient_id\n\t\t\t\t\t\t\t\t\tjoin location l2 on l2.id = e.location_id\n                                    where discharge_timestamp is null\n                                      and location_id in (\n                                        select l.id\n                                        from location l\n                                        where site_id in (\n                                        select site_id\n                                        from user_permission up\n                                        where users_id = 2\n                                            and up.site_id = l.site_id)  )\n" rows_affected=7 rows_returned=7 elapsed=601.5µs elapsed_secs=0.0006015
2026-08-28T23:08:45.559099Z DEBUG MapleEMR::dao::common_dao: get_common_references()
2026-08-28T23:08:45.561700Z DEBUG sqlx::query: summary="select id, name, description …" db.statement="\n\nselect id, name, description from common_reference_type where group_id = 1 ORDER BY NAME\n" rows_affected=19 rows_returned=19 elapsed=2.3164ms elapsed_secs=0.0023164
2026-08-28T23:08:45.561785Z DEBUG MapleEMR::ui::tile_factory: >get_patient_details_full_tile()
2026-08-28T23:08:45.561875Z DEBUG MapleEMR::ui::common: > get_dropdown_generic(intervention_type_id)
2026-08-28T23:08:46.807548Z DEBUG MapleEMR::route::intervention_route: -> Route Requested: /intvlink  route_to_modify_intervention_basic()
2026-08-28T23:08:46.807602Z DEBUG MapleEMR::route::intervention_route: -> Route Requested: /intv  (add/modify)
2026-08-28T23:08:46.807666Z DEBUG MapleEMR::route::intervention_route:    Intervention exists: view existing Intervention
2026-08-28T23:08:46.809386Z DEBUG sqlx::query: summary="SELECT i.id intervention_id, encounter_id, …" db.statement="\n\nSELECT i.id intervention_id,\n                                                encounter_id,\n                                                i.description,\n                                                i.notes,\n                                                i.location_id,\n                                                users_id,\n                                                intervention_type_id,\n                                                status_id,\n                                                l.room_identifier,\n                                                ref1.name \"intervention_type\", \n                                                ref2.name \"status\",\n                                                i.scheduled_timestamp,\n                                                i.performed_timestamp,\n                                                e.patient_id\n                                            FROM intervention i\n                                            join encounter e ON e.id = i.encounter_id\n                                            join location l on  l.id = i.location_id\n                                            join common_reference_type ref1 on i.intervention_type_id = ref1.id\n                                            join common_reference_type ref2 on i.status_id = ref2.id \n                                            where i.id = 1\n                                              \n" rows_affected=1 rows_returned=1 elapsed=1.3627ms elapsed_secs=0.0013627
2026-08-28T23:08:46.814239Z DEBUG sqlx::query: summary="SELECT i.id \"intervention_details_id\", value, …" db.statement="\n\n\n                                                    SELECT i.id \"intervention_details_id\", value, notes, entry_timestamp, ref1.name \"intervention_type\", intervention_id, type_id\n                                                        FROM intervention_details i\n                                                        JOIN common_reference_type ref1 on i.type_id = ref1.id \n                                                        WHERE i.intervention_id = 1\n                                                \n" rows_affected=13 rows_returned=13 elapsed=3.6035ms elapsed_secs=0.0036035
2026-08-28T23:08:46.814359Z DEBUG MapleEMR::dao::patient_dao: >get_patients_at_users_site_no_discharge() Query: SELECT p.id, e.id, e.location_id, legal_first_name, legal_last_name, COALESCE(legal_middle_names, '') as "legal_middle_names",
                                        COALESCE(admit_notes, '') as "admit_notes", COALESCE(discharge_notes, '') as "discharge_notes",
                                        birthdate, admit_timestamp,
                                        discharge_timestamp as "discharge_timestamp?",
                                        phn, l2.short_name "location_short_name"
                                    FROM patient p
                                    join encounter e on p.id = e.patient_id
									join location l2 on l2.id = e.location_id
                                    where discharge_timestamp is null
                                      and location_id in (
                                        select l.id
                                        from location l
                                        where site_id in (
                                        select site_id
                                        from user_permission up
                                        where users_id = 2
                                            and up.site_id = l.site_id)  )
2026-08-28T23:08:46.817420Z DEBUG sqlx::query: summary="SELECT p.id, e.id, e.location_id, …" db.statement="\n\nSELECT p.id, e.id, e.location_id, legal_first_name, legal_last_name, COALESCE(legal_middle_names, '') as \"legal_middle_names\",\n                                        COALESCE(admit_notes, '') as \"admit_notes\", COALESCE(discharge_notes, '') as \"discharge_notes\",\n                                        birthdate, admit_timestamp,\n                                        discharge_timestamp as \"discharge_timestamp?\",\n                                        phn, l2.short_name \"location_short_name\"\n                                    FROM patient p\n                                    join encounter e on p.id = e.patient_id\n\t\t\t\t\t\t\t\t\tjoin location l2 on l2.id = e.location_id\n                                    where discharge_timestamp is null\n                                      and location_id in (\n                                        select l.id\n                                        from location l\n                                        where site_id in (\n                                        select site_id\n                                        from user_permission up\n                                        where users_id = 2\n                                            and up.site_id = l.site_id)  )\n" rows_affected=7 rows_returned=7 elapsed=2.684ms elapsed_secs=0.002684
2026-08-28T23:08:46.818050Z DEBUG MapleEMR::dao::auth_dao: get_user_and_departments_at_current_user_sites()
2026-08-28T23:08:46.825221Z DEBUG sqlx::query: summary="select distinct u.id user_id, …" db.statement="\n\n\n                                                select distinct u.id user_id,\n                                                    d.name || ' ('|| u.name||')' \"name\",\n                                                    u.name \"user_name\"\n                                                from user_permission up\n                                                join users u on up.users_id = u.id\n                                                join department d on up.department_id = d.id\n                                                where up.active_flag = 'Y'\n                                                and site_id is not null\n\t\t\t\t\t\t\t\t\t\t\t\torder by  d.name || ' ('|| u.name||')'\n                                                \n" rows_affected=10 rows_returned=10 elapsed=6.4786ms elapsed_secs=0.0064786
2026-08-28T23:08:46.825316Z DEBUG MapleEMR::dao::common_dao: get_common_reference()
2026-08-28T23:08:46.826417Z DEBUG sqlx::query: summary="SELECT id, name, description …" db.statement="\n\nSELECT id, name, description FROM common_reference_type WHERE ID = 38 LIMIT 1\n" rows_affected=1 rows_returned=1 elapsed=703.7µs elapsed_secs=0.0007037
2026-08-28T23:08:46.826498Z DEBUG MapleEMR::dao::common_dao: get_common_references()
2026-08-28T23:08:46.827458Z DEBUG sqlx::query: summary="select id, name, description …" db.statement="\n\nselect id, name, description from common_reference_type where group_id = 2 ORDER BY NAME\n" rows_affected=6 rows_returned=6 elapsed=648.6µs elapsed_secs=0.0006486
2026-08-28T23:08:46.827549Z DEBUG MapleEMR::dao::common_dao: get_locations_for_user()
2026-08-28T23:08:46.829230Z DEBUG sqlx::query: summary="select id, name || …" db.statement="\n\n\n                                        select id, name || ' (' || short_name|| ')' from location\n                                        where active_flag = 'Y'\n                                        and site_id in (\n                                            select site_id\n                                            from user_permission\n                                            where users_id = 2\n                                                and active_flag = 'Y' )\n" rows_affected=34 rows_returned=34 elapsed=1.418ms elapsed_secs=0.001418
2026-08-28T23:08:46.829348Z DEBUG MapleEMR::ui::common: > get_location_dropdown()
2026-08-28T23:08:46.829421Z DEBUG MapleEMR::ui::tile_factory: >get_modify_intervention_full_page_tile()
2026-08-28T23:08:46.829468Z DEBUG MapleEMR::ui::tile_factory:   Update existing Intervention
2026-08-28T23:08:46.829483Z DEBUG MapleEMR::ui::common: > get_dropdown_generic(users_id)
2026-08-28T23:08:46.829511Z DEBUG MapleEMR::ui::common: > get_dropdown_generic(status_id)
2026-08-28T23:11:57.712418Z  INFO actix_server::server: SIGINT received; starting forced shutdown
2026-08-28T23:11:57.712877Z DEBUG actix_server::accept: paused accepting connections on 127.0.0.1:8000
2026-08-28T23:11:57.713034Z  INFO actix_server::accept: accept thread stopped
2026-08-28T23:11:57.713715Z  INFO actix_server::worker: shutting down idle worker
2026-08-28T23:11:57.713965Z  INFO actix_server::worker: shutting down idle worker
2026-08-28T23:11:57.713733Z  INFO actix_server::worker: shutting down idle worker
2026-08-28T23:11:57.713983Z  INFO actix_server::worker: shutting down idle worker
