2026-08-29T17:31:44.982269Z  INFO MapleEMR: MapleEMR is running!
2026-08-29T17:31:44.982854Z  INFO MapleEMR: CARGO_MANIFEST_DIR = C:\uol\csm500-final-project\src\app
2026-08-29T17:31:44.983422Z  INFO MapleEMR: Configuration loaded: C:\uol\csm500-final-project\src\app\config\maple-config.toml
2026-08-29T17:31:45.098760Z  INFO MapleEMR: Database connection established to: postgres://postgres:csm500@localhost:5432/csm500
2026-08-29T17:31:45.144800Z  INFO ort::logging: Discovered OrtHardwareDevice {vendor_id:0x8086, device_id:0x1912, vendor:Intel Corporation, type:1, metadata: [Description=Intel(R) HD Graphics 530, Discrete=0, DxgiAdapterNumber=0, DxgiHighPerformanceIndex=0, DxgiVideoMemory=128 MB, LUID=49304, ]}
2026-08-29T17:31:45.148637Z  INFO ort::logging: Discovered OrtHardwareDevice {vendor_id:0x8086, device_id:0x0, vendor:Intel, type:0, metadata: [Description=Intel(R) Core(TM) i5-6600 CPU @ 3.30GHz, ]}
2026-08-29T17:31:45.149218Z  INFO ort::logging: Session Options {  execution_mode:0 execution_order:DEFAULT enable_profiling:0 optimized_model_filepath: enable_mem_pattern:1 enable_mem_reuse:1 enable_cpu_mem_arena:1 profile_file_prefix:onnxruntime_profile_ session_logid: session_log_severity_level:-1 session_log_verbosity_level:0 max_num_graph_transformation_steps:10 graph_optimization_level:1 intra_op_param:OrtThreadPoolParams { thread_pool_size: 1 auto_set_affinity: 0 allow_spinning: 0 dynamic_block_base_: 0 stack_size: 0 affinity_str:  set_denormal_as_zero: 0 } inter_op_param:OrtThreadPoolParams { thread_pool_size: 0 auto_set_affinity: 0 allow_spinning: 0 dynamic_block_base_: 0 stack_size: 0 affinity_str:  set_denormal_as_zero: 0 } use_per_session_threads:1 thread_pool_allow_spinning:1 use_deterministic_compute:0 ep_selection_policy:5 config_options: {  } }
2026-08-29T17:31:45.149282Z  INFO ort::logging: Flush-to-zero and denormal-as-zero are off
2026-08-29T17:31:45.149299Z  INFO ort::logging: Creating and using per session threadpools since use_per_session_threads_ is true
2026-08-29T17:31:45.149350Z  INFO ort::logging: Dynamic block base set to 0
2026-08-29T17:31:45.221814Z  INFO ort::logging: Initializing session.
2026-08-29T17:31:45.221955Z  INFO ort::logging: Creating BFCArena for Cpu with following configs: initial_chunk_size_bytes: 1048576 max_dead_bytes_per_chunk: 134217728 initial_growth_chunk_size_bytes: 2097152 max_power_of_two_extend_bytes: 1073741824 memory limit: 18446744073709551615 arena_extend_strategy: 0
2026-08-29T17:31:45.228805Z  INFO ort::logging: This model does not have any local functions defined. AOT Inlining is not performed
2026-08-29T17:31:45.259320Z  INFO ort::logging: GraphTransformer EnsureUniqueDQForNodeUnit modified: 0 with status: OK
2026-08-29T17:31:45.259905Z  INFO ort::logging: GraphTransformer Level1_RuleBasedTransformer modified: 0 with status: OK
2026-08-29T17:31:45.260086Z  INFO ort::logging: GraphTransformer DoubleQDQPairsRemover modified: 0 with status: OK
2026-08-29T17:31:45.261836Z  INFO ort::logging: Total shared scalar initializer count: 199
2026-08-29T17:31:45.261881Z  INFO ort::logging: GraphTransformer ConstantSharing modified: 1 with status: OK
2026-08-29T17:31:45.271281Z  INFO ort::logging: GraphTransformer CommonSubexpressionElimination modified: 1 with status: OK
2026-08-29T17:31:45.281708Z  INFO ort::logging: GraphTransformer ConstantFolding modified: 1 with status: OK
2026-08-29T17:31:45.289109Z  INFO ort::logging: Removing initializer '/1/Constant_8_output_0'. It is no longer used by any node.
2026-08-29T17:31:45.289273Z  INFO ort::logging: Removing initializer '/0/auto_model/Shape_2_output_0'. It is no longer used by any node.
2026-08-29T17:31:45.289306Z  INFO ort::logging: Removing initializer '/1/Shape_3_output_0'. It is no longer used by any node.
2026-08-29T17:31:45.289644Z  INFO ort::logging: GraphTransformer MatMulAddFusion modified: 0 with status: OK
2026-08-29T17:31:45.289841Z  INFO ort::logging: Fused reshape node: /0/auto_model/encoder/layer.0/attention/self/Reshape_output_0
2026-08-29T17:31:45.289889Z  INFO ort::logging: Fused reshape node: /0/auto_model/encoder/layer.0/attention/self/Reshape_2_output_0
2026-08-29T17:31:45.289995Z  INFO ort::logging: Fused reshape node: /0/auto_model/encoder/layer.0/attention/self/Reshape_1_output_0
2026-08-29T17:31:45.290095Z  INFO ort::logging: Fused reshape node: /0/auto_model/encoder/layer.0/attention/self/Reshape_3_output_0
2026-08-29T17:31:45.290190Z  INFO ort::logging: Fused reshape node: /0/auto_model/encoder/layer.1/attention/self/Reshape_output_0
2026-08-29T17:31:45.290265Z  INFO ort::logging: Fused reshape node: /0/auto_model/encoder/layer.1/attention/self/Reshape_2_output_0
2026-08-29T17:31:45.290312Z  INFO ort::logging: Fused reshape node: /0/auto_model/encoder/layer.1/attention/self/Reshape_1_output_0
2026-08-29T17:31:45.290359Z  INFO ort::logging: Fused reshape node: /0/auto_model/encoder/layer.1/attention/self/Reshape_3_output_0
2026-08-29T17:31:45.290417Z  INFO ort::logging: Fused reshape node: /0/auto_model/encoder/layer.2/attention/self/Reshape_output_0
2026-08-29T17:31:45.290460Z  INFO ort::logging: Fused reshape node: /0/auto_model/encoder/layer.2/attention/self/Reshape_2_output_0
2026-08-29T17:31:45.290514Z  INFO ort::logging: Fused reshape node: /0/auto_model/encoder/layer.2/attention/self/Reshape_1_output_0
2026-08-29T17:31:45.290558Z  INFO ort::logging: Fused reshape node: /0/auto_model/encoder/layer.2/attention/self/Reshape_3_output_0
2026-08-29T17:31:45.290602Z  INFO ort::logging: Fused reshape node: /0/auto_model/encoder/layer.3/attention/self/Reshape_output_0
2026-08-29T17:31:45.290643Z  INFO ort::logging: Fused reshape node: /0/auto_model/encoder/layer.3/attention/self/Reshape_2_output_0
2026-08-29T17:31:45.290683Z  INFO ort::logging: Fused reshape node: /0/auto_model/encoder/layer.3/attention/self/Reshape_1_output_0
2026-08-29T17:31:45.290729Z  INFO ort::logging: Fused reshape node: /0/auto_model/encoder/layer.3/attention/self/Reshape_3_output_0
2026-08-29T17:31:45.290773Z  INFO ort::logging: Fused reshape node: /0/auto_model/encoder/layer.4/attention/self/Reshape_output_0
2026-08-29T17:31:45.290841Z  INFO ort::logging: Fused reshape node: /0/auto_model/encoder/layer.4/attention/self/Reshape_2_output_0
2026-08-29T17:31:45.290885Z  INFO ort::logging: Fused reshape node: /0/auto_model/encoder/layer.4/attention/self/Reshape_1_output_0
2026-08-29T17:31:45.290955Z  INFO ort::logging: Fused reshape node: /0/auto_model/encoder/layer.4/attention/self/Reshape_3_output_0
2026-08-29T17:31:45.291001Z  INFO ort::logging: Fused reshape node: /0/auto_model/encoder/layer.5/attention/self/Reshape_output_0
2026-08-29T17:31:45.291045Z  INFO ort::logging: Fused reshape node: /0/auto_model/encoder/layer.5/attention/self/Reshape_2_output_0
2026-08-29T17:31:45.291087Z  INFO ort::logging: Fused reshape node: /0/auto_model/encoder/layer.5/attention/self/Reshape_1_output_0
2026-08-29T17:31:45.291172Z  INFO ort::logging: Fused reshape node: /0/auto_model/encoder/layer.5/attention/self/Reshape_3_output_0
2026-08-29T17:31:45.291235Z  INFO ort::logging: Total fused reshape node count: 24
2026-08-29T17:31:45.291259Z  INFO ort::logging: GraphTransformer ReshapeFusion modified: 1 with status: OK
2026-08-29T17:31:45.296814Z  INFO ort::logging: Removing initializer '/0/auto_model/encoder/layer.4/attention/self/Constant_11_output_0'. It is no longer used by any node.
2026-08-29T17:31:45.296914Z  INFO ort::logging: Removing initializer '/0/auto_model/encoder/layer.4/attention/self/Constant_6_output_0'. It is no longer used by any node.
2026-08-29T17:31:45.296964Z  INFO ort::logging: Removing initializer '/0/auto_model/encoder/layer.0/attention/self/Constant_15_output_0'. It is no longer used by any node.
2026-08-29T17:31:45.297102Z  INFO ort::logging: GraphTransformer FreeDimensionOverrideTransformer modified: 0 with status: OK
2026-08-29T17:31:45.297136Z  INFO ort::logging: GraphTransformer GeluFusionL1 modified: 0 with status: OK
2026-08-29T17:31:45.297162Z  INFO ort::logging: GraphTransformer LayerNormFusionL1 modified: 0 with status: OK
2026-08-29T17:31:45.297446Z  INFO ort::logging: GraphTransformer QDQPropagationTransformer modified: 0 with status: OK
2026-08-29T17:31:45.297765Z  INFO ort::logging: GraphTransformer WeightBiasQuantization modified: 0 with status: OK
2026-08-29T17:31:45.297884Z  INFO ort::logging: GraphTransformer EnsureUniqueDQForNodeUnit modified: 0 with status: OK
2026-08-29T17:31:45.297983Z  INFO ort::logging: GraphTransformer WhereDummyDq modified: 0 with status: OK
2026-08-29T17:31:45.298636Z  INFO ort::logging: GraphTransformer TransposeOptimizer modified: 0 with status: OK
2026-08-29T17:31:45.299009Z  INFO ort::logging: GraphTransformer Level1_RuleBasedTransformer modified: 0 with status: OK
2026-08-29T17:31:45.299211Z  INFO ort::logging: GraphTransformer DoubleQDQPairsRemover modified: 0 with status: OK
2026-08-29T17:31:45.299828Z  INFO ort::logging: GraphTransformer CommonSubexpressionElimination modified: 0 with status: OK
2026-08-29T17:31:45.300183Z  INFO ort::logging: GraphTransformer ConstantFolding modified: 0 with status: OK
2026-08-29T17:31:45.300394Z  INFO ort::logging: GraphTransformer MatMulAddFusion modified: 0 with status: OK
2026-08-29T17:31:45.300534Z  INFO ort::logging: GraphTransformer ReshapeFusion modified: 0 with status: OK
2026-08-29T17:31:45.300569Z  INFO ort::logging: GraphTransformer FreeDimensionOverrideTransformer modified: 0 with status: OK
2026-08-29T17:31:45.300603Z  INFO ort::logging: GraphTransformer GeluFusionL1 modified: 0 with status: OK
2026-08-29T17:31:45.300634Z  INFO ort::logging: GraphTransformer LayerNormFusionL1 modified: 0 with status: OK
2026-08-29T17:31:45.300918Z  INFO ort::logging: GraphTransformer QDQPropagationTransformer modified: 0 with status: OK
2026-08-29T17:31:45.301078Z  INFO ort::logging: GraphTransformer WeightBiasQuantization modified: 0 with status: OK
2026-08-29T17:31:45.301174Z  INFO ort::logging: GraphTransformer EnsureUniqueDQForNodeUnit modified: 0 with status: OK
2026-08-29T17:31:45.301262Z  INFO ort::logging: GraphTransformer WhereDummyDq modified: 0 with status: OK
2026-08-29T17:31:45.310557Z  INFO ort::logging: Running graph optimizations in loop 1 time/s (Graph Optimizations Loop Level : 1)
2026-08-29T17:31:45.311105Z  INFO ort::logging: GraphTransformer RemoveDuplicateCastTransformer modified: 0 with status: OK
2026-08-29T17:31:45.311178Z  INFO ort::logging: GraphTransformer CastFloat16Transformer modified: 0 with status: OK
2026-08-29T17:31:45.311269Z  INFO ort::logging: GraphTransformer MemcpyTransformer modified: 0 with status: OK
2026-08-29T17:31:45.319278Z  INFO ort::logging: Use DeviceBasedPartition as default
2026-08-29T17:31:45.373311Z  INFO ort::logging: Saving initialized tensors.
2026-08-29T17:31:45.373488Z  INFO ort::logging: Reserving memory in BFCArena for Cpu size: 32
2026-08-29T17:31:45.373545Z  INFO ort::logging: Reserving memory in BFCArena for Cpu size: 32
2026-08-29T17:31:45.373581Z  INFO ort::logging: Reserving memory in BFCArena for Cpu size: 4
2026-08-29T17:31:45.373609Z  INFO ort::logging: Reserving memory in BFCArena for Cpu size: 4
2026-08-29T17:31:45.373642Z  INFO ort::logging: Reserving memory in BFCArena for Cpu size: 32
2026-08-29T17:31:45.373670Z  INFO ort::logging: Reserving memory in BFCArena for Cpu size: 4
2026-08-29T17:31:45.373696Z  INFO ort::logging: Reserving memory in BFCArena for Cpu size: 4
2026-08-29T17:31:45.373716Z  INFO ort::logging: Reserving memory in BFCArena for Cpu size: 8
2026-08-29T17:31:45.373740Z  INFO ort::logging: Reserving memory in BFCArena for Cpu size: 24
2026-08-29T17:31:45.373777Z  INFO ort::logging: Reserving memory in BFCArena for Cpu size: 32
2026-08-29T17:31:45.373816Z  INFO ort::logging: Reserving memory in BFCArena for Cpu size: 4
2026-08-29T17:31:45.373885Z  INFO ort::logging: Reserving memory in BFCArena for Cpu size: 32
2026-08-29T17:31:45.373915Z  INFO ort::logging: Reserving memory in BFCArena for Cpu size: 32
2026-08-29T17:31:45.373951Z  INFO ort::logging: Reserving memory in BFCArena for Cpu size: 24
2026-08-29T17:31:45.373984Z  INFO ort::logging: Reserving memory in BFCArena for Cpu size: 24
2026-08-29T17:31:45.374013Z  INFO ort::logging: Reserving memory in BFCArena for Cpu size: 32
2026-08-29T17:31:45.374054Z  INFO ort::logging: Reserving memory in BFCArena for Cpu size: 32
2026-08-29T17:31:45.374081Z  INFO ort::logging: Reserving memory in BFCArena for Cpu size: 32
2026-08-29T17:31:45.374101Z  INFO ort::logging: Reserving memory in BFCArena for Cpu size: 8
2026-08-29T17:31:45.374131Z  INFO ort::logging: Reserving memory in BFCArena for Cpu size: 8
2026-08-29T17:31:45.374202Z  INFO ort::logging: Reserving memory in BFCArena for Cpu size: 8
2026-08-29T17:31:45.374266Z  INFO ort::logging: Reserving memory in BFCArena for Cpu size: 32
2026-08-29T17:31:45.374292Z  INFO ort::logging: Reserving memory in BFCArena for Cpu size: 24
2026-08-29T17:31:45.374343Z  INFO ort::logging: Reserving memory in BFCArena for Cpu size: 8
2026-08-29T17:31:45.374378Z  INFO ort::logging: Reserving memory in BFCArena for Cpu size: 32
2026-08-29T17:31:45.374412Z  INFO ort::logging: Reserving memory in BFCArena for Cpu size: 4
2026-08-29T17:31:45.374437Z  INFO ort::logging: Reserving memory in BFCArena for Cpu size: 24
2026-08-29T17:31:45.374467Z  INFO ort::logging: Reserving memory in BFCArena for Cpu size: 4
2026-08-29T17:31:45.374503Z  INFO ort::logging: Reserving memory in BFCArena for Cpu size: 24
2026-08-29T17:31:45.374528Z  INFO ort::logging: Reserving memory in BFCArena for Cpu size: 8
2026-08-29T17:31:45.374560Z  INFO ort::logging: Reserving memory in BFCArena for Cpu size: 32
2026-08-29T17:31:45.374581Z  INFO ort::logging: Reserving memory in BFCArena for Cpu size: 16
2026-08-29T17:31:45.374602Z  INFO ort::logging: Reserving memory in BFCArena for Cpu size: 32
2026-08-29T17:31:45.374630Z  INFO ort::logging: Reserving memory in BFCArena for Cpu size: 32
2026-08-29T17:31:45.374653Z  INFO ort::logging: Reserving memory in BFCArena for Cpu size: 8
2026-08-29T17:31:45.374672Z  INFO ort::logging: Reserving memory in BFCArena for Cpu size: 4
2026-08-29T17:31:45.374730Z  INFO ort::logging: Reserving memory in BFCArena for Cpu size: 16
2026-08-29T17:31:45.374762Z  INFO ort::logging: Reserving memory in BFCArena for Cpu size: 24
2026-08-29T17:31:45.374788Z  INFO ort::logging: Reserving memory in BFCArena for Cpu size: 24
2026-08-29T17:31:45.374812Z  INFO ort::logging: Reserving memory in BFCArena for Cpu size: 32
2026-08-29T17:31:45.374832Z  INFO ort::logging: Reserving memory in BFCArena for Cpu size: 32
2026-08-29T17:31:45.374865Z  INFO ort::logging: Reserving memory in BFCArena for Cpu size: 32
2026-08-29T17:31:45.374889Z  INFO ort::logging: Reserving memory in BFCArena for Cpu size: 32
2026-08-29T17:31:45.374921Z  INFO ort::logging: Done saving initialized tensors
2026-08-29T17:31:45.375774Z  INFO ort::logging: Reserving memory in BFCArena for Cpu size: 589824
2026-08-29T17:31:45.376116Z  INFO ort::logging: Reserving memory in BFCArena for Cpu size: 589824
2026-08-29T17:31:45.376372Z  INFO ort::logging: Reserving memory in BFCArena for Cpu size: 589824
2026-08-29T17:31:45.376640Z  INFO ort::logging: Reserving memory in BFCArena for Cpu size: 589824
2026-08-29T17:31:45.376879Z  INFO ort::logging: Reserving memory in BFCArena for Cpu size: 2359296
2026-08-29T17:31:45.378811Z  INFO ort::logging: Reserving memory in BFCArena for Cpu size: 2359296
2026-08-29T17:31:45.380684Z  INFO ort::logging: Reserving memory in BFCArena for Cpu size: 589824
2026-08-29T17:31:45.380971Z  INFO ort::logging: Reserving memory in BFCArena for Cpu size: 589824
2026-08-29T17:31:45.381280Z  INFO ort::logging: Reserving memory in BFCArena for Cpu size: 589824
2026-08-29T17:31:45.381571Z  INFO ort::logging: Reserving memory in BFCArena for Cpu size: 589824
2026-08-29T17:31:45.381806Z  INFO ort::logging: Reserving memory in BFCArena for Cpu size: 2359296
2026-08-29T17:31:45.383677Z  INFO ort::logging: Reserving memory in BFCArena for Cpu size: 2359296
2026-08-29T17:31:45.386246Z  INFO ort::logging: Reserving memory in BFCArena for Cpu size: 589824
2026-08-29T17:31:45.386538Z  INFO ort::logging: Reserving memory in BFCArena for Cpu size: 589824
2026-08-29T17:31:45.386787Z  INFO ort::logging: Reserving memory in BFCArena for Cpu size: 589824
2026-08-29T17:31:45.387128Z  INFO ort::logging: Reserving memory in BFCArena for Cpu size: 589824
2026-08-29T17:31:45.387557Z  INFO ort::logging: Reserving memory in BFCArena for Cpu size: 2359296
2026-08-29T17:31:45.389816Z  INFO ort::logging: Reserving memory in BFCArena for Cpu size: 2359296
2026-08-29T17:31:45.391992Z  INFO ort::logging: Reserving memory in BFCArena for Cpu size: 589824
2026-08-29T17:31:45.392377Z  INFO ort::logging: Reserving memory in BFCArena for Cpu size: 589824
2026-08-29T17:31:45.392751Z  INFO ort::logging: Reserving memory in BFCArena for Cpu size: 589824
2026-08-29T17:31:45.393087Z  INFO ort::logging: Reserving memory in BFCArena for Cpu size: 589824
2026-08-29T17:31:45.393480Z  INFO ort::logging: Reserving memory in BFCArena for Cpu size: 2359296
2026-08-29T17:31:45.395837Z  INFO ort::logging: Reserving memory in BFCArena for Cpu size: 2359296
2026-08-29T17:31:45.397775Z  INFO ort::logging: Reserving memory in BFCArena for Cpu size: 589824
2026-08-29T17:31:45.398146Z  INFO ort::logging: Reserving memory in BFCArena for Cpu size: 589824
2026-08-29T17:31:45.398427Z  INFO ort::logging: Reserving memory in BFCArena for Cpu size: 589824
2026-08-29T17:31:45.398718Z  INFO ort::logging: Reserving memory in BFCArena for Cpu size: 589824
2026-08-29T17:31:45.399009Z  INFO ort::logging: Reserving memory in BFCArena for Cpu size: 2359296
2026-08-29T17:31:45.400940Z  INFO ort::logging: Reserving memory in BFCArena for Cpu size: 2359296
2026-08-29T17:31:45.404091Z  INFO ort::logging: Reserving memory in BFCArena for Cpu size: 589824
2026-08-29T17:31:45.404417Z  INFO ort::logging: Reserving memory in BFCArena for Cpu size: 589824
2026-08-29T17:31:45.404692Z  INFO ort::logging: Reserving memory in BFCArena for Cpu size: 589824
2026-08-29T17:31:45.404944Z  INFO ort::logging: Reserving memory in BFCArena for Cpu size: 589824
2026-08-29T17:31:45.405288Z  INFO ort::logging: Reserving memory in BFCArena for Cpu size: 2359296
2026-08-29T17:31:45.407282Z  INFO ort::logging: Reserving memory in BFCArena for Cpu size: 2359296
2026-08-29T17:31:45.409447Z  INFO ort::logging: Session successfully initialized.
2026-08-29T17:31:45.410168Z  INFO actix_server::builder: starting 4 workers
2026-08-29T17:31:45.410328Z  INFO actix_server::server: Tokio runtime found; starting in existing Tokio runtime
2026-08-29T17:31:45.410363Z  INFO actix_server::server: starting service: "actix-web-service-127.0.0.1:8000", workers: 4, listening on: 127.0.0.1:8000
2026-08-29T17:31:45.410899Z  INFO MapleEMR: >get_application_secret_key()
2026-08-29T17:31:45.411209Z DEBUG MapleEMR::ui::tile_factory: >WebContentFactory:new() : Attempting read of: C:\uol\csm500-final-project\src\app\webc\static\LoginTile.htl
2026-08-29T17:31:45.414419Z  INFO MapleEMR: >get_application_secret_key()
2026-08-29T17:31:45.414519Z DEBUG MapleEMR::ui::tile_factory: >WebContentFactory:new() : Attempting read of: C:\uol\csm500-final-project\src\app\webc\static\LoginTile.htl
2026-08-29T17:31:45.416363Z  INFO MapleEMR: >get_application_secret_key()
2026-08-29T17:31:45.416448Z DEBUG MapleEMR::ui::tile_factory: >WebContentFactory:new() : Attempting read of: C:\uol\csm500-final-project\src\app\webc\static\LoginTile.htl
2026-08-29T17:31:45.419054Z  INFO MapleEMR: >get_application_secret_key()
2026-08-29T17:31:45.419181Z DEBUG MapleEMR::ui::tile_factory: >WebContentFactory:new() : Attempting read of: C:\uol\csm500-final-project\src\app\webc\static\LoginTile.htl
2026-08-29T17:31:55.853783Z DEBUG MapleEMR::route::default_route: -> /default_route Requested
2026-08-29T17:31:55.853872Z DEBUG MapleEMR::route::default_route: Checking session for Validation errors
2026-08-29T17:31:55.853894Z DEBUG MapleEMR::route::default_route: Ok( None ) No active session
2026-08-29T17:32:02.446311Z DEBUG MapleEMR::route::login_route: -> /login Requested
2026-08-29T17:32:02.446463Z DEBUG MapleEMR::dao::auth_dao: Query: SELECT id, name, username, email, created_timestamp, password FROM USERS WHERE USERNAME = 'chath' AND PASSWORD = 'nurse1'
2026-08-29T17:32:02.465697Z DEBUG sqlx::query: summary="SELECT id, name, username, …" db.statement="\n\nSELECT id, name, username, email, created_timestamp, password FROM USERS WHERE USERNAME = 'chath' AND PASSWORD = 'nurse1'\n" rows_affected=1 rows_returned=1 elapsed=18.1428ms elapsed_secs=0.0181428
2026-08-29T17:32:02.465941Z DEBUG MapleEMR::dao::auth_dao: Successful login (results found) for: chath
2026-08-29T17:32:02.466080Z DEBUG MapleEMR::route::login_route: User can login: chath redirect to /home
2026-08-29T17:32:02.466133Z DEBUG MapleEMR::dao::auth_dao: get_user_permissions Query: SELECT department_id, permission_id FROM public.user_permission where active_flag = 'Y' and users_id = 2 group by department_id, permission_id order by permission_id
2026-08-29T17:32:02.580607Z DEBUG sqlx::query: summary="SELECT department_id, permission_id FROM …" db.statement="\n\nSELECT department_id, permission_id FROM public.user_permission where active_flag = 'Y' and users_id = 2 group by department_id, permission_id order by permission_id\n" rows_affected=12 rows_returned=12 elapsed=4.0256ms elapsed_secs=0.0040256
2026-08-29T17:32:02.585963Z DEBUG MapleEMR::route::home_route: -> /home Route Requested
2026-08-29T17:32:02.586099Z DEBUG MapleEMR::dao::patient_dao: >get_patients_at_users_site_no_discharge() Query: SELECT p.id, e.id, e.location_id, legal_first_name, legal_last_name, COALESCE(legal_middle_names, '') as "legal_middle_names",
                                        COALESCE(admit_notes, '') as "admit_notes", COALESCE(discharge_notes, '') as "discharge_notes",
                                        birthdate, admit_timestamp,
                                        discharge_timestamp as "discharge_timestamp?",
                                        phn, l2.short_name "location_short_name"
                                    FROM patient p
                                    join encounter e on p.id = e.patient_id
									join location l2 on l2.id = e.location_id
                                    where discharge_timestamp is null
                                      and location_id in (
                                        select l.id
                                        from location l
                                        where site_id in (
                                        select site_id
                                        from user_permission up
                                        where users_id = 2
                                            and up.site_id = l.site_id)  )
2026-08-29T17:32:02.595959Z DEBUG sqlx::query: summary="SELECT p.id, e.id, e.location_id, …" db.statement="\n\nSELECT p.id, e.id, e.location_id, legal_first_name, legal_last_name, COALESCE(legal_middle_names, '') as \"legal_middle_names\",\n                                        COALESCE(admit_notes, '') as \"admit_notes\", COALESCE(discharge_notes, '') as \"discharge_notes\",\n                                        birthdate, admit_timestamp,\n                                        discharge_timestamp as \"discharge_timestamp?\",\n                                        phn, l2.short_name \"location_short_name\"\n                                    FROM patient p\n                                    join encounter e on p.id = e.patient_id\n\t\t\t\t\t\t\t\t\tjoin location l2 on l2.id = e.location_id\n                                    where discharge_timestamp is null\n                                      and location_id in (\n                                        select l.id\n                                        from location l\n                                        where site_id in (\n                                        select site_id\n                                        from user_permission up\n                                        where users_id = 2\n                                            and up.site_id = l.site_id)  )\n" rows_affected=7 rows_returned=7 elapsed=9.5223ms elapsed_secs=0.0095223
2026-08-29T17:32:02.596046Z DEBUG MapleEMR::route::home_route: Retrieved 7 patients:
2026-08-29T17:32:02.606163Z DEBUG sqlx::query: summary="select e.id \"encounter_id\", admit_timestamp, …" db.statement="\n\n\n                                    select e.id \"encounter_id\", admit_timestamp,\n                                        discharge_timestamp as \"discharge_timestamp?\",\n                                        COALESCE(admit_notes, '') as \"admit_notes\",\n                                        COALESCE(discharge_notes, '') as \"discharge_notes\",\n                                        s.name \"encounter_site_name\",\n                                        l.short_name \"room_identifier\",\n                                        'Y' as \"current_encounter\"\n                                    from encounter e\n                                    join location l on e.location_id = l.id\n                                    join site s on s.id = l.site_id\n                                    where patient_id = 1\n                                      and discharge_timestamp is null\n                                      limit 1\n                                    \n" rows_affected=1 rows_returned=1 elapsed=9.6948ms elapsed_secs=0.0096948
2026-08-29T17:32:02.611232Z DEBUG sqlx::query: summary="SELECT i.id intervention_id, encounter_id, …" db.statement="\n\n\n                                SELECT i.id intervention_id, encounter_id, i.description, i.notes, location_id, users_id,\n                                    intervention_type_id, status_id,\n                                    l.room_identifier,\n                                    ref1.name \"intervention_type\", \n                                    ref2.name \"status\", i.scheduled_timestamp, i.performed_timestamp\n                                FROM intervention i\n                                join location l on  l.id = i.location_id\n                                join common_reference_type ref1 on i.intervention_type_id = ref1.id\n                                join common_reference_type ref2 on i.status_id = ref2.id \n                                where i.encounter_id = 1\n                                  AND i.intervention_type_id = 38\n                                ORDER BY i.id DESC LIMIT 1\n                                                \n" rows_affected=1 rows_returned=1 elapsed=4.6181ms elapsed_secs=0.0046181
2026-08-29T17:32:02.612735Z DEBUG sqlx::query: summary="select e.id \"encounter_id\", admit_timestamp, …" db.statement="\n\n\n                                    select e.id \"encounter_id\", admit_timestamp,\n                                        discharge_timestamp as \"discharge_timestamp?\",\n                                        COALESCE(admit_notes, '') as \"admit_notes\",\n                                        COALESCE(discharge_notes, '') as \"discharge_notes\",\n                                        s.name \"encounter_site_name\",\n                                        l.short_name \"room_identifier\",\n                                        'Y' as \"current_encounter\"\n                                    from encounter e\n                                    join location l on e.location_id = l.id\n                                    join site s on s.id = l.site_id\n                                    where patient_id = 2\n                                      and discharge_timestamp is null\n                                      limit 1\n                                    \n" rows_affected=1 rows_returned=1 elapsed=1.0057ms elapsed_secs=0.0010057
2026-08-29T17:32:02.614098Z DEBUG sqlx::query: summary="SELECT i.id intervention_id, encounter_id, …" db.statement="\n\n\n                                SELECT i.id intervention_id, encounter_id, i.description, i.notes, location_id, users_id,\n                                    intervention_type_id, status_id,\n                                    l.room_identifier,\n                                    ref1.name \"intervention_type\", \n                                    ref2.name \"status\", i.scheduled_timestamp, i.performed_timestamp\n                                FROM intervention i\n                                join location l on  l.id = i.location_id\n                                join common_reference_type ref1 on i.intervention_type_id = ref1.id\n                                join common_reference_type ref2 on i.status_id = ref2.id \n                                where i.encounter_id = 2\n                                  AND i.intervention_type_id = 38\n                                ORDER BY i.id DESC LIMIT 1\n                                                \n" rows_affected=1 rows_returned=1 elapsed=1.0133ms elapsed_secs=0.0010133
2026-08-29T17:32:02.615374Z DEBUG sqlx::query: summary="select e.id \"encounter_id\", admit_timestamp, …" db.statement="\n\n\n                                    select e.id \"encounter_id\", admit_timestamp,\n                                        discharge_timestamp as \"discharge_timestamp?\",\n                                        COALESCE(admit_notes, '') as \"admit_notes\",\n                                        COALESCE(discharge_notes, '') as \"discharge_notes\",\n                                        s.name \"encounter_site_name\",\n                                        l.short_name \"room_identifier\",\n                                        'Y' as \"current_encounter\"\n                                    from encounter e\n                                    join location l on e.location_id = l.id\n                                    join site s on s.id = l.site_id\n                                    where patient_id = 3\n                                      and discharge_timestamp is null\n                                      limit 1\n                                    \n" rows_affected=1 rows_returned=1 elapsed=894.8µs elapsed_secs=0.0008948
2026-08-29T17:32:02.616691Z DEBUG sqlx::query: summary="SELECT i.id intervention_id, encounter_id, …" db.statement="\n\n\n                                SELECT i.id intervention_id, encounter_id, i.description, i.notes, location_id, users_id,\n                                    intervention_type_id, status_id,\n                                    l.room_identifier,\n                                    ref1.name \"intervention_type\", \n                                    ref2.name \"status\", i.scheduled_timestamp, i.performed_timestamp\n                                FROM intervention i\n                                join location l on  l.id = i.location_id\n                                join common_reference_type ref1 on i.intervention_type_id = ref1.id\n                                join common_reference_type ref2 on i.status_id = ref2.id \n                                where i.encounter_id = 3\n                                  AND i.intervention_type_id = 38\n                                ORDER BY i.id DESC LIMIT 1\n                                                \n" rows_affected=1 rows_returned=1 elapsed=1.0065ms elapsed_secs=0.0010065
2026-08-29T17:32:02.618117Z DEBUG sqlx::query: summary="select e.id \"encounter_id\", admit_timestamp, …" db.statement="\n\n\n                                    select e.id \"encounter_id\", admit_timestamp,\n                                        discharge_timestamp as \"discharge_timestamp?\",\n                                        COALESCE(admit_notes, '') as \"admit_notes\",\n                                        COALESCE(discharge_notes, '') as \"discharge_notes\",\n                                        s.name \"encounter_site_name\",\n                                        l.short_name \"room_identifier\",\n                                        'Y' as \"current_encounter\"\n                                    from encounter e\n                                    join location l on e.location_id = l.id\n                                    join site s on s.id = l.site_id\n                                    where patient_id = 5\n                                      and discharge_timestamp is null\n                                      limit 1\n                                    \n" rows_affected=1 rows_returned=1 elapsed=1.0662ms elapsed_secs=0.0010662
2026-08-29T17:32:02.619922Z DEBUG sqlx::query: summary="SELECT i.id intervention_id, encounter_id, …" db.statement="\n\n\n                                SELECT i.id intervention_id, encounter_id, i.description, i.notes, location_id, users_id,\n                                    intervention_type_id, status_id,\n                                    l.room_identifier,\n                                    ref1.name \"intervention_type\", \n                                    ref2.name \"status\", i.scheduled_timestamp, i.performed_timestamp\n                                FROM intervention i\n                                join location l on  l.id = i.location_id\n                                join common_reference_type ref1 on i.intervention_type_id = ref1.id\n                                join common_reference_type ref2 on i.status_id = ref2.id \n                                where i.encounter_id = 10\n                                  AND i.intervention_type_id = 38\n                                ORDER BY i.id DESC LIMIT 1\n                                                \n" rows_affected=0 rows_returned=0 elapsed=1.1912ms elapsed_secs=0.0011912
2026-08-29T17:32:02.620001Z DEBUG MapleEMR::dao::intervention_dao: No Interventions found for encounter_id: 10 [count=0]
2026-08-29T17:32:02.621503Z DEBUG sqlx::query: summary="select e.id \"encounter_id\", admit_timestamp, …" db.statement="\n\n\n                                    select e.id \"encounter_id\", admit_timestamp,\n                                        discharge_timestamp as \"discharge_timestamp?\",\n                                        COALESCE(admit_notes, '') as \"admit_notes\",\n                                        COALESCE(discharge_notes, '') as \"discharge_notes\",\n                                        s.name \"encounter_site_name\",\n                                        l.short_name \"room_identifier\",\n                                        'Y' as \"current_encounter\"\n                                    from encounter e\n                                    join location l on e.location_id = l.id\n                                    join site s on s.id = l.site_id\n                                    where patient_id = 25\n                                      and discharge_timestamp is null\n                                      limit 1\n                                    \n" rows_affected=1 rows_returned=1 elapsed=1.1148ms elapsed_secs=0.0011148
2026-08-29T17:32:02.623141Z DEBUG sqlx::query: summary="SELECT i.id intervention_id, encounter_id, …" db.statement="\n\n\n                                SELECT i.id intervention_id, encounter_id, i.description, i.notes, location_id, users_id,\n                                    intervention_type_id, status_id,\n                                    l.room_identifier,\n                                    ref1.name \"intervention_type\", \n                                    ref2.name \"status\", i.scheduled_timestamp, i.performed_timestamp\n                                FROM intervention i\n                                join location l on  l.id = i.location_id\n                                join common_reference_type ref1 on i.intervention_type_id = ref1.id\n                                join common_reference_type ref2 on i.status_id = ref2.id \n                                where i.encounter_id = 11\n                                  AND i.intervention_type_id = 38\n                                ORDER BY i.id DESC LIMIT 1\n                                                \n" rows_affected=0 rows_returned=0 elapsed=1.2223ms elapsed_secs=0.0012223
2026-08-29T17:32:02.623250Z DEBUG MapleEMR::dao::intervention_dao: No Interventions found for encounter_id: 11 [count=0]
2026-08-29T17:32:02.624822Z DEBUG sqlx::query: summary="select e.id \"encounter_id\", admit_timestamp, …" db.statement="\n\n\n                                    select e.id \"encounter_id\", admit_timestamp,\n                                        discharge_timestamp as \"discharge_timestamp?\",\n                                        COALESCE(admit_notes, '') as \"admit_notes\",\n                                        COALESCE(discharge_notes, '') as \"discharge_notes\",\n                                        s.name \"encounter_site_name\",\n                                        l.short_name \"room_identifier\",\n                                        'Y' as \"current_encounter\"\n                                    from encounter e\n                                    join location l on e.location_id = l.id\n                                    join site s on s.id = l.site_id\n                                    where patient_id = 26\n                                      and discharge_timestamp is null\n                                      limit 1\n                                    \n" rows_affected=1 rows_returned=1 elapsed=1.0997ms elapsed_secs=0.0010997
2026-08-29T17:32:02.626551Z DEBUG sqlx::query: summary="SELECT i.id intervention_id, encounter_id, …" db.statement="\n\n\n                                SELECT i.id intervention_id, encounter_id, i.description, i.notes, location_id, users_id,\n                                    intervention_type_id, status_id,\n                                    l.room_identifier,\n                                    ref1.name \"intervention_type\", \n                                    ref2.name \"status\", i.scheduled_timestamp, i.performed_timestamp\n                                FROM intervention i\n                                join location l on  l.id = i.location_id\n                                join common_reference_type ref1 on i.intervention_type_id = ref1.id\n                                join common_reference_type ref2 on i.status_id = ref2.id \n                                where i.encounter_id = 12\n                                  AND i.intervention_type_id = 38\n                                ORDER BY i.id DESC LIMIT 1\n                                                \n" rows_affected=0 rows_returned=0 elapsed=1.2744ms elapsed_secs=0.0012744
2026-08-29T17:32:02.626641Z DEBUG MapleEMR::dao::intervention_dao: No Interventions found for encounter_id: 12 [count=0]
2026-08-29T17:32:02.628057Z DEBUG sqlx::query: summary="select e.id \"encounter_id\", admit_timestamp, …" db.statement="\n\n\n                                    select e.id \"encounter_id\", admit_timestamp,\n                                        discharge_timestamp as \"discharge_timestamp?\",\n                                        COALESCE(admit_notes, '') as \"admit_notes\",\n                                        COALESCE(discharge_notes, '') as \"discharge_notes\",\n                                        s.name \"encounter_site_name\",\n                                        l.short_name \"room_identifier\",\n                                        'Y' as \"current_encounter\"\n                                    from encounter e\n                                    join location l on e.location_id = l.id\n                                    join site s on s.id = l.site_id\n                                    where patient_id = 27\n                                      and discharge_timestamp is null\n                                      limit 1\n                                    \n" rows_affected=1 rows_returned=1 elapsed=1.0227ms elapsed_secs=0.0010227
2026-08-29T17:32:02.629519Z DEBUG sqlx::query: summary="SELECT i.id intervention_id, encounter_id, …" db.statement="\n\n\n                                SELECT i.id intervention_id, encounter_id, i.description, i.notes, location_id, users_id,\n                                    intervention_type_id, status_id,\n                                    l.room_identifier,\n                                    ref1.name \"intervention_type\", \n                                    ref2.name \"status\", i.scheduled_timestamp, i.performed_timestamp\n                                FROM intervention i\n                                join location l on  l.id = i.location_id\n                                join common_reference_type ref1 on i.intervention_type_id = ref1.id\n                                join common_reference_type ref2 on i.status_id = ref2.id \n                                where i.encounter_id = 13\n                                  AND i.intervention_type_id = 38\n                                ORDER BY i.id DESC LIMIT 1\n                                                \n" rows_affected=0 rows_returned=0 elapsed=1.095ms elapsed_secs=0.001095
2026-08-29T17:32:02.629630Z DEBUG MapleEMR::dao::intervention_dao: No Interventions found for encounter_id: 13 [count=0]
2026-08-29T17:32:04.781114Z DEBUG MapleEMR::route::patient_route: -> /patientdtls Route Requested
2026-08-29T17:32:04.782164Z DEBUG sqlx::query: summary="select e.id \"encounter_id\", admit_timestamp, …" db.statement="\n\n\n                                    select e.id \"encounter_id\", admit_timestamp,\n                                        discharge_timestamp as \"discharge_timestamp?\",\n                                        COALESCE(admit_notes, '') as \"admit_notes\",\n                                        COALESCE(discharge_notes, '') as \"discharge_notes\",\n                                        s.name \"encounter_site_name\",\n                                        l.short_name \"room_identifier\",\n                                        'Y' as \"current_encounter\"\n                                    from encounter e\n                                    join location l on e.location_id = l.id\n                                    join site s on s.id = l.site_id\n                                    where patient_id = 26\n                                      and discharge_timestamp is null\n                                      limit 1\n                                    \n" rows_affected=1 rows_returned=1 elapsed=422.3µs elapsed_secs=0.0004223
2026-08-29T17:32:04.782914Z DEBUG sqlx::query: summary="SELECT i.id intervention_id, encounter_id, …" db.statement="\n\n\n                                SELECT i.id intervention_id, encounter_id, i.description, i.notes, location_id, users_id,\n                                    intervention_type_id, status_id,\n                                    l.room_identifier,\n                                    ref1.name \"intervention_type\", \n                                    ref2.name \"status\", i.scheduled_timestamp, i.performed_timestamp\n                                FROM intervention i\n                                join location l on  l.id = i.location_id\n                                join common_reference_type ref1 on i.intervention_type_id = ref1.id\n                                join common_reference_type ref2 on i.status_id = ref2.id \n                                where i.encounter_id = 12\n                                  AND i.intervention_type_id = 38\n                                ORDER BY i.id DESC LIMIT 1\n                                                \n" rows_affected=0 rows_returned=0 elapsed=389.1µs elapsed_secs=0.0003891
2026-08-29T17:32:04.782983Z DEBUG MapleEMR::dao::intervention_dao: No Interventions found for encounter_id: 12 [count=0]
2026-08-29T17:32:04.786371Z DEBUG sqlx::query: summary="select e.id \"encounter_id\", admit_timestamp, …" db.statement="\n\n\n                                    select e.id \"encounter_id\", admit_timestamp,\n                                        discharge_timestamp as \"discharge_timestamp?\",\n                                        COALESCE(admit_notes, '') as \"admit_notes\",\n                                        COALESCE(discharge_notes, '') as \"discharge_notes\",\n                                        s.name \"encounter_site_name\",\n                                        l.short_name \"room_identifier\",\n                                        CASE WHEN discharge_timestamp is null then 'Y' else 'N' end as \"current_encounter\"\n                                    from encounter e\n                                    join location l on e.location_id = l.id\n                                    join site s on s.id = l.site_id\n                                    where patient_id = 26\n                                    order by admit_timestamp desc\n                                    \n" rows_affected=1 rows_returned=1 elapsed=3.0388ms elapsed_secs=0.0030388
2026-08-29T17:32:04.786503Z DEBUG MapleEMR::ui::simple_fmt: >get_encounter_list_tile()
2026-08-29T17:32:04.790594Z DEBUG sqlx::query: summary="SELECT i.id intervention_id, encounter_id, …" db.statement="\n\n\n                                SELECT i.id intervention_id, encounter_id, i.description, i.notes, location_id, users_id,\n                                     intervention_type_id, status_id,\n                                    l.room_identifier,\n                                    ref1.name \"intervention_type\", \n                                    ref2.name \"status\", i.scheduled_timestamp, i.performed_timestamp\n                                FROM intervention i\n                                join location l on  l.id = i.location_id\n                                join common_reference_type ref1 on i.intervention_type_id = ref1.id\n                                join common_reference_type ref2 on i.status_id = ref2.id \n                                where i.encounter_id = 12\n                                ORDER BY i.id DESC\n                                               \n" rows_affected=1 rows_returned=1 elapsed=2.701ms elapsed_secs=0.002701
2026-08-29T17:32:04.790671Z DEBUG MapleEMR::ui::simple_fmt: >get_intervention_list_tile()
2026-08-29T17:32:04.790746Z DEBUG MapleEMR::dao::patient_dao: get_patient_details Query: SELECT p.id "patient_id", e.id "encounter_id", e.location_id "location_id", legal_first_name, legal_last_name, COALESCE(legal_middle_names, '') as "legal_middle_names",
                                                COALESCE(admit_notes, '') as "admit_notes", COALESCE(discharge_notes, '') as "discharge_notes",
                                                birthdate, admit_timestamp,
                                                discharge_timestamp as "discharge_timestamp?",
                                                sin, phn, l2.short_name "location_short_name"
                                            FROM patient p
                                            join encounter e on p.id = e.patient_id
											join location l2 on l2.id = e.location_id
                                            where patient_id = 26
2026-08-29T17:32:04.795093Z DEBUG sqlx::query: summary="SELECT p.id \"patient_id\", e.id …" db.statement="\n\nSELECT p.id \"patient_id\", e.id \"encounter_id\", e.location_id \"location_id\", legal_first_name, legal_last_name, COALESCE(legal_middle_names, '') as \"legal_middle_names\",\n                                                COALESCE(admit_notes, '') as \"admit_notes\", COALESCE(discharge_notes, '') as \"discharge_notes\",\n                                                birthdate, admit_timestamp,\n                                                discharge_timestamp as \"discharge_timestamp?\",\n                                                sin, phn, l2.short_name \"location_short_name\"\n                                            FROM patient p\n                                            join encounter e on p.id = e.patient_id\n\t\t\t\t\t\t\t\t\t\t\tjoin location l2 on l2.id = e.location_id\n                                            where patient_id = 26\n" rows_affected=1 rows_returned=1 elapsed=3.8878ms elapsed_secs=0.0038878
2026-08-29T17:32:04.795239Z DEBUG MapleEMR::dao::patient_dao: >get_patients_at_users_site_no_discharge() Query: SELECT p.id, e.id, e.location_id, legal_first_name, legal_last_name, COALESCE(legal_middle_names, '') as "legal_middle_names",
                                        COALESCE(admit_notes, '') as "admit_notes", COALESCE(discharge_notes, '') as "discharge_notes",
                                        birthdate, admit_timestamp,
                                        discharge_timestamp as "discharge_timestamp?",
                                        phn, l2.short_name "location_short_name"
                                    FROM patient p
                                    join encounter e on p.id = e.patient_id
									join location l2 on l2.id = e.location_id
                                    where discharge_timestamp is null
                                      and location_id in (
                                        select l.id
                                        from location l
                                        where site_id in (
                                        select site_id
                                        from user_permission up
                                        where users_id = 2
                                            and up.site_id = l.site_id)  )
2026-08-29T17:32:04.796195Z DEBUG sqlx::query: summary="SELECT p.id, e.id, e.location_id, …" db.statement="\n\nSELECT p.id, e.id, e.location_id, legal_first_name, legal_last_name, COALESCE(legal_middle_names, '') as \"legal_middle_names\",\n                                        COALESCE(admit_notes, '') as \"admit_notes\", COALESCE(discharge_notes, '') as \"discharge_notes\",\n                                        birthdate, admit_timestamp,\n                                        discharge_timestamp as \"discharge_timestamp?\",\n                                        phn, l2.short_name \"location_short_name\"\n                                    FROM patient p\n                                    join encounter e on p.id = e.patient_id\n\t\t\t\t\t\t\t\t\tjoin location l2 on l2.id = e.location_id\n                                    where discharge_timestamp is null\n                                      and location_id in (\n                                        select l.id\n                                        from location l\n                                        where site_id in (\n                                        select site_id\n                                        from user_permission up\n                                        where users_id = 2\n                                            and up.site_id = l.site_id)  )\n" rows_affected=7 rows_returned=7 elapsed=608.6µs elapsed_secs=0.0006086
2026-08-29T17:32:04.796282Z DEBUG MapleEMR::dao::common_dao: get_common_references()
2026-08-29T17:32:04.798630Z DEBUG sqlx::query: summary="select id, name, description …" db.statement="\n\nselect id, name, description from common_reference_type where group_id = 1 ORDER BY NAME\n" rows_affected=19 rows_returned=19 elapsed=2.0619ms elapsed_secs=0.0020619
2026-08-29T17:32:04.798702Z DEBUG MapleEMR::ui::tile_factory: >get_patient_details_full_tile()
2026-08-29T17:32:04.798798Z DEBUG MapleEMR::ui::common: > get_dropdown_generic(intervention_type_id)
2026-08-29T17:32:06.617822Z DEBUG MapleEMR::route::intervention_route: -> Route Requested: /intvlink  route_to_modify_intervention_basic()
2026-08-29T17:32:06.617883Z DEBUG MapleEMR::route::intervention_route: -> Route Requested: /intv  (add/modify)
2026-08-29T17:32:06.617955Z DEBUG MapleEMR::route::intervention_route:    Intervention exists: view existing Intervention
2026-08-29T17:32:06.620651Z DEBUG sqlx::query: summary="SELECT i.id intervention_id, encounter_id, …" db.statement="\n\nSELECT i.id intervention_id,\n                                                encounter_id,\n                                                i.description,\n                                                i.notes,\n                                                i.location_id,\n                                                users_id,\n                                                intervention_type_id,\n                                                status_id,\n                                                l.room_identifier,\n                                                ref1.name \"intervention_type\", \n                                                ref2.name \"status\",\n                                                i.scheduled_timestamp,\n                                                i.performed_timestamp,\n                                                e.patient_id\n                                            FROM intervention i\n                                            join encounter e ON e.id = i.encounter_id\n                                            join location l on  l.id = i.location_id\n                                            join common_reference_type ref1 on i.intervention_type_id = ref1.id\n                                            join common_reference_type ref2 on i.status_id = ref2.id \n                                            where i.id = 15\n                                              \n" rows_affected=1 rows_returned=1 elapsed=1.864ms elapsed_secs=0.001864
2026-08-29T17:32:06.629898Z DEBUG sqlx::query: summary="SELECT i.id \"intervention_details_id\", value, …" db.statement="\n\n\n                                                    SELECT i.id \"intervention_details_id\", value, notes, entry_timestamp, ref1.name \"intervention_type\", intervention_id, type_id\n                                                        FROM intervention_details i\n                                                        JOIN common_reference_type ref1 on i.type_id = ref1.id \n                                                        WHERE i.intervention_id = 15\n                                                \n" rows_affected=0 rows_returned=0 elapsed=8.2366ms elapsed_secs=0.0082366
2026-08-29T17:32:06.629984Z DEBUG MapleEMR::dao::intervention_dao: No intervention details found for intervention_id: 15 [0]
2026-08-29T17:32:06.630006Z DEBUG MapleEMR::dao::intervention_dao: get_interventions_details() Query: 
                                                    SELECT i.id "intervention_details_id", value, notes, entry_timestamp, ref1.name "intervention_type", intervention_id, type_id
                                                        FROM intervention_details i
                                                        JOIN common_reference_type ref1 on i.type_id = ref1.id 
                                                        WHERE i.intervention_id = 15
                                                
2026-08-29T17:32:06.630053Z DEBUG MapleEMR::dao::patient_dao: >get_patients_at_users_site_no_discharge() Query: SELECT p.id, e.id, e.location_id, legal_first_name, legal_last_name, COALESCE(legal_middle_names, '') as "legal_middle_names",
                                        COALESCE(admit_notes, '') as "admit_notes", COALESCE(discharge_notes, '') as "discharge_notes",
                                        birthdate, admit_timestamp,
                                        discharge_timestamp as "discharge_timestamp?",
                                        phn, l2.short_name "location_short_name"
                                    FROM patient p
                                    join encounter e on p.id = e.patient_id
									join location l2 on l2.id = e.location_id
                                    where discharge_timestamp is null
                                      and location_id in (
                                        select l.id
                                        from location l
                                        where site_id in (
                                        select site_id
                                        from user_permission up
                                        where users_id = 2
                                            and up.site_id = l.site_id)  )
2026-08-29T17:32:06.631023Z DEBUG sqlx::query: summary="SELECT p.id, e.id, e.location_id, …" db.statement="\n\nSELECT p.id, e.id, e.location_id, legal_first_name, legal_last_name, COALESCE(legal_middle_names, '') as \"legal_middle_names\",\n                                        COALESCE(admit_notes, '') as \"admit_notes\", COALESCE(discharge_notes, '') as \"discharge_notes\",\n                                        birthdate, admit_timestamp,\n                                        discharge_timestamp as \"discharge_timestamp?\",\n                                        phn, l2.short_name \"location_short_name\"\n                                    FROM patient p\n                                    join encounter e on p.id = e.patient_id\n\t\t\t\t\t\t\t\t\tjoin location l2 on l2.id = e.location_id\n                                    where discharge_timestamp is null\n                                      and location_id in (\n                                        select l.id\n                                        from location l\n                                        where site_id in (\n                                        select site_id\n                                        from user_permission up\n                                        where users_id = 2\n                                            and up.site_id = l.site_id)  )\n" rows_affected=7 rows_returned=7 elapsed=664µs elapsed_secs=0.000664
2026-08-29T17:32:06.631127Z DEBUG MapleEMR::dao::auth_dao: get_user_and_departments_at_current_user_sites()
2026-08-29T17:32:06.641194Z DEBUG sqlx::query: summary="select distinct u.id user_id, …" db.statement="\n\n\n                                                select distinct u.id user_id,\n                                                    d.name || ' ('|| u.name||')' \"name\",\n                                                    u.name \"user_name\"\n                                                from user_permission up\n                                                join users u on up.users_id = u.id\n                                                join department d on up.department_id = d.id\n                                                where up.active_flag = 'Y'\n                                                and site_id is not null\n\t\t\t\t\t\t\t\t\t\t\t\torder by  d.name || ' ('|| u.name||')'\n                                                \n" rows_affected=10 rows_returned=10 elapsed=9.789ms elapsed_secs=0.009789
2026-08-29T17:32:06.641293Z DEBUG MapleEMR::dao::common_dao: get_common_reference()
2026-08-29T17:32:06.642523Z DEBUG sqlx::query: summary="SELECT id, name, description …" db.statement="\n\nSELECT id, name, description FROM common_reference_type WHERE ID = 9 LIMIT 1\n" rows_affected=1 rows_returned=1 elapsed=893.2µs elapsed_secs=0.0008932
2026-08-29T17:32:06.642611Z DEBUG MapleEMR::dao::common_dao: get_common_references()
2026-08-29T17:32:06.644187Z DEBUG sqlx::query: summary="select id, name, description …" db.statement="\n\nselect id, name, description from common_reference_type where group_id = 5 ORDER BY NAME\n" rows_affected=3 rows_returned=3 elapsed=889µs elapsed_secs=0.000889
2026-08-29T17:32:06.644292Z DEBUG MapleEMR::dao::common_dao: get_common_references()
2026-08-29T17:32:06.646223Z DEBUG sqlx::query: summary="select id, name, description …" db.statement="\n\nselect id, name, description from common_reference_type where group_id = 2 ORDER BY NAME\n" rows_affected=6 rows_returned=6 elapsed=1.554ms elapsed_secs=0.001554
2026-08-29T17:32:06.646353Z DEBUG MapleEMR::dao::common_dao: get_locations_for_user()
2026-08-29T17:32:06.648090Z DEBUG sqlx::query: summary="select id, name || …" db.statement="\n\n\n                                        select id, name || ' (' || short_name|| ')' from location\n                                        where active_flag = 'Y'\n                                        and site_id in (\n                                            select site_id\n                                            from user_permission\n                                            where users_id = 2\n                                                and active_flag = 'Y' )\n" rows_affected=34 rows_returned=34 elapsed=1.1857ms elapsed_secs=0.0011857
2026-08-29T17:32:06.648221Z DEBUG MapleEMR::ui::common: > get_location_dropdown()
2026-08-29T17:32:06.648316Z DEBUG MapleEMR::ui::tile_factory: >get_modify_intervention_full_page_tile()
2026-08-29T17:32:06.648383Z DEBUG MapleEMR::ui::tile_factory:   Update existing Intervention
2026-08-29T17:32:06.648397Z DEBUG MapleEMR::ui::common: > get_dropdown_generic(users_id)
2026-08-29T17:32:06.648420Z DEBUG MapleEMR::ui::common: > get_dropdown_generic(status_id)
2026-08-29T17:32:06.648481Z DEBUG MapleEMR::ui::intervention_fmt: >get_view_only_intervention_details_list()
2026-08-29T17:33:44.481933Z  INFO actix_server::server: SIGINT received; starting forced shutdown
2026-08-29T17:33:44.482115Z DEBUG actix_server::accept: paused accepting connections on 127.0.0.1:8000
2026-08-29T17:33:44.482160Z  INFO actix_server::accept: accept thread stopped
2026-08-29T17:33:44.482202Z  INFO actix_server::worker: shutting down idle worker
2026-08-29T17:33:44.482324Z  INFO actix_server::worker: shutting down idle worker
2026-08-29T17:33:44.482446Z  INFO actix_server::worker: shutting down idle worker
2026-08-29T17:33:44.482468Z  INFO actix_server::worker: shutting down idle worker
