2026-08-26T16:40:49.556316Z  INFO MapleEMR: MapleEMR is running! Access via: http://127.0.0.1:8000
2026-08-26T16:40:49.665614Z  INFO MapleEMR: Database connection established to: postgres://postgres:csm500@localhost:5432/csm500
2026-08-26T16:40:49.665690Z  INFO MapleEMR: CARGO_MANIFEST_DIR = C:\uol\csm500-final-project\src\app
2026-08-26T16:40:49.709759Z  INFO ort::logging: Discovered OrtHardwareDevice {vendor_id:0x8086, device_id:0x1912, vendor:Intel Corporation, type:1, metadata: [Description=Intel(R) HD Graphics 530, Discrete=0, DxgiAdapterNumber=0, DxgiHighPerformanceIndex=0, DxgiVideoMemory=128 MB, LUID=49304, ]}
2026-08-26T16:40:49.711742Z  INFO ort::logging: Discovered OrtHardwareDevice {vendor_id:0x8086, device_id:0x0, vendor:Intel, type:0, metadata: [Description=Intel(R) Core(TM) i5-6600 CPU @ 3.30GHz, ]}
2026-08-26T16:40:49.712551Z  INFO ort::logging: Session Options {  execution_mode:0 execution_order:DEFAULT enable_profiling:0 optimized_model_filepath: enable_mem_pattern:1 enable_mem_reuse:1 enable_cpu_mem_arena:1 profile_file_prefix:onnxruntime_profile_ session_logid: session_log_severity_level:-1 session_log_verbosity_level:0 max_num_graph_transformation_steps:10 graph_optimization_level:1 intra_op_param:OrtThreadPoolParams { thread_pool_size: 1 auto_set_affinity: 0 allow_spinning: 0 dynamic_block_base_: 0 stack_size: 0 affinity_str:  set_denormal_as_zero: 0 } inter_op_param:OrtThreadPoolParams { thread_pool_size: 0 auto_set_affinity: 0 allow_spinning: 0 dynamic_block_base_: 0 stack_size: 0 affinity_str:  set_denormal_as_zero: 0 } use_per_session_threads:1 thread_pool_allow_spinning:1 use_deterministic_compute:0 ep_selection_policy:5 config_options: {  } }
2026-08-26T16:40:49.712614Z  INFO ort::logging: Flush-to-zero and denormal-as-zero are off
2026-08-26T16:40:49.712631Z  INFO ort::logging: Creating and using per session threadpools since use_per_session_threads_ is true
2026-08-26T16:40:49.712685Z  INFO ort::logging: Dynamic block base set to 0
2026-08-26T16:40:49.769467Z  INFO ort::logging: Initializing session.
2026-08-26T16:40:49.769560Z  INFO ort::logging: Creating BFCArena for Cpu with following configs: initial_chunk_size_bytes: 1048576 max_dead_bytes_per_chunk: 134217728 initial_growth_chunk_size_bytes: 2097152 max_power_of_two_extend_bytes: 1073741824 memory limit: 18446744073709551615 arena_extend_strategy: 0
2026-08-26T16:40:49.773500Z  INFO ort::logging: This model does not have any local functions defined. AOT Inlining is not performed
2026-08-26T16:40:49.796292Z  INFO ort::logging: GraphTransformer EnsureUniqueDQForNodeUnit modified: 0 with status: OK
2026-08-26T16:40:49.796741Z  INFO ort::logging: GraphTransformer Level1_RuleBasedTransformer modified: 0 with status: OK
2026-08-26T16:40:49.796885Z  INFO ort::logging: GraphTransformer DoubleQDQPairsRemover modified: 0 with status: OK
2026-08-26T16:40:49.798265Z  INFO ort::logging: Total shared scalar initializer count: 199
2026-08-26T16:40:49.798296Z  INFO ort::logging: GraphTransformer ConstantSharing modified: 1 with status: OK
2026-08-26T16:40:49.802999Z  INFO ort::logging: GraphTransformer CommonSubexpressionElimination modified: 1 with status: OK
2026-08-26T16:40:49.809695Z  INFO ort::logging: GraphTransformer ConstantFolding modified: 1 with status: OK
2026-08-26T16:40:49.813519Z  INFO ort::logging: Removing initializer '/1/Constant_8_output_0'. It is no longer used by any node.
2026-08-26T16:40:49.813558Z  INFO ort::logging: Removing initializer '/0/auto_model/Shape_2_output_0'. It is no longer used by any node.
2026-08-26T16:40:49.813575Z  INFO ort::logging: Removing initializer '/1/Shape_3_output_0'. It is no longer used by any node.
2026-08-26T16:40:49.813783Z  INFO ort::logging: GraphTransformer MatMulAddFusion modified: 0 with status: OK
2026-08-26T16:40:49.813971Z  INFO ort::logging: Fused reshape node: /0/auto_model/encoder/layer.0/attention/self/Reshape_output_0
2026-08-26T16:40:49.814011Z  INFO ort::logging: Fused reshape node: /0/auto_model/encoder/layer.0/attention/self/Reshape_2_output_0
2026-08-26T16:40:49.814047Z  INFO ort::logging: Fused reshape node: /0/auto_model/encoder/layer.0/attention/self/Reshape_1_output_0
2026-08-26T16:40:49.814148Z  INFO ort::logging: Fused reshape node: /0/auto_model/encoder/layer.0/attention/self/Reshape_3_output_0
2026-08-26T16:40:49.814191Z  INFO ort::logging: Fused reshape node: /0/auto_model/encoder/layer.1/attention/self/Reshape_output_0
2026-08-26T16:40:49.814227Z  INFO ort::logging: Fused reshape node: /0/auto_model/encoder/layer.1/attention/self/Reshape_2_output_0
2026-08-26T16:40:49.814266Z  INFO ort::logging: Fused reshape node: /0/auto_model/encoder/layer.1/attention/self/Reshape_1_output_0
2026-08-26T16:40:49.814306Z  INFO ort::logging: Fused reshape node: /0/auto_model/encoder/layer.1/attention/self/Reshape_3_output_0
2026-08-26T16:40:49.814343Z  INFO ort::logging: Fused reshape node: /0/auto_model/encoder/layer.2/attention/self/Reshape_output_0
2026-08-26T16:40:49.814379Z  INFO ort::logging: Fused reshape node: /0/auto_model/encoder/layer.2/attention/self/Reshape_2_output_0
2026-08-26T16:40:49.814415Z  INFO ort::logging: Fused reshape node: /0/auto_model/encoder/layer.2/attention/self/Reshape_1_output_0
2026-08-26T16:40:49.814454Z  INFO ort::logging: Fused reshape node: /0/auto_model/encoder/layer.2/attention/self/Reshape_3_output_0
2026-08-26T16:40:49.814491Z  INFO ort::logging: Fused reshape node: /0/auto_model/encoder/layer.3/attention/self/Reshape_output_0
2026-08-26T16:40:49.814527Z  INFO ort::logging: Fused reshape node: /0/auto_model/encoder/layer.3/attention/self/Reshape_2_output_0
2026-08-26T16:40:49.814563Z  INFO ort::logging: Fused reshape node: /0/auto_model/encoder/layer.3/attention/self/Reshape_1_output_0
2026-08-26T16:40:49.814602Z  INFO ort::logging: Fused reshape node: /0/auto_model/encoder/layer.3/attention/self/Reshape_3_output_0
2026-08-26T16:40:49.814639Z  INFO ort::logging: Fused reshape node: /0/auto_model/encoder/layer.4/attention/self/Reshape_output_0
2026-08-26T16:40:49.814685Z  INFO ort::logging: Fused reshape node: /0/auto_model/encoder/layer.4/attention/self/Reshape_2_output_0
2026-08-26T16:40:49.814722Z  INFO ort::logging: Fused reshape node: /0/auto_model/encoder/layer.4/attention/self/Reshape_1_output_0
2026-08-26T16:40:49.814762Z  INFO ort::logging: Fused reshape node: /0/auto_model/encoder/layer.4/attention/self/Reshape_3_output_0
2026-08-26T16:40:49.814798Z  INFO ort::logging: Fused reshape node: /0/auto_model/encoder/layer.5/attention/self/Reshape_output_0
2026-08-26T16:40:49.814834Z  INFO ort::logging: Fused reshape node: /0/auto_model/encoder/layer.5/attention/self/Reshape_2_output_0
2026-08-26T16:40:49.814869Z  INFO ort::logging: Fused reshape node: /0/auto_model/encoder/layer.5/attention/self/Reshape_1_output_0
2026-08-26T16:40:49.814907Z  INFO ort::logging: Fused reshape node: /0/auto_model/encoder/layer.5/attention/self/Reshape_3_output_0
2026-08-26T16:40:49.814926Z  INFO ort::logging: Total fused reshape node count: 24
2026-08-26T16:40:49.814942Z  INFO ort::logging: GraphTransformer ReshapeFusion modified: 1 with status: OK
2026-08-26T16:40:49.817681Z  INFO ort::logging: Removing initializer '/0/auto_model/encoder/layer.4/attention/self/Constant_11_output_0'. It is no longer used by any node.
2026-08-26T16:40:49.817708Z  INFO ort::logging: Removing initializer '/0/auto_model/encoder/layer.4/attention/self/Constant_6_output_0'. It is no longer used by any node.
2026-08-26T16:40:49.817732Z  INFO ort::logging: Removing initializer '/0/auto_model/encoder/layer.0/attention/self/Constant_15_output_0'. It is no longer used by any node.
2026-08-26T16:40:49.817803Z  INFO ort::logging: GraphTransformer FreeDimensionOverrideTransformer modified: 0 with status: OK
2026-08-26T16:40:49.817830Z  INFO ort::logging: GraphTransformer GeluFusionL1 modified: 0 with status: OK
2026-08-26T16:40:49.817866Z  INFO ort::logging: GraphTransformer LayerNormFusionL1 modified: 0 with status: OK
2026-08-26T16:40:49.817978Z  INFO ort::logging: GraphTransformer QDQPropagationTransformer modified: 0 with status: OK
2026-08-26T16:40:49.818070Z  INFO ort::logging: GraphTransformer WeightBiasQuantization modified: 0 with status: OK
2026-08-26T16:40:49.818195Z  INFO ort::logging: GraphTransformer EnsureUniqueDQForNodeUnit modified: 0 with status: OK
2026-08-26T16:40:49.818288Z  INFO ort::logging: GraphTransformer WhereDummyDq modified: 0 with status: OK
2026-08-26T16:40:49.818819Z  INFO ort::logging: GraphTransformer TransposeOptimizer modified: 0 with status: OK
2026-08-26T16:40:49.819008Z  INFO ort::logging: GraphTransformer Level1_RuleBasedTransformer modified: 0 with status: OK
2026-08-26T16:40:49.819092Z  INFO ort::logging: GraphTransformer DoubleQDQPairsRemover modified: 0 with status: OK
2026-08-26T16:40:49.819431Z  INFO ort::logging: GraphTransformer CommonSubexpressionElimination modified: 0 with status: OK
2026-08-26T16:40:49.819573Z  INFO ort::logging: GraphTransformer ConstantFolding modified: 0 with status: OK
2026-08-26T16:40:49.819681Z  INFO ort::logging: GraphTransformer MatMulAddFusion modified: 0 with status: OK
2026-08-26T16:40:49.819767Z  INFO ort::logging: GraphTransformer ReshapeFusion modified: 0 with status: OK
2026-08-26T16:40:49.819785Z  INFO ort::logging: GraphTransformer FreeDimensionOverrideTransformer modified: 0 with status: OK
2026-08-26T16:40:49.819800Z  INFO ort::logging: GraphTransformer GeluFusionL1 modified: 0 with status: OK
2026-08-26T16:40:49.819815Z  INFO ort::logging: GraphTransformer LayerNormFusionL1 modified: 0 with status: OK
2026-08-26T16:40:49.819900Z  INFO ort::logging: GraphTransformer QDQPropagationTransformer modified: 0 with status: OK
2026-08-26T16:40:49.819979Z  INFO ort::logging: GraphTransformer WeightBiasQuantization modified: 0 with status: OK
2026-08-26T16:40:49.820063Z  INFO ort::logging: GraphTransformer EnsureUniqueDQForNodeUnit modified: 0 with status: OK
2026-08-26T16:40:49.820142Z  INFO ort::logging: GraphTransformer WhereDummyDq modified: 0 with status: OK
2026-08-26T16:40:49.825416Z  INFO ort::logging: Running graph optimizations in loop 1 time/s (Graph Optimizations Loop Level : 1)
2026-08-26T16:40:49.825802Z  INFO ort::logging: GraphTransformer RemoveDuplicateCastTransformer modified: 0 with status: OK
2026-08-26T16:40:49.825824Z  INFO ort::logging: GraphTransformer CastFloat16Transformer modified: 0 with status: OK
2026-08-26T16:40:49.825862Z  INFO ort::logging: GraphTransformer MemcpyTransformer modified: 0 with status: OK
2026-08-26T16:40:49.831288Z  INFO ort::logging: Use DeviceBasedPartition as default
2026-08-26T16:40:49.867923Z  INFO ort::logging: Saving initialized tensors.
2026-08-26T16:40:49.868011Z  INFO ort::logging: Reserving memory in BFCArena for Cpu size: 24
2026-08-26T16:40:49.868056Z  INFO ort::logging: Reserving memory in BFCArena for Cpu size: 4
2026-08-26T16:40:49.868087Z  INFO ort::logging: Reserving memory in BFCArena for Cpu size: 24
2026-08-26T16:40:49.868114Z  INFO ort::logging: Reserving memory in BFCArena for Cpu size: 32
2026-08-26T16:40:49.868133Z  INFO ort::logging: Reserving memory in BFCArena for Cpu size: 8
2026-08-26T16:40:49.868158Z  INFO ort::logging: Reserving memory in BFCArena for Cpu size: 24
2026-08-26T16:40:49.868177Z  INFO ort::logging: Reserving memory in BFCArena for Cpu size: 32
2026-08-26T16:40:49.868200Z  INFO ort::logging: Reserving memory in BFCArena for Cpu size: 8
2026-08-26T16:40:49.868219Z  INFO ort::logging: Reserving memory in BFCArena for Cpu size: 32
2026-08-26T16:40:49.868253Z  INFO ort::logging: Reserving memory in BFCArena for Cpu size: 24
2026-08-26T16:40:49.868273Z  INFO ort::logging: Reserving memory in BFCArena for Cpu size: 32
2026-08-26T16:40:49.868297Z  INFO ort::logging: Reserving memory in BFCArena for Cpu size: 32
2026-08-26T16:40:49.868319Z  INFO ort::logging: Reserving memory in BFCArena for Cpu size: 24
2026-08-26T16:40:49.868349Z  INFO ort::logging: Reserving memory in BFCArena for Cpu size: 32
2026-08-26T16:40:49.868370Z  INFO ort::logging: Reserving memory in BFCArena for Cpu size: 4
2026-08-26T16:40:49.868392Z  INFO ort::logging: Reserving memory in BFCArena for Cpu size: 24
2026-08-26T16:40:49.868410Z  INFO ort::logging: Reserving memory in BFCArena for Cpu size: 32
2026-08-26T16:40:49.868435Z  INFO ort::logging: Reserving memory in BFCArena for Cpu size: 32
2026-08-26T16:40:49.868456Z  INFO ort::logging: Reserving memory in BFCArena for Cpu size: 16
2026-08-26T16:40:49.868482Z  INFO ort::logging: Reserving memory in BFCArena for Cpu size: 32
2026-08-26T16:40:49.868505Z  INFO ort::logging: Reserving memory in BFCArena for Cpu size: 4
2026-08-26T16:40:49.868531Z  INFO ort::logging: Reserving memory in BFCArena for Cpu size: 32
2026-08-26T16:40:49.868550Z  INFO ort::logging: Reserving memory in BFCArena for Cpu size: 4
2026-08-26T16:40:49.868568Z  INFO ort::logging: Reserving memory in BFCArena for Cpu size: 16
2026-08-26T16:40:49.868586Z  INFO ort::logging: Reserving memory in BFCArena for Cpu size: 32
2026-08-26T16:40:49.868604Z  INFO ort::logging: Reserving memory in BFCArena for Cpu size: 24
2026-08-26T16:40:49.868626Z  INFO ort::logging: Reserving memory in BFCArena for Cpu size: 8
2026-08-26T16:40:49.868649Z  INFO ort::logging: Reserving memory in BFCArena for Cpu size: 32
2026-08-26T16:40:49.868670Z  INFO ort::logging: Reserving memory in BFCArena for Cpu size: 8
2026-08-26T16:40:49.868700Z  INFO ort::logging: Reserving memory in BFCArena for Cpu size: 8
2026-08-26T16:40:49.868723Z  INFO ort::logging: Reserving memory in BFCArena for Cpu size: 4
2026-08-26T16:40:49.868743Z  INFO ort::logging: Reserving memory in BFCArena for Cpu size: 4
2026-08-26T16:40:49.868762Z  INFO ort::logging: Reserving memory in BFCArena for Cpu size: 32
2026-08-26T16:40:49.868782Z  INFO ort::logging: Reserving memory in BFCArena for Cpu size: 8
2026-08-26T16:40:49.868806Z  INFO ort::logging: Reserving memory in BFCArena for Cpu size: 24
2026-08-26T16:40:49.868826Z  INFO ort::logging: Reserving memory in BFCArena for Cpu size: 4
2026-08-26T16:40:49.868849Z  INFO ort::logging: Reserving memory in BFCArena for Cpu size: 32
2026-08-26T16:40:49.868867Z  INFO ort::logging: Reserving memory in BFCArena for Cpu size: 32
2026-08-26T16:40:49.868887Z  INFO ort::logging: Reserving memory in BFCArena for Cpu size: 8
2026-08-26T16:40:49.868906Z  INFO ort::logging: Reserving memory in BFCArena for Cpu size: 32
2026-08-26T16:40:49.868926Z  INFO ort::logging: Reserving memory in BFCArena for Cpu size: 4
2026-08-26T16:40:49.868950Z  INFO ort::logging: Reserving memory in BFCArena for Cpu size: 32
2026-08-26T16:40:49.868972Z  INFO ort::logging: Reserving memory in BFCArena for Cpu size: 32
2026-08-26T16:40:49.868993Z  INFO ort::logging: Done saving initialized tensors
2026-08-26T16:40:49.869583Z  INFO ort::logging: Reserving memory in BFCArena for Cpu size: 589824
2026-08-26T16:40:49.869848Z  INFO ort::logging: Reserving memory in BFCArena for Cpu size: 589824
2026-08-26T16:40:49.870048Z  INFO ort::logging: Reserving memory in BFCArena for Cpu size: 589824
2026-08-26T16:40:49.870266Z  INFO ort::logging: Reserving memory in BFCArena for Cpu size: 589824
2026-08-26T16:40:49.870475Z  INFO ort::logging: Reserving memory in BFCArena for Cpu size: 2359296
2026-08-26T16:40:49.871942Z  INFO ort::logging: Reserving memory in BFCArena for Cpu size: 2359296
2026-08-26T16:40:49.873348Z  INFO ort::logging: Reserving memory in BFCArena for Cpu size: 589824
2026-08-26T16:40:49.873576Z  INFO ort::logging: Reserving memory in BFCArena for Cpu size: 589824
2026-08-26T16:40:49.873781Z  INFO ort::logging: Reserving memory in BFCArena for Cpu size: 589824
2026-08-26T16:40:49.873999Z  INFO ort::logging: Reserving memory in BFCArena for Cpu size: 589824
2026-08-26T16:40:49.874231Z  INFO ort::logging: Reserving memory in BFCArena for Cpu size: 2359296
2026-08-26T16:40:49.875647Z  INFO ort::logging: Reserving memory in BFCArena for Cpu size: 2359296
2026-08-26T16:40:49.877057Z  INFO ort::logging: Reserving memory in BFCArena for Cpu size: 589824
2026-08-26T16:40:49.877284Z  INFO ort::logging: Reserving memory in BFCArena for Cpu size: 589824
2026-08-26T16:40:49.877490Z  INFO ort::logging: Reserving memory in BFCArena for Cpu size: 589824
2026-08-26T16:40:49.877702Z  INFO ort::logging: Reserving memory in BFCArena for Cpu size: 589824
2026-08-26T16:40:49.877913Z  INFO ort::logging: Reserving memory in BFCArena for Cpu size: 2359296
2026-08-26T16:40:49.879362Z  INFO ort::logging: Reserving memory in BFCArena for Cpu size: 2359296
2026-08-26T16:40:49.880696Z  INFO ort::logging: Reserving memory in BFCArena for Cpu size: 589824
2026-08-26T16:40:49.880915Z  INFO ort::logging: Reserving memory in BFCArena for Cpu size: 589824
2026-08-26T16:40:49.881145Z  INFO ort::logging: Reserving memory in BFCArena for Cpu size: 589824
2026-08-26T16:40:49.881360Z  INFO ort::logging: Reserving memory in BFCArena for Cpu size: 589824
2026-08-26T16:40:49.881602Z  INFO ort::logging: Reserving memory in BFCArena for Cpu size: 2359296
2026-08-26T16:40:49.882997Z  INFO ort::logging: Reserving memory in BFCArena for Cpu size: 2359296
2026-08-26T16:40:49.884337Z  INFO ort::logging: Reserving memory in BFCArena for Cpu size: 589824
2026-08-26T16:40:49.884556Z  INFO ort::logging: Reserving memory in BFCArena for Cpu size: 589824
2026-08-26T16:40:49.884784Z  INFO ort::logging: Reserving memory in BFCArena for Cpu size: 589824
2026-08-26T16:40:49.884999Z  INFO ort::logging: Reserving memory in BFCArena for Cpu size: 589824
2026-08-26T16:40:49.885228Z  INFO ort::logging: Reserving memory in BFCArena for Cpu size: 2359296
2026-08-26T16:40:49.886632Z  INFO ort::logging: Reserving memory in BFCArena for Cpu size: 2359296
2026-08-26T16:40:49.888035Z  INFO ort::logging: Reserving memory in BFCArena for Cpu size: 589824
2026-08-26T16:40:49.888269Z  INFO ort::logging: Reserving memory in BFCArena for Cpu size: 589824
2026-08-26T16:40:49.888480Z  INFO ort::logging: Reserving memory in BFCArena for Cpu size: 589824
2026-08-26T16:40:49.888698Z  INFO ort::logging: Reserving memory in BFCArena for Cpu size: 589824
2026-08-26T16:40:49.888914Z  INFO ort::logging: Reserving memory in BFCArena for Cpu size: 2359296
2026-08-26T16:40:49.890293Z  INFO ort::logging: Reserving memory in BFCArena for Cpu size: 2359296
2026-08-26T16:40:49.891941Z  INFO ort::logging: Session successfully initialized.
2026-08-26T16:40:49.892652Z  INFO actix_server::builder: starting 4 workers
2026-08-26T16:40:49.892784Z  INFO actix_server::server: Tokio runtime found; starting in existing Tokio runtime
2026-08-26T16:40:49.892818Z  INFO actix_server::server: starting service: "actix-web-service-127.0.0.1:8000", workers: 4, listening on: 127.0.0.1:8000
2026-08-26T16:40:49.893295Z  INFO MapleEMR: >get_application_secret_key()
2026-08-26T16:40:49.893590Z DEBUG MapleEMR::webc::tile_factory: >WebContentFactory:new() : Attempting read of: C:\uol\csm500-final-project\src\app\webc\static\LoginTile.htl
2026-08-26T16:40:49.896596Z  INFO MapleEMR: >get_application_secret_key()
2026-08-26T16:40:49.896653Z DEBUG MapleEMR::webc::tile_factory: >WebContentFactory:new() : Attempting read of: C:\uol\csm500-final-project\src\app\webc\static\LoginTile.htl
2026-08-26T16:40:49.898073Z  INFO MapleEMR: >get_application_secret_key()
2026-08-26T16:40:49.898136Z DEBUG MapleEMR::webc::tile_factory: >WebContentFactory:new() : Attempting read of: C:\uol\csm500-final-project\src\app\webc\static\LoginTile.htl
2026-08-26T16:40:49.899532Z  INFO MapleEMR: >get_application_secret_key()
2026-08-26T16:40:49.899583Z DEBUG MapleEMR::webc::tile_factory: >WebContentFactory:new() : Attempting read of: C:\uol\csm500-final-project\src\app\webc\static\LoginTile.htl
2026-08-26T16:40:55.804142Z DEBUG MapleEMR::route::default_route: -> /default_route Requested
2026-08-26T16:40:55.804224Z DEBUG MapleEMR::route::default_route: Checking session for Validation errors
2026-08-26T16:42:45.409220Z  INFO actix_server::server: SIGINT received; starting forced shutdown
2026-08-26T16:42:45.409333Z DEBUG actix_server::accept: paused accepting connections on 127.0.0.1:8000
2026-08-26T16:42:45.409366Z  INFO actix_server::accept: accept thread stopped
2026-08-26T16:42:45.409612Z  INFO actix_server::worker: shutting down idle worker
2026-08-26T16:42:45.410028Z  INFO actix_server::worker: shutting down idle worker
2026-08-26T16:42:45.410333Z  INFO actix_server::worker: shutting down idle worker
2026-08-26T16:42:45.410622Z  INFO actix_server::worker: shutting down idle worker
