2026-08-26T16:08:47.106609Z  INFO MapleEMR: MapleEMR is running! Access via: http://127.0.0.1:8000
2026-08-26T16:08:47.229195Z  INFO MapleEMR: CARGO_MANIFEST_DIR = C:\uol\csm500-final-project\src\app
2026-08-26T16:08:47.273196Z  INFO ort::logging: Discovered OrtHardwareDevice {vendor_id:0x8086, device_id:0x1912, vendor:Intel Corporation, type:1, metadata: [Description=Intel(R) HD Graphics 530, Discrete=0, DxgiAdapterNumber=0, DxgiHighPerformanceIndex=0, DxgiVideoMemory=128 MB, LUID=49304, ]}
2026-08-26T16:08:47.273268Z  INFO ort::logging: Discovered OrtHardwareDevice {vendor_id:0x8086, device_id:0x0, vendor:Intel, type:0, metadata: [Description=Intel(R) Core(TM) i5-6600 CPU @ 3.30GHz, ]}
2026-08-26T16:08:47.277915Z  INFO ort::logging: Session Options {  execution_mode:0 execution_order:DEFAULT enable_profiling:0 optimized_model_filepath: enable_mem_pattern:1 enable_mem_reuse:1 enable_cpu_mem_arena:1 profile_file_prefix:onnxruntime_profile_ session_logid: session_log_severity_level:-1 session_log_verbosity_level:0 max_num_graph_transformation_steps:10 graph_optimization_level:1 intra_op_param:OrtThreadPoolParams { thread_pool_size: 1 auto_set_affinity: 0 allow_spinning: 0 dynamic_block_base_: 0 stack_size: 0 affinity_str:  set_denormal_as_zero: 0 } inter_op_param:OrtThreadPoolParams { thread_pool_size: 0 auto_set_affinity: 0 allow_spinning: 0 dynamic_block_base_: 0 stack_size: 0 affinity_str:  set_denormal_as_zero: 0 } use_per_session_threads:1 thread_pool_allow_spinning:1 use_deterministic_compute:0 ep_selection_policy:5 config_options: {  } }
2026-08-26T16:08:47.277995Z  INFO ort::logging: Flush-to-zero and denormal-as-zero are off
2026-08-26T16:08:47.278015Z  INFO ort::logging: Creating and using per session threadpools since use_per_session_threads_ is true
2026-08-26T16:08:47.278072Z  INFO ort::logging: Dynamic block base set to 0
2026-08-26T16:08:47.330761Z  INFO ort::logging: Initializing session.
2026-08-26T16:08:47.330849Z  INFO ort::logging: Creating BFCArena for Cpu with following configs: initial_chunk_size_bytes: 1048576 max_dead_bytes_per_chunk: 134217728 initial_growth_chunk_size_bytes: 2097152 max_power_of_two_extend_bytes: 1073741824 memory limit: 18446744073709551615 arena_extend_strategy: 0
2026-08-26T16:08:47.334901Z  INFO ort::logging: This model does not have any local functions defined. AOT Inlining is not performed
2026-08-26T16:08:47.357080Z  INFO ort::logging: GraphTransformer EnsureUniqueDQForNodeUnit modified: 0 with status: OK
2026-08-26T16:08:47.357497Z  INFO ort::logging: GraphTransformer Level1_RuleBasedTransformer modified: 0 with status: OK
2026-08-26T16:08:47.357631Z  INFO ort::logging: GraphTransformer DoubleQDQPairsRemover modified: 0 with status: OK
2026-08-26T16:08:47.359015Z  INFO ort::logging: Total shared scalar initializer count: 199
2026-08-26T16:08:47.359047Z  INFO ort::logging: GraphTransformer ConstantSharing modified: 1 with status: OK
2026-08-26T16:08:47.363762Z  INFO ort::logging: GraphTransformer CommonSubexpressionElimination modified: 1 with status: OK
2026-08-26T16:08:47.370450Z  INFO ort::logging: GraphTransformer ConstantFolding modified: 1 with status: OK
2026-08-26T16:08:47.374376Z  INFO ort::logging: Removing initializer '/1/Constant_8_output_0'. It is no longer used by any node.
2026-08-26T16:08:47.374416Z  INFO ort::logging: Removing initializer '/0/auto_model/Shape_2_output_0'. It is no longer used by any node.
2026-08-26T16:08:47.374434Z  INFO ort::logging: Removing initializer '/1/Shape_3_output_0'. It is no longer used by any node.
2026-08-26T16:08:47.374647Z  INFO ort::logging: GraphTransformer MatMulAddFusion modified: 0 with status: OK
2026-08-26T16:08:47.374830Z  INFO ort::logging: Fused reshape node: /0/auto_model/encoder/layer.0/attention/self/Reshape_output_0
2026-08-26T16:08:47.374870Z  INFO ort::logging: Fused reshape node: /0/auto_model/encoder/layer.0/attention/self/Reshape_2_output_0
2026-08-26T16:08:47.374907Z  INFO ort::logging: Fused reshape node: /0/auto_model/encoder/layer.0/attention/self/Reshape_1_output_0
2026-08-26T16:08:47.374949Z  INFO ort::logging: Fused reshape node: /0/auto_model/encoder/layer.0/attention/self/Reshape_3_output_0
2026-08-26T16:08:47.375042Z  INFO ort::logging: Fused reshape node: /0/auto_model/encoder/layer.1/attention/self/Reshape_output_0
2026-08-26T16:08:47.375082Z  INFO ort::logging: Fused reshape node: /0/auto_model/encoder/layer.1/attention/self/Reshape_2_output_0
2026-08-26T16:08:47.375118Z  INFO ort::logging: Fused reshape node: /0/auto_model/encoder/layer.1/attention/self/Reshape_1_output_0
2026-08-26T16:08:47.375158Z  INFO ort::logging: Fused reshape node: /0/auto_model/encoder/layer.1/attention/self/Reshape_3_output_0
2026-08-26T16:08:47.375201Z  INFO ort::logging: Fused reshape node: /0/auto_model/encoder/layer.2/attention/self/Reshape_output_0
2026-08-26T16:08:47.375237Z  INFO ort::logging: Fused reshape node: /0/auto_model/encoder/layer.2/attention/self/Reshape_2_output_0
2026-08-26T16:08:47.375273Z  INFO ort::logging: Fused reshape node: /0/auto_model/encoder/layer.2/attention/self/Reshape_1_output_0
2026-08-26T16:08:47.375313Z  INFO ort::logging: Fused reshape node: /0/auto_model/encoder/layer.2/attention/self/Reshape_3_output_0
2026-08-26T16:08:47.375350Z  INFO ort::logging: Fused reshape node: /0/auto_model/encoder/layer.3/attention/self/Reshape_output_0
2026-08-26T16:08:47.375386Z  INFO ort::logging: Fused reshape node: /0/auto_model/encoder/layer.3/attention/self/Reshape_2_output_0
2026-08-26T16:08:47.375421Z  INFO ort::logging: Fused reshape node: /0/auto_model/encoder/layer.3/attention/self/Reshape_1_output_0
2026-08-26T16:08:47.375461Z  INFO ort::logging: Fused reshape node: /0/auto_model/encoder/layer.3/attention/self/Reshape_3_output_0
2026-08-26T16:08:47.375498Z  INFO ort::logging: Fused reshape node: /0/auto_model/encoder/layer.4/attention/self/Reshape_output_0
2026-08-26T16:08:47.375533Z  INFO ort::logging: Fused reshape node: /0/auto_model/encoder/layer.4/attention/self/Reshape_2_output_0
2026-08-26T16:08:47.375569Z  INFO ort::logging: Fused reshape node: /0/auto_model/encoder/layer.4/attention/self/Reshape_1_output_0
2026-08-26T16:08:47.375608Z  INFO ort::logging: Fused reshape node: /0/auto_model/encoder/layer.4/attention/self/Reshape_3_output_0
2026-08-26T16:08:47.375652Z  INFO ort::logging: Fused reshape node: /0/auto_model/encoder/layer.5/attention/self/Reshape_output_0
2026-08-26T16:08:47.375688Z  INFO ort::logging: Fused reshape node: /0/auto_model/encoder/layer.5/attention/self/Reshape_2_output_0
2026-08-26T16:08:47.375723Z  INFO ort::logging: Fused reshape node: /0/auto_model/encoder/layer.5/attention/self/Reshape_1_output_0
2026-08-26T16:08:47.375762Z  INFO ort::logging: Fused reshape node: /0/auto_model/encoder/layer.5/attention/self/Reshape_3_output_0
2026-08-26T16:08:47.375781Z  INFO ort::logging: Total fused reshape node count: 24
2026-08-26T16:08:47.375797Z  INFO ort::logging: GraphTransformer ReshapeFusion modified: 1 with status: OK
2026-08-26T16:08:47.378551Z  INFO ort::logging: Removing initializer '/0/auto_model/encoder/layer.4/attention/self/Constant_11_output_0'. It is no longer used by any node.
2026-08-26T16:08:47.378576Z  INFO ort::logging: Removing initializer '/0/auto_model/encoder/layer.4/attention/self/Constant_6_output_0'. It is no longer used by any node.
2026-08-26T16:08:47.378600Z  INFO ort::logging: Removing initializer '/0/auto_model/encoder/layer.0/attention/self/Constant_15_output_0'. It is no longer used by any node.
2026-08-26T16:08:47.378663Z  INFO ort::logging: GraphTransformer FreeDimensionOverrideTransformer modified: 0 with status: OK
2026-08-26T16:08:47.378693Z  INFO ort::logging: GraphTransformer GeluFusionL1 modified: 0 with status: OK
2026-08-26T16:08:47.378717Z  INFO ort::logging: GraphTransformer LayerNormFusionL1 modified: 0 with status: OK
2026-08-26T16:08:47.378827Z  INFO ort::logging: GraphTransformer QDQPropagationTransformer modified: 0 with status: OK
2026-08-26T16:08:47.378917Z  INFO ort::logging: GraphTransformer WeightBiasQuantization modified: 0 with status: OK
2026-08-26T16:08:47.379005Z  INFO ort::logging: GraphTransformer EnsureUniqueDQForNodeUnit modified: 0 with status: OK
2026-08-26T16:08:47.379129Z  INFO ort::logging: GraphTransformer WhereDummyDq modified: 0 with status: OK
2026-08-26T16:08:47.379641Z  INFO ort::logging: GraphTransformer TransposeOptimizer modified: 0 with status: OK
2026-08-26T16:08:47.379838Z  INFO ort::logging: GraphTransformer Level1_RuleBasedTransformer modified: 0 with status: OK
2026-08-26T16:08:47.379925Z  INFO ort::logging: GraphTransformer DoubleQDQPairsRemover modified: 0 with status: OK
2026-08-26T16:08:47.380252Z  INFO ort::logging: GraphTransformer CommonSubexpressionElimination modified: 0 with status: OK
2026-08-26T16:08:47.380393Z  INFO ort::logging: GraphTransformer ConstantFolding modified: 0 with status: OK
2026-08-26T16:08:47.380492Z  INFO ort::logging: GraphTransformer MatMulAddFusion modified: 0 with status: OK
2026-08-26T16:08:47.380577Z  INFO ort::logging: GraphTransformer ReshapeFusion modified: 0 with status: OK
2026-08-26T16:08:47.380603Z  INFO ort::logging: GraphTransformer FreeDimensionOverrideTransformer modified: 0 with status: OK
2026-08-26T16:08:47.380619Z  INFO ort::logging: GraphTransformer GeluFusionL1 modified: 0 with status: OK
2026-08-26T16:08:47.380633Z  INFO ort::logging: GraphTransformer LayerNormFusionL1 modified: 0 with status: OK
2026-08-26T16:08:47.380719Z  INFO ort::logging: GraphTransformer QDQPropagationTransformer modified: 0 with status: OK
2026-08-26T16:08:47.380799Z  INFO ort::logging: GraphTransformer WeightBiasQuantization modified: 0 with status: OK
2026-08-26T16:08:47.380884Z  INFO ort::logging: GraphTransformer EnsureUniqueDQForNodeUnit modified: 0 with status: OK
2026-08-26T16:08:47.380965Z  INFO ort::logging: GraphTransformer WhereDummyDq modified: 0 with status: OK
2026-08-26T16:08:47.385766Z  INFO ort::logging: Running graph optimizations in loop 1 time/s (Graph Optimizations Loop Level : 1)
2026-08-26T16:08:47.386085Z  INFO ort::logging: GraphTransformer RemoveDuplicateCastTransformer modified: 0 with status: OK
2026-08-26T16:08:47.386106Z  INFO ort::logging: GraphTransformer CastFloat16Transformer modified: 0 with status: OK
2026-08-26T16:08:47.386149Z  INFO ort::logging: GraphTransformer MemcpyTransformer modified: 0 with status: OK
2026-08-26T16:08:47.391231Z  INFO ort::logging: Use DeviceBasedPartition as default
2026-08-26T16:08:47.428885Z  INFO ort::logging: Saving initialized tensors.
2026-08-26T16:08:47.429004Z  INFO ort::logging: Reserving memory in BFCArena for Cpu size: 24
2026-08-26T16:08:47.429052Z  INFO ort::logging: Reserving memory in BFCArena for Cpu size: 4
2026-08-26T16:08:47.429078Z  INFO ort::logging: Reserving memory in BFCArena for Cpu size: 24
2026-08-26T16:08:47.429105Z  INFO ort::logging: Reserving memory in BFCArena for Cpu size: 32
2026-08-26T16:08:47.429126Z  INFO ort::logging: Reserving memory in BFCArena for Cpu size: 8
2026-08-26T16:08:47.429153Z  INFO ort::logging: Reserving memory in BFCArena for Cpu size: 24
2026-08-26T16:08:47.429173Z  INFO ort::logging: Reserving memory in BFCArena for Cpu size: 32
2026-08-26T16:08:47.429198Z  INFO ort::logging: Reserving memory in BFCArena for Cpu size: 8
2026-08-26T16:08:47.429218Z  INFO ort::logging: Reserving memory in BFCArena for Cpu size: 32
2026-08-26T16:08:47.429254Z  INFO ort::logging: Reserving memory in BFCArena for Cpu size: 24
2026-08-26T16:08:47.429274Z  INFO ort::logging: Reserving memory in BFCArena for Cpu size: 32
2026-08-26T16:08:47.429304Z  INFO ort::logging: Reserving memory in BFCArena for Cpu size: 32
2026-08-26T16:08:47.429327Z  INFO ort::logging: Reserving memory in BFCArena for Cpu size: 24
2026-08-26T16:08:47.429356Z  INFO ort::logging: Reserving memory in BFCArena for Cpu size: 32
2026-08-26T16:08:47.429378Z  INFO ort::logging: Reserving memory in BFCArena for Cpu size: 4
2026-08-26T16:08:47.429401Z  INFO ort::logging: Reserving memory in BFCArena for Cpu size: 24
2026-08-26T16:08:47.429421Z  INFO ort::logging: Reserving memory in BFCArena for Cpu size: 32
2026-08-26T16:08:47.429443Z  INFO ort::logging: Reserving memory in BFCArena for Cpu size: 32
2026-08-26T16:08:47.429462Z  INFO ort::logging: Reserving memory in BFCArena for Cpu size: 16
2026-08-26T16:08:47.429494Z  INFO ort::logging: Reserving memory in BFCArena for Cpu size: 32
2026-08-26T16:08:47.429521Z  INFO ort::logging: Reserving memory in BFCArena for Cpu size: 4
2026-08-26T16:08:47.429548Z  INFO ort::logging: Reserving memory in BFCArena for Cpu size: 32
2026-08-26T16:08:47.429567Z  INFO ort::logging: Reserving memory in BFCArena for Cpu size: 4
2026-08-26T16:08:47.429586Z  INFO ort::logging: Reserving memory in BFCArena for Cpu size: 16
2026-08-26T16:08:47.429605Z  INFO ort::logging: Reserving memory in BFCArena for Cpu size: 32
2026-08-26T16:08:47.429626Z  INFO ort::logging: Reserving memory in BFCArena for Cpu size: 24
2026-08-26T16:08:47.429647Z  INFO ort::logging: Reserving memory in BFCArena for Cpu size: 8
2026-08-26T16:08:47.429671Z  INFO ort::logging: Reserving memory in BFCArena for Cpu size: 32
2026-08-26T16:08:47.429693Z  INFO ort::logging: Reserving memory in BFCArena for Cpu size: 8
2026-08-26T16:08:47.429725Z  INFO ort::logging: Reserving memory in BFCArena for Cpu size: 8
2026-08-26T16:08:47.429757Z  INFO ort::logging: Reserving memory in BFCArena for Cpu size: 4
2026-08-26T16:08:47.429777Z  INFO ort::logging: Reserving memory in BFCArena for Cpu size: 4
2026-08-26T16:08:47.429796Z  INFO ort::logging: Reserving memory in BFCArena for Cpu size: 32
2026-08-26T16:08:47.429817Z  INFO ort::logging: Reserving memory in BFCArena for Cpu size: 8
2026-08-26T16:08:47.429838Z  INFO ort::logging: Reserving memory in BFCArena for Cpu size: 24
2026-08-26T16:08:47.429859Z  INFO ort::logging: Reserving memory in BFCArena for Cpu size: 4
2026-08-26T16:08:47.429883Z  INFO ort::logging: Reserving memory in BFCArena for Cpu size: 32
2026-08-26T16:08:47.429902Z  INFO ort::logging: Reserving memory in BFCArena for Cpu size: 32
2026-08-26T16:08:47.429923Z  INFO ort::logging: Reserving memory in BFCArena for Cpu size: 8
2026-08-26T16:08:47.429944Z  INFO ort::logging: Reserving memory in BFCArena for Cpu size: 32
2026-08-26T16:08:47.429964Z  INFO ort::logging: Reserving memory in BFCArena for Cpu size: 4
2026-08-26T16:08:47.429990Z  INFO ort::logging: Reserving memory in BFCArena for Cpu size: 32
2026-08-26T16:08:47.430013Z  INFO ort::logging: Reserving memory in BFCArena for Cpu size: 32
2026-08-26T16:08:47.430034Z  INFO ort::logging: Done saving initialized tensors
2026-08-26T16:08:47.430727Z  INFO ort::logging: Reserving memory in BFCArena for Cpu size: 589824
2026-08-26T16:08:47.430989Z  INFO ort::logging: Reserving memory in BFCArena for Cpu size: 589824
2026-08-26T16:08:47.431197Z  INFO ort::logging: Reserving memory in BFCArena for Cpu size: 589824
2026-08-26T16:08:47.431409Z  INFO ort::logging: Reserving memory in BFCArena for Cpu size: 589824
2026-08-26T16:08:47.431625Z  INFO ort::logging: Reserving memory in BFCArena for Cpu size: 2359296
2026-08-26T16:08:47.433064Z  INFO ort::logging: Reserving memory in BFCArena for Cpu size: 2359296
2026-08-26T16:08:47.434539Z  INFO ort::logging: Reserving memory in BFCArena for Cpu size: 589824
2026-08-26T16:08:47.434770Z  INFO ort::logging: Reserving memory in BFCArena for Cpu size: 589824
2026-08-26T16:08:47.434997Z  INFO ort::logging: Reserving memory in BFCArena for Cpu size: 589824
2026-08-26T16:08:47.435218Z  INFO ort::logging: Reserving memory in BFCArena for Cpu size: 589824
2026-08-26T16:08:47.435542Z  INFO ort::logging: Reserving memory in BFCArena for Cpu size: 2359296
2026-08-26T16:08:47.437006Z  INFO ort::logging: Reserving memory in BFCArena for Cpu size: 2359296
2026-08-26T16:08:47.438347Z  INFO ort::logging: Reserving memory in BFCArena for Cpu size: 589824
2026-08-26T16:08:47.438574Z  INFO ort::logging: Reserving memory in BFCArena for Cpu size: 589824
2026-08-26T16:08:47.438793Z  INFO ort::logging: Reserving memory in BFCArena for Cpu size: 589824
2026-08-26T16:08:47.439027Z  INFO ort::logging: Reserving memory in BFCArena for Cpu size: 589824
2026-08-26T16:08:47.439247Z  INFO ort::logging: Reserving memory in BFCArena for Cpu size: 2359296
2026-08-26T16:08:47.440665Z  INFO ort::logging: Reserving memory in BFCArena for Cpu size: 2359296
2026-08-26T16:08:47.442142Z  INFO ort::logging: Reserving memory in BFCArena for Cpu size: 589824
2026-08-26T16:08:47.442385Z  INFO ort::logging: Reserving memory in BFCArena for Cpu size: 589824
2026-08-26T16:08:47.442599Z  INFO ort::logging: Reserving memory in BFCArena for Cpu size: 589824
2026-08-26T16:08:47.442837Z  INFO ort::logging: Reserving memory in BFCArena for Cpu size: 589824
2026-08-26T16:08:47.443078Z  INFO ort::logging: Reserving memory in BFCArena for Cpu size: 2359296
2026-08-26T16:08:47.444510Z  INFO ort::logging: Reserving memory in BFCArena for Cpu size: 2359296
2026-08-26T16:08:47.445892Z  INFO ort::logging: Reserving memory in BFCArena for Cpu size: 589824
2026-08-26T16:08:47.446142Z  INFO ort::logging: Reserving memory in BFCArena for Cpu size: 589824
2026-08-26T16:08:47.446357Z  INFO ort::logging: Reserving memory in BFCArena for Cpu size: 589824
2026-08-26T16:08:47.446598Z  INFO ort::logging: Reserving memory in BFCArena for Cpu size: 589824
2026-08-26T16:08:47.446816Z  INFO ort::logging: Reserving memory in BFCArena for Cpu size: 2359296
2026-08-26T16:08:47.448282Z  INFO ort::logging: Reserving memory in BFCArena for Cpu size: 2359296
2026-08-26T16:08:47.449646Z  INFO ort::logging: Reserving memory in BFCArena for Cpu size: 589824
2026-08-26T16:08:47.449875Z  INFO ort::logging: Reserving memory in BFCArena for Cpu size: 589824
2026-08-26T16:08:47.450092Z  INFO ort::logging: Reserving memory in BFCArena for Cpu size: 589824
2026-08-26T16:08:47.450313Z  INFO ort::logging: Reserving memory in BFCArena for Cpu size: 589824
2026-08-26T16:08:47.450529Z  INFO ort::logging: Reserving memory in BFCArena for Cpu size: 2359296
2026-08-26T16:08:47.452263Z  INFO ort::logging: Reserving memory in BFCArena for Cpu size: 2359296
2026-08-26T16:08:47.453988Z  INFO ort::logging: Session successfully initialized.
2026-08-26T16:08:47.454767Z  INFO actix_server::builder: starting 4 workers
2026-08-26T16:08:47.454937Z  INFO actix_server::server: Tokio runtime found; starting in existing Tokio runtime
2026-08-26T16:08:47.455008Z  INFO actix_server::server: starting service: "actix-web-service-127.0.0.1:8000", workers: 4, listening on: 127.0.0.1:8000
2026-08-26T16:09:04.847051Z DEBUG sqlx::query: summary="SELECT id, name, username, …" db.statement="\n\nSELECT id, name, username, email, created_timestamp, password FROM USERS WHERE USERNAME = 'chath' AND PASSWORD = 'nurse1'\n" rows_affected=1 rows_returned=1 elapsed=18.5413ms elapsed_secs=0.0185413
2026-08-26T16:09:04.966507Z DEBUG sqlx::query: summary="SELECT department_id, permission_id FROM …" db.statement="\n\nSELECT department_id, permission_id FROM public.user_permission where active_flag = 'Y' and users_id = 2 group by department_id, permission_id order by permission_id\n" rows_affected=12 rows_returned=12 elapsed=3.8386ms elapsed_secs=0.0038386
2026-08-26T16:09:04.982894Z DEBUG sqlx::query: summary="SELECT p.id, e.id, e.location_id, …" db.statement="\n\nSELECT p.id, e.id, e.location_id, legal_first_name, legal_last_name, COALESCE(legal_middle_names, '') as \"legal_middle_names\",\n                                        COALESCE(admit_notes, '') as \"admit_notes\", COALESCE(discharge_notes, '') as \"discharge_notes\",\n                                        birthdate, admit_timestamp,\n                                        discharge_timestamp as \"discharge_timestamp?\",\n                                        phn, l2.short_name \"location_short_name\"\n                                    FROM patient p\n                                    join encounter e on p.id = e.patient_id\n\t\t\t\t\t\t\t\t\tjoin location l2 on l2.id = e.location_id\n                                    where discharge_timestamp is null\n                                      and location_id in (\n                                        select l.id\n                                        from location l\n                                        where site_id in (\n                                        select site_id\n                                        from user_permission up\n                                        where users_id = 2\n                                            and up.site_id = l.site_id)  )\n" rows_affected=7 rows_returned=7 elapsed=10.7986ms elapsed_secs=0.0107986
2026-08-26T16:09:04.993249Z DEBUG sqlx::query: summary="select e.id \"encounter_id\", admit_timestamp, …" db.statement="\n\n\n                                    select e.id \"encounter_id\", admit_timestamp,\n                                        discharge_timestamp as \"discharge_timestamp?\",\n                                        COALESCE(admit_notes, '') as \"admit_notes\",\n                                        COALESCE(discharge_notes, '') as \"discharge_notes\",\n                                        s.name \"encounter_site_name\",\n                                        l.short_name \"room_identifier\",\n                                        'Y' as \"current_encounter\"\n                                    from encounter e\n                                    join location l on e.location_id = l.id\n                                    join site s on s.id = l.site_id\n                                    where patient_id = 1\n                                      and discharge_timestamp is null\n                                      limit 1\n                                    \n" rows_affected=1 rows_returned=1 elapsed=9.9478ms elapsed_secs=0.0099478
2026-08-26T16:09:04.998285Z DEBUG sqlx::query: summary="SELECT i.id intervention_id, encounter_id, …" db.statement="\n\n\n                                SELECT i.id intervention_id, encounter_id, i.description, i.notes, location_id, users_id,\n                                    intervention_type_id, status_id,\n                                    l.room_identifier,\n                                    ref1.name \"intervention_type\", \n                                    ref2.name \"status\", i.scheduled_timestamp, i.performed_timestamp\n                                FROM intervention i\n                                join location l on  l.id = i.location_id\n                                join common_reference_type ref1 on i.intervention_type_id = ref1.id\n                                join common_reference_type ref2 on i.status_id = ref2.id \n                                where i.encounter_id = 1\n                                  AND i.intervention_type_id = 38\n                                ORDER BY i.id DESC LIMIT 1\n                                                \n" rows_affected=1 rows_returned=1 elapsed=4.573ms elapsed_secs=0.004573
2026-08-26T16:09:04.999796Z DEBUG sqlx::query: summary="select e.id \"encounter_id\", admit_timestamp, …" db.statement="\n\n\n                                    select e.id \"encounter_id\", admit_timestamp,\n                                        discharge_timestamp as \"discharge_timestamp?\",\n                                        COALESCE(admit_notes, '') as \"admit_notes\",\n                                        COALESCE(discharge_notes, '') as \"discharge_notes\",\n                                        s.name \"encounter_site_name\",\n                                        l.short_name \"room_identifier\",\n                                        'Y' as \"current_encounter\"\n                                    from encounter e\n                                    join location l on e.location_id = l.id\n                                    join site s on s.id = l.site_id\n                                    where patient_id = 2\n                                      and discharge_timestamp is null\n                                      limit 1\n                                    \n" rows_affected=1 rows_returned=1 elapsed=1.0489ms elapsed_secs=0.0010489
2026-08-26T16:09:05.002762Z DEBUG sqlx::query: summary="SELECT i.id intervention_id, encounter_id, …" db.statement="\n\n\n                                SELECT i.id intervention_id, encounter_id, i.description, i.notes, location_id, users_id,\n                                    intervention_type_id, status_id,\n                                    l.room_identifier,\n                                    ref1.name \"intervention_type\", \n                                    ref2.name \"status\", i.scheduled_timestamp, i.performed_timestamp\n                                FROM intervention i\n                                join location l on  l.id = i.location_id\n                                join common_reference_type ref1 on i.intervention_type_id = ref1.id\n                                join common_reference_type ref2 on i.status_id = ref2.id \n                                where i.encounter_id = 2\n                                  AND i.intervention_type_id = 38\n                                ORDER BY i.id DESC LIMIT 1\n                                                \n" rows_affected=1 rows_returned=1 elapsed=2.5714ms elapsed_secs=0.0025714
2026-08-26T16:09:05.004813Z DEBUG sqlx::query: summary="select e.id \"encounter_id\", admit_timestamp, …" db.statement="\n\n\n                                    select e.id \"encounter_id\", admit_timestamp,\n                                        discharge_timestamp as \"discharge_timestamp?\",\n                                        COALESCE(admit_notes, '') as \"admit_notes\",\n                                        COALESCE(discharge_notes, '') as \"discharge_notes\",\n                                        s.name \"encounter_site_name\",\n                                        l.short_name \"room_identifier\",\n                                        'Y' as \"current_encounter\"\n                                    from encounter e\n                                    join location l on e.location_id = l.id\n                                    join site s on s.id = l.site_id\n                                    where patient_id = 3\n                                      and discharge_timestamp is null\n                                      limit 1\n                                    \n" rows_affected=1 rows_returned=1 elapsed=1.5201ms elapsed_secs=0.0015201
2026-08-26T16:09:05.006610Z DEBUG sqlx::query: summary="SELECT i.id intervention_id, encounter_id, …" db.statement="\n\n\n                                SELECT i.id intervention_id, encounter_id, i.description, i.notes, location_id, users_id,\n                                    intervention_type_id, status_id,\n                                    l.room_identifier,\n                                    ref1.name \"intervention_type\", \n                                    ref2.name \"status\", i.scheduled_timestamp, i.performed_timestamp\n                                FROM intervention i\n                                join location l on  l.id = i.location_id\n                                join common_reference_type ref1 on i.intervention_type_id = ref1.id\n                                join common_reference_type ref2 on i.status_id = ref2.id \n                                where i.encounter_id = 3\n                                  AND i.intervention_type_id = 38\n                                ORDER BY i.id DESC LIMIT 1\n                                                \n" rows_affected=1 rows_returned=1 elapsed=1.3554ms elapsed_secs=0.0013554
2026-08-26T16:09:05.008006Z DEBUG sqlx::query: summary="select e.id \"encounter_id\", admit_timestamp, …" db.statement="\n\n\n                                    select e.id \"encounter_id\", admit_timestamp,\n                                        discharge_timestamp as \"discharge_timestamp?\",\n                                        COALESCE(admit_notes, '') as \"admit_notes\",\n                                        COALESCE(discharge_notes, '') as \"discharge_notes\",\n                                        s.name \"encounter_site_name\",\n                                        l.short_name \"room_identifier\",\n                                        'Y' as \"current_encounter\"\n                                    from encounter e\n                                    join location l on e.location_id = l.id\n                                    join site s on s.id = l.site_id\n                                    where patient_id = 5\n                                      and discharge_timestamp is null\n                                      limit 1\n                                    \n" rows_affected=1 rows_returned=1 elapsed=1.0251ms elapsed_secs=0.0010251
2026-08-26T16:09:05.009543Z DEBUG sqlx::query: summary="SELECT i.id intervention_id, encounter_id, …" db.statement="\n\n\n                                SELECT i.id intervention_id, encounter_id, i.description, i.notes, location_id, users_id,\n                                    intervention_type_id, status_id,\n                                    l.room_identifier,\n                                    ref1.name \"intervention_type\", \n                                    ref2.name \"status\", i.scheduled_timestamp, i.performed_timestamp\n                                FROM intervention i\n                                join location l on  l.id = i.location_id\n                                join common_reference_type ref1 on i.intervention_type_id = ref1.id\n                                join common_reference_type ref2 on i.status_id = ref2.id \n                                where i.encounter_id = 10\n                                  AND i.intervention_type_id = 38\n                                ORDER BY i.id DESC LIMIT 1\n                                                \n" rows_affected=0 rows_returned=0 elapsed=1.1829ms elapsed_secs=0.0011829
2026-08-26T16:09:05.011230Z DEBUG sqlx::query: summary="select e.id \"encounter_id\", admit_timestamp, …" db.statement="\n\n\n                                    select e.id \"encounter_id\", admit_timestamp,\n                                        discharge_timestamp as \"discharge_timestamp?\",\n                                        COALESCE(admit_notes, '') as \"admit_notes\",\n                                        COALESCE(discharge_notes, '') as \"discharge_notes\",\n                                        s.name \"encounter_site_name\",\n                                        l.short_name \"room_identifier\",\n                                        'Y' as \"current_encounter\"\n                                    from encounter e\n                                    join location l on e.location_id = l.id\n                                    join site s on s.id = l.site_id\n                                    where patient_id = 25\n                                      and discharge_timestamp is null\n                                      limit 1\n                                    \n" rows_affected=1 rows_returned=1 elapsed=1.1289ms elapsed_secs=0.0011289
2026-08-26T16:09:05.012870Z DEBUG sqlx::query: summary="SELECT i.id intervention_id, encounter_id, …" db.statement="\n\n\n                                SELECT i.id intervention_id, encounter_id, i.description, i.notes, location_id, users_id,\n                                    intervention_type_id, status_id,\n                                    l.room_identifier,\n                                    ref1.name \"intervention_type\", \n                                    ref2.name \"status\", i.scheduled_timestamp, i.performed_timestamp\n                                FROM intervention i\n                                join location l on  l.id = i.location_id\n                                join common_reference_type ref1 on i.intervention_type_id = ref1.id\n                                join common_reference_type ref2 on i.status_id = ref2.id \n                                where i.encounter_id = 11\n                                  AND i.intervention_type_id = 38\n                                ORDER BY i.id DESC LIMIT 1\n                                                \n" rows_affected=0 rows_returned=0 elapsed=1.2388ms elapsed_secs=0.0012388
2026-08-26T16:09:05.014292Z DEBUG sqlx::query: summary="select e.id \"encounter_id\", admit_timestamp, …" db.statement="\n\n\n                                    select e.id \"encounter_id\", admit_timestamp,\n                                        discharge_timestamp as \"discharge_timestamp?\",\n                                        COALESCE(admit_notes, '') as \"admit_notes\",\n                                        COALESCE(discharge_notes, '') as \"discharge_notes\",\n                                        s.name \"encounter_site_name\",\n                                        l.short_name \"room_identifier\",\n                                        'Y' as \"current_encounter\"\n                                    from encounter e\n                                    join location l on e.location_id = l.id\n                                    join site s on s.id = l.site_id\n                                    where patient_id = 26\n                                      and discharge_timestamp is null\n                                      limit 1\n                                    \n" rows_affected=1 rows_returned=1 elapsed=888.4µs elapsed_secs=0.0008884
2026-08-26T16:09:05.015841Z DEBUG sqlx::query: summary="SELECT i.id intervention_id, encounter_id, …" db.statement="\n\n\n                                SELECT i.id intervention_id, encounter_id, i.description, i.notes, location_id, users_id,\n                                    intervention_type_id, status_id,\n                                    l.room_identifier,\n                                    ref1.name \"intervention_type\", \n                                    ref2.name \"status\", i.scheduled_timestamp, i.performed_timestamp\n                                FROM intervention i\n                                join location l on  l.id = i.location_id\n                                join common_reference_type ref1 on i.intervention_type_id = ref1.id\n                                join common_reference_type ref2 on i.status_id = ref2.id \n                                where i.encounter_id = 12\n                                  AND i.intervention_type_id = 38\n                                ORDER BY i.id DESC LIMIT 1\n                                                \n" rows_affected=0 rows_returned=0 elapsed=1.1249ms elapsed_secs=0.0011249
2026-08-26T16:09:05.017727Z DEBUG sqlx::query: summary="select e.id \"encounter_id\", admit_timestamp, …" db.statement="\n\n\n                                    select e.id \"encounter_id\", admit_timestamp,\n                                        discharge_timestamp as \"discharge_timestamp?\",\n                                        COALESCE(admit_notes, '') as \"admit_notes\",\n                                        COALESCE(discharge_notes, '') as \"discharge_notes\",\n                                        s.name \"encounter_site_name\",\n                                        l.short_name \"room_identifier\",\n                                        'Y' as \"current_encounter\"\n                                    from encounter e\n                                    join location l on e.location_id = l.id\n                                    join site s on s.id = l.site_id\n                                    where patient_id = 27\n                                      and discharge_timestamp is null\n                                      limit 1\n                                    \n" rows_affected=1 rows_returned=1 elapsed=1.2555ms elapsed_secs=0.0012555
2026-08-26T16:09:05.019891Z DEBUG sqlx::query: summary="SELECT i.id intervention_id, encounter_id, …" db.statement="\n\n\n                                SELECT i.id intervention_id, encounter_id, i.description, i.notes, location_id, users_id,\n                                    intervention_type_id, status_id,\n                                    l.room_identifier,\n                                    ref1.name \"intervention_type\", \n                                    ref2.name \"status\", i.scheduled_timestamp, i.performed_timestamp\n                                FROM intervention i\n                                join location l on  l.id = i.location_id\n                                join common_reference_type ref1 on i.intervention_type_id = ref1.id\n                                join common_reference_type ref2 on i.status_id = ref2.id \n                                where i.encounter_id = 13\n                                  AND i.intervention_type_id = 38\n                                ORDER BY i.id DESC LIMIT 1\n                                                \n" rows_affected=0 rows_returned=0 elapsed=1.7341ms elapsed_secs=0.0017341
2026-08-26T16:10:17.846096Z  INFO actix_server::server: SIGINT received; starting forced shutdown
2026-08-26T16:10:17.846386Z DEBUG actix_server::accept: paused accepting connections on 127.0.0.1:8000
2026-08-26T16:10:17.846452Z  INFO actix_server::accept: accept thread stopped
2026-08-26T16:10:17.846823Z  INFO actix_server::worker: shutting down idle worker
2026-08-26T16:10:17.846885Z  INFO actix_server::worker: shutting down idle worker
2026-08-26T16:10:17.846967Z  INFO actix_server::worker: shutting down idle worker
2026-08-26T16:10:17.847235Z  INFO actix_server::worker: shutting down idle worker
