2026-08-27T03:27:57.716332Z  INFO MapleEMR: MapleEMR is running!
2026-08-27T03:27:57.828669Z  INFO MapleEMR: Database connection established to: postgres://postgres:csm500@localhost:5432/csm500
2026-08-27T03:27:57.828759Z  INFO MapleEMR: CARGO_MANIFEST_DIR = C:\uol\csm500-final-project\src\app
2026-08-27T03:27:57.875469Z  INFO ort::logging: Discovered OrtHardwareDevice {vendor_id:0x8086, device_id:0x1912, vendor:Intel Corporation, type:1, metadata: [Description=Intel(R) HD Graphics 530, Discrete=0, DxgiAdapterNumber=0, DxgiHighPerformanceIndex=0, DxgiVideoMemory=128 MB, LUID=49304, ]}
2026-08-27T03:27:57.879321Z  INFO ort::logging: Discovered OrtHardwareDevice {vendor_id:0x8086, device_id:0x0, vendor:Intel, type:0, metadata: [Description=Intel(R) Core(TM) i5-6600 CPU @ 3.30GHz, ]}
2026-08-27T03:27:57.881214Z  INFO ort::logging: Session Options {  execution_mode:0 execution_order:DEFAULT enable_profiling:0 optimized_model_filepath: enable_mem_pattern:1 enable_mem_reuse:1 enable_cpu_mem_arena:1 profile_file_prefix:onnxruntime_profile_ session_logid: session_log_severity_level:-1 session_log_verbosity_level:0 max_num_graph_transformation_steps:10 graph_optimization_level:1 intra_op_param:OrtThreadPoolParams { thread_pool_size: 1 auto_set_affinity: 0 allow_spinning: 0 dynamic_block_base_: 0 stack_size: 0 affinity_str:  set_denormal_as_zero: 0 } inter_op_param:OrtThreadPoolParams { thread_pool_size: 0 auto_set_affinity: 0 allow_spinning: 0 dynamic_block_base_: 0 stack_size: 0 affinity_str:  set_denormal_as_zero: 0 } use_per_session_threads:1 thread_pool_allow_spinning:1 use_deterministic_compute:0 ep_selection_policy:5 config_options: {  } }
2026-08-27T03:27:57.881408Z  INFO ort::logging: Flush-to-zero and denormal-as-zero are off
2026-08-27T03:27:57.881480Z  INFO ort::logging: Creating and using per session threadpools since use_per_session_threads_ is true
2026-08-27T03:27:57.881637Z  INFO ort::logging: Dynamic block base set to 0
2026-08-27T03:27:57.983479Z  INFO ort::logging: Initializing session.
2026-08-27T03:27:57.983579Z  INFO ort::logging: Creating BFCArena for Cpu with following configs: initial_chunk_size_bytes: 1048576 max_dead_bytes_per_chunk: 134217728 initial_growth_chunk_size_bytes: 2097152 max_power_of_two_extend_bytes: 1073741824 memory limit: 18446744073709551615 arena_extend_strategy: 0
2026-08-27T03:27:57.987825Z  INFO ort::logging: This model does not have any local functions defined. AOT Inlining is not performed
2026-08-27T03:27:58.011656Z  INFO ort::logging: GraphTransformer EnsureUniqueDQForNodeUnit modified: 0 with status: OK
2026-08-27T03:27:58.012136Z  INFO ort::logging: GraphTransformer Level1_RuleBasedTransformer modified: 0 with status: OK
2026-08-27T03:27:58.012276Z  INFO ort::logging: GraphTransformer DoubleQDQPairsRemover modified: 0 with status: OK
2026-08-27T03:27:58.013836Z  INFO ort::logging: Total shared scalar initializer count: 199
2026-08-27T03:27:58.013963Z  INFO ort::logging: GraphTransformer ConstantSharing modified: 1 with status: OK
2026-08-27T03:27:58.019562Z  INFO ort::logging: GraphTransformer CommonSubexpressionElimination modified: 1 with status: OK
2026-08-27T03:27:58.026296Z  INFO ort::logging: GraphTransformer ConstantFolding modified: 1 with status: OK
2026-08-27T03:27:58.030344Z  INFO ort::logging: Removing initializer '/1/Constant_8_output_0'. It is no longer used by any node.
2026-08-27T03:27:58.030437Z  INFO ort::logging: Removing initializer '/0/auto_model/Shape_2_output_0'. It is no longer used by any node.
2026-08-27T03:27:58.030455Z  INFO ort::logging: Removing initializer '/1/Shape_3_output_0'. It is no longer used by any node.
2026-08-27T03:27:58.030730Z  INFO ort::logging: GraphTransformer MatMulAddFusion modified: 0 with status: OK
2026-08-27T03:27:58.030932Z  INFO ort::logging: Fused reshape node: /0/auto_model/encoder/layer.0/attention/self/Reshape_output_0
2026-08-27T03:27:58.030976Z  INFO ort::logging: Fused reshape node: /0/auto_model/encoder/layer.0/attention/self/Reshape_2_output_0
2026-08-27T03:27:58.031015Z  INFO ort::logging: Fused reshape node: /0/auto_model/encoder/layer.0/attention/self/Reshape_1_output_0
2026-08-27T03:27:58.031110Z  INFO ort::logging: Fused reshape node: /0/auto_model/encoder/layer.0/attention/self/Reshape_3_output_0
2026-08-27T03:27:58.031154Z  INFO ort::logging: Fused reshape node: /0/auto_model/encoder/layer.1/attention/self/Reshape_output_0
2026-08-27T03:27:58.031193Z  INFO ort::logging: Fused reshape node: /0/auto_model/encoder/layer.1/attention/self/Reshape_2_output_0
2026-08-27T03:27:58.031235Z  INFO ort::logging: Fused reshape node: /0/auto_model/encoder/layer.1/attention/self/Reshape_1_output_0
2026-08-27T03:27:58.031276Z  INFO ort::logging: Fused reshape node: /0/auto_model/encoder/layer.1/attention/self/Reshape_3_output_0
2026-08-27T03:27:58.031315Z  INFO ort::logging: Fused reshape node: /0/auto_model/encoder/layer.2/attention/self/Reshape_output_0
2026-08-27T03:27:58.031352Z  INFO ort::logging: Fused reshape node: /0/auto_model/encoder/layer.2/attention/self/Reshape_2_output_0
2026-08-27T03:27:58.031389Z  INFO ort::logging: Fused reshape node: /0/auto_model/encoder/layer.2/attention/self/Reshape_1_output_0
2026-08-27T03:27:58.031429Z  INFO ort::logging: Fused reshape node: /0/auto_model/encoder/layer.2/attention/self/Reshape_3_output_0
2026-08-27T03:27:58.031468Z  INFO ort::logging: Fused reshape node: /0/auto_model/encoder/layer.3/attention/self/Reshape_output_0
2026-08-27T03:27:58.031507Z  INFO ort::logging: Fused reshape node: /0/auto_model/encoder/layer.3/attention/self/Reshape_2_output_0
2026-08-27T03:27:58.031543Z  INFO ort::logging: Fused reshape node: /0/auto_model/encoder/layer.3/attention/self/Reshape_1_output_0
2026-08-27T03:27:58.031594Z  INFO ort::logging: Fused reshape node: /0/auto_model/encoder/layer.3/attention/self/Reshape_3_output_0
2026-08-27T03:27:58.031632Z  INFO ort::logging: Fused reshape node: /0/auto_model/encoder/layer.4/attention/self/Reshape_output_0
2026-08-27T03:27:58.031670Z  INFO ort::logging: Fused reshape node: /0/auto_model/encoder/layer.4/attention/self/Reshape_2_output_0
2026-08-27T03:27:58.031707Z  INFO ort::logging: Fused reshape node: /0/auto_model/encoder/layer.4/attention/self/Reshape_1_output_0
2026-08-27T03:27:58.031749Z  INFO ort::logging: Fused reshape node: /0/auto_model/encoder/layer.4/attention/self/Reshape_3_output_0
2026-08-27T03:27:58.031787Z  INFO ort::logging: Fused reshape node: /0/auto_model/encoder/layer.5/attention/self/Reshape_output_0
2026-08-27T03:27:58.031829Z  INFO ort::logging: Fused reshape node: /0/auto_model/encoder/layer.5/attention/self/Reshape_2_output_0
2026-08-27T03:27:58.031865Z  INFO ort::logging: Fused reshape node: /0/auto_model/encoder/layer.5/attention/self/Reshape_1_output_0
2026-08-27T03:27:58.031905Z  INFO ort::logging: Fused reshape node: /0/auto_model/encoder/layer.5/attention/self/Reshape_3_output_0
2026-08-27T03:27:58.031924Z  INFO ort::logging: Total fused reshape node count: 24
2026-08-27T03:27:58.031940Z  INFO ort::logging: GraphTransformer ReshapeFusion modified: 1 with status: OK
2026-08-27T03:27:58.034863Z  INFO ort::logging: Removing initializer '/0/auto_model/encoder/layer.4/attention/self/Constant_11_output_0'. It is no longer used by any node.
2026-08-27T03:27:58.034889Z  INFO ort::logging: Removing initializer '/0/auto_model/encoder/layer.4/attention/self/Constant_6_output_0'. It is no longer used by any node.
2026-08-27T03:27:58.034913Z  INFO ort::logging: Removing initializer '/0/auto_model/encoder/layer.0/attention/self/Constant_15_output_0'. It is no longer used by any node.
2026-08-27T03:27:58.034991Z  INFO ort::logging: GraphTransformer FreeDimensionOverrideTransformer modified: 0 with status: OK
2026-08-27T03:27:58.035020Z  INFO ort::logging: GraphTransformer GeluFusionL1 modified: 0 with status: OK
2026-08-27T03:27:58.035048Z  INFO ort::logging: GraphTransformer LayerNormFusionL1 modified: 0 with status: OK
2026-08-27T03:27:58.035159Z  INFO ort::logging: GraphTransformer QDQPropagationTransformer modified: 0 with status: OK
2026-08-27T03:27:58.035253Z  INFO ort::logging: GraphTransformer WeightBiasQuantization modified: 0 with status: OK
2026-08-27T03:27:58.035377Z  INFO ort::logging: GraphTransformer EnsureUniqueDQForNodeUnit modified: 0 with status: OK
2026-08-27T03:27:58.035473Z  INFO ort::logging: GraphTransformer WhereDummyDq modified: 0 with status: OK
2026-08-27T03:27:58.035998Z  INFO ort::logging: GraphTransformer TransposeOptimizer modified: 0 with status: OK
2026-08-27T03:27:58.036192Z  INFO ort::logging: GraphTransformer Level1_RuleBasedTransformer modified: 0 with status: OK
2026-08-27T03:27:58.036276Z  INFO ort::logging: GraphTransformer DoubleQDQPairsRemover modified: 0 with status: OK
2026-08-27T03:27:58.036604Z  INFO ort::logging: GraphTransformer CommonSubexpressionElimination modified: 0 with status: OK
2026-08-27T03:27:58.036762Z  INFO ort::logging: GraphTransformer ConstantFolding modified: 0 with status: OK
2026-08-27T03:27:58.036863Z  INFO ort::logging: GraphTransformer MatMulAddFusion modified: 0 with status: OK
2026-08-27T03:27:58.036950Z  INFO ort::logging: GraphTransformer ReshapeFusion modified: 0 with status: OK
2026-08-27T03:27:58.036968Z  INFO ort::logging: GraphTransformer FreeDimensionOverrideTransformer modified: 0 with status: OK
2026-08-27T03:27:58.036984Z  INFO ort::logging: GraphTransformer GeluFusionL1 modified: 0 with status: OK
2026-08-27T03:27:58.036998Z  INFO ort::logging: GraphTransformer LayerNormFusionL1 modified: 0 with status: OK
2026-08-27T03:27:58.037084Z  INFO ort::logging: GraphTransformer QDQPropagationTransformer modified: 0 with status: OK
2026-08-27T03:27:58.037164Z  INFO ort::logging: GraphTransformer WeightBiasQuantization modified: 0 with status: OK
2026-08-27T03:27:58.037249Z  INFO ort::logging: GraphTransformer EnsureUniqueDQForNodeUnit modified: 0 with status: OK
2026-08-27T03:27:58.037330Z  INFO ort::logging: GraphTransformer WhereDummyDq modified: 0 with status: OK
2026-08-27T03:27:58.042144Z  INFO ort::logging: Running graph optimizations in loop 1 time/s (Graph Optimizations Loop Level : 1)
2026-08-27T03:27:58.042454Z  INFO ort::logging: GraphTransformer RemoveDuplicateCastTransformer modified: 0 with status: OK
2026-08-27T03:27:58.042474Z  INFO ort::logging: GraphTransformer CastFloat16Transformer modified: 0 with status: OK
2026-08-27T03:27:58.042509Z  INFO ort::logging: GraphTransformer MemcpyTransformer modified: 0 with status: OK
2026-08-27T03:27:58.047660Z  INFO ort::logging: Use DeviceBasedPartition as default
2026-08-27T03:27:58.085204Z  INFO ort::logging: Saving initialized tensors.
2026-08-27T03:27:58.085317Z  INFO ort::logging: Reserving memory in BFCArena for Cpu size: 24
2026-08-27T03:27:58.085374Z  INFO ort::logging: Reserving memory in BFCArena for Cpu size: 4
2026-08-27T03:27:58.085400Z  INFO ort::logging: Reserving memory in BFCArena for Cpu size: 24
2026-08-27T03:27:58.085425Z  INFO ort::logging: Reserving memory in BFCArena for Cpu size: 32
2026-08-27T03:27:58.085445Z  INFO ort::logging: Reserving memory in BFCArena for Cpu size: 8
2026-08-27T03:27:58.085471Z  INFO ort::logging: Reserving memory in BFCArena for Cpu size: 24
2026-08-27T03:27:58.085490Z  INFO ort::logging: Reserving memory in BFCArena for Cpu size: 32
2026-08-27T03:27:58.085514Z  INFO ort::logging: Reserving memory in BFCArena for Cpu size: 8
2026-08-27T03:27:58.085533Z  INFO ort::logging: Reserving memory in BFCArena for Cpu size: 32
2026-08-27T03:27:58.085567Z  INFO ort::logging: Reserving memory in BFCArena for Cpu size: 24
2026-08-27T03:27:58.085589Z  INFO ort::logging: Reserving memory in BFCArena for Cpu size: 32
2026-08-27T03:27:58.085612Z  INFO ort::logging: Reserving memory in BFCArena for Cpu size: 32
2026-08-27T03:27:58.085636Z  INFO ort::logging: Reserving memory in BFCArena for Cpu size: 24
2026-08-27T03:27:58.085664Z  INFO ort::logging: Reserving memory in BFCArena for Cpu size: 32
2026-08-27T03:27:58.085685Z  INFO ort::logging: Reserving memory in BFCArena for Cpu size: 4
2026-08-27T03:27:58.085707Z  INFO ort::logging: Reserving memory in BFCArena for Cpu size: 24
2026-08-27T03:27:58.085725Z  INFO ort::logging: Reserving memory in BFCArena for Cpu size: 32
2026-08-27T03:27:58.085747Z  INFO ort::logging: Reserving memory in BFCArena for Cpu size: 32
2026-08-27T03:27:58.085770Z  INFO ort::logging: Reserving memory in BFCArena for Cpu size: 16
2026-08-27T03:27:58.085799Z  INFO ort::logging: Reserving memory in BFCArena for Cpu size: 32
2026-08-27T03:27:58.085822Z  INFO ort::logging: Reserving memory in BFCArena for Cpu size: 4
2026-08-27T03:27:58.085849Z  INFO ort::logging: Reserving memory in BFCArena for Cpu size: 32
2026-08-27T03:27:58.085868Z  INFO ort::logging: Reserving memory in BFCArena for Cpu size: 4
2026-08-27T03:27:58.085886Z  INFO ort::logging: Reserving memory in BFCArena for Cpu size: 16
2026-08-27T03:27:58.085904Z  INFO ort::logging: Reserving memory in BFCArena for Cpu size: 32
2026-08-27T03:27:58.085923Z  INFO ort::logging: Reserving memory in BFCArena for Cpu size: 24
2026-08-27T03:27:58.085944Z  INFO ort::logging: Reserving memory in BFCArena for Cpu size: 8
2026-08-27T03:27:58.085967Z  INFO ort::logging: Reserving memory in BFCArena for Cpu size: 32
2026-08-27T03:27:58.085987Z  INFO ort::logging: Reserving memory in BFCArena for Cpu size: 8
2026-08-27T03:27:58.086018Z  INFO ort::logging: Reserving memory in BFCArena for Cpu size: 8
2026-08-27T03:27:58.086041Z  INFO ort::logging: Reserving memory in BFCArena for Cpu size: 4
2026-08-27T03:27:58.086061Z  INFO ort::logging: Reserving memory in BFCArena for Cpu size: 4
2026-08-27T03:27:58.086079Z  INFO ort::logging: Reserving memory in BFCArena for Cpu size: 32
2026-08-27T03:27:58.086099Z  INFO ort::logging: Reserving memory in BFCArena for Cpu size: 8
2026-08-27T03:27:58.086119Z  INFO ort::logging: Reserving memory in BFCArena for Cpu size: 24
2026-08-27T03:27:58.086140Z  INFO ort::logging: Reserving memory in BFCArena for Cpu size: 4
2026-08-27T03:27:58.086163Z  INFO ort::logging: Reserving memory in BFCArena for Cpu size: 32
2026-08-27T03:27:58.086181Z  INFO ort::logging: Reserving memory in BFCArena for Cpu size: 32
2026-08-27T03:27:58.086200Z  INFO ort::logging: Reserving memory in BFCArena for Cpu size: 8
2026-08-27T03:27:58.086220Z  INFO ort::logging: Reserving memory in BFCArena for Cpu size: 32
2026-08-27T03:27:58.086240Z  INFO ort::logging: Reserving memory in BFCArena for Cpu size: 4
2026-08-27T03:27:58.086264Z  INFO ort::logging: Reserving memory in BFCArena for Cpu size: 32
2026-08-27T03:27:58.086287Z  INFO ort::logging: Reserving memory in BFCArena for Cpu size: 32
2026-08-27T03:27:58.086308Z  INFO ort::logging: Done saving initialized tensors
2026-08-27T03:27:58.086987Z  INFO ort::logging: Reserving memory in BFCArena for Cpu size: 589824
2026-08-27T03:27:58.087237Z  INFO ort::logging: Reserving memory in BFCArena for Cpu size: 589824
2026-08-27T03:27:58.087445Z  INFO ort::logging: Reserving memory in BFCArena for Cpu size: 589824
2026-08-27T03:27:58.087655Z  INFO ort::logging: Reserving memory in BFCArena for Cpu size: 589824
2026-08-27T03:27:58.087864Z  INFO ort::logging: Reserving memory in BFCArena for Cpu size: 2359296
2026-08-27T03:27:58.089298Z  INFO ort::logging: Reserving memory in BFCArena for Cpu size: 2359296
2026-08-27T03:27:58.090690Z  INFO ort::logging: Reserving memory in BFCArena for Cpu size: 589824
2026-08-27T03:27:58.091065Z  INFO ort::logging: Reserving memory in BFCArena for Cpu size: 589824
2026-08-27T03:27:58.091278Z  INFO ort::logging: Reserving memory in BFCArena for Cpu size: 589824
2026-08-27T03:27:58.091504Z  INFO ort::logging: Reserving memory in BFCArena for Cpu size: 589824
2026-08-27T03:27:58.091729Z  INFO ort::logging: Reserving memory in BFCArena for Cpu size: 2359296
2026-08-27T03:27:58.093195Z  INFO ort::logging: Reserving memory in BFCArena for Cpu size: 2359296
2026-08-27T03:27:58.094753Z  INFO ort::logging: Reserving memory in BFCArena for Cpu size: 589824
2026-08-27T03:27:58.095118Z  INFO ort::logging: Reserving memory in BFCArena for Cpu size: 589824
2026-08-27T03:27:58.095330Z  INFO ort::logging: Reserving memory in BFCArena for Cpu size: 589824
2026-08-27T03:27:58.095544Z  INFO ort::logging: Reserving memory in BFCArena for Cpu size: 589824
2026-08-27T03:27:58.095764Z  INFO ort::logging: Reserving memory in BFCArena for Cpu size: 2359296
2026-08-27T03:27:58.097258Z  INFO ort::logging: Reserving memory in BFCArena for Cpu size: 2359296
2026-08-27T03:27:58.098719Z  INFO ort::logging: Reserving memory in BFCArena for Cpu size: 589824
2026-08-27T03:27:58.099095Z  INFO ort::logging: Reserving memory in BFCArena for Cpu size: 589824
2026-08-27T03:27:58.099311Z  INFO ort::logging: Reserving memory in BFCArena for Cpu size: 589824
2026-08-27T03:27:58.099532Z  INFO ort::logging: Reserving memory in BFCArena for Cpu size: 589824
2026-08-27T03:27:58.099758Z  INFO ort::logging: Reserving memory in BFCArena for Cpu size: 2359296
2026-08-27T03:27:58.101254Z  INFO ort::logging: Reserving memory in BFCArena for Cpu size: 2359296
2026-08-27T03:27:58.102638Z  INFO ort::logging: Reserving memory in BFCArena for Cpu size: 589824
2026-08-27T03:27:58.103004Z  INFO ort::logging: Reserving memory in BFCArena for Cpu size: 589824
2026-08-27T03:27:58.103220Z  INFO ort::logging: Reserving memory in BFCArena for Cpu size: 589824
2026-08-27T03:27:58.103435Z  INFO ort::logging: Reserving memory in BFCArena for Cpu size: 589824
2026-08-27T03:27:58.103660Z  INFO ort::logging: Reserving memory in BFCArena for Cpu size: 2359296
2026-08-27T03:27:58.105080Z  INFO ort::logging: Reserving memory in BFCArena for Cpu size: 2359296
2026-08-27T03:27:58.106435Z  INFO ort::logging: Reserving memory in BFCArena for Cpu size: 589824
2026-08-27T03:27:58.106825Z  INFO ort::logging: Reserving memory in BFCArena for Cpu size: 589824
2026-08-27T03:27:58.107046Z  INFO ort::logging: Reserving memory in BFCArena for Cpu size: 589824
2026-08-27T03:27:58.107280Z  INFO ort::logging: Reserving memory in BFCArena for Cpu size: 589824
2026-08-27T03:27:58.107502Z  INFO ort::logging: Reserving memory in BFCArena for Cpu size: 2359296
2026-08-27T03:27:58.108993Z  INFO ort::logging: Reserving memory in BFCArena for Cpu size: 2359296
2026-08-27T03:27:58.111192Z  INFO ort::logging: Session successfully initialized.
2026-08-27T03:27:58.111895Z  INFO actix_server::builder: starting 4 workers
2026-08-27T03:27:58.112008Z  INFO actix_server::server: Tokio runtime found; starting in existing Tokio runtime
2026-08-27T03:27:58.112041Z  INFO actix_server::server: starting service: "actix-web-service-127.0.0.1:8000", workers: 4, listening on: 127.0.0.1:8000
2026-08-27T03:27:58.112535Z  INFO MapleEMR: >get_application_secret_key()
2026-08-27T03:27:58.112830Z DEBUG MapleEMR::ui::tile_factory: >WebContentFactory:new() : Attempting read of: C:\uol\csm500-final-project\src\app\webc\static\LoginTile.htl
2026-08-27T03:27:58.115840Z  INFO MapleEMR: >get_application_secret_key()
2026-08-27T03:27:58.115910Z DEBUG MapleEMR::ui::tile_factory: >WebContentFactory:new() : Attempting read of: C:\uol\csm500-final-project\src\app\webc\static\LoginTile.htl
2026-08-27T03:27:58.117367Z  INFO MapleEMR: >get_application_secret_key()
2026-08-27T03:27:58.117417Z DEBUG MapleEMR::ui::tile_factory: >WebContentFactory:new() : Attempting read of: C:\uol\csm500-final-project\src\app\webc\static\LoginTile.htl
2026-08-27T03:27:58.118857Z  INFO MapleEMR: >get_application_secret_key()
2026-08-27T03:27:58.118919Z DEBUG MapleEMR::ui::tile_factory: >WebContentFactory:new() : Attempting read of: C:\uol\csm500-final-project\src\app\webc\static\LoginTile.htl
2026-08-27T03:27:59.215482Z DEBUG MapleEMR::route::default_route: -> /default_route Requested
2026-08-27T03:27:59.215540Z DEBUG MapleEMR::route::default_route: Checking session for Validation errors
2026-08-27T03:27:59.215565Z DEBUG MapleEMR::route::default_route: Ok( None ) No active session
2026-08-27T03:28:03.544896Z DEBUG MapleEMR::route::login_route: -> /login Requested
2026-08-27T03:28:03.544964Z DEBUG MapleEMR::dao::auth_dao: Query: SELECT id, name, username, email, created_timestamp, password FROM USERS WHERE USERNAME = 'chath' AND PASSWORD = 'nurse1'
2026-08-27T03:28:03.553433Z DEBUG sqlx::query: summary="SELECT id, name, username, …" db.statement="\n\nSELECT id, name, username, email, created_timestamp, password FROM USERS WHERE USERNAME = 'chath' AND PASSWORD = 'nurse1'\n" rows_affected=1 rows_returned=1 elapsed=8.0051ms elapsed_secs=0.0080051
2026-08-27T03:28:03.553582Z DEBUG MapleEMR::dao::auth_dao: Successful login (results found) for: chath
2026-08-27T03:28:03.553659Z DEBUG MapleEMR::route::login_route: User can login: chath redirect to /home
2026-08-27T03:28:03.553676Z DEBUG MapleEMR::dao::auth_dao: get_user_permissions Query: SELECT department_id, permission_id FROM public.user_permission where active_flag = 'Y' and users_id = 2 group by department_id, permission_id order by permission_id
2026-08-27T03:28:03.668927Z DEBUG sqlx::query: summary="SELECT department_id, permission_id FROM …" db.statement="\n\nSELECT department_id, permission_id FROM public.user_permission where active_flag = 'Y' and users_id = 2 group by department_id, permission_id order by permission_id\n" rows_affected=12 rows_returned=12 elapsed=5.3311ms elapsed_secs=0.0053311
2026-08-27T03:28:03.674579Z DEBUG MapleEMR::route::home_route: -> /home Route Requested
2026-08-27T03:28:03.674736Z DEBUG MapleEMR::dao::patient_dao: >get_patients_at_users_site_no_discharge() Query: SELECT p.id, e.id, e.location_id, legal_first_name, legal_last_name, COALESCE(legal_middle_names, '') as "legal_middle_names",
                                        COALESCE(admit_notes, '') as "admit_notes", COALESCE(discharge_notes, '') as "discharge_notes",
                                        birthdate, admit_timestamp,
                                        discharge_timestamp as "discharge_timestamp?",
                                        phn, l2.short_name "location_short_name"
                                    FROM patient p
                                    join encounter e on p.id = e.patient_id
									join location l2 on l2.id = e.location_id
                                    where discharge_timestamp is null
                                      and location_id in (
                                        select l.id
                                        from location l
                                        where site_id in (
                                        select site_id
                                        from user_permission up
                                        where users_id = 2
                                            and up.site_id = l.site_id)  )
2026-08-27T03:28:03.688150Z DEBUG sqlx::query: summary="SELECT p.id, e.id, e.location_id, …" db.statement="\n\nSELECT p.id, e.id, e.location_id, legal_first_name, legal_last_name, COALESCE(legal_middle_names, '') as \"legal_middle_names\",\n                                        COALESCE(admit_notes, '') as \"admit_notes\", COALESCE(discharge_notes, '') as \"discharge_notes\",\n                                        birthdate, admit_timestamp,\n                                        discharge_timestamp as \"discharge_timestamp?\",\n                                        phn, l2.short_name \"location_short_name\"\n                                    FROM patient p\n                                    join encounter e on p.id = e.patient_id\n\t\t\t\t\t\t\t\t\tjoin location l2 on l2.id = e.location_id\n                                    where discharge_timestamp is null\n                                      and location_id in (\n                                        select l.id\n                                        from location l\n                                        where site_id in (\n                                        select site_id\n                                        from user_permission up\n                                        where users_id = 2\n                                            and up.site_id = l.site_id)  )\n" rows_affected=7 rows_returned=7 elapsed=13.0516ms elapsed_secs=0.0130516
2026-08-27T03:28:03.688245Z DEBUG MapleEMR::route::home_route: Retrieved 7 patients:
2026-08-27T03:28:03.696360Z DEBUG sqlx::query: summary="select e.id \"encounter_id\", admit_timestamp, …" db.statement="\n\n\n                                    select e.id \"encounter_id\", admit_timestamp,\n                                        discharge_timestamp as \"discharge_timestamp?\",\n                                        COALESCE(admit_notes, '') as \"admit_notes\",\n                                        COALESCE(discharge_notes, '') as \"discharge_notes\",\n                                        s.name \"encounter_site_name\",\n                                        l.short_name \"room_identifier\",\n                                        'Y' as \"current_encounter\"\n                                    from encounter e\n                                    join location l on e.location_id = l.id\n                                    join site s on s.id = l.site_id\n                                    where patient_id = 1\n                                      and discharge_timestamp is null\n                                      limit 1\n                                    \n" rows_affected=1 rows_returned=1 elapsed=7.7321ms elapsed_secs=0.0077321
2026-08-27T03:28:03.702969Z DEBUG sqlx::query: summary="SELECT i.id intervention_id, encounter_id, …" db.statement="\n\n\n                                SELECT i.id intervention_id, encounter_id, i.description, i.notes, location_id, users_id,\n                                    intervention_type_id, status_id,\n                                    l.room_identifier,\n                                    ref1.name \"intervention_type\", \n                                    ref2.name \"status\", i.scheduled_timestamp, i.performed_timestamp\n                                FROM intervention i\n                                join location l on  l.id = i.location_id\n                                join common_reference_type ref1 on i.intervention_type_id = ref1.id\n                                join common_reference_type ref2 on i.status_id = ref2.id \n                                where i.encounter_id = 1\n                                  AND i.intervention_type_id = 38\n                                ORDER BY i.id DESC LIMIT 1\n                                                \n" rows_affected=1 rows_returned=1 elapsed=6.146ms elapsed_secs=0.006146
2026-08-27T03:28:03.704216Z DEBUG sqlx::query: summary="select e.id \"encounter_id\", admit_timestamp, …" db.statement="\n\n\n                                    select e.id \"encounter_id\", admit_timestamp,\n                                        discharge_timestamp as \"discharge_timestamp?\",\n                                        COALESCE(admit_notes, '') as \"admit_notes\",\n                                        COALESCE(discharge_notes, '') as \"discharge_notes\",\n                                        s.name \"encounter_site_name\",\n                                        l.short_name \"room_identifier\",\n                                        'Y' as \"current_encounter\"\n                                    from encounter e\n                                    join location l on e.location_id = l.id\n                                    join site s on s.id = l.site_id\n                                    where patient_id = 2\n                                      and discharge_timestamp is null\n                                      limit 1\n                                    \n" rows_affected=1 rows_returned=1 elapsed=837.7µs elapsed_secs=0.0008377
2026-08-27T03:28:03.705658Z DEBUG sqlx::query: summary="SELECT i.id intervention_id, encounter_id, …" db.statement="\n\n\n                                SELECT i.id intervention_id, encounter_id, i.description, i.notes, location_id, users_id,\n                                    intervention_type_id, status_id,\n                                    l.room_identifier,\n                                    ref1.name \"intervention_type\", \n                                    ref2.name \"status\", i.scheduled_timestamp, i.performed_timestamp\n                                FROM intervention i\n                                join location l on  l.id = i.location_id\n                                join common_reference_type ref1 on i.intervention_type_id = ref1.id\n                                join common_reference_type ref2 on i.status_id = ref2.id \n                                where i.encounter_id = 2\n                                  AND i.intervention_type_id = 38\n                                ORDER BY i.id DESC LIMIT 1\n                                                \n" rows_affected=1 rows_returned=1 elapsed=1.1175ms elapsed_secs=0.0011175
2026-08-27T03:28:03.707108Z DEBUG sqlx::query: summary="select e.id \"encounter_id\", admit_timestamp, …" db.statement="\n\n\n                                    select e.id \"encounter_id\", admit_timestamp,\n                                        discharge_timestamp as \"discharge_timestamp?\",\n                                        COALESCE(admit_notes, '') as \"admit_notes\",\n                                        COALESCE(discharge_notes, '') as \"discharge_notes\",\n                                        s.name \"encounter_site_name\",\n                                        l.short_name \"room_identifier\",\n                                        'Y' as \"current_encounter\"\n                                    from encounter e\n                                    join location l on e.location_id = l.id\n                                    join site s on s.id = l.site_id\n                                    where patient_id = 3\n                                      and discharge_timestamp is null\n                                      limit 1\n                                    \n" rows_affected=1 rows_returned=1 elapsed=1.0717ms elapsed_secs=0.0010717
2026-08-27T03:28:03.708803Z DEBUG sqlx::query: summary="SELECT i.id intervention_id, encounter_id, …" db.statement="\n\n\n                                SELECT i.id intervention_id, encounter_id, i.description, i.notes, location_id, users_id,\n                                    intervention_type_id, status_id,\n                                    l.room_identifier,\n                                    ref1.name \"intervention_type\", \n                                    ref2.name \"status\", i.scheduled_timestamp, i.performed_timestamp\n                                FROM intervention i\n                                join location l on  l.id = i.location_id\n                                join common_reference_type ref1 on i.intervention_type_id = ref1.id\n                                join common_reference_type ref2 on i.status_id = ref2.id \n                                where i.encounter_id = 3\n                                  AND i.intervention_type_id = 38\n                                ORDER BY i.id DESC LIMIT 1\n                                                \n" rows_affected=1 rows_returned=1 elapsed=1.2664ms elapsed_secs=0.0012664
2026-08-27T03:28:03.710159Z DEBUG sqlx::query: summary="select e.id \"encounter_id\", admit_timestamp, …" db.statement="\n\n\n                                    select e.id \"encounter_id\", admit_timestamp,\n                                        discharge_timestamp as \"discharge_timestamp?\",\n                                        COALESCE(admit_notes, '') as \"admit_notes\",\n                                        COALESCE(discharge_notes, '') as \"discharge_notes\",\n                                        s.name \"encounter_site_name\",\n                                        l.short_name \"room_identifier\",\n                                        'Y' as \"current_encounter\"\n                                    from encounter e\n                                    join location l on e.location_id = l.id\n                                    join site s on s.id = l.site_id\n                                    where patient_id = 5\n                                      and discharge_timestamp is null\n                                      limit 1\n                                    \n" rows_affected=1 rows_returned=1 elapsed=923.1µs elapsed_secs=0.0009231
2026-08-27T03:28:03.711659Z DEBUG sqlx::query: summary="SELECT i.id intervention_id, encounter_id, …" db.statement="\n\n\n                                SELECT i.id intervention_id, encounter_id, i.description, i.notes, location_id, users_id,\n                                    intervention_type_id, status_id,\n                                    l.room_identifier,\n                                    ref1.name \"intervention_type\", \n                                    ref2.name \"status\", i.scheduled_timestamp, i.performed_timestamp\n                                FROM intervention i\n                                join location l on  l.id = i.location_id\n                                join common_reference_type ref1 on i.intervention_type_id = ref1.id\n                                join common_reference_type ref2 on i.status_id = ref2.id \n                                where i.encounter_id = 10\n                                  AND i.intervention_type_id = 38\n                                ORDER BY i.id DESC LIMIT 1\n                                                \n" rows_affected=0 rows_returned=0 elapsed=1.1176ms elapsed_secs=0.0011176
2026-08-27T03:28:03.711827Z DEBUG MapleEMR::dao::intervention_dao: No Interventions found for encounter_id: 10 [count=0]
2026-08-27T03:28:03.713183Z DEBUG sqlx::query: summary="select e.id \"encounter_id\", admit_timestamp, …" db.statement="\n\n\n                                    select e.id \"encounter_id\", admit_timestamp,\n                                        discharge_timestamp as \"discharge_timestamp?\",\n                                        COALESCE(admit_notes, '') as \"admit_notes\",\n                                        COALESCE(discharge_notes, '') as \"discharge_notes\",\n                                        s.name \"encounter_site_name\",\n                                        l.short_name \"room_identifier\",\n                                        'Y' as \"current_encounter\"\n                                    from encounter e\n                                    join location l on e.location_id = l.id\n                                    join site s on s.id = l.site_id\n                                    where patient_id = 25\n                                      and discharge_timestamp is null\n                                      limit 1\n                                    \n" rows_affected=1 rows_returned=1 elapsed=981.3µs elapsed_secs=0.0009813
2026-08-27T03:28:03.714698Z DEBUG sqlx::query: summary="SELECT i.id intervention_id, encounter_id, …" db.statement="\n\n\n                                SELECT i.id intervention_id, encounter_id, i.description, i.notes, location_id, users_id,\n                                    intervention_type_id, status_id,\n                                    l.room_identifier,\n                                    ref1.name \"intervention_type\", \n                                    ref2.name \"status\", i.scheduled_timestamp, i.performed_timestamp\n                                FROM intervention i\n                                join location l on  l.id = i.location_id\n                                join common_reference_type ref1 on i.intervention_type_id = ref1.id\n                                join common_reference_type ref2 on i.status_id = ref2.id \n                                where i.encounter_id = 11\n                                  AND i.intervention_type_id = 38\n                                ORDER BY i.id DESC LIMIT 1\n                                                \n" rows_affected=0 rows_returned=0 elapsed=1.1013ms elapsed_secs=0.0011013
2026-08-27T03:28:03.714784Z DEBUG MapleEMR::dao::intervention_dao: No Interventions found for encounter_id: 11 [count=0]
2026-08-27T03:28:03.715957Z DEBUG sqlx::query: summary="select e.id \"encounter_id\", admit_timestamp, …" db.statement="\n\n\n                                    select e.id \"encounter_id\", admit_timestamp,\n                                        discharge_timestamp as \"discharge_timestamp?\",\n                                        COALESCE(admit_notes, '') as \"admit_notes\",\n                                        COALESCE(discharge_notes, '') as \"discharge_notes\",\n                                        s.name \"encounter_site_name\",\n                                        l.short_name \"room_identifier\",\n                                        'Y' as \"current_encounter\"\n                                    from encounter e\n                                    join location l on e.location_id = l.id\n                                    join site s on s.id = l.site_id\n                                    where patient_id = 26\n                                      and discharge_timestamp is null\n                                      limit 1\n                                    \n" rows_affected=1 rows_returned=1 elapsed=847.7µs elapsed_secs=0.0008477
2026-08-27T03:28:03.717564Z DEBUG sqlx::query: summary="SELECT i.id intervention_id, encounter_id, …" db.statement="\n\n\n                                SELECT i.id intervention_id, encounter_id, i.description, i.notes, location_id, users_id,\n                                    intervention_type_id, status_id,\n                                    l.room_identifier,\n                                    ref1.name \"intervention_type\", \n                                    ref2.name \"status\", i.scheduled_timestamp, i.performed_timestamp\n                                FROM intervention i\n                                join location l on  l.id = i.location_id\n                                join common_reference_type ref1 on i.intervention_type_id = ref1.id\n                                join common_reference_type ref2 on i.status_id = ref2.id \n                                where i.encounter_id = 12\n                                  AND i.intervention_type_id = 38\n                                ORDER BY i.id DESC LIMIT 1\n                                                \n" rows_affected=0 rows_returned=0 elapsed=1.2367ms elapsed_secs=0.0012367
2026-08-27T03:28:03.717658Z DEBUG MapleEMR::dao::intervention_dao: No Interventions found for encounter_id: 12 [count=0]
2026-08-27T03:28:03.719100Z DEBUG sqlx::query: summary="select e.id \"encounter_id\", admit_timestamp, …" db.statement="\n\n\n                                    select e.id \"encounter_id\", admit_timestamp,\n                                        discharge_timestamp as \"discharge_timestamp?\",\n                                        COALESCE(admit_notes, '') as \"admit_notes\",\n                                        COALESCE(discharge_notes, '') as \"discharge_notes\",\n                                        s.name \"encounter_site_name\",\n                                        l.short_name \"room_identifier\",\n                                        'Y' as \"current_encounter\"\n                                    from encounter e\n                                    join location l on e.location_id = l.id\n                                    join site s on s.id = l.site_id\n                                    where patient_id = 27\n                                      and discharge_timestamp is null\n                                      limit 1\n                                    \n" rows_affected=1 rows_returned=1 elapsed=1.0318ms elapsed_secs=0.0010318
2026-08-27T03:28:03.720446Z DEBUG sqlx::query: summary="SELECT i.id intervention_id, encounter_id, …" db.statement="\n\n\n                                SELECT i.id intervention_id, encounter_id, i.description, i.notes, location_id, users_id,\n                                    intervention_type_id, status_id,\n                                    l.room_identifier,\n                                    ref1.name \"intervention_type\", \n                                    ref2.name \"status\", i.scheduled_timestamp, i.performed_timestamp\n                                FROM intervention i\n                                join location l on  l.id = i.location_id\n                                join common_reference_type ref1 on i.intervention_type_id = ref1.id\n                                join common_reference_type ref2 on i.status_id = ref2.id \n                                where i.encounter_id = 13\n                                  AND i.intervention_type_id = 38\n                                ORDER BY i.id DESC LIMIT 1\n                                                \n" rows_affected=0 rows_returned=0 elapsed=974.8µs elapsed_secs=0.0009748
2026-08-27T03:28:03.720528Z DEBUG MapleEMR::dao::intervention_dao: No Interventions found for encounter_id: 13 [count=0]
2026-08-27T03:28:05.195030Z DEBUG MapleEMR::route::patient_route: -> /patientdtls Route Requested
2026-08-27T03:28:05.195978Z DEBUG sqlx::query: summary="select e.id \"encounter_id\", admit_timestamp, …" db.statement="\n\n\n                                    select e.id \"encounter_id\", admit_timestamp,\n                                        discharge_timestamp as \"discharge_timestamp?\",\n                                        COALESCE(admit_notes, '') as \"admit_notes\",\n                                        COALESCE(discharge_notes, '') as \"discharge_notes\",\n                                        s.name \"encounter_site_name\",\n                                        l.short_name \"room_identifier\",\n                                        'Y' as \"current_encounter\"\n                                    from encounter e\n                                    join location l on e.location_id = l.id\n                                    join site s on s.id = l.site_id\n                                    where patient_id = 1\n                                      and discharge_timestamp is null\n                                      limit 1\n                                    \n" rows_affected=1 rows_returned=1 elapsed=475.6µs elapsed_secs=0.0004756
2026-08-27T03:28:05.196902Z DEBUG sqlx::query: summary="SELECT i.id intervention_id, encounter_id, …" db.statement="\n\n\n                                SELECT i.id intervention_id, encounter_id, i.description, i.notes, location_id, users_id,\n                                    intervention_type_id, status_id,\n                                    l.room_identifier,\n                                    ref1.name \"intervention_type\", \n                                    ref2.name \"status\", i.scheduled_timestamp, i.performed_timestamp\n                                FROM intervention i\n                                join location l on  l.id = i.location_id\n                                join common_reference_type ref1 on i.intervention_type_id = ref1.id\n                                join common_reference_type ref2 on i.status_id = ref2.id \n                                where i.encounter_id = 1\n                                  AND i.intervention_type_id = 38\n                                ORDER BY i.id DESC LIMIT 1\n                                                \n" rows_affected=1 rows_returned=1 elapsed=475.9µs elapsed_secs=0.0004759
2026-08-27T03:28:05.199890Z DEBUG sqlx::query: summary="select e.id \"encounter_id\", admit_timestamp, …" db.statement="\n\n\n                                    select e.id \"encounter_id\", admit_timestamp,\n                                        discharge_timestamp as \"discharge_timestamp?\",\n                                        COALESCE(admit_notes, '') as \"admit_notes\",\n                                        COALESCE(discharge_notes, '') as \"discharge_notes\",\n                                        s.name \"encounter_site_name\",\n                                        l.short_name \"room_identifier\",\n                                        CASE WHEN discharge_timestamp is null then 'Y' else 'N' end as \"current_encounter\"\n                                    from encounter e\n                                    join location l on e.location_id = l.id\n                                    join site s on s.id = l.site_id\n                                    where patient_id = 1\n                                    order by admit_timestamp desc\n                                    \n" rows_affected=1 rows_returned=1 elapsed=2.5368ms elapsed_secs=0.0025368
2026-08-27T03:28:05.200755Z DEBUG MapleEMR::ui::simple_fmt: >get_encounter_list_tile()
2026-08-27T03:28:05.204261Z DEBUG sqlx::query: summary="SELECT i.id intervention_id, encounter_id, …" db.statement="\n\n\n                                SELECT i.id intervention_id, encounter_id, i.description, i.notes, location_id, users_id,\n                                     intervention_type_id, status_id,\n                                    l.room_identifier,\n                                    ref1.name \"intervention_type\", \n                                    ref2.name \"status\", i.scheduled_timestamp, i.performed_timestamp\n                                FROM intervention i\n                                join location l on  l.id = i.location_id\n                                join common_reference_type ref1 on i.intervention_type_id = ref1.id\n                                join common_reference_type ref2 on i.status_id = ref2.id \n                                where i.encounter_id = 1\n                                ORDER BY i.id DESC\n                                               \n" rows_affected=1 rows_returned=1 elapsed=2.3776ms elapsed_secs=0.0023776
2026-08-27T03:28:05.204375Z DEBUG MapleEMR::ui::simple_fmt: >get_intervention_list_tile()
2026-08-27T03:28:05.204459Z DEBUG MapleEMR::dao::patient_dao: get_patient_details Query: SELECT p.id "patient_id", e.id "encounter_id", e.location_id "location_id", legal_first_name, legal_last_name, COALESCE(legal_middle_names, '') as "legal_middle_names",
                                                COALESCE(admit_notes, '') as "admit_notes", COALESCE(discharge_notes, '') as "discharge_notes",
                                                birthdate, admit_timestamp,
                                                discharge_timestamp as "discharge_timestamp?",
                                                sin, phn, l2.short_name "location_short_name"
                                            FROM patient p
                                            join encounter e on p.id = e.patient_id
											join location l2 on l2.id = e.location_id
                                            where patient_id = 1
2026-08-27T03:28:05.208755Z DEBUG sqlx::query: summary="SELECT p.id \"patient_id\", e.id …" db.statement="\n\nSELECT p.id \"patient_id\", e.id \"encounter_id\", e.location_id \"location_id\", legal_first_name, legal_last_name, COALESCE(legal_middle_names, '') as \"legal_middle_names\",\n                                                COALESCE(admit_notes, '') as \"admit_notes\", COALESCE(discharge_notes, '') as \"discharge_notes\",\n                                                birthdate, admit_timestamp,\n                                                discharge_timestamp as \"discharge_timestamp?\",\n                                                sin, phn, l2.short_name \"location_short_name\"\n                                            FROM patient p\n                                            join encounter e on p.id = e.patient_id\n\t\t\t\t\t\t\t\t\t\t\tjoin location l2 on l2.id = e.location_id\n                                            where patient_id = 1\n" rows_affected=1 rows_returned=1 elapsed=3.8835ms elapsed_secs=0.0038835
2026-08-27T03:28:05.208926Z DEBUG MapleEMR::dao::patient_dao: >get_patients_at_users_site_no_discharge() Query: SELECT p.id, e.id, e.location_id, legal_first_name, legal_last_name, COALESCE(legal_middle_names, '') as "legal_middle_names",
                                        COALESCE(admit_notes, '') as "admit_notes", COALESCE(discharge_notes, '') as "discharge_notes",
                                        birthdate, admit_timestamp,
                                        discharge_timestamp as "discharge_timestamp?",
                                        phn, l2.short_name "location_short_name"
                                    FROM patient p
                                    join encounter e on p.id = e.patient_id
									join location l2 on l2.id = e.location_id
                                    where discharge_timestamp is null
                                      and location_id in (
                                        select l.id
                                        from location l
                                        where site_id in (
                                        select site_id
                                        from user_permission up
                                        where users_id = 2
                                            and up.site_id = l.site_id)  )
2026-08-27T03:28:05.209973Z DEBUG sqlx::query: summary="SELECT p.id, e.id, e.location_id, …" db.statement="\n\nSELECT p.id, e.id, e.location_id, legal_first_name, legal_last_name, COALESCE(legal_middle_names, '') as \"legal_middle_names\",\n                                        COALESCE(admit_notes, '') as \"admit_notes\", COALESCE(discharge_notes, '') as \"discharge_notes\",\n                                        birthdate, admit_timestamp,\n                                        discharge_timestamp as \"discharge_timestamp?\",\n                                        phn, l2.short_name \"location_short_name\"\n                                    FROM patient p\n                                    join encounter e on p.id = e.patient_id\n\t\t\t\t\t\t\t\t\tjoin location l2 on l2.id = e.location_id\n                                    where discharge_timestamp is null\n                                      and location_id in (\n                                        select l.id\n                                        from location l\n                                        where site_id in (\n                                        select site_id\n                                        from user_permission up\n                                        where users_id = 2\n                                            and up.site_id = l.site_id)  )\n" rows_affected=7 rows_returned=7 elapsed=692.9µs elapsed_secs=0.0006929
2026-08-27T03:28:05.210080Z DEBUG MapleEMR::dao::common_dao: get_common_references()
2026-08-27T03:28:05.213028Z DEBUG sqlx::query: summary="select id, name, description …" db.statement="\n\nselect id, name, description from common_reference_type where group_id = 1 ORDER BY NAME\n" rows_affected=19 rows_returned=19 elapsed=2.6272ms elapsed_secs=0.0026272
2026-08-27T03:28:05.213113Z DEBUG MapleEMR::ui::tile_factory: >get_patient_details_full_tile()
2026-08-27T03:28:05.213205Z DEBUG MapleEMR::ui::common: > get_dropdown_generic(intervention_type_id)
2026-08-27T03:28:07.083650Z DEBUG MapleEMR::route::intervention_route: -> Route Requested: /intvlink  route_to_modify_intervention_basic()
2026-08-27T03:28:07.083706Z DEBUG MapleEMR::route::intervention_route: -> Route Requested: /intv  (add/modify)
2026-08-27T03:28:07.083775Z DEBUG MapleEMR::route::intervention_route:    Intervention exists: view existing Intervention
2026-08-27T03:28:07.086324Z DEBUG sqlx::query: summary="SELECT i.id intervention_id, encounter_id, …" db.statement="\n\nSELECT i.id intervention_id,\n                                                encounter_id,\n                                                i.description,\n                                                i.notes,\n                                                i.location_id,\n                                                users_id,\n                                                intervention_type_id,\n                                                status_id,\n                                                l.room_identifier,\n                                                ref1.name \"intervention_type\", \n                                                ref2.name \"status\",\n                                                i.scheduled_timestamp,\n                                                i.performed_timestamp,\n                                                e.patient_id\n                                            FROM intervention i\n                                            join encounter e ON e.id = i.encounter_id\n                                            join location l on  l.id = i.location_id\n                                            join common_reference_type ref1 on i.intervention_type_id = ref1.id\n                                            join common_reference_type ref2 on i.status_id = ref2.id \n                                            where i.id = 1\n                                              \n" rows_affected=1 rows_returned=1 elapsed=1.9851ms elapsed_secs=0.0019851
2026-08-27T03:28:07.090261Z DEBUG sqlx::query: summary="SELECT i.id \"intervention_details_id\", value, …" db.statement="\n\n\n                                                    SELECT i.id \"intervention_details_id\", value, notes, entry_timestamp, ref1.name \"intervention_type\", intervention_id, type_id\n                                                        FROM intervention_details i\n                                                        JOIN common_reference_type ref1 on i.type_id = ref1.id \n                                                        WHERE intervention_id = 1\n                                                \n" rows_affected=4 rows_returned=4 elapsed=3.5267ms elapsed_secs=0.0035267
2026-08-27T03:28:07.090383Z DEBUG MapleEMR::dao::patient_dao: >get_patients_at_users_site_no_discharge() Query: SELECT p.id, e.id, e.location_id, legal_first_name, legal_last_name, COALESCE(legal_middle_names, '') as "legal_middle_names",
                                        COALESCE(admit_notes, '') as "admit_notes", COALESCE(discharge_notes, '') as "discharge_notes",
                                        birthdate, admit_timestamp,
                                        discharge_timestamp as "discharge_timestamp?",
                                        phn, l2.short_name "location_short_name"
                                    FROM patient p
                                    join encounter e on p.id = e.patient_id
									join location l2 on l2.id = e.location_id
                                    where discharge_timestamp is null
                                      and location_id in (
                                        select l.id
                                        from location l
                                        where site_id in (
                                        select site_id
                                        from user_permission up
                                        where users_id = 2
                                            and up.site_id = l.site_id)  )
2026-08-27T03:28:07.091623Z DEBUG sqlx::query: summary="SELECT p.id, e.id, e.location_id, …" db.statement="\n\nSELECT p.id, e.id, e.location_id, legal_first_name, legal_last_name, COALESCE(legal_middle_names, '') as \"legal_middle_names\",\n                                        COALESCE(admit_notes, '') as \"admit_notes\", COALESCE(discharge_notes, '') as \"discharge_notes\",\n                                        birthdate, admit_timestamp,\n                                        discharge_timestamp as \"discharge_timestamp?\",\n                                        phn, l2.short_name \"location_short_name\"\n                                    FROM patient p\n                                    join encounter e on p.id = e.patient_id\n\t\t\t\t\t\t\t\t\tjoin location l2 on l2.id = e.location_id\n                                    where discharge_timestamp is null\n                                      and location_id in (\n                                        select l.id\n                                        from location l\n                                        where site_id in (\n                                        select site_id\n                                        from user_permission up\n                                        where users_id = 2\n                                            and up.site_id = l.site_id)  )\n" rows_affected=7 rows_returned=7 elapsed=738.5µs elapsed_secs=0.0007385
2026-08-27T03:28:07.091766Z DEBUG MapleEMR::dao::auth_dao: get_user_and_departments_at_current_user_sites()
2026-08-27T03:28:07.098139Z DEBUG sqlx::query: summary="select distinct u.id user_id, …" db.statement="\n\n\n                                                select distinct u.id user_id,\n                                                    d.name || ' ('|| u.name||')' \"name\",\n                                                    u.name \"user_name\"\n                                                from user_permission up\n                                                join users u on up.users_id = u.id\n                                                join department d on up.department_id = d.id\n                                                where up.active_flag = 'Y'\n                                                and users_id = 2\n                                                and site_id is not null\n\t\t\t\t\t\t\t\t\t\t\t\torder by  d.name || ' ('|| u.name||')'\n                                                \n" rows_affected=2 rows_returned=2 elapsed=5.7749ms elapsed_secs=0.0057749
2026-08-27T03:28:07.098251Z DEBUG MapleEMR::dao::common_dao: get_common_reference()
2026-08-27T03:28:07.099189Z DEBUG sqlx::query: summary="SELECT id, name, description …" db.statement="\n\nSELECT id, name, description FROM common_reference_type WHERE ID = 38 LIMIT 1\n" rows_affected=1 rows_returned=1 elapsed=641.1µs elapsed_secs=0.0006411
2026-08-27T03:28:07.099241Z DEBUG MapleEMR::dao::common_dao: get_common_references()
2026-08-27T03:28:07.100490Z DEBUG sqlx::query: summary="select id, name, description …" db.statement="\n\nselect id, name, description from common_reference_type where group_id = 2 ORDER BY NAME\n" rows_affected=6 rows_returned=6 elapsed=948µs elapsed_secs=0.000948
2026-08-27T03:28:07.100600Z DEBUG MapleEMR::dao::common_dao: get_locations_for_user()
2026-08-27T03:28:07.103928Z DEBUG sqlx::query: summary="select id, name || …" db.statement="\n\n\n                                        select id, name || ' (' || short_name|| ')' from location\n                                        where active_flag = 'Y'\n                                        and site_id in (\n                                            select site_id\n                                            from user_permission\n                                            where users_id = 2\n                                                and active_flag = 'Y' )\n" rows_affected=34 rows_returned=34 elapsed=2.8349ms elapsed_secs=0.0028349
2026-08-27T03:28:07.104040Z DEBUG MapleEMR::ui::common: > get_location_dropdown()
2026-08-27T03:28:07.104131Z DEBUG MapleEMR::ui::tile_factory: >get_modify_intervention_full_page_tile()
2026-08-27T03:28:07.104175Z DEBUG MapleEMR::ui::tile_factory:   Update existing Intervention
2026-08-27T03:28:07.104190Z DEBUG MapleEMR::ui::common: > get_dropdown_generic(users_id)
2026-08-27T03:28:07.104208Z DEBUG MapleEMR::ui::common: > get_dropdown_generic(status_id)
2026-08-27T03:29:18.037861Z  INFO actix_server::server: SIGINT received; starting forced shutdown
2026-08-27T03:29:18.038268Z DEBUG actix_server::accept: paused accepting connections on 127.0.0.1:8000
2026-08-27T03:29:18.038339Z  INFO actix_server::accept: accept thread stopped
2026-08-27T03:29:18.038650Z  INFO actix_server::worker: shutting down idle worker
2026-08-27T03:29:18.038710Z  INFO actix_server::worker: shutting down idle worker
2026-08-27T03:29:18.038650Z  INFO actix_server::worker: shutting down idle worker
2026-08-27T03:29:18.038660Z  INFO actix_server::worker: shutting down idle worker
