2026-08-29T17:29:34.508193Z  INFO MapleEMR: MapleEMR is running!
2026-08-29T17:29:34.508594Z  INFO MapleEMR: CARGO_MANIFEST_DIR = C:\uol\csm500-final-project\src\app
2026-08-29T17:29:34.509174Z  INFO MapleEMR: Configuration loaded: C:\uol\csm500-final-project\src\app\config\maple-config.toml
2026-08-29T17:29:34.637080Z  INFO MapleEMR: Database connection established to: postgres://postgres:csm500@localhost:5432/csm500
2026-08-29T17:29:34.687360Z  INFO ort::logging: Discovered OrtHardwareDevice {vendor_id:0x8086, device_id:0x1912, vendor:Intel Corporation, type:1, metadata: [Description=Intel(R) HD Graphics 530, Discrete=0, DxgiAdapterNumber=0, DxgiHighPerformanceIndex=0, DxgiVideoMemory=128 MB, LUID=49304, ]}
2026-08-29T17:29:34.691083Z  INFO ort::logging: Discovered OrtHardwareDevice {vendor_id:0x8086, device_id:0x0, vendor:Intel, type:0, metadata: [Description=Intel(R) Core(TM) i5-6600 CPU @ 3.30GHz, ]}
2026-08-29T17:29:34.691721Z  INFO ort::logging: Session Options {  execution_mode:0 execution_order:DEFAULT enable_profiling:0 optimized_model_filepath: enable_mem_pattern:1 enable_mem_reuse:1 enable_cpu_mem_arena:1 profile_file_prefix:onnxruntime_profile_ session_logid: session_log_severity_level:-1 session_log_verbosity_level:0 max_num_graph_transformation_steps:10 graph_optimization_level:1 intra_op_param:OrtThreadPoolParams { thread_pool_size: 1 auto_set_affinity: 0 allow_spinning: 0 dynamic_block_base_: 0 stack_size: 0 affinity_str:  set_denormal_as_zero: 0 } inter_op_param:OrtThreadPoolParams { thread_pool_size: 0 auto_set_affinity: 0 allow_spinning: 0 dynamic_block_base_: 0 stack_size: 0 affinity_str:  set_denormal_as_zero: 0 } use_per_session_threads:1 thread_pool_allow_spinning:1 use_deterministic_compute:0 ep_selection_policy:5 config_options: {  } }
2026-08-29T17:29:34.691782Z  INFO ort::logging: Flush-to-zero and denormal-as-zero are off
2026-08-29T17:29:34.691801Z  INFO ort::logging: Creating and using per session threadpools since use_per_session_threads_ is true
2026-08-29T17:29:34.691855Z  INFO ort::logging: Dynamic block base set to 0
2026-08-29T17:29:34.759891Z  INFO ort::logging: Initializing session.
2026-08-29T17:29:34.759971Z  INFO ort::logging: Creating BFCArena for Cpu with following configs: initial_chunk_size_bytes: 1048576 max_dead_bytes_per_chunk: 134217728 initial_growth_chunk_size_bytes: 2097152 max_power_of_two_extend_bytes: 1073741824 memory limit: 18446744073709551615 arena_extend_strategy: 0
2026-08-29T17:29:34.764092Z  INFO ort::logging: This model does not have any local functions defined. AOT Inlining is not performed
2026-08-29T17:29:34.789739Z  INFO ort::logging: GraphTransformer EnsureUniqueDQForNodeUnit modified: 0 with status: OK
2026-08-29T17:29:34.790199Z  INFO ort::logging: GraphTransformer Level1_RuleBasedTransformer modified: 0 with status: OK
2026-08-29T17:29:34.790339Z  INFO ort::logging: GraphTransformer DoubleQDQPairsRemover modified: 0 with status: OK
2026-08-29T17:29:34.791886Z  INFO ort::logging: Total shared scalar initializer count: 199
2026-08-29T17:29:34.791921Z  INFO ort::logging: GraphTransformer ConstantSharing modified: 1 with status: OK
2026-08-29T17:29:34.797063Z  INFO ort::logging: GraphTransformer CommonSubexpressionElimination modified: 1 with status: OK
2026-08-29T17:29:34.805912Z  INFO ort::logging: GraphTransformer ConstantFolding modified: 1 with status: OK
2026-08-29T17:29:34.810353Z  INFO ort::logging: Removing initializer '/1/Constant_8_output_0'. It is no longer used by any node.
2026-08-29T17:29:34.810423Z  INFO ort::logging: Removing initializer '/0/auto_model/Shape_2_output_0'. It is no longer used by any node.
2026-08-29T17:29:34.810442Z  INFO ort::logging: Removing initializer '/1/Shape_3_output_0'. It is no longer used by any node.
2026-08-29T17:29:34.810717Z  INFO ort::logging: GraphTransformer MatMulAddFusion modified: 0 with status: OK
2026-08-29T17:29:34.810905Z  INFO ort::logging: Fused reshape node: /0/auto_model/encoder/layer.0/attention/self/Reshape_output_0
2026-08-29T17:29:34.810953Z  INFO ort::logging: Fused reshape node: /0/auto_model/encoder/layer.0/attention/self/Reshape_2_output_0
2026-08-29T17:29:34.811047Z  INFO ort::logging: Fused reshape node: /0/auto_model/encoder/layer.0/attention/self/Reshape_1_output_0
2026-08-29T17:29:34.811097Z  INFO ort::logging: Fused reshape node: /0/auto_model/encoder/layer.0/attention/self/Reshape_3_output_0
2026-08-29T17:29:34.811138Z  INFO ort::logging: Fused reshape node: /0/auto_model/encoder/layer.1/attention/self/Reshape_output_0
2026-08-29T17:29:34.811177Z  INFO ort::logging: Fused reshape node: /0/auto_model/encoder/layer.1/attention/self/Reshape_2_output_0
2026-08-29T17:29:34.811223Z  INFO ort::logging: Fused reshape node: /0/auto_model/encoder/layer.1/attention/self/Reshape_1_output_0
2026-08-29T17:29:34.811266Z  INFO ort::logging: Fused reshape node: /0/auto_model/encoder/layer.1/attention/self/Reshape_3_output_0
2026-08-29T17:29:34.811306Z  INFO ort::logging: Fused reshape node: /0/auto_model/encoder/layer.2/attention/self/Reshape_output_0
2026-08-29T17:29:34.811345Z  INFO ort::logging: Fused reshape node: /0/auto_model/encoder/layer.2/attention/self/Reshape_2_output_0
2026-08-29T17:29:34.811384Z  INFO ort::logging: Fused reshape node: /0/auto_model/encoder/layer.2/attention/self/Reshape_1_output_0
2026-08-29T17:29:34.811427Z  INFO ort::logging: Fused reshape node: /0/auto_model/encoder/layer.2/attention/self/Reshape_3_output_0
2026-08-29T17:29:34.811475Z  INFO ort::logging: Fused reshape node: /0/auto_model/encoder/layer.3/attention/self/Reshape_output_0
2026-08-29T17:29:34.811518Z  INFO ort::logging: Fused reshape node: /0/auto_model/encoder/layer.3/attention/self/Reshape_2_output_0
2026-08-29T17:29:34.811557Z  INFO ort::logging: Fused reshape node: /0/auto_model/encoder/layer.3/attention/self/Reshape_1_output_0
2026-08-29T17:29:34.811600Z  INFO ort::logging: Fused reshape node: /0/auto_model/encoder/layer.3/attention/self/Reshape_3_output_0
2026-08-29T17:29:34.811639Z  INFO ort::logging: Fused reshape node: /0/auto_model/encoder/layer.4/attention/self/Reshape_output_0
2026-08-29T17:29:34.811678Z  INFO ort::logging: Fused reshape node: /0/auto_model/encoder/layer.4/attention/self/Reshape_2_output_0
2026-08-29T17:29:34.811716Z  INFO ort::logging: Fused reshape node: /0/auto_model/encoder/layer.4/attention/self/Reshape_1_output_0
2026-08-29T17:29:34.811761Z  INFO ort::logging: Fused reshape node: /0/auto_model/encoder/layer.4/attention/self/Reshape_3_output_0
2026-08-29T17:29:34.811801Z  INFO ort::logging: Fused reshape node: /0/auto_model/encoder/layer.5/attention/self/Reshape_output_0
2026-08-29T17:29:34.811840Z  INFO ort::logging: Fused reshape node: /0/auto_model/encoder/layer.5/attention/self/Reshape_2_output_0
2026-08-29T17:29:34.811878Z  INFO ort::logging: Fused reshape node: /0/auto_model/encoder/layer.5/attention/self/Reshape_1_output_0
2026-08-29T17:29:34.811920Z  INFO ort::logging: Fused reshape node: /0/auto_model/encoder/layer.5/attention/self/Reshape_3_output_0
2026-08-29T17:29:34.811940Z  INFO ort::logging: Total fused reshape node count: 24
2026-08-29T17:29:34.811957Z  INFO ort::logging: GraphTransformer ReshapeFusion modified: 1 with status: OK
2026-08-29T17:29:34.815112Z  INFO ort::logging: Removing initializer '/0/auto_model/encoder/layer.4/attention/self/Constant_11_output_0'. It is no longer used by any node.
2026-08-29T17:29:34.815149Z  INFO ort::logging: Removing initializer '/0/auto_model/encoder/layer.4/attention/self/Constant_6_output_0'. It is no longer used by any node.
2026-08-29T17:29:34.815176Z  INFO ort::logging: Removing initializer '/0/auto_model/encoder/layer.0/attention/self/Constant_15_output_0'. It is no longer used by any node.
2026-08-29T17:29:34.815257Z  INFO ort::logging: GraphTransformer FreeDimensionOverrideTransformer modified: 0 with status: OK
2026-08-29T17:29:34.815286Z  INFO ort::logging: GraphTransformer GeluFusionL1 modified: 0 with status: OK
2026-08-29T17:29:34.815310Z  INFO ort::logging: GraphTransformer LayerNormFusionL1 modified: 0 with status: OK
2026-08-29T17:29:34.815432Z  INFO ort::logging: GraphTransformer QDQPropagationTransformer modified: 0 with status: OK
2026-08-29T17:29:34.815570Z  INFO ort::logging: GraphTransformer WeightBiasQuantization modified: 0 with status: OK
2026-08-29T17:29:34.825172Z  INFO ort::logging: GraphTransformer EnsureUniqueDQForNodeUnit modified: 0 with status: OK
2026-08-29T17:29:34.826160Z  INFO ort::logging: GraphTransformer WhereDummyDq modified: 0 with status: OK
2026-08-29T17:29:34.827242Z  INFO ort::logging: GraphTransformer TransposeOptimizer modified: 0 with status: OK
2026-08-29T17:29:34.827507Z  INFO ort::logging: GraphTransformer Level1_RuleBasedTransformer modified: 0 with status: OK
2026-08-29T17:29:34.827601Z  INFO ort::logging: GraphTransformer DoubleQDQPairsRemover modified: 0 with status: OK
2026-08-29T17:29:34.828038Z  INFO ort::logging: GraphTransformer CommonSubexpressionElimination modified: 0 with status: OK
2026-08-29T17:29:34.828198Z  INFO ort::logging: GraphTransformer ConstantFolding modified: 0 with status: OK
2026-08-29T17:29:34.828332Z  INFO ort::logging: GraphTransformer MatMulAddFusion modified: 0 with status: OK
2026-08-29T17:29:34.828435Z  INFO ort::logging: GraphTransformer ReshapeFusion modified: 0 with status: OK
2026-08-29T17:29:34.828457Z  INFO ort::logging: GraphTransformer FreeDimensionOverrideTransformer modified: 0 with status: OK
2026-08-29T17:29:34.828474Z  INFO ort::logging: GraphTransformer GeluFusionL1 modified: 0 with status: OK
2026-08-29T17:29:34.828490Z  INFO ort::logging: GraphTransformer LayerNormFusionL1 modified: 0 with status: OK
2026-08-29T17:29:34.828585Z  INFO ort::logging: GraphTransformer QDQPropagationTransformer modified: 0 with status: OK
2026-08-29T17:29:34.828673Z  INFO ort::logging: GraphTransformer WeightBiasQuantization modified: 0 with status: OK
2026-08-29T17:29:34.828765Z  INFO ort::logging: GraphTransformer EnsureUniqueDQForNodeUnit modified: 0 with status: OK
2026-08-29T17:29:34.828854Z  INFO ort::logging: GraphTransformer WhereDummyDq modified: 0 with status: OK
2026-08-29T17:29:34.835073Z  INFO ort::logging: Running graph optimizations in loop 1 time/s (Graph Optimizations Loop Level : 1)
2026-08-29T17:29:34.835638Z  INFO ort::logging: GraphTransformer RemoveDuplicateCastTransformer modified: 0 with status: OK
2026-08-29T17:29:34.835664Z  INFO ort::logging: GraphTransformer CastFloat16Transformer modified: 0 with status: OK
2026-08-29T17:29:34.835694Z  INFO ort::logging: GraphTransformer MemcpyTransformer modified: 0 with status: OK
2026-08-29T17:29:34.841509Z  INFO ort::logging: Use DeviceBasedPartition as default
2026-08-29T17:29:34.886282Z  INFO ort::logging: Saving initialized tensors.
2026-08-29T17:29:34.886402Z  INFO ort::logging: Reserving memory in BFCArena for Cpu size: 32
2026-08-29T17:29:34.886445Z  INFO ort::logging: Reserving memory in BFCArena for Cpu size: 32
2026-08-29T17:29:34.886468Z  INFO ort::logging: Reserving memory in BFCArena for Cpu size: 4
2026-08-29T17:29:34.886498Z  INFO ort::logging: Reserving memory in BFCArena for Cpu size: 4
2026-08-29T17:29:34.886532Z  INFO ort::logging: Reserving memory in BFCArena for Cpu size: 32
2026-08-29T17:29:34.886561Z  INFO ort::logging: Reserving memory in BFCArena for Cpu size: 4
2026-08-29T17:29:34.886587Z  INFO ort::logging: Reserving memory in BFCArena for Cpu size: 4
2026-08-29T17:29:34.886606Z  INFO ort::logging: Reserving memory in BFCArena for Cpu size: 8
2026-08-29T17:29:34.886631Z  INFO ort::logging: Reserving memory in BFCArena for Cpu size: 24
2026-08-29T17:29:34.886655Z  INFO ort::logging: Reserving memory in BFCArena for Cpu size: 32
2026-08-29T17:29:34.886680Z  INFO ort::logging: Reserving memory in BFCArena for Cpu size: 4
2026-08-29T17:29:34.886709Z  INFO ort::logging: Reserving memory in BFCArena for Cpu size: 32
2026-08-29T17:29:34.886736Z  INFO ort::logging: Reserving memory in BFCArena for Cpu size: 32
2026-08-29T17:29:34.886759Z  INFO ort::logging: Reserving memory in BFCArena for Cpu size: 24
2026-08-29T17:29:34.886779Z  INFO ort::logging: Reserving memory in BFCArena for Cpu size: 24
2026-08-29T17:29:34.886810Z  INFO ort::logging: Reserving memory in BFCArena for Cpu size: 32
2026-08-29T17:29:34.886849Z  INFO ort::logging: Reserving memory in BFCArena for Cpu size: 32
2026-08-29T17:29:34.886879Z  INFO ort::logging: Reserving memory in BFCArena for Cpu size: 32
2026-08-29T17:29:34.886898Z  INFO ort::logging: Reserving memory in BFCArena for Cpu size: 8
2026-08-29T17:29:34.886934Z  INFO ort::logging: Reserving memory in BFCArena for Cpu size: 8
2026-08-29T17:29:34.886954Z  INFO ort::logging: Reserving memory in BFCArena for Cpu size: 8
2026-08-29T17:29:34.886976Z  INFO ort::logging: Reserving memory in BFCArena for Cpu size: 32
2026-08-29T17:29:34.886997Z  INFO ort::logging: Reserving memory in BFCArena for Cpu size: 24
2026-08-29T17:29:34.887030Z  INFO ort::logging: Reserving memory in BFCArena for Cpu size: 8
2026-08-29T17:29:34.887050Z  INFO ort::logging: Reserving memory in BFCArena for Cpu size: 32
2026-08-29T17:29:34.887069Z  INFO ort::logging: Reserving memory in BFCArena for Cpu size: 4
2026-08-29T17:29:34.887093Z  INFO ort::logging: Reserving memory in BFCArena for Cpu size: 24
2026-08-29T17:29:34.887120Z  INFO ort::logging: Reserving memory in BFCArena for Cpu size: 4
2026-08-29T17:29:34.887140Z  INFO ort::logging: Reserving memory in BFCArena for Cpu size: 24
2026-08-29T17:29:34.887178Z  INFO ort::logging: Reserving memory in BFCArena for Cpu size: 8
2026-08-29T17:29:34.887210Z  INFO ort::logging: Reserving memory in BFCArena for Cpu size: 32
2026-08-29T17:29:34.887230Z  INFO ort::logging: Reserving memory in BFCArena for Cpu size: 16
2026-08-29T17:29:34.887250Z  INFO ort::logging: Reserving memory in BFCArena for Cpu size: 32
2026-08-29T17:29:34.887275Z  INFO ort::logging: Reserving memory in BFCArena for Cpu size: 32
2026-08-29T17:29:34.887297Z  INFO ort::logging: Reserving memory in BFCArena for Cpu size: 8
2026-08-29T17:29:34.887316Z  INFO ort::logging: Reserving memory in BFCArena for Cpu size: 4
2026-08-29T17:29:34.887335Z  INFO ort::logging: Reserving memory in BFCArena for Cpu size: 16
2026-08-29T17:29:34.887363Z  INFO ort::logging: Reserving memory in BFCArena for Cpu size: 24
2026-08-29T17:29:34.887385Z  INFO ort::logging: Reserving memory in BFCArena for Cpu size: 24
2026-08-29T17:29:34.887408Z  INFO ort::logging: Reserving memory in BFCArena for Cpu size: 32
2026-08-29T17:29:34.887427Z  INFO ort::logging: Reserving memory in BFCArena for Cpu size: 32
2026-08-29T17:29:34.887446Z  INFO ort::logging: Reserving memory in BFCArena for Cpu size: 32
2026-08-29T17:29:34.887468Z  INFO ort::logging: Reserving memory in BFCArena for Cpu size: 32
2026-08-29T17:29:34.887492Z  INFO ort::logging: Done saving initialized tensors
2026-08-29T17:29:34.888191Z  INFO ort::logging: Reserving memory in BFCArena for Cpu size: 589824
2026-08-29T17:29:34.888457Z  INFO ort::logging: Reserving memory in BFCArena for Cpu size: 589824
2026-08-29T17:29:34.888680Z  INFO ort::logging: Reserving memory in BFCArena for Cpu size: 589824
2026-08-29T17:29:34.888915Z  INFO ort::logging: Reserving memory in BFCArena for Cpu size: 589824
2026-08-29T17:29:34.889151Z  INFO ort::logging: Reserving memory in BFCArena for Cpu size: 2359296
2026-08-29T17:29:34.890731Z  INFO ort::logging: Reserving memory in BFCArena for Cpu size: 2359296
2026-08-29T17:29:34.892274Z  INFO ort::logging: Reserving memory in BFCArena for Cpu size: 589824
2026-08-29T17:29:34.892530Z  INFO ort::logging: Reserving memory in BFCArena for Cpu size: 589824
2026-08-29T17:29:34.892755Z  INFO ort::logging: Reserving memory in BFCArena for Cpu size: 589824
2026-08-29T17:29:34.893008Z  INFO ort::logging: Reserving memory in BFCArena for Cpu size: 589824
2026-08-29T17:29:34.893294Z  INFO ort::logging: Reserving memory in BFCArena for Cpu size: 2359296
2026-08-29T17:29:34.894825Z  INFO ort::logging: Reserving memory in BFCArena for Cpu size: 2359296
2026-08-29T17:29:34.896387Z  INFO ort::logging: Reserving memory in BFCArena for Cpu size: 589824
2026-08-29T17:29:34.896642Z  INFO ort::logging: Reserving memory in BFCArena for Cpu size: 589824
2026-08-29T17:29:34.896873Z  INFO ort::logging: Reserving memory in BFCArena for Cpu size: 589824
2026-08-29T17:29:34.897134Z  INFO ort::logging: Reserving memory in BFCArena for Cpu size: 589824
2026-08-29T17:29:34.897488Z  INFO ort::logging: Reserving memory in BFCArena for Cpu size: 2359296
2026-08-29T17:29:34.899112Z  INFO ort::logging: Reserving memory in BFCArena for Cpu size: 2359296
2026-08-29T17:29:34.901646Z  INFO ort::logging: Reserving memory in BFCArena for Cpu size: 589824
2026-08-29T17:29:34.901982Z  INFO ort::logging: Reserving memory in BFCArena for Cpu size: 589824
2026-08-29T17:29:34.902253Z  INFO ort::logging: Reserving memory in BFCArena for Cpu size: 589824
2026-08-29T17:29:34.902496Z  INFO ort::logging: Reserving memory in BFCArena for Cpu size: 589824
2026-08-29T17:29:34.902726Z  INFO ort::logging: Reserving memory in BFCArena for Cpu size: 2359296
2026-08-29T17:29:34.904288Z  INFO ort::logging: Reserving memory in BFCArena for Cpu size: 2359296
2026-08-29T17:29:34.905756Z  INFO ort::logging: Reserving memory in BFCArena for Cpu size: 589824
2026-08-29T17:29:34.906008Z  INFO ort::logging: Reserving memory in BFCArena for Cpu size: 589824
2026-08-29T17:29:34.906232Z  INFO ort::logging: Reserving memory in BFCArena for Cpu size: 589824
2026-08-29T17:29:34.906478Z  INFO ort::logging: Reserving memory in BFCArena for Cpu size: 589824
2026-08-29T17:29:34.906711Z  INFO ort::logging: Reserving memory in BFCArena for Cpu size: 2359296
2026-08-29T17:29:34.908254Z  INFO ort::logging: Reserving memory in BFCArena for Cpu size: 2359296
2026-08-29T17:29:34.909754Z  INFO ort::logging: Reserving memory in BFCArena for Cpu size: 589824
2026-08-29T17:29:34.910008Z  INFO ort::logging: Reserving memory in BFCArena for Cpu size: 589824
2026-08-29T17:29:34.910231Z  INFO ort::logging: Reserving memory in BFCArena for Cpu size: 589824
2026-08-29T17:29:34.910473Z  INFO ort::logging: Reserving memory in BFCArena for Cpu size: 589824
2026-08-29T17:29:34.910701Z  INFO ort::logging: Reserving memory in BFCArena for Cpu size: 2359296
2026-08-29T17:29:34.912286Z  INFO ort::logging: Reserving memory in BFCArena for Cpu size: 2359296
2026-08-29T17:29:34.914106Z  INFO ort::logging: Session successfully initialized.
2026-08-29T17:29:34.914702Z  INFO actix_server::builder: starting 4 workers
2026-08-29T17:29:34.914784Z  INFO actix_server::server: Tokio runtime found; starting in existing Tokio runtime
2026-08-29T17:29:34.914819Z  INFO actix_server::server: starting service: "actix-web-service-127.0.0.1:8000", workers: 4, listening on: 127.0.0.1:8000
2026-08-29T17:29:34.915248Z  INFO MapleEMR: >get_application_secret_key()
2026-08-29T17:29:34.915458Z DEBUG MapleEMR::ui::tile_factory: >WebContentFactory:new() : Attempting read of: C:\uol\csm500-final-project\src\app\webc\static\LoginTile.htl
2026-08-29T17:29:34.918399Z  INFO MapleEMR: >get_application_secret_key()
2026-08-29T17:29:34.918487Z DEBUG MapleEMR::ui::tile_factory: >WebContentFactory:new() : Attempting read of: C:\uol\csm500-final-project\src\app\webc\static\LoginTile.htl
2026-08-29T17:29:34.919899Z  INFO MapleEMR: >get_application_secret_key()
2026-08-29T17:29:34.919979Z DEBUG MapleEMR::ui::tile_factory: >WebContentFactory:new() : Attempting read of: C:\uol\csm500-final-project\src\app\webc\static\LoginTile.htl
2026-08-29T17:29:34.921327Z  INFO MapleEMR: >get_application_secret_key()
2026-08-29T17:29:34.921395Z DEBUG MapleEMR::ui::tile_factory: >WebContentFactory:new() : Attempting read of: C:\uol\csm500-final-project\src\app\webc\static\LoginTile.htl
2026-08-29T17:29:39.263746Z DEBUG MapleEMR::route::default_route: -> /default_route Requested
2026-08-29T17:29:39.263805Z DEBUG MapleEMR::route::default_route: Checking session for Validation errors
2026-08-29T17:29:39.263827Z DEBUG MapleEMR::route::default_route: Ok( None ) No active session
2026-08-29T17:29:44.014664Z DEBUG MapleEMR::route::login_route: -> /login Requested
2026-08-29T17:29:44.014735Z DEBUG MapleEMR::dao::auth_dao: Query: SELECT id, name, username, email, created_timestamp, password FROM USERS WHERE USERNAME = 'chath' AND PASSWORD = 'NURSE1'
2026-08-29T17:29:44.023469Z DEBUG sqlx::query: summary="SELECT id, name, username, …" db.statement="\n\nSELECT id, name, username, email, created_timestamp, password FROM USERS WHERE USERNAME = 'chath' AND PASSWORD = 'NURSE1'\n" rows_affected=0 rows_returned=0 elapsed=8.3219ms elapsed_secs=0.0083219
2026-08-29T17:29:44.023573Z DEBUG MapleEMR::dao::auth_dao: No user found for: chath
2026-08-29T17:29:44.023600Z DEBUG MapleEMR::route::login_route: Login denied for chath redirect back to /<default route>
2026-08-29T17:29:44.029102Z DEBUG MapleEMR::route::default_route: -> /default_route Requested
2026-08-29T17:29:44.029147Z DEBUG MapleEMR::route::default_route: Checking session for Validation errors
2026-08-29T17:29:44.029177Z DEBUG MapleEMR::route::default_route: Ok(Some()) Validation errors present in session: Invalid user or password. Please try again.
2026-08-29T17:29:51.356572Z DEBUG MapleEMR::route::login_route: -> /login Requested
2026-08-29T17:29:51.356741Z DEBUG MapleEMR::dao::auth_dao: Query: SELECT id, name, username, email, created_timestamp, password FROM USERS WHERE USERNAME = 'chath' AND PASSWORD = 'nurse1'
2026-08-29T17:29:51.360321Z DEBUG sqlx::query: summary="SELECT id, name, username, …" db.statement="\n\nSELECT id, name, username, email, created_timestamp, password FROM USERS WHERE USERNAME = 'chath' AND PASSWORD = 'nurse1'\n" rows_affected=1 rows_returned=1 elapsed=2.4948ms elapsed_secs=0.0024948
2026-08-29T17:29:51.360519Z DEBUG MapleEMR::dao::auth_dao: Successful login (results found) for: chath
2026-08-29T17:29:51.360714Z DEBUG MapleEMR::route::login_route: User can login: chath redirect to /home
2026-08-29T17:29:51.360800Z DEBUG MapleEMR::dao::auth_dao: get_user_permissions Query: SELECT department_id, permission_id FROM public.user_permission where active_flag = 'Y' and users_id = 2 group by department_id, permission_id order by permission_id
2026-08-29T17:29:51.525255Z DEBUG sqlx::query: summary="SELECT department_id, permission_id FROM …" db.statement="\n\nSELECT department_id, permission_id FROM public.user_permission where active_flag = 'Y' and users_id = 2 group by department_id, permission_id order by permission_id\n" rows_affected=12 rows_returned=12 elapsed=4.0909ms elapsed_secs=0.0040909
2026-08-29T17:29:51.530549Z DEBUG MapleEMR::route::home_route: -> /home Route Requested
2026-08-29T17:29:51.530674Z DEBUG MapleEMR::dao::patient_dao: >get_patients_at_users_site_no_discharge() Query: SELECT p.id, e.id, e.location_id, legal_first_name, legal_last_name, COALESCE(legal_middle_names, '') as "legal_middle_names",
                                        COALESCE(admit_notes, '') as "admit_notes", COALESCE(discharge_notes, '') as "discharge_notes",
                                        birthdate, admit_timestamp,
                                        discharge_timestamp as "discharge_timestamp?",
                                        phn, l2.short_name "location_short_name"
                                    FROM patient p
                                    join encounter e on p.id = e.patient_id
									join location l2 on l2.id = e.location_id
                                    where discharge_timestamp is null
                                      and location_id in (
                                        select l.id
                                        from location l
                                        where site_id in (
                                        select site_id
                                        from user_permission up
                                        where users_id = 2
                                            and up.site_id = l.site_id)  )
2026-08-29T17:29:51.542856Z DEBUG sqlx::query: summary="SELECT p.id, e.id, e.location_id, …" db.statement="\n\nSELECT p.id, e.id, e.location_id, legal_first_name, legal_last_name, COALESCE(legal_middle_names, '') as \"legal_middle_names\",\n                                        COALESCE(admit_notes, '') as \"admit_notes\", COALESCE(discharge_notes, '') as \"discharge_notes\",\n                                        birthdate, admit_timestamp,\n                                        discharge_timestamp as \"discharge_timestamp?\",\n                                        phn, l2.short_name \"location_short_name\"\n                                    FROM patient p\n                                    join encounter e on p.id = e.patient_id\n\t\t\t\t\t\t\t\t\tjoin location l2 on l2.id = e.location_id\n                                    where discharge_timestamp is null\n                                      and location_id in (\n                                        select l.id\n                                        from location l\n                                        where site_id in (\n                                        select site_id\n                                        from user_permission up\n                                        where users_id = 2\n                                            and up.site_id = l.site_id)  )\n" rows_affected=7 rows_returned=7 elapsed=11.8163ms elapsed_secs=0.0118163
2026-08-29T17:29:51.542947Z DEBUG MapleEMR::route::home_route: Retrieved 7 patients:
2026-08-29T17:29:51.551628Z DEBUG sqlx::query: summary="select e.id \"encounter_id\", admit_timestamp, …" db.statement="\n\n\n                                    select e.id \"encounter_id\", admit_timestamp,\n                                        discharge_timestamp as \"discharge_timestamp?\",\n                                        COALESCE(admit_notes, '') as \"admit_notes\",\n                                        COALESCE(discharge_notes, '') as \"discharge_notes\",\n                                        s.name \"encounter_site_name\",\n                                        l.short_name \"room_identifier\",\n                                        'Y' as \"current_encounter\"\n                                    from encounter e\n                                    join location l on e.location_id = l.id\n                                    join site s on s.id = l.site_id\n                                    where patient_id = 1\n                                      and discharge_timestamp is null\n                                      limit 1\n                                    \n" rows_affected=1 rows_returned=1 elapsed=8.2759ms elapsed_secs=0.0082759
2026-08-29T17:29:51.556523Z DEBUG sqlx::query: summary="SELECT i.id intervention_id, encounter_id, …" db.statement="\n\n\n                                SELECT i.id intervention_id, encounter_id, i.description, i.notes, location_id, users_id,\n                                    intervention_type_id, status_id,\n                                    l.room_identifier,\n                                    ref1.name \"intervention_type\", \n                                    ref2.name \"status\", i.scheduled_timestamp, i.performed_timestamp\n                                FROM intervention i\n                                join location l on  l.id = i.location_id\n                                join common_reference_type ref1 on i.intervention_type_id = ref1.id\n                                join common_reference_type ref2 on i.status_id = ref2.id \n                                where i.encounter_id = 1\n                                  AND i.intervention_type_id = 38\n                                ORDER BY i.id DESC LIMIT 1\n                                                \n" rows_affected=1 rows_returned=1 elapsed=4.5507ms elapsed_secs=0.0045507
2026-08-29T17:29:51.558261Z DEBUG sqlx::query: summary="select e.id \"encounter_id\", admit_timestamp, …" db.statement="\n\n\n                                    select e.id \"encounter_id\", admit_timestamp,\n                                        discharge_timestamp as \"discharge_timestamp?\",\n                                        COALESCE(admit_notes, '') as \"admit_notes\",\n                                        COALESCE(discharge_notes, '') as \"discharge_notes\",\n                                        s.name \"encounter_site_name\",\n                                        l.short_name \"room_identifier\",\n                                        'Y' as \"current_encounter\"\n                                    from encounter e\n                                    join location l on e.location_id = l.id\n                                    join site s on s.id = l.site_id\n                                    where patient_id = 2\n                                      and discharge_timestamp is null\n                                      limit 1\n                                    \n" rows_affected=1 rows_returned=1 elapsed=1.1886ms elapsed_secs=0.0011886
2026-08-29T17:29:51.559730Z DEBUG sqlx::query: summary="SELECT i.id intervention_id, encounter_id, …" db.statement="\n\n\n                                SELECT i.id intervention_id, encounter_id, i.description, i.notes, location_id, users_id,\n                                    intervention_type_id, status_id,\n                                    l.room_identifier,\n                                    ref1.name \"intervention_type\", \n                                    ref2.name \"status\", i.scheduled_timestamp, i.performed_timestamp\n                                FROM intervention i\n                                join location l on  l.id = i.location_id\n                                join common_reference_type ref1 on i.intervention_type_id = ref1.id\n                                join common_reference_type ref2 on i.status_id = ref2.id \n                                where i.encounter_id = 2\n                                  AND i.intervention_type_id = 38\n                                ORDER BY i.id DESC LIMIT 1\n                                                \n" rows_affected=1 rows_returned=1 elapsed=1.1096ms elapsed_secs=0.0011096
2026-08-29T17:29:51.561010Z DEBUG sqlx::query: summary="select e.id \"encounter_id\", admit_timestamp, …" db.statement="\n\n\n                                    select e.id \"encounter_id\", admit_timestamp,\n                                        discharge_timestamp as \"discharge_timestamp?\",\n                                        COALESCE(admit_notes, '') as \"admit_notes\",\n                                        COALESCE(discharge_notes, '') as \"discharge_notes\",\n                                        s.name \"encounter_site_name\",\n                                        l.short_name \"room_identifier\",\n                                        'Y' as \"current_encounter\"\n                                    from encounter e\n                                    join location l on e.location_id = l.id\n                                    join site s on s.id = l.site_id\n                                    where patient_id = 3\n                                      and discharge_timestamp is null\n                                      limit 1\n                                    \n" rows_affected=1 rows_returned=1 elapsed=879.5µs elapsed_secs=0.0008795
2026-08-29T17:29:51.562527Z DEBUG sqlx::query: summary="SELECT i.id intervention_id, encounter_id, …" db.statement="\n\n\n                                SELECT i.id intervention_id, encounter_id, i.description, i.notes, location_id, users_id,\n                                    intervention_type_id, status_id,\n                                    l.room_identifier,\n                                    ref1.name \"intervention_type\", \n                                    ref2.name \"status\", i.scheduled_timestamp, i.performed_timestamp\n                                FROM intervention i\n                                join location l on  l.id = i.location_id\n                                join common_reference_type ref1 on i.intervention_type_id = ref1.id\n                                join common_reference_type ref2 on i.status_id = ref2.id \n                                where i.encounter_id = 3\n                                  AND i.intervention_type_id = 38\n                                ORDER BY i.id DESC LIMIT 1\n                                                \n" rows_affected=1 rows_returned=1 elapsed=1.2178ms elapsed_secs=0.0012178
2026-08-29T17:29:51.675642Z DEBUG sqlx::query: summary="select e.id \"encounter_id\", admit_timestamp, …" db.statement="\n\n\n                                    select e.id \"encounter_id\", admit_timestamp,\n                                        discharge_timestamp as \"discharge_timestamp?\",\n                                        COALESCE(admit_notes, '') as \"admit_notes\",\n                                        COALESCE(discharge_notes, '') as \"discharge_notes\",\n                                        s.name \"encounter_site_name\",\n                                        l.short_name \"room_identifier\",\n                                        'Y' as \"current_encounter\"\n                                    from encounter e\n                                    join location l on e.location_id = l.id\n                                    join site s on s.id = l.site_id\n                                    where patient_id = 5\n                                      and discharge_timestamp is null\n                                      limit 1\n                                    \n" rows_affected=1 rows_returned=1 elapsed=7.7343ms elapsed_secs=0.0077343
2026-08-29T17:29:51.679368Z DEBUG sqlx::query: summary="SELECT i.id intervention_id, encounter_id, …" db.statement="\n\n\n                                SELECT i.id intervention_id, encounter_id, i.description, i.notes, location_id, users_id,\n                                    intervention_type_id, status_id,\n                                    l.room_identifier,\n                                    ref1.name \"intervention_type\", \n                                    ref2.name \"status\", i.scheduled_timestamp, i.performed_timestamp\n                                FROM intervention i\n                                join location l on  l.id = i.location_id\n                                join common_reference_type ref1 on i.intervention_type_id = ref1.id\n                                join common_reference_type ref2 on i.status_id = ref2.id \n                                where i.encounter_id = 10\n                                  AND i.intervention_type_id = 38\n                                ORDER BY i.id DESC LIMIT 1\n                                                \n" rows_affected=0 rows_returned=0 elapsed=3.2485ms elapsed_secs=0.0032485
2026-08-29T17:29:51.679450Z DEBUG MapleEMR::dao::intervention_dao: No Interventions found for encounter_id: 10 [count=0]
2026-08-29T17:29:51.683290Z DEBUG sqlx::query: summary="select e.id \"encounter_id\", admit_timestamp, …" db.statement="\n\n\n                                    select e.id \"encounter_id\", admit_timestamp,\n                                        discharge_timestamp as \"discharge_timestamp?\",\n                                        COALESCE(admit_notes, '') as \"admit_notes\",\n                                        COALESCE(discharge_notes, '') as \"discharge_notes\",\n                                        s.name \"encounter_site_name\",\n                                        l.short_name \"room_identifier\",\n                                        'Y' as \"current_encounter\"\n                                    from encounter e\n                                    join location l on e.location_id = l.id\n                                    join site s on s.id = l.site_id\n                                    where patient_id = 25\n                                      and discharge_timestamp is null\n                                      limit 1\n                                    \n" rows_affected=1 rows_returned=1 elapsed=3.5155ms elapsed_secs=0.0035155
2026-08-29T17:29:51.689138Z DEBUG sqlx::query: summary="SELECT i.id intervention_id, encounter_id, …" db.statement="\n\n\n                                SELECT i.id intervention_id, encounter_id, i.description, i.notes, location_id, users_id,\n                                    intervention_type_id, status_id,\n                                    l.room_identifier,\n                                    ref1.name \"intervention_type\", \n                                    ref2.name \"status\", i.scheduled_timestamp, i.performed_timestamp\n                                FROM intervention i\n                                join location l on  l.id = i.location_id\n                                join common_reference_type ref1 on i.intervention_type_id = ref1.id\n                                join common_reference_type ref2 on i.status_id = ref2.id \n                                where i.encounter_id = 11\n                                  AND i.intervention_type_id = 38\n                                ORDER BY i.id DESC LIMIT 1\n                                                \n" rows_affected=0 rows_returned=0 elapsed=5.0392ms elapsed_secs=0.0050392
2026-08-29T17:29:51.689215Z DEBUG MapleEMR::dao::intervention_dao: No Interventions found for encounter_id: 11 [count=0]
2026-08-29T17:29:51.690384Z DEBUG sqlx::query: summary="select e.id \"encounter_id\", admit_timestamp, …" db.statement="\n\n\n                                    select e.id \"encounter_id\", admit_timestamp,\n                                        discharge_timestamp as \"discharge_timestamp?\",\n                                        COALESCE(admit_notes, '') as \"admit_notes\",\n                                        COALESCE(discharge_notes, '') as \"discharge_notes\",\n                                        s.name \"encounter_site_name\",\n                                        l.short_name \"room_identifier\",\n                                        'Y' as \"current_encounter\"\n                                    from encounter e\n                                    join location l on e.location_id = l.id\n                                    join site s on s.id = l.site_id\n                                    where patient_id = 26\n                                      and discharge_timestamp is null\n                                      limit 1\n                                    \n" rows_affected=1 rows_returned=1 elapsed=831.5µs elapsed_secs=0.0008315
2026-08-29T17:29:51.691747Z DEBUG sqlx::query: summary="SELECT i.id intervention_id, encounter_id, …" db.statement="\n\n\n                                SELECT i.id intervention_id, encounter_id, i.description, i.notes, location_id, users_id,\n                                    intervention_type_id, status_id,\n                                    l.room_identifier,\n                                    ref1.name \"intervention_type\", \n                                    ref2.name \"status\", i.scheduled_timestamp, i.performed_timestamp\n                                FROM intervention i\n                                join location l on  l.id = i.location_id\n                                join common_reference_type ref1 on i.intervention_type_id = ref1.id\n                                join common_reference_type ref2 on i.status_id = ref2.id \n                                where i.encounter_id = 12\n                                  AND i.intervention_type_id = 38\n                                ORDER BY i.id DESC LIMIT 1\n                                                \n" rows_affected=0 rows_returned=0 elapsed=1.0384ms elapsed_secs=0.0010384
2026-08-29T17:29:51.691817Z DEBUG MapleEMR::dao::intervention_dao: No Interventions found for encounter_id: 12 [count=0]
2026-08-29T17:29:51.692883Z DEBUG sqlx::query: summary="select e.id \"encounter_id\", admit_timestamp, …" db.statement="\n\n\n                                    select e.id \"encounter_id\", admit_timestamp,\n                                        discharge_timestamp as \"discharge_timestamp?\",\n                                        COALESCE(admit_notes, '') as \"admit_notes\",\n                                        COALESCE(discharge_notes, '') as \"discharge_notes\",\n                                        s.name \"encounter_site_name\",\n                                        l.short_name \"room_identifier\",\n                                        'Y' as \"current_encounter\"\n                                    from encounter e\n                                    join location l on e.location_id = l.id\n                                    join site s on s.id = l.site_id\n                                    where patient_id = 27\n                                      and discharge_timestamp is null\n                                      limit 1\n                                    \n" rows_affected=1 rows_returned=1 elapsed=777.2µs elapsed_secs=0.0007772
2026-08-29T17:29:51.694165Z DEBUG sqlx::query: summary="SELECT i.id intervention_id, encounter_id, …" db.statement="\n\n\n                                SELECT i.id intervention_id, encounter_id, i.description, i.notes, location_id, users_id,\n                                    intervention_type_id, status_id,\n                                    l.room_identifier,\n                                    ref1.name \"intervention_type\", \n                                    ref2.name \"status\", i.scheduled_timestamp, i.performed_timestamp\n                                FROM intervention i\n                                join location l on  l.id = i.location_id\n                                join common_reference_type ref1 on i.intervention_type_id = ref1.id\n                                join common_reference_type ref2 on i.status_id = ref2.id \n                                where i.encounter_id = 13\n                                  AND i.intervention_type_id = 38\n                                ORDER BY i.id DESC LIMIT 1\n                                                \n" rows_affected=0 rows_returned=0 elapsed=943.3µs elapsed_secs=0.0009433
2026-08-29T17:29:51.694231Z DEBUG MapleEMR::dao::intervention_dao: No Interventions found for encounter_id: 13 [count=0]
2026-08-29T17:30:32.718966Z DEBUG MapleEMR::route::patient_route: -> /patientdtls Route Requested
2026-08-29T17:30:32.723936Z DEBUG sqlx::query: summary="select e.id \"encounter_id\", admit_timestamp, …" db.statement="\n\n\n                                    select e.id \"encounter_id\", admit_timestamp,\n                                        discharge_timestamp as \"discharge_timestamp?\",\n                                        COALESCE(admit_notes, '') as \"admit_notes\",\n                                        COALESCE(discharge_notes, '') as \"discharge_notes\",\n                                        s.name \"encounter_site_name\",\n                                        l.short_name \"room_identifier\",\n                                        'Y' as \"current_encounter\"\n                                    from encounter e\n                                    join location l on e.location_id = l.id\n                                    join site s on s.id = l.site_id\n                                    where patient_id = 26\n                                      and discharge_timestamp is null\n                                      limit 1\n                                    \n" rows_affected=1 rows_returned=1 elapsed=3.5256ms elapsed_secs=0.0035256
2026-08-29T17:30:32.729384Z DEBUG sqlx::query: summary="SELECT i.id intervention_id, encounter_id, …" db.statement="\n\n\n                                SELECT i.id intervention_id, encounter_id, i.description, i.notes, location_id, users_id,\n                                    intervention_type_id, status_id,\n                                    l.room_identifier,\n                                    ref1.name \"intervention_type\", \n                                    ref2.name \"status\", i.scheduled_timestamp, i.performed_timestamp\n                                FROM intervention i\n                                join location l on  l.id = i.location_id\n                                join common_reference_type ref1 on i.intervention_type_id = ref1.id\n                                join common_reference_type ref2 on i.status_id = ref2.id \n                                where i.encounter_id = 12\n                                  AND i.intervention_type_id = 38\n                                ORDER BY i.id DESC LIMIT 1\n                                                \n" rows_affected=0 rows_returned=0 elapsed=4.017ms elapsed_secs=0.004017
2026-08-29T17:30:32.729691Z DEBUG MapleEMR::dao::intervention_dao: No Interventions found for encounter_id: 12 [count=0]
2026-08-29T17:30:32.737751Z DEBUG sqlx::query: summary="select e.id \"encounter_id\", admit_timestamp, …" db.statement="\n\n\n                                    select e.id \"encounter_id\", admit_timestamp,\n                                        discharge_timestamp as \"discharge_timestamp?\",\n                                        COALESCE(admit_notes, '') as \"admit_notes\",\n                                        COALESCE(discharge_notes, '') as \"discharge_notes\",\n                                        s.name \"encounter_site_name\",\n                                        l.short_name \"room_identifier\",\n                                        CASE WHEN discharge_timestamp is null then 'Y' else 'N' end as \"current_encounter\"\n                                    from encounter e\n                                    join location l on e.location_id = l.id\n                                    join site s on s.id = l.site_id\n                                    where patient_id = 26\n                                    order by admit_timestamp desc\n                                    \n" rows_affected=1 rows_returned=1 elapsed=6.5872ms elapsed_secs=0.0065872
2026-08-29T17:30:32.738128Z DEBUG MapleEMR::ui::simple_fmt: >get_encounter_list_tile()
2026-08-29T17:30:32.743997Z DEBUG sqlx::query: summary="SELECT i.id intervention_id, encounter_id, …" db.statement="\n\n\n                                SELECT i.id intervention_id, encounter_id, i.description, i.notes, location_id, users_id,\n                                     intervention_type_id, status_id,\n                                    l.room_identifier,\n                                    ref1.name \"intervention_type\", \n                                    ref2.name \"status\", i.scheduled_timestamp, i.performed_timestamp\n                                FROM intervention i\n                                join location l on  l.id = i.location_id\n                                join common_reference_type ref1 on i.intervention_type_id = ref1.id\n                                join common_reference_type ref2 on i.status_id = ref2.id \n                                where i.encounter_id = 12\n                                ORDER BY i.id DESC\n                                               \n" rows_affected=1 rows_returned=1 elapsed=4.8129ms elapsed_secs=0.0048129
2026-08-29T17:30:32.744270Z DEBUG MapleEMR::ui::simple_fmt: >get_intervention_list_tile()
2026-08-29T17:30:32.744533Z DEBUG MapleEMR::dao::patient_dao: get_patient_details Query: SELECT p.id "patient_id", e.id "encounter_id", e.location_id "location_id", legal_first_name, legal_last_name, COALESCE(legal_middle_names, '') as "legal_middle_names",
                                                COALESCE(admit_notes, '') as "admit_notes", COALESCE(discharge_notes, '') as "discharge_notes",
                                                birthdate, admit_timestamp,
                                                discharge_timestamp as "discharge_timestamp?",
                                                sin, phn, l2.short_name "location_short_name"
                                            FROM patient p
                                            join encounter e on p.id = e.patient_id
											join location l2 on l2.id = e.location_id
                                            where patient_id = 26
2026-08-29T17:30:32.761779Z DEBUG sqlx::query: summary="SELECT p.id \"patient_id\", e.id …" db.statement="\n\nSELECT p.id \"patient_id\", e.id \"encounter_id\", e.location_id \"location_id\", legal_first_name, legal_last_name, COALESCE(legal_middle_names, '') as \"legal_middle_names\",\n                                                COALESCE(admit_notes, '') as \"admit_notes\", COALESCE(discharge_notes, '') as \"discharge_notes\",\n                                                birthdate, admit_timestamp,\n                                                discharge_timestamp as \"discharge_timestamp?\",\n                                                sin, phn, l2.short_name \"location_short_name\"\n                                            FROM patient p\n                                            join encounter e on p.id = e.patient_id\n\t\t\t\t\t\t\t\t\t\t\tjoin location l2 on l2.id = e.location_id\n                                            where patient_id = 26\n" rows_affected=1 rows_returned=1 elapsed=16.031ms elapsed_secs=0.016031
2026-08-29T17:30:32.762291Z DEBUG MapleEMR::dao::patient_dao: >get_patients_at_users_site_no_discharge() Query: SELECT p.id, e.id, e.location_id, legal_first_name, legal_last_name, COALESCE(legal_middle_names, '') as "legal_middle_names",
                                        COALESCE(admit_notes, '') as "admit_notes", COALESCE(discharge_notes, '') as "discharge_notes",
                                        birthdate, admit_timestamp,
                                        discharge_timestamp as "discharge_timestamp?",
                                        phn, l2.short_name "location_short_name"
                                    FROM patient p
                                    join encounter e on p.id = e.patient_id
									join location l2 on l2.id = e.location_id
                                    where discharge_timestamp is null
                                      and location_id in (
                                        select l.id
                                        from location l
                                        where site_id in (
                                        select site_id
                                        from user_permission up
                                        where users_id = 2
                                            and up.site_id = l.site_id)  )
2026-08-29T17:30:32.778781Z DEBUG sqlx::query: summary="SELECT p.id, e.id, e.location_id, …" db.statement="\n\nSELECT p.id, e.id, e.location_id, legal_first_name, legal_last_name, COALESCE(legal_middle_names, '') as \"legal_middle_names\",\n                                        COALESCE(admit_notes, '') as \"admit_notes\", COALESCE(discharge_notes, '') as \"discharge_notes\",\n                                        birthdate, admit_timestamp,\n                                        discharge_timestamp as \"discharge_timestamp?\",\n                                        phn, l2.short_name \"location_short_name\"\n                                    FROM patient p\n                                    join encounter e on p.id = e.patient_id\n\t\t\t\t\t\t\t\t\tjoin location l2 on l2.id = e.location_id\n                                    where discharge_timestamp is null\n                                      and location_id in (\n                                        select l.id\n                                        from location l\n                                        where site_id in (\n                                        select site_id\n                                        from user_permission up\n                                        where users_id = 2\n                                            and up.site_id = l.site_id)  )\n" rows_affected=7 rows_returned=7 elapsed=15.3695ms elapsed_secs=0.0153695
2026-08-29T17:30:32.779076Z DEBUG MapleEMR::dao::common_dao: get_common_references()
2026-08-29T17:30:32.782082Z DEBUG sqlx::query: summary="select id, name, description …" db.statement="\n\nselect id, name, description from common_reference_type where group_id = 1 ORDER BY NAME\n" rows_affected=19 rows_returned=19 elapsed=2.3373ms elapsed_secs=0.0023373
2026-08-29T17:30:32.782264Z DEBUG MapleEMR::ui::tile_factory: >get_patient_details_full_tile()
2026-08-29T17:30:32.782498Z DEBUG MapleEMR::ui::common: > get_dropdown_generic(intervention_type_id)
2026-08-29T17:30:34.762334Z DEBUG MapleEMR::route::intervention_route: -> Route Requested: /intvlink  route_to_modify_intervention_basic()
2026-08-29T17:30:34.762399Z DEBUG MapleEMR::route::intervention_route: -> Route Requested: /intv  (add/modify)
2026-08-29T17:30:34.762470Z DEBUG MapleEMR::route::intervention_route:    Intervention exists: view existing Intervention
2026-08-29T17:30:34.764779Z DEBUG sqlx::query: summary="SELECT i.id intervention_id, encounter_id, …" db.statement="\n\nSELECT i.id intervention_id,\n                                                encounter_id,\n                                                i.description,\n                                                i.notes,\n                                                i.location_id,\n                                                users_id,\n                                                intervention_type_id,\n                                                status_id,\n                                                l.room_identifier,\n                                                ref1.name \"intervention_type\", \n                                                ref2.name \"status\",\n                                                i.scheduled_timestamp,\n                                                i.performed_timestamp,\n                                                e.patient_id\n                                            FROM intervention i\n                                            join encounter e ON e.id = i.encounter_id\n                                            join location l on  l.id = i.location_id\n                                            join common_reference_type ref1 on i.intervention_type_id = ref1.id\n                                            join common_reference_type ref2 on i.status_id = ref2.id \n                                            where i.id = 15\n                                              \n" rows_affected=1 rows_returned=1 elapsed=1.9494ms elapsed_secs=0.0019494
2026-08-29T17:30:34.772241Z DEBUG sqlx::query: summary="SELECT i.id \"intervention_details_id\", value, …" db.statement="\n\n\n                                                    SELECT i.id \"intervention_details_id\", value, notes, entry_timestamp, ref1.name \"intervention_type\", intervention_id, type_id\n                                                        FROM intervention_details i\n                                                        JOIN common_reference_type ref1 on i.type_id = ref1.id \n                                                        WHERE i.intervention_id = 15\n                                                \n" rows_affected=0 rows_returned=0 elapsed=6.2321ms elapsed_secs=0.0062321
2026-08-29T17:30:34.772381Z DEBUG MapleEMR::dao::intervention_dao: No intervention details found for intervention_id: 15 [0]
2026-08-29T17:30:34.772406Z DEBUG MapleEMR::dao::intervention_dao: get_interventions_details() Query: 
                                                    SELECT i.id "intervention_details_id", value, notes, entry_timestamp, ref1.name "intervention_type", intervention_id, type_id
                                                        FROM intervention_details i
                                                        JOIN common_reference_type ref1 on i.type_id = ref1.id 
                                                        WHERE i.intervention_id = 15
                                                
2026-08-29T17:30:34.772461Z DEBUG MapleEMR::dao::patient_dao: >get_patients_at_users_site_no_discharge() Query: SELECT p.id, e.id, e.location_id, legal_first_name, legal_last_name, COALESCE(legal_middle_names, '') as "legal_middle_names",
                                        COALESCE(admit_notes, '') as "admit_notes", COALESCE(discharge_notes, '') as "discharge_notes",
                                        birthdate, admit_timestamp,
                                        discharge_timestamp as "discharge_timestamp?",
                                        phn, l2.short_name "location_short_name"
                                    FROM patient p
                                    join encounter e on p.id = e.patient_id
									join location l2 on l2.id = e.location_id
                                    where discharge_timestamp is null
                                      and location_id in (
                                        select l.id
                                        from location l
                                        where site_id in (
                                        select site_id
                                        from user_permission up
                                        where users_id = 2
                                            and up.site_id = l.site_id)  )
2026-08-29T17:30:34.774204Z DEBUG sqlx::query: summary="SELECT p.id, e.id, e.location_id, …" db.statement="\n\nSELECT p.id, e.id, e.location_id, legal_first_name, legal_last_name, COALESCE(legal_middle_names, '') as \"legal_middle_names\",\n                                        COALESCE(admit_notes, '') as \"admit_notes\", COALESCE(discharge_notes, '') as \"discharge_notes\",\n                                        birthdate, admit_timestamp,\n                                        discharge_timestamp as \"discharge_timestamp?\",\n                                        phn, l2.short_name \"location_short_name\"\n                                    FROM patient p\n                                    join encounter e on p.id = e.patient_id\n\t\t\t\t\t\t\t\t\tjoin location l2 on l2.id = e.location_id\n                                    where discharge_timestamp is null\n                                      and location_id in (\n                                        select l.id\n                                        from location l\n                                        where site_id in (\n                                        select site_id\n                                        from user_permission up\n                                        where users_id = 2\n                                            and up.site_id = l.site_id)  )\n" rows_affected=7 rows_returned=7 elapsed=991.8µs elapsed_secs=0.0009918
2026-08-29T17:30:34.774345Z DEBUG MapleEMR::dao::auth_dao: get_user_and_departments_at_current_user_sites()
2026-08-29T17:30:34.782059Z DEBUG sqlx::query: summary="select distinct u.id user_id, …" db.statement="\n\n\n                                                select distinct u.id user_id,\n                                                    d.name || ' ('|| u.name||')' \"name\",\n                                                    u.name \"user_name\"\n                                                from user_permission up\n                                                join users u on up.users_id = u.id\n                                                join department d on up.department_id = d.id\n                                                where up.active_flag = 'Y'\n                                                and site_id is not null\n\t\t\t\t\t\t\t\t\t\t\t\torder by  d.name || ' ('|| u.name||')'\n                                                \n" rows_affected=10 rows_returned=10 elapsed=7.4147ms elapsed_secs=0.0074147
2026-08-29T17:30:34.782142Z DEBUG MapleEMR::dao::common_dao: get_common_reference()
2026-08-29T17:30:34.783330Z DEBUG sqlx::query: summary="SELECT id, name, description …" db.statement="\n\nSELECT id, name, description FROM common_reference_type WHERE ID = 9 LIMIT 1\n" rows_affected=1 rows_returned=1 elapsed=908.6µs elapsed_secs=0.0009086
2026-08-29T17:30:34.783514Z DEBUG MapleEMR::dao::common_dao: get_common_references()
2026-08-29T17:30:34.787828Z DEBUG sqlx::query: summary="select id, name, description …" db.statement="\n\nselect id, name, description from common_reference_type where group_id = 5 ORDER BY NAME\n" rows_affected=3 rows_returned=3 elapsed=1.6403ms elapsed_secs=0.0016403
2026-08-29T17:30:34.787942Z DEBUG MapleEMR::dao::common_dao: get_common_references()
2026-08-29T17:30:34.789015Z DEBUG sqlx::query: summary="select id, name, description …" db.statement="\n\nselect id, name, description from common_reference_type where group_id = 2 ORDER BY NAME\n" rows_affected=6 rows_returned=6 elapsed=793.9µs elapsed_secs=0.0007939
2026-08-29T17:30:34.789137Z DEBUG MapleEMR::dao::common_dao: get_locations_for_user()
2026-08-29T17:30:34.790797Z DEBUG sqlx::query: summary="select id, name || …" db.statement="\n\n\n                                        select id, name || ' (' || short_name|| ')' from location\n                                        where active_flag = 'Y'\n                                        and site_id in (\n                                            select site_id\n                                            from user_permission\n                                            where users_id = 2\n                                                and active_flag = 'Y' )\n" rows_affected=34 rows_returned=34 elapsed=1.3632ms elapsed_secs=0.0013632
2026-08-29T17:30:34.790880Z DEBUG MapleEMR::ui::common: > get_location_dropdown()
2026-08-29T17:30:34.790941Z DEBUG MapleEMR::ui::tile_factory: >get_modify_intervention_full_page_tile()
2026-08-29T17:30:34.790979Z DEBUG MapleEMR::ui::tile_factory:   Update existing Intervention
2026-08-29T17:30:34.790992Z DEBUG MapleEMR::ui::common: > get_dropdown_generic(users_id)
2026-08-29T17:30:34.791020Z DEBUG MapleEMR::ui::common: > get_dropdown_generic(status_id)
2026-08-29T17:30:34.791045Z DEBUG MapleEMR::ui::intervention_fmt: >get_view_only_intervention_details_list()
2026-08-29T17:31:42.480479Z  INFO actix_server::server: SIGINT received; starting forced shutdown
2026-08-29T17:31:42.480808Z DEBUG actix_server::accept: paused accepting connections on 127.0.0.1:8000
2026-08-29T17:31:42.480961Z  INFO actix_server::accept: accept thread stopped
2026-08-29T17:31:42.481336Z  INFO actix_server::worker: shutting down idle worker
2026-08-29T17:31:42.481391Z  INFO actix_server::worker: shutting down idle worker
2026-08-29T17:31:42.481949Z  INFO actix_server::worker: shutting down idle worker
2026-08-29T17:31:42.482275Z  INFO actix_server::worker: shutting down idle worker
