2026-08-27T03:29:30.251986Z  INFO MapleEMR: MapleEMR is running!
2026-08-27T03:29:30.371660Z  INFO MapleEMR: Database connection established to: postgres://postgres:csm500@localhost:5432/csm500
2026-08-27T03:29:30.371734Z  INFO MapleEMR: CARGO_MANIFEST_DIR = C:\uol\csm500-final-project\src\app
2026-08-27T03:29:30.418795Z  INFO ort::logging: Discovered OrtHardwareDevice {vendor_id:0x8086, device_id:0x1912, vendor:Intel Corporation, type:1, metadata: [Description=Intel(R) HD Graphics 530, Discrete=0, DxgiAdapterNumber=0, DxgiHighPerformanceIndex=0, DxgiVideoMemory=128 MB, LUID=49304, ]}
2026-08-27T03:29:30.423156Z  INFO ort::logging: Discovered OrtHardwareDevice {vendor_id:0x8086, device_id:0x0, vendor:Intel, type:0, metadata: [Description=Intel(R) Core(TM) i5-6600 CPU @ 3.30GHz, ]}
2026-08-27T03:29:30.423869Z  INFO ort::logging: Session Options {  execution_mode:0 execution_order:DEFAULT enable_profiling:0 optimized_model_filepath: enable_mem_pattern:1 enable_mem_reuse:1 enable_cpu_mem_arena:1 profile_file_prefix:onnxruntime_profile_ session_logid: session_log_severity_level:-1 session_log_verbosity_level:0 max_num_graph_transformation_steps:10 graph_optimization_level:1 intra_op_param:OrtThreadPoolParams { thread_pool_size: 1 auto_set_affinity: 0 allow_spinning: 0 dynamic_block_base_: 0 stack_size: 0 affinity_str:  set_denormal_as_zero: 0 } inter_op_param:OrtThreadPoolParams { thread_pool_size: 0 auto_set_affinity: 0 allow_spinning: 0 dynamic_block_base_: 0 stack_size: 0 affinity_str:  set_denormal_as_zero: 0 } use_per_session_threads:1 thread_pool_allow_spinning:1 use_deterministic_compute:0 ep_selection_policy:5 config_options: {  } }
2026-08-27T03:29:30.423932Z  INFO ort::logging: Flush-to-zero and denormal-as-zero are off
2026-08-27T03:29:30.423955Z  INFO ort::logging: Creating and using per session threadpools since use_per_session_threads_ is true
2026-08-27T03:29:30.424011Z  INFO ort::logging: Dynamic block base set to 0
2026-08-27T03:29:30.488056Z  INFO ort::logging: Initializing session.
2026-08-27T03:29:30.488144Z  INFO ort::logging: Creating BFCArena for Cpu with following configs: initial_chunk_size_bytes: 1048576 max_dead_bytes_per_chunk: 134217728 initial_growth_chunk_size_bytes: 2097152 max_power_of_two_extend_bytes: 1073741824 memory limit: 18446744073709551615 arena_extend_strategy: 0
2026-08-27T03:29:30.492957Z  INFO ort::logging: This model does not have any local functions defined. AOT Inlining is not performed
2026-08-27T03:29:30.519020Z  INFO ort::logging: GraphTransformer EnsureUniqueDQForNodeUnit modified: 0 with status: OK
2026-08-27T03:29:30.519621Z  INFO ort::logging: GraphTransformer Level1_RuleBasedTransformer modified: 0 with status: OK
2026-08-27T03:29:30.519847Z  INFO ort::logging: GraphTransformer DoubleQDQPairsRemover modified: 0 with status: OK
2026-08-27T03:29:30.521499Z  INFO ort::logging: Total shared scalar initializer count: 199
2026-08-27T03:29:30.521544Z  INFO ort::logging: GraphTransformer ConstantSharing modified: 1 with status: OK
2026-08-27T03:29:30.527557Z  INFO ort::logging: GraphTransformer CommonSubexpressionElimination modified: 1 with status: OK
2026-08-27T03:29:30.536020Z  INFO ort::logging: GraphTransformer ConstantFolding modified: 1 with status: OK
2026-08-27T03:29:30.540868Z  INFO ort::logging: Removing initializer '/1/Constant_8_output_0'. It is no longer used by any node.
2026-08-27T03:29:30.540970Z  INFO ort::logging: Removing initializer '/0/auto_model/Shape_2_output_0'. It is no longer used by any node.
2026-08-27T03:29:30.540994Z  INFO ort::logging: Removing initializer '/1/Shape_3_output_0'. It is no longer used by any node.
2026-08-27T03:29:30.541433Z  INFO ort::logging: GraphTransformer MatMulAddFusion modified: 0 with status: OK
2026-08-27T03:29:30.541664Z  INFO ort::logging: Fused reshape node: /0/auto_model/encoder/layer.0/attention/self/Reshape_output_0
2026-08-27T03:29:30.541711Z  INFO ort::logging: Fused reshape node: /0/auto_model/encoder/layer.0/attention/self/Reshape_2_output_0
2026-08-27T03:29:30.541752Z  INFO ort::logging: Fused reshape node: /0/auto_model/encoder/layer.0/attention/self/Reshape_1_output_0
2026-08-27T03:29:30.541849Z  INFO ort::logging: Fused reshape node: /0/auto_model/encoder/layer.0/attention/self/Reshape_3_output_0
2026-08-27T03:29:30.541905Z  INFO ort::logging: Fused reshape node: /0/auto_model/encoder/layer.1/attention/self/Reshape_output_0
2026-08-27T03:29:30.541947Z  INFO ort::logging: Fused reshape node: /0/auto_model/encoder/layer.1/attention/self/Reshape_2_output_0
2026-08-27T03:29:30.541987Z  INFO ort::logging: Fused reshape node: /0/auto_model/encoder/layer.1/attention/self/Reshape_1_output_0
2026-08-27T03:29:30.542032Z  INFO ort::logging: Fused reshape node: /0/auto_model/encoder/layer.1/attention/self/Reshape_3_output_0
2026-08-27T03:29:30.542075Z  INFO ort::logging: Fused reshape node: /0/auto_model/encoder/layer.2/attention/self/Reshape_output_0
2026-08-27T03:29:30.542118Z  INFO ort::logging: Fused reshape node: /0/auto_model/encoder/layer.2/attention/self/Reshape_2_output_0
2026-08-27T03:29:30.542158Z  INFO ort::logging: Fused reshape node: /0/auto_model/encoder/layer.2/attention/self/Reshape_1_output_0
2026-08-27T03:29:30.542208Z  INFO ort::logging: Fused reshape node: /0/auto_model/encoder/layer.2/attention/self/Reshape_3_output_0
2026-08-27T03:29:30.542251Z  INFO ort::logging: Fused reshape node: /0/auto_model/encoder/layer.3/attention/self/Reshape_output_0
2026-08-27T03:29:30.542292Z  INFO ort::logging: Fused reshape node: /0/auto_model/encoder/layer.3/attention/self/Reshape_2_output_0
2026-08-27T03:29:30.542333Z  INFO ort::logging: Fused reshape node: /0/auto_model/encoder/layer.3/attention/self/Reshape_1_output_0
2026-08-27T03:29:30.542377Z  INFO ort::logging: Fused reshape node: /0/auto_model/encoder/layer.3/attention/self/Reshape_3_output_0
2026-08-27T03:29:30.542430Z  INFO ort::logging: Fused reshape node: /0/auto_model/encoder/layer.4/attention/self/Reshape_output_0
2026-08-27T03:29:30.542476Z  INFO ort::logging: Fused reshape node: /0/auto_model/encoder/layer.4/attention/self/Reshape_2_output_0
2026-08-27T03:29:30.542515Z  INFO ort::logging: Fused reshape node: /0/auto_model/encoder/layer.4/attention/self/Reshape_1_output_0
2026-08-27T03:29:30.542560Z  INFO ort::logging: Fused reshape node: /0/auto_model/encoder/layer.4/attention/self/Reshape_3_output_0
2026-08-27T03:29:30.542604Z  INFO ort::logging: Fused reshape node: /0/auto_model/encoder/layer.5/attention/self/Reshape_output_0
2026-08-27T03:29:30.542646Z  INFO ort::logging: Fused reshape node: /0/auto_model/encoder/layer.5/attention/self/Reshape_2_output_0
2026-08-27T03:29:30.542692Z  INFO ort::logging: Fused reshape node: /0/auto_model/encoder/layer.5/attention/self/Reshape_1_output_0
2026-08-27T03:29:30.542736Z  INFO ort::logging: Fused reshape node: /0/auto_model/encoder/layer.5/attention/self/Reshape_3_output_0
2026-08-27T03:29:30.542756Z  INFO ort::logging: Total fused reshape node count: 24
2026-08-27T03:29:30.542777Z  INFO ort::logging: GraphTransformer ReshapeFusion modified: 1 with status: OK
2026-08-27T03:29:30.546413Z  INFO ort::logging: Removing initializer '/0/auto_model/encoder/layer.4/attention/self/Constant_11_output_0'. It is no longer used by any node.
2026-08-27T03:29:30.546457Z  INFO ort::logging: Removing initializer '/0/auto_model/encoder/layer.4/attention/self/Constant_6_output_0'. It is no longer used by any node.
2026-08-27T03:29:30.546489Z  INFO ort::logging: Removing initializer '/0/auto_model/encoder/layer.0/attention/self/Constant_15_output_0'. It is no longer used by any node.
2026-08-27T03:29:30.546603Z  INFO ort::logging: GraphTransformer FreeDimensionOverrideTransformer modified: 0 with status: OK
2026-08-27T03:29:30.546632Z  INFO ort::logging: GraphTransformer GeluFusionL1 modified: 0 with status: OK
2026-08-27T03:29:30.546661Z  INFO ort::logging: GraphTransformer LayerNormFusionL1 modified: 0 with status: OK
2026-08-27T03:29:30.546812Z  INFO ort::logging: GraphTransformer QDQPropagationTransformer modified: 0 with status: OK
2026-08-27T03:29:30.546921Z  INFO ort::logging: GraphTransformer WeightBiasQuantization modified: 0 with status: OK
2026-08-27T03:29:30.547066Z  INFO ort::logging: GraphTransformer EnsureUniqueDQForNodeUnit modified: 0 with status: OK
2026-08-27T03:29:30.547170Z  INFO ort::logging: GraphTransformer WhereDummyDq modified: 0 with status: OK
2026-08-27T03:29:30.547971Z  INFO ort::logging: GraphTransformer TransposeOptimizer modified: 0 with status: OK
2026-08-27T03:29:30.548269Z  INFO ort::logging: GraphTransformer Level1_RuleBasedTransformer modified: 0 with status: OK
2026-08-27T03:29:30.548368Z  INFO ort::logging: GraphTransformer DoubleQDQPairsRemover modified: 0 with status: OK
2026-08-27T03:29:30.548807Z  INFO ort::logging: GraphTransformer CommonSubexpressionElimination modified: 0 with status: OK
2026-08-27T03:29:30.548972Z  INFO ort::logging: GraphTransformer ConstantFolding modified: 0 with status: OK
2026-08-27T03:29:30.549106Z  INFO ort::logging: GraphTransformer MatMulAddFusion modified: 0 with status: OK
2026-08-27T03:29:30.549201Z  INFO ort::logging: GraphTransformer ReshapeFusion modified: 0 with status: OK
2026-08-27T03:29:30.549223Z  INFO ort::logging: GraphTransformer FreeDimensionOverrideTransformer modified: 0 with status: OK
2026-08-27T03:29:30.549240Z  INFO ort::logging: GraphTransformer GeluFusionL1 modified: 0 with status: OK
2026-08-27T03:29:30.549256Z  INFO ort::logging: GraphTransformer LayerNormFusionL1 modified: 0 with status: OK
2026-08-27T03:29:30.549353Z  INFO ort::logging: GraphTransformer QDQPropagationTransformer modified: 0 with status: OK
2026-08-27T03:29:30.549439Z  INFO ort::logging: GraphTransformer WeightBiasQuantization modified: 0 with status: OK
2026-08-27T03:29:30.549530Z  INFO ort::logging: GraphTransformer EnsureUniqueDQForNodeUnit modified: 0 with status: OK
2026-08-27T03:29:30.549616Z  INFO ort::logging: GraphTransformer WhereDummyDq modified: 0 with status: OK
2026-08-27T03:29:30.555393Z  INFO ort::logging: Running graph optimizations in loop 1 time/s (Graph Optimizations Loop Level : 1)
2026-08-27T03:29:30.555888Z  INFO ort::logging: GraphTransformer RemoveDuplicateCastTransformer modified: 0 with status: OK
2026-08-27T03:29:30.555913Z  INFO ort::logging: GraphTransformer CastFloat16Transformer modified: 0 with status: OK
2026-08-27T03:29:30.555956Z  INFO ort::logging: GraphTransformer MemcpyTransformer modified: 0 with status: OK
2026-08-27T03:29:30.562488Z  INFO ort::logging: Use DeviceBasedPartition as default
2026-08-27T03:29:30.603729Z  INFO ort::logging: Saving initialized tensors.
2026-08-27T03:29:30.603898Z  INFO ort::logging: Reserving memory in BFCArena for Cpu size: 24
2026-08-27T03:29:30.603957Z  INFO ort::logging: Reserving memory in BFCArena for Cpu size: 4
2026-08-27T03:29:30.603985Z  INFO ort::logging: Reserving memory in BFCArena for Cpu size: 24
2026-08-27T03:29:30.604013Z  INFO ort::logging: Reserving memory in BFCArena for Cpu size: 32
2026-08-27T03:29:30.604043Z  INFO ort::logging: Reserving memory in BFCArena for Cpu size: 8
2026-08-27T03:29:30.604074Z  INFO ort::logging: Reserving memory in BFCArena for Cpu size: 24
2026-08-27T03:29:30.604095Z  INFO ort::logging: Reserving memory in BFCArena for Cpu size: 32
2026-08-27T03:29:30.604121Z  INFO ort::logging: Reserving memory in BFCArena for Cpu size: 8
2026-08-27T03:29:30.604142Z  INFO ort::logging: Reserving memory in BFCArena for Cpu size: 32
2026-08-27T03:29:30.604185Z  INFO ort::logging: Reserving memory in BFCArena for Cpu size: 24
2026-08-27T03:29:30.604206Z  INFO ort::logging: Reserving memory in BFCArena for Cpu size: 32
2026-08-27T03:29:30.604231Z  INFO ort::logging: Reserving memory in BFCArena for Cpu size: 32
2026-08-27T03:29:30.604257Z  INFO ort::logging: Reserving memory in BFCArena for Cpu size: 24
2026-08-27T03:29:30.604287Z  INFO ort::logging: Reserving memory in BFCArena for Cpu size: 32
2026-08-27T03:29:30.604324Z  INFO ort::logging: Reserving memory in BFCArena for Cpu size: 4
2026-08-27T03:29:30.604349Z  INFO ort::logging: Reserving memory in BFCArena for Cpu size: 24
2026-08-27T03:29:30.604383Z  INFO ort::logging: Reserving memory in BFCArena for Cpu size: 32
2026-08-27T03:29:30.604408Z  INFO ort::logging: Reserving memory in BFCArena for Cpu size: 32
2026-08-27T03:29:30.604434Z  INFO ort::logging: Reserving memory in BFCArena for Cpu size: 16
2026-08-27T03:29:30.604472Z  INFO ort::logging: Reserving memory in BFCArena for Cpu size: 32
2026-08-27T03:29:30.604511Z  INFO ort::logging: Reserving memory in BFCArena for Cpu size: 4
2026-08-27T03:29:30.604546Z  INFO ort::logging: Reserving memory in BFCArena for Cpu size: 32
2026-08-27T03:29:30.604565Z  INFO ort::logging: Reserving memory in BFCArena for Cpu size: 4
2026-08-27T03:29:30.604585Z  INFO ort::logging: Reserving memory in BFCArena for Cpu size: 16
2026-08-27T03:29:30.604605Z  INFO ort::logging: Reserving memory in BFCArena for Cpu size: 32
2026-08-27T03:29:30.604626Z  INFO ort::logging: Reserving memory in BFCArena for Cpu size: 24
2026-08-27T03:29:30.604650Z  INFO ort::logging: Reserving memory in BFCArena for Cpu size: 8
2026-08-27T03:29:30.604675Z  INFO ort::logging: Reserving memory in BFCArena for Cpu size: 32
2026-08-27T03:29:30.604698Z  INFO ort::logging: Reserving memory in BFCArena for Cpu size: 8
2026-08-27T03:29:30.604735Z  INFO ort::logging: Reserving memory in BFCArena for Cpu size: 8
2026-08-27T03:29:30.604766Z  INFO ort::logging: Reserving memory in BFCArena for Cpu size: 4
2026-08-27T03:29:30.604788Z  INFO ort::logging: Reserving memory in BFCArena for Cpu size: 4
2026-08-27T03:29:30.604810Z  INFO ort::logging: Reserving memory in BFCArena for Cpu size: 32
2026-08-27T03:29:30.604832Z  INFO ort::logging: Reserving memory in BFCArena for Cpu size: 8
2026-08-27T03:29:30.604854Z  INFO ort::logging: Reserving memory in BFCArena for Cpu size: 24
2026-08-27T03:29:30.604877Z  INFO ort::logging: Reserving memory in BFCArena for Cpu size: 4
2026-08-27T03:29:30.604904Z  INFO ort::logging: Reserving memory in BFCArena for Cpu size: 32
2026-08-27T03:29:30.604924Z  INFO ort::logging: Reserving memory in BFCArena for Cpu size: 32
2026-08-27T03:29:30.604946Z  INFO ort::logging: Reserving memory in BFCArena for Cpu size: 8
2026-08-27T03:29:30.604968Z  INFO ort::logging: Reserving memory in BFCArena for Cpu size: 32
2026-08-27T03:29:30.604989Z  INFO ort::logging: Reserving memory in BFCArena for Cpu size: 4
2026-08-27T03:29:30.605018Z  INFO ort::logging: Reserving memory in BFCArena for Cpu size: 32
2026-08-27T03:29:30.605044Z  INFO ort::logging: Reserving memory in BFCArena for Cpu size: 32
2026-08-27T03:29:30.605076Z  INFO ort::logging: Done saving initialized tensors
2026-08-27T03:29:30.605888Z  INFO ort::logging: Reserving memory in BFCArena for Cpu size: 589824
2026-08-27T03:29:30.606188Z  INFO ort::logging: Reserving memory in BFCArena for Cpu size: 589824
2026-08-27T03:29:30.606439Z  INFO ort::logging: Reserving memory in BFCArena for Cpu size: 589824
2026-08-27T03:29:30.606702Z  INFO ort::logging: Reserving memory in BFCArena for Cpu size: 589824
2026-08-27T03:29:30.606931Z  INFO ort::logging: Reserving memory in BFCArena for Cpu size: 2359296
2026-08-27T03:29:30.608501Z  INFO ort::logging: Reserving memory in BFCArena for Cpu size: 2359296
2026-08-27T03:29:30.610045Z  INFO ort::logging: Reserving memory in BFCArena for Cpu size: 589824
2026-08-27T03:29:30.610434Z  INFO ort::logging: Reserving memory in BFCArena for Cpu size: 589824
2026-08-27T03:29:30.610663Z  INFO ort::logging: Reserving memory in BFCArena for Cpu size: 589824
2026-08-27T03:29:30.610942Z  INFO ort::logging: Reserving memory in BFCArena for Cpu size: 589824
2026-08-27T03:29:30.611230Z  INFO ort::logging: Reserving memory in BFCArena for Cpu size: 2359296
2026-08-27T03:29:30.612844Z  INFO ort::logging: Reserving memory in BFCArena for Cpu size: 2359296
2026-08-27T03:29:30.614525Z  INFO ort::logging: Reserving memory in BFCArena for Cpu size: 589824
2026-08-27T03:29:30.614847Z  INFO ort::logging: Reserving memory in BFCArena for Cpu size: 589824
2026-08-27T03:29:30.615069Z  INFO ort::logging: Reserving memory in BFCArena for Cpu size: 589824
2026-08-27T03:29:30.615303Z  INFO ort::logging: Reserving memory in BFCArena for Cpu size: 589824
2026-08-27T03:29:30.615531Z  INFO ort::logging: Reserving memory in BFCArena for Cpu size: 2359296
2026-08-27T03:29:30.617273Z  INFO ort::logging: Reserving memory in BFCArena for Cpu size: 2359296
2026-08-27T03:29:30.618975Z  INFO ort::logging: Reserving memory in BFCArena for Cpu size: 589824
2026-08-27T03:29:30.619337Z  INFO ort::logging: Reserving memory in BFCArena for Cpu size: 589824
2026-08-27T03:29:30.619565Z  INFO ort::logging: Reserving memory in BFCArena for Cpu size: 589824
2026-08-27T03:29:30.619804Z  INFO ort::logging: Reserving memory in BFCArena for Cpu size: 589824
2026-08-27T03:29:30.620091Z  INFO ort::logging: Reserving memory in BFCArena for Cpu size: 2359296
2026-08-27T03:29:30.621786Z  INFO ort::logging: Reserving memory in BFCArena for Cpu size: 2359296
2026-08-27T03:29:30.623385Z  INFO ort::logging: Reserving memory in BFCArena for Cpu size: 589824
2026-08-27T03:29:30.623748Z  INFO ort::logging: Reserving memory in BFCArena for Cpu size: 589824
2026-08-27T03:29:30.623968Z  INFO ort::logging: Reserving memory in BFCArena for Cpu size: 589824
2026-08-27T03:29:30.624217Z  INFO ort::logging: Reserving memory in BFCArena for Cpu size: 589824
2026-08-27T03:29:30.624462Z  INFO ort::logging: Reserving memory in BFCArena for Cpu size: 2359296
2026-08-27T03:29:30.625997Z  INFO ort::logging: Reserving memory in BFCArena for Cpu size: 2359296
2026-08-27T03:29:30.627716Z  INFO ort::logging: Reserving memory in BFCArena for Cpu size: 589824
2026-08-27T03:29:30.628090Z  INFO ort::logging: Reserving memory in BFCArena for Cpu size: 589824
2026-08-27T03:29:30.628336Z  INFO ort::logging: Reserving memory in BFCArena for Cpu size: 589824
2026-08-27T03:29:30.628571Z  INFO ort::logging: Reserving memory in BFCArena for Cpu size: 589824
2026-08-27T03:29:30.628798Z  INFO ort::logging: Reserving memory in BFCArena for Cpu size: 2359296
2026-08-27T03:29:30.630447Z  INFO ort::logging: Reserving memory in BFCArena for Cpu size: 2359296
2026-08-27T03:29:30.632477Z  INFO ort::logging: Session successfully initialized.
2026-08-27T03:29:30.633272Z  INFO actix_server::builder: starting 4 workers
2026-08-27T03:29:30.633392Z  INFO actix_server::server: Tokio runtime found; starting in existing Tokio runtime
2026-08-27T03:29:30.633427Z  INFO actix_server::server: starting service: "actix-web-service-127.0.0.1:8000", workers: 4, listening on: 127.0.0.1:8000
2026-08-27T03:29:30.634007Z  INFO MapleEMR: >get_application_secret_key()
2026-08-27T03:29:30.634392Z DEBUG MapleEMR::ui::tile_factory: >WebContentFactory:new() : Attempting read of: C:\uol\csm500-final-project\src\app\webc\static\LoginTile.htl
2026-08-27T03:29:30.637420Z  INFO MapleEMR: >get_application_secret_key()
2026-08-27T03:29:30.637508Z DEBUG MapleEMR::ui::tile_factory: >WebContentFactory:new() : Attempting read of: C:\uol\csm500-final-project\src\app\webc\static\LoginTile.htl
2026-08-27T03:29:30.638855Z  INFO MapleEMR: >get_application_secret_key()
2026-08-27T03:29:30.638925Z DEBUG MapleEMR::ui::tile_factory: >WebContentFactory:new() : Attempting read of: C:\uol\csm500-final-project\src\app\webc\static\LoginTile.htl
2026-08-27T03:29:30.640518Z  INFO MapleEMR: >get_application_secret_key()
2026-08-27T03:29:30.640583Z DEBUG MapleEMR::ui::tile_factory: >WebContentFactory:new() : Attempting read of: C:\uol\csm500-final-project\src\app\webc\static\LoginTile.htl
2026-08-27T03:29:37.138408Z DEBUG MapleEMR::route::default_route: -> /default_route Requested
2026-08-27T03:29:37.138501Z DEBUG MapleEMR::route::default_route: Checking session for Validation errors
2026-08-27T03:29:37.138542Z DEBUG MapleEMR::route::default_route: Ok( None ) No active session
2026-08-27T03:29:45.226494Z DEBUG MapleEMR::route::login_route: -> /login Requested
2026-08-27T03:29:45.226563Z DEBUG MapleEMR::dao::auth_dao: Query: SELECT id, name, username, email, created_timestamp, password FROM USERS WHERE USERNAME = 'chath' AND PASSWORD = 'nurse1'
2026-08-27T03:29:45.231699Z DEBUG sqlx::query: summary="SELECT id, name, username, …" db.statement="\n\nSELECT id, name, username, email, created_timestamp, password FROM USERS WHERE USERNAME = 'chath' AND PASSWORD = 'nurse1'\n" rows_affected=1 rows_returned=1 elapsed=4.6744ms elapsed_secs=0.0046744
2026-08-27T03:29:45.231794Z DEBUG MapleEMR::dao::auth_dao: Successful login (results found) for: chath
2026-08-27T03:29:45.231868Z DEBUG MapleEMR::route::login_route: User can login: chath redirect to /home
2026-08-27T03:29:45.231886Z DEBUG MapleEMR::dao::auth_dao: get_user_permissions Query: SELECT department_id, permission_id FROM public.user_permission where active_flag = 'Y' and users_id = 2 group by department_id, permission_id order by permission_id
2026-08-27T03:29:45.442676Z DEBUG sqlx::query: summary="SELECT department_id, permission_id FROM …" db.statement="\n\nSELECT department_id, permission_id FROM public.user_permission where active_flag = 'Y' and users_id = 2 group by department_id, permission_id order by permission_id\n" rows_affected=12 rows_returned=12 elapsed=4.2817ms elapsed_secs=0.0042817
2026-08-27T03:29:45.448444Z DEBUG MapleEMR::route::home_route: -> /home Route Requested
2026-08-27T03:29:45.448608Z DEBUG MapleEMR::dao::patient_dao: >get_patients_at_users_site_no_discharge() Query: SELECT p.id, e.id, e.location_id, legal_first_name, legal_last_name, COALESCE(legal_middle_names, '') as "legal_middle_names",
                                        COALESCE(admit_notes, '') as "admit_notes", COALESCE(discharge_notes, '') as "discharge_notes",
                                        birthdate, admit_timestamp,
                                        discharge_timestamp as "discharge_timestamp?",
                                        phn, l2.short_name "location_short_name"
                                    FROM patient p
                                    join encounter e on p.id = e.patient_id
									join location l2 on l2.id = e.location_id
                                    where discharge_timestamp is null
                                      and location_id in (
                                        select l.id
                                        from location l
                                        where site_id in (
                                        select site_id
                                        from user_permission up
                                        where users_id = 2
                                            and up.site_id = l.site_id)  )
2026-08-27T03:29:45.459258Z DEBUG sqlx::query: summary="SELECT p.id, e.id, e.location_id, …" db.statement="\n\nSELECT p.id, e.id, e.location_id, legal_first_name, legal_last_name, COALESCE(legal_middle_names, '') as \"legal_middle_names\",\n                                        COALESCE(admit_notes, '') as \"admit_notes\", COALESCE(discharge_notes, '') as \"discharge_notes\",\n                                        birthdate, admit_timestamp,\n                                        discharge_timestamp as \"discharge_timestamp?\",\n                                        phn, l2.short_name \"location_short_name\"\n                                    FROM patient p\n                                    join encounter e on p.id = e.patient_id\n\t\t\t\t\t\t\t\t\tjoin location l2 on l2.id = e.location_id\n                                    where discharge_timestamp is null\n                                      and location_id in (\n                                        select l.id\n                                        from location l\n                                        where site_id in (\n                                        select site_id\n                                        from user_permission up\n                                        where users_id = 2\n                                            and up.site_id = l.site_id)  )\n" rows_affected=7 rows_returned=7 elapsed=10.2204ms elapsed_secs=0.0102204
2026-08-27T03:29:45.459361Z DEBUG MapleEMR::route::home_route: Retrieved 7 patients:
2026-08-27T03:29:45.468295Z DEBUG sqlx::query: summary="select e.id \"encounter_id\", admit_timestamp, …" db.statement="\n\n\n                                    select e.id \"encounter_id\", admit_timestamp,\n                                        discharge_timestamp as \"discharge_timestamp?\",\n                                        COALESCE(admit_notes, '') as \"admit_notes\",\n                                        COALESCE(discharge_notes, '') as \"discharge_notes\",\n                                        s.name \"encounter_site_name\",\n                                        l.short_name \"room_identifier\",\n                                        'Y' as \"current_encounter\"\n                                    from encounter e\n                                    join location l on e.location_id = l.id\n                                    join site s on s.id = l.site_id\n                                    where patient_id = 1\n                                      and discharge_timestamp is null\n                                      limit 1\n                                    \n" rows_affected=1 rows_returned=1 elapsed=8.5823ms elapsed_secs=0.0085823
2026-08-27T03:29:45.473533Z DEBUG sqlx::query: summary="SELECT i.id intervention_id, encounter_id, …" db.statement="\n\n\n                                SELECT i.id intervention_id, encounter_id, i.description, i.notes, location_id, users_id,\n                                    intervention_type_id, status_id,\n                                    l.room_identifier,\n                                    ref1.name \"intervention_type\", \n                                    ref2.name \"status\", i.scheduled_timestamp, i.performed_timestamp\n                                FROM intervention i\n                                join location l on  l.id = i.location_id\n                                join common_reference_type ref1 on i.intervention_type_id = ref1.id\n                                join common_reference_type ref2 on i.status_id = ref2.id \n                                where i.encounter_id = 1\n                                  AND i.intervention_type_id = 38\n                                ORDER BY i.id DESC LIMIT 1\n                                                \n" rows_affected=1 rows_returned=1 elapsed=4.7884ms elapsed_secs=0.0047884
2026-08-27T03:29:45.474980Z DEBUG sqlx::query: summary="select e.id \"encounter_id\", admit_timestamp, …" db.statement="\n\n\n                                    select e.id \"encounter_id\", admit_timestamp,\n                                        discharge_timestamp as \"discharge_timestamp?\",\n                                        COALESCE(admit_notes, '') as \"admit_notes\",\n                                        COALESCE(discharge_notes, '') as \"discharge_notes\",\n                                        s.name \"encounter_site_name\",\n                                        l.short_name \"room_identifier\",\n                                        'Y' as \"current_encounter\"\n                                    from encounter e\n                                    join location l on e.location_id = l.id\n                                    join site s on s.id = l.site_id\n                                    where patient_id = 2\n                                      and discharge_timestamp is null\n                                      limit 1\n                                    \n" rows_affected=1 rows_returned=1 elapsed=971.1µs elapsed_secs=0.0009711
2026-08-27T03:29:45.476417Z DEBUG sqlx::query: summary="SELECT i.id intervention_id, encounter_id, …" db.statement="\n\n\n                                SELECT i.id intervention_id, encounter_id, i.description, i.notes, location_id, users_id,\n                                    intervention_type_id, status_id,\n                                    l.room_identifier,\n                                    ref1.name \"intervention_type\", \n                                    ref2.name \"status\", i.scheduled_timestamp, i.performed_timestamp\n                                FROM intervention i\n                                join location l on  l.id = i.location_id\n                                join common_reference_type ref1 on i.intervention_type_id = ref1.id\n                                join common_reference_type ref2 on i.status_id = ref2.id \n                                where i.encounter_id = 2\n                                  AND i.intervention_type_id = 38\n                                ORDER BY i.id DESC LIMIT 1\n                                                \n" rows_affected=1 rows_returned=1 elapsed=1.0763ms elapsed_secs=0.0010763
2026-08-27T03:29:45.477896Z DEBUG sqlx::query: summary="select e.id \"encounter_id\", admit_timestamp, …" db.statement="\n\n\n                                    select e.id \"encounter_id\", admit_timestamp,\n                                        discharge_timestamp as \"discharge_timestamp?\",\n                                        COALESCE(admit_notes, '') as \"admit_notes\",\n                                        COALESCE(discharge_notes, '') as \"discharge_notes\",\n                                        s.name \"encounter_site_name\",\n                                        l.short_name \"room_identifier\",\n                                        'Y' as \"current_encounter\"\n                                    from encounter e\n                                    join location l on e.location_id = l.id\n                                    join site s on s.id = l.site_id\n                                    where patient_id = 3\n                                      and discharge_timestamp is null\n                                      limit 1\n                                    \n" rows_affected=1 rows_returned=1 elapsed=1.0596ms elapsed_secs=0.0010596
2026-08-27T03:29:45.479598Z DEBUG sqlx::query: summary="SELECT i.id intervention_id, encounter_id, …" db.statement="\n\n\n                                SELECT i.id intervention_id, encounter_id, i.description, i.notes, location_id, users_id,\n                                    intervention_type_id, status_id,\n                                    l.room_identifier,\n                                    ref1.name \"intervention_type\", \n                                    ref2.name \"status\", i.scheduled_timestamp, i.performed_timestamp\n                                FROM intervention i\n                                join location l on  l.id = i.location_id\n                                join common_reference_type ref1 on i.intervention_type_id = ref1.id\n                                join common_reference_type ref2 on i.status_id = ref2.id \n                                where i.encounter_id = 3\n                                  AND i.intervention_type_id = 38\n                                ORDER BY i.id DESC LIMIT 1\n                                                \n" rows_affected=1 rows_returned=1 elapsed=1.3651ms elapsed_secs=0.0013651
2026-08-27T03:29:45.481047Z DEBUG sqlx::query: summary="select e.id \"encounter_id\", admit_timestamp, …" db.statement="\n\n\n                                    select e.id \"encounter_id\", admit_timestamp,\n                                        discharge_timestamp as \"discharge_timestamp?\",\n                                        COALESCE(admit_notes, '') as \"admit_notes\",\n                                        COALESCE(discharge_notes, '') as \"discharge_notes\",\n                                        s.name \"encounter_site_name\",\n                                        l.short_name \"room_identifier\",\n                                        'Y' as \"current_encounter\"\n                                    from encounter e\n                                    join location l on e.location_id = l.id\n                                    join site s on s.id = l.site_id\n                                    where patient_id = 5\n                                      and discharge_timestamp is null\n                                      limit 1\n                                    \n" rows_affected=1 rows_returned=1 elapsed=1.0689ms elapsed_secs=0.0010689
2026-08-27T03:29:45.482679Z DEBUG sqlx::query: summary="SELECT i.id intervention_id, encounter_id, …" db.statement="\n\n\n                                SELECT i.id intervention_id, encounter_id, i.description, i.notes, location_id, users_id,\n                                    intervention_type_id, status_id,\n                                    l.room_identifier,\n                                    ref1.name \"intervention_type\", \n                                    ref2.name \"status\", i.scheduled_timestamp, i.performed_timestamp\n                                FROM intervention i\n                                join location l on  l.id = i.location_id\n                                join common_reference_type ref1 on i.intervention_type_id = ref1.id\n                                join common_reference_type ref2 on i.status_id = ref2.id \n                                where i.encounter_id = 10\n                                  AND i.intervention_type_id = 38\n                                ORDER BY i.id DESC LIMIT 1\n                                                \n" rows_affected=0 rows_returned=0 elapsed=1.1837ms elapsed_secs=0.0011837
2026-08-27T03:29:45.482836Z DEBUG MapleEMR::dao::intervention_dao: No Interventions found for encounter_id: 10 [count=0]
2026-08-27T03:29:45.484482Z DEBUG sqlx::query: summary="select e.id \"encounter_id\", admit_timestamp, …" db.statement="\n\n\n                                    select e.id \"encounter_id\", admit_timestamp,\n                                        discharge_timestamp as \"discharge_timestamp?\",\n                                        COALESCE(admit_notes, '') as \"admit_notes\",\n                                        COALESCE(discharge_notes, '') as \"discharge_notes\",\n                                        s.name \"encounter_site_name\",\n                                        l.short_name \"room_identifier\",\n                                        'Y' as \"current_encounter\"\n                                    from encounter e\n                                    join location l on e.location_id = l.id\n                                    join site s on s.id = l.site_id\n                                    where patient_id = 25\n                                      and discharge_timestamp is null\n                                      limit 1\n                                    \n" rows_affected=1 rows_returned=1 elapsed=1.1895ms elapsed_secs=0.0011895
2026-08-27T03:29:45.486154Z DEBUG sqlx::query: summary="SELECT i.id intervention_id, encounter_id, …" db.statement="\n\n\n                                SELECT i.id intervention_id, encounter_id, i.description, i.notes, location_id, users_id,\n                                    intervention_type_id, status_id,\n                                    l.room_identifier,\n                                    ref1.name \"intervention_type\", \n                                    ref2.name \"status\", i.scheduled_timestamp, i.performed_timestamp\n                                FROM intervention i\n                                join location l on  l.id = i.location_id\n                                join common_reference_type ref1 on i.intervention_type_id = ref1.id\n                                join common_reference_type ref2 on i.status_id = ref2.id \n                                where i.encounter_id = 11\n                                  AND i.intervention_type_id = 38\n                                ORDER BY i.id DESC LIMIT 1\n                                                \n" rows_affected=0 rows_returned=0 elapsed=1.2799ms elapsed_secs=0.0012799
2026-08-27T03:29:45.486238Z DEBUG MapleEMR::dao::intervention_dao: No Interventions found for encounter_id: 11 [count=0]
2026-08-27T03:29:45.487478Z DEBUG sqlx::query: summary="select e.id \"encounter_id\", admit_timestamp, …" db.statement="\n\n\n                                    select e.id \"encounter_id\", admit_timestamp,\n                                        discharge_timestamp as \"discharge_timestamp?\",\n                                        COALESCE(admit_notes, '') as \"admit_notes\",\n                                        COALESCE(discharge_notes, '') as \"discharge_notes\",\n                                        s.name \"encounter_site_name\",\n                                        l.short_name \"room_identifier\",\n                                        'Y' as \"current_encounter\"\n                                    from encounter e\n                                    join location l on e.location_id = l.id\n                                    join site s on s.id = l.site_id\n                                    where patient_id = 26\n                                      and discharge_timestamp is null\n                                      limit 1\n                                    \n" rows_affected=1 rows_returned=1 elapsed=917.7µs elapsed_secs=0.0009177
2026-08-27T03:29:45.489087Z DEBUG sqlx::query: summary="SELECT i.id intervention_id, encounter_id, …" db.statement="\n\n\n                                SELECT i.id intervention_id, encounter_id, i.description, i.notes, location_id, users_id,\n                                    intervention_type_id, status_id,\n                                    l.room_identifier,\n                                    ref1.name \"intervention_type\", \n                                    ref2.name \"status\", i.scheduled_timestamp, i.performed_timestamp\n                                FROM intervention i\n                                join location l on  l.id = i.location_id\n                                join common_reference_type ref1 on i.intervention_type_id = ref1.id\n                                join common_reference_type ref2 on i.status_id = ref2.id \n                                where i.encounter_id = 12\n                                  AND i.intervention_type_id = 38\n                                ORDER BY i.id DESC LIMIT 1\n                                                \n" rows_affected=0 rows_returned=0 elapsed=1.2466ms elapsed_secs=0.0012466
2026-08-27T03:29:45.489231Z DEBUG MapleEMR::dao::intervention_dao: No Interventions found for encounter_id: 12 [count=0]
2026-08-27T03:29:45.490736Z DEBUG sqlx::query: summary="select e.id \"encounter_id\", admit_timestamp, …" db.statement="\n\n\n                                    select e.id \"encounter_id\", admit_timestamp,\n                                        discharge_timestamp as \"discharge_timestamp?\",\n                                        COALESCE(admit_notes, '') as \"admit_notes\",\n                                        COALESCE(discharge_notes, '') as \"discharge_notes\",\n                                        s.name \"encounter_site_name\",\n                                        l.short_name \"room_identifier\",\n                                        'Y' as \"current_encounter\"\n                                    from encounter e\n                                    join location l on e.location_id = l.id\n                                    join site s on s.id = l.site_id\n                                    where patient_id = 27\n                                      and discharge_timestamp is null\n                                      limit 1\n                                    \n" rows_affected=1 rows_returned=1 elapsed=1.1801ms elapsed_secs=0.0011801
2026-08-27T03:29:45.492313Z DEBUG sqlx::query: summary="SELECT i.id intervention_id, encounter_id, …" db.statement="\n\n\n                                SELECT i.id intervention_id, encounter_id, i.description, i.notes, location_id, users_id,\n                                    intervention_type_id, status_id,\n                                    l.room_identifier,\n                                    ref1.name \"intervention_type\", \n                                    ref2.name \"status\", i.scheduled_timestamp, i.performed_timestamp\n                                FROM intervention i\n                                join location l on  l.id = i.location_id\n                                join common_reference_type ref1 on i.intervention_type_id = ref1.id\n                                join common_reference_type ref2 on i.status_id = ref2.id \n                                where i.encounter_id = 13\n                                  AND i.intervention_type_id = 38\n                                ORDER BY i.id DESC LIMIT 1\n                                                \n" rows_affected=0 rows_returned=0 elapsed=1.2115ms elapsed_secs=0.0012115
2026-08-27T03:29:45.492394Z DEBUG MapleEMR::dao::intervention_dao: No Interventions found for encounter_id: 13 [count=0]
2026-08-27T03:29:47.043876Z DEBUG MapleEMR::route::patient_route: -> /patientdtls Route Requested
2026-08-27T03:29:47.044708Z DEBUG sqlx::query: summary="select e.id \"encounter_id\", admit_timestamp, …" db.statement="\n\n\n                                    select e.id \"encounter_id\", admit_timestamp,\n                                        discharge_timestamp as \"discharge_timestamp?\",\n                                        COALESCE(admit_notes, '') as \"admit_notes\",\n                                        COALESCE(discharge_notes, '') as \"discharge_notes\",\n                                        s.name \"encounter_site_name\",\n                                        l.short_name \"room_identifier\",\n                                        'Y' as \"current_encounter\"\n                                    from encounter e\n                                    join location l on e.location_id = l.id\n                                    join site s on s.id = l.site_id\n                                    where patient_id = 3\n                                      and discharge_timestamp is null\n                                      limit 1\n                                    \n" rows_affected=1 rows_returned=1 elapsed=408µs elapsed_secs=0.000408
2026-08-27T03:29:47.045875Z DEBUG sqlx::query: summary="SELECT i.id intervention_id, encounter_id, …" db.statement="\n\n\n                                SELECT i.id intervention_id, encounter_id, i.description, i.notes, location_id, users_id,\n                                    intervention_type_id, status_id,\n                                    l.room_identifier,\n                                    ref1.name \"intervention_type\", \n                                    ref2.name \"status\", i.scheduled_timestamp, i.performed_timestamp\n                                FROM intervention i\n                                join location l on  l.id = i.location_id\n                                join common_reference_type ref1 on i.intervention_type_id = ref1.id\n                                join common_reference_type ref2 on i.status_id = ref2.id \n                                where i.encounter_id = 3\n                                  AND i.intervention_type_id = 38\n                                ORDER BY i.id DESC LIMIT 1\n                                                \n" rows_affected=1 rows_returned=1 elapsed=777.7µs elapsed_secs=0.0007777
2026-08-27T03:29:47.047939Z DEBUG sqlx::query: summary="select e.id \"encounter_id\", admit_timestamp, …" db.statement="\n\n\n                                    select e.id \"encounter_id\", admit_timestamp,\n                                        discharge_timestamp as \"discharge_timestamp?\",\n                                        COALESCE(admit_notes, '') as \"admit_notes\",\n                                        COALESCE(discharge_notes, '') as \"discharge_notes\",\n                                        s.name \"encounter_site_name\",\n                                        l.short_name \"room_identifier\",\n                                        CASE WHEN discharge_timestamp is null then 'Y' else 'N' end as \"current_encounter\"\n                                    from encounter e\n                                    join location l on e.location_id = l.id\n                                    join site s on s.id = l.site_id\n                                    where patient_id = 3\n                                    order by admit_timestamp desc\n                                    \n" rows_affected=2 rows_returned=2 elapsed=1.6229ms elapsed_secs=0.0016229
2026-08-27T03:29:47.048038Z DEBUG MapleEMR::ui::simple_fmt: >get_encounter_list_tile()
2026-08-27T03:29:47.050172Z DEBUG sqlx::query: summary="SELECT i.id intervention_id, encounter_id, …" db.statement="\n\n\n                                SELECT i.id intervention_id, encounter_id, i.description, i.notes, location_id, users_id,\n                                     intervention_type_id, status_id,\n                                    l.room_identifier,\n                                    ref1.name \"intervention_type\", \n                                    ref2.name \"status\", i.scheduled_timestamp, i.performed_timestamp\n                                FROM intervention i\n                                join location l on  l.id = i.location_id\n                                join common_reference_type ref1 on i.intervention_type_id = ref1.id\n                                join common_reference_type ref2 on i.status_id = ref2.id \n                                where i.encounter_id = 3\n                                ORDER BY i.id DESC\n                                               \n" rows_affected=1 rows_returned=1 elapsed=1.7612ms elapsed_secs=0.0017612
2026-08-27T03:29:47.050364Z DEBUG MapleEMR::ui::simple_fmt: >get_intervention_list_tile()
2026-08-27T03:29:47.050805Z DEBUG MapleEMR::dao::patient_dao: get_patient_details Query: SELECT p.id "patient_id", e.id "encounter_id", e.location_id "location_id", legal_first_name, legal_last_name, COALESCE(legal_middle_names, '') as "legal_middle_names",
                                                COALESCE(admit_notes, '') as "admit_notes", COALESCE(discharge_notes, '') as "discharge_notes",
                                                birthdate, admit_timestamp,
                                                discharge_timestamp as "discharge_timestamp?",
                                                sin, phn, l2.short_name "location_short_name"
                                            FROM patient p
                                            join encounter e on p.id = e.patient_id
											join location l2 on l2.id = e.location_id
                                            where patient_id = 3
2026-08-27T03:29:47.056254Z DEBUG sqlx::query: summary="SELECT p.id \"patient_id\", e.id …" db.statement="\n\nSELECT p.id \"patient_id\", e.id \"encounter_id\", e.location_id \"location_id\", legal_first_name, legal_last_name, COALESCE(legal_middle_names, '') as \"legal_middle_names\",\n                                                COALESCE(admit_notes, '') as \"admit_notes\", COALESCE(discharge_notes, '') as \"discharge_notes\",\n                                                birthdate, admit_timestamp,\n                                                discharge_timestamp as \"discharge_timestamp?\",\n                                                sin, phn, l2.short_name \"location_short_name\"\n                                            FROM patient p\n                                            join encounter e on p.id = e.patient_id\n\t\t\t\t\t\t\t\t\t\t\tjoin location l2 on l2.id = e.location_id\n                                            where patient_id = 3\n" rows_affected=2 rows_returned=2 elapsed=4.2706ms elapsed_secs=0.0042706
2026-08-27T03:29:47.056422Z DEBUG MapleEMR::dao::patient_dao: >get_patients_at_users_site_no_discharge() Query: SELECT p.id, e.id, e.location_id, legal_first_name, legal_last_name, COALESCE(legal_middle_names, '') as "legal_middle_names",
                                        COALESCE(admit_notes, '') as "admit_notes", COALESCE(discharge_notes, '') as "discharge_notes",
                                        birthdate, admit_timestamp,
                                        discharge_timestamp as "discharge_timestamp?",
                                        phn, l2.short_name "location_short_name"
                                    FROM patient p
                                    join encounter e on p.id = e.patient_id
									join location l2 on l2.id = e.location_id
                                    where discharge_timestamp is null
                                      and location_id in (
                                        select l.id
                                        from location l
                                        where site_id in (
                                        select site_id
                                        from user_permission up
                                        where users_id = 2
                                            and up.site_id = l.site_id)  )
2026-08-27T03:29:47.057377Z DEBUG sqlx::query: summary="SELECT p.id, e.id, e.location_id, …" db.statement="\n\nSELECT p.id, e.id, e.location_id, legal_first_name, legal_last_name, COALESCE(legal_middle_names, '') as \"legal_middle_names\",\n                                        COALESCE(admit_notes, '') as \"admit_notes\", COALESCE(discharge_notes, '') as \"discharge_notes\",\n                                        birthdate, admit_timestamp,\n                                        discharge_timestamp as \"discharge_timestamp?\",\n                                        phn, l2.short_name \"location_short_name\"\n                                    FROM patient p\n                                    join encounter e on p.id = e.patient_id\n\t\t\t\t\t\t\t\t\tjoin location l2 on l2.id = e.location_id\n                                    where discharge_timestamp is null\n                                      and location_id in (\n                                        select l.id\n                                        from location l\n                                        where site_id in (\n                                        select site_id\n                                        from user_permission up\n                                        where users_id = 2\n                                            and up.site_id = l.site_id)  )\n" rows_affected=7 rows_returned=7 elapsed=623.6µs elapsed_secs=0.0006236
2026-08-27T03:29:47.057485Z DEBUG MapleEMR::dao::common_dao: get_common_references()
2026-08-27T03:29:47.060209Z DEBUG sqlx::query: summary="select id, name, description …" db.statement="\n\nselect id, name, description from common_reference_type where group_id = 1 ORDER BY NAME\n" rows_affected=19 rows_returned=19 elapsed=2.4376ms elapsed_secs=0.0024376
2026-08-27T03:29:47.060298Z DEBUG MapleEMR::ui::tile_factory: >get_patient_details_full_tile()
2026-08-27T03:29:47.060390Z DEBUG MapleEMR::ui::common: > get_dropdown_generic(intervention_type_id)
2026-08-27T03:29:48.519597Z DEBUG MapleEMR::route::intervention_route: -> Route Requested: /intvlink  route_to_modify_intervention_basic()
2026-08-27T03:29:48.519658Z DEBUG MapleEMR::route::intervention_route: -> Route Requested: /intv  (add/modify)
2026-08-27T03:29:48.519727Z DEBUG MapleEMR::route::intervention_route:    Intervention exists: view existing Intervention
2026-08-27T03:29:48.521458Z DEBUG sqlx::query: summary="SELECT i.id intervention_id, encounter_id, …" db.statement="\n\nSELECT i.id intervention_id,\n                                                encounter_id,\n                                                i.description,\n                                                i.notes,\n                                                i.location_id,\n                                                users_id,\n                                                intervention_type_id,\n                                                status_id,\n                                                l.room_identifier,\n                                                ref1.name \"intervention_type\", \n                                                ref2.name \"status\",\n                                                i.scheduled_timestamp,\n                                                i.performed_timestamp,\n                                                e.patient_id\n                                            FROM intervention i\n                                            join encounter e ON e.id = i.encounter_id\n                                            join location l on  l.id = i.location_id\n                                            join common_reference_type ref1 on i.intervention_type_id = ref1.id\n                                            join common_reference_type ref2 on i.status_id = ref2.id \n                                            where i.id = 3\n                                              \n" rows_affected=1 rows_returned=1 elapsed=1.3722ms elapsed_secs=0.0013722
2026-08-27T03:29:48.526123Z DEBUG sqlx::query: summary="SELECT i.id \"intervention_details_id\", value, …" db.statement="\n\n\n                                                    SELECT i.id \"intervention_details_id\", value, notes, entry_timestamp, ref1.name \"intervention_type\", intervention_id, type_id\n                                                        FROM intervention_details i\n                                                        JOIN common_reference_type ref1 on i.type_id = ref1.id \n                                                        WHERE intervention_id = 3\n                                                \n" rows_affected=4 rows_returned=4 elapsed=3.6281ms elapsed_secs=0.0036281
2026-08-27T03:29:48.526246Z DEBUG MapleEMR::dao::patient_dao: >get_patients_at_users_site_no_discharge() Query: SELECT p.id, e.id, e.location_id, legal_first_name, legal_last_name, COALESCE(legal_middle_names, '') as "legal_middle_names",
                                        COALESCE(admit_notes, '') as "admit_notes", COALESCE(discharge_notes, '') as "discharge_notes",
                                        birthdate, admit_timestamp,
                                        discharge_timestamp as "discharge_timestamp?",
                                        phn, l2.short_name "location_short_name"
                                    FROM patient p
                                    join encounter e on p.id = e.patient_id
									join location l2 on l2.id = e.location_id
                                    where discharge_timestamp is null
                                      and location_id in (
                                        select l.id
                                        from location l
                                        where site_id in (
                                        select site_id
                                        from user_permission up
                                        where users_id = 2
                                            and up.site_id = l.site_id)  )
2026-08-27T03:29:48.527201Z DEBUG sqlx::query: summary="SELECT p.id, e.id, e.location_id, …" db.statement="\n\nSELECT p.id, e.id, e.location_id, legal_first_name, legal_last_name, COALESCE(legal_middle_names, '') as \"legal_middle_names\",\n                                        COALESCE(admit_notes, '') as \"admit_notes\", COALESCE(discharge_notes, '') as \"discharge_notes\",\n                                        birthdate, admit_timestamp,\n                                        discharge_timestamp as \"discharge_timestamp?\",\n                                        phn, l2.short_name \"location_short_name\"\n                                    FROM patient p\n                                    join encounter e on p.id = e.patient_id\n\t\t\t\t\t\t\t\t\tjoin location l2 on l2.id = e.location_id\n                                    where discharge_timestamp is null\n                                      and location_id in (\n                                        select l.id\n                                        from location l\n                                        where site_id in (\n                                        select site_id\n                                        from user_permission up\n                                        where users_id = 2\n                                            and up.site_id = l.site_id)  )\n" rows_affected=7 rows_returned=7 elapsed=643.8µs elapsed_secs=0.0006438
2026-08-27T03:29:48.527308Z DEBUG MapleEMR::dao::auth_dao: get_user_and_departments_at_current_user_sites()
2026-08-27T03:29:48.532817Z DEBUG sqlx::query: summary="select distinct u.id user_id, …" db.statement="\n\n\n                                                select distinct u.id user_id,\n                                                    d.name || ' ('|| u.name||')' \"name\",\n                                                    u.name \"user_name\"\n                                                from user_permission up\n                                                join users u on up.users_id = u.id\n                                                join department d on up.department_id = d.id\n                                                where up.active_flag = 'Y'\n                                                and users_id = 2\n                                                and site_id is not null\n\t\t\t\t\t\t\t\t\t\t\t\torder by  d.name || ' ('|| u.name||')'\n                                                \n" rows_affected=2 rows_returned=2 elapsed=5.2387ms elapsed_secs=0.0052387
2026-08-27T03:29:48.532925Z DEBUG MapleEMR::dao::common_dao: get_common_reference()
2026-08-27T03:29:48.534871Z DEBUG sqlx::query: summary="SELECT id, name, description …" db.statement="\n\nSELECT id, name, description FROM common_reference_type WHERE ID = 38 LIMIT 1\n" rows_affected=1 rows_returned=1 elapsed=1.4037ms elapsed_secs=0.0014037
2026-08-27T03:29:48.534966Z DEBUG MapleEMR::dao::common_dao: get_common_references()
2026-08-27T03:29:48.536528Z DEBUG sqlx::query: summary="select id, name, description …" db.statement="\n\nselect id, name, description from common_reference_type where group_id = 2 ORDER BY NAME\n" rows_affected=6 rows_returned=6 elapsed=1.0856ms elapsed_secs=0.0010856
2026-08-27T03:29:48.536737Z DEBUG MapleEMR::dao::common_dao: get_locations_for_user()
2026-08-27T03:29:48.538354Z DEBUG sqlx::query: summary="select id, name || …" db.statement="\n\n\n                                        select id, name || ' (' || short_name|| ')' from location\n                                        where active_flag = 'Y'\n                                        and site_id in (\n                                            select site_id\n                                            from user_permission\n                                            where users_id = 2\n                                                and active_flag = 'Y' )\n" rows_affected=34 rows_returned=34 elapsed=1.2444ms elapsed_secs=0.0012444
2026-08-27T03:29:48.538442Z DEBUG MapleEMR::ui::common: > get_location_dropdown()
2026-08-27T03:29:48.538523Z DEBUG MapleEMR::ui::tile_factory: >get_modify_intervention_full_page_tile()
2026-08-27T03:29:48.538569Z DEBUG MapleEMR::ui::tile_factory:   Update existing Intervention
2026-08-27T03:29:48.538585Z DEBUG MapleEMR::ui::common: > get_dropdown_generic(users_id)
2026-08-27T03:29:48.538603Z DEBUG MapleEMR::ui::common: > get_dropdown_generic(status_id)
2026-08-27T03:30:21.923535Z  INFO actix_server::server: SIGINT received; starting forced shutdown
2026-08-27T03:30:21.923665Z DEBUG actix_server::accept: paused accepting connections on 127.0.0.1:8000
2026-08-27T03:30:21.923709Z  INFO actix_server::accept: accept thread stopped
2026-08-27T03:30:21.923872Z  INFO actix_server::worker: shutting down idle worker
2026-08-27T03:30:21.923913Z  INFO actix_server::worker: shutting down idle worker
2026-08-27T03:30:21.923881Z  INFO actix_server::worker: shutting down idle worker
2026-08-27T03:30:21.924121Z  INFO actix_server::worker: shutting down idle worker
