2026-08-27T02:34:22.635726Z  INFO MapleEMR: MapleEMR is running!
2026-08-27T02:34:22.743299Z  INFO MapleEMR: Database connection established to: postgres://postgres:csm500@localhost:5432/csm500
2026-08-27T02:34:22.743380Z  INFO MapleEMR: CARGO_MANIFEST_DIR = C:\uol\csm500-final-project\src\app
2026-08-27T02:34:22.786988Z  INFO ort::logging: Discovered OrtHardwareDevice {vendor_id:0x8086, device_id:0x1912, vendor:Intel Corporation, type:1, metadata: [Description=Intel(R) HD Graphics 530, Discrete=0, DxgiAdapterNumber=0, DxgiHighPerformanceIndex=0, DxgiVideoMemory=128 MB, LUID=49304, ]}
2026-08-27T02:34:22.805264Z  INFO ort::logging: Discovered OrtHardwareDevice {vendor_id:0x8086, device_id:0x0, vendor:Intel, type:0, metadata: [Description=Intel(R) Core(TM) i5-6600 CPU @ 3.30GHz, ]}
2026-08-27T02:34:22.806314Z  INFO ort::logging: Session Options {  execution_mode:0 execution_order:DEFAULT enable_profiling:0 optimized_model_filepath: enable_mem_pattern:1 enable_mem_reuse:1 enable_cpu_mem_arena:1 profile_file_prefix:onnxruntime_profile_ session_logid: session_log_severity_level:-1 session_log_verbosity_level:0 max_num_graph_transformation_steps:10 graph_optimization_level:1 intra_op_param:OrtThreadPoolParams { thread_pool_size: 1 auto_set_affinity: 0 allow_spinning: 0 dynamic_block_base_: 0 stack_size: 0 affinity_str:  set_denormal_as_zero: 0 } inter_op_param:OrtThreadPoolParams { thread_pool_size: 0 auto_set_affinity: 0 allow_spinning: 0 dynamic_block_base_: 0 stack_size: 0 affinity_str:  set_denormal_as_zero: 0 } use_per_session_threads:1 thread_pool_allow_spinning:1 use_deterministic_compute:0 ep_selection_policy:5 config_options: {  } }
2026-08-27T02:34:22.806415Z  INFO ort::logging: Flush-to-zero and denormal-as-zero are off
2026-08-27T02:34:22.806451Z  INFO ort::logging: Creating and using per session threadpools since use_per_session_threads_ is true
2026-08-27T02:34:22.806529Z  INFO ort::logging: Dynamic block base set to 0
2026-08-27T02:34:22.867416Z  INFO ort::logging: Initializing session.
2026-08-27T02:34:22.867503Z  INFO ort::logging: Creating BFCArena for Cpu with following configs: initial_chunk_size_bytes: 1048576 max_dead_bytes_per_chunk: 134217728 initial_growth_chunk_size_bytes: 2097152 max_power_of_two_extend_bytes: 1073741824 memory limit: 18446744073709551615 arena_extend_strategy: 0
2026-08-27T02:34:22.871431Z  INFO ort::logging: This model does not have any local functions defined. AOT Inlining is not performed
2026-08-27T02:34:22.894734Z  INFO ort::logging: GraphTransformer EnsureUniqueDQForNodeUnit modified: 0 with status: OK
2026-08-27T02:34:22.895187Z  INFO ort::logging: GraphTransformer Level1_RuleBasedTransformer modified: 0 with status: OK
2026-08-27T02:34:22.895323Z  INFO ort::logging: GraphTransformer DoubleQDQPairsRemover modified: 0 with status: OK
2026-08-27T02:34:22.896758Z  INFO ort::logging: Total shared scalar initializer count: 199
2026-08-27T02:34:22.896791Z  INFO ort::logging: GraphTransformer ConstantSharing modified: 1 with status: OK
2026-08-27T02:34:22.901539Z  INFO ort::logging: GraphTransformer CommonSubexpressionElimination modified: 1 with status: OK
2026-08-27T02:34:22.908305Z  INFO ort::logging: GraphTransformer ConstantFolding modified: 1 with status: OK
2026-08-27T02:34:22.912377Z  INFO ort::logging: Removing initializer '/1/Constant_8_output_0'. It is no longer used by any node.
2026-08-27T02:34:22.912428Z  INFO ort::logging: Removing initializer '/0/auto_model/Shape_2_output_0'. It is no longer used by any node.
2026-08-27T02:34:22.912447Z  INFO ort::logging: Removing initializer '/1/Shape_3_output_0'. It is no longer used by any node.
2026-08-27T02:34:22.912709Z  INFO ort::logging: GraphTransformer MatMulAddFusion modified: 0 with status: OK
2026-08-27T02:34:22.912903Z  INFO ort::logging: Fused reshape node: /0/auto_model/encoder/layer.0/attention/self/Reshape_output_0
2026-08-27T02:34:22.912946Z  INFO ort::logging: Fused reshape node: /0/auto_model/encoder/layer.0/attention/self/Reshape_2_output_0
2026-08-27T02:34:22.912985Z  INFO ort::logging: Fused reshape node: /0/auto_model/encoder/layer.0/attention/self/Reshape_1_output_0
2026-08-27T02:34:22.913079Z  INFO ort::logging: Fused reshape node: /0/auto_model/encoder/layer.0/attention/self/Reshape_3_output_0
2026-08-27T02:34:22.913124Z  INFO ort::logging: Fused reshape node: /0/auto_model/encoder/layer.1/attention/self/Reshape_output_0
2026-08-27T02:34:22.913163Z  INFO ort::logging: Fused reshape node: /0/auto_model/encoder/layer.1/attention/self/Reshape_2_output_0
2026-08-27T02:34:22.913211Z  INFO ort::logging: Fused reshape node: /0/auto_model/encoder/layer.1/attention/self/Reshape_1_output_0
2026-08-27T02:34:22.913254Z  INFO ort::logging: Fused reshape node: /0/auto_model/encoder/layer.1/attention/self/Reshape_3_output_0
2026-08-27T02:34:22.913294Z  INFO ort::logging: Fused reshape node: /0/auto_model/encoder/layer.2/attention/self/Reshape_output_0
2026-08-27T02:34:22.913333Z  INFO ort::logging: Fused reshape node: /0/auto_model/encoder/layer.2/attention/self/Reshape_2_output_0
2026-08-27T02:34:22.913371Z  INFO ort::logging: Fused reshape node: /0/auto_model/encoder/layer.2/attention/self/Reshape_1_output_0
2026-08-27T02:34:22.913412Z  INFO ort::logging: Fused reshape node: /0/auto_model/encoder/layer.2/attention/self/Reshape_3_output_0
2026-08-27T02:34:22.913450Z  INFO ort::logging: Fused reshape node: /0/auto_model/encoder/layer.3/attention/self/Reshape_output_0
2026-08-27T02:34:22.913499Z  INFO ort::logging: Fused reshape node: /0/auto_model/encoder/layer.3/attention/self/Reshape_2_output_0
2026-08-27T02:34:22.913538Z  INFO ort::logging: Fused reshape node: /0/auto_model/encoder/layer.3/attention/self/Reshape_1_output_0
2026-08-27T02:34:22.913579Z  INFO ort::logging: Fused reshape node: /0/auto_model/encoder/layer.3/attention/self/Reshape_3_output_0
2026-08-27T02:34:22.913617Z  INFO ort::logging: Fused reshape node: /0/auto_model/encoder/layer.4/attention/self/Reshape_output_0
2026-08-27T02:34:22.913655Z  INFO ort::logging: Fused reshape node: /0/auto_model/encoder/layer.4/attention/self/Reshape_2_output_0
2026-08-27T02:34:22.913692Z  INFO ort::logging: Fused reshape node: /0/auto_model/encoder/layer.4/attention/self/Reshape_1_output_0
2026-08-27T02:34:22.913732Z  INFO ort::logging: Fused reshape node: /0/auto_model/encoder/layer.4/attention/self/Reshape_3_output_0
2026-08-27T02:34:22.913772Z  INFO ort::logging: Fused reshape node: /0/auto_model/encoder/layer.5/attention/self/Reshape_output_0
2026-08-27T02:34:22.913810Z  INFO ort::logging: Fused reshape node: /0/auto_model/encoder/layer.5/attention/self/Reshape_2_output_0
2026-08-27T02:34:22.913847Z  INFO ort::logging: Fused reshape node: /0/auto_model/encoder/layer.5/attention/self/Reshape_1_output_0
2026-08-27T02:34:22.913888Z  INFO ort::logging: Fused reshape node: /0/auto_model/encoder/layer.5/attention/self/Reshape_3_output_0
2026-08-27T02:34:22.913908Z  INFO ort::logging: Total fused reshape node count: 24
2026-08-27T02:34:22.913924Z  INFO ort::logging: GraphTransformer ReshapeFusion modified: 1 with status: OK
2026-08-27T02:34:22.916824Z  INFO ort::logging: Removing initializer '/0/auto_model/encoder/layer.4/attention/self/Constant_11_output_0'. It is no longer used by any node.
2026-08-27T02:34:22.916851Z  INFO ort::logging: Removing initializer '/0/auto_model/encoder/layer.4/attention/self/Constant_6_output_0'. It is no longer used by any node.
2026-08-27T02:34:22.916876Z  INFO ort::logging: Removing initializer '/0/auto_model/encoder/layer.0/attention/self/Constant_15_output_0'. It is no longer used by any node.
2026-08-27T02:34:22.916952Z  INFO ort::logging: GraphTransformer FreeDimensionOverrideTransformer modified: 0 with status: OK
2026-08-27T02:34:22.916981Z  INFO ort::logging: GraphTransformer GeluFusionL1 modified: 0 with status: OK
2026-08-27T02:34:22.917006Z  INFO ort::logging: GraphTransformer LayerNormFusionL1 modified: 0 with status: OK
2026-08-27T02:34:22.917121Z  INFO ort::logging: GraphTransformer QDQPropagationTransformer modified: 0 with status: OK
2026-08-27T02:34:22.917228Z  INFO ort::logging: GraphTransformer WeightBiasQuantization modified: 0 with status: OK
2026-08-27T02:34:22.917352Z  INFO ort::logging: GraphTransformer EnsureUniqueDQForNodeUnit modified: 0 with status: OK
2026-08-27T02:34:22.917451Z  INFO ort::logging: GraphTransformer WhereDummyDq modified: 0 with status: OK
2026-08-27T02:34:22.917986Z  INFO ort::logging: GraphTransformer TransposeOptimizer modified: 0 with status: OK
2026-08-27T02:34:22.918184Z  INFO ort::logging: GraphTransformer Level1_RuleBasedTransformer modified: 0 with status: OK
2026-08-27T02:34:22.918271Z  INFO ort::logging: GraphTransformer DoubleQDQPairsRemover modified: 0 with status: OK
2026-08-27T02:34:22.918612Z  INFO ort::logging: GraphTransformer CommonSubexpressionElimination modified: 0 with status: OK
2026-08-27T02:34:22.918756Z  INFO ort::logging: GraphTransformer ConstantFolding modified: 0 with status: OK
2026-08-27T02:34:22.918859Z  INFO ort::logging: GraphTransformer MatMulAddFusion modified: 0 with status: OK
2026-08-27T02:34:22.918946Z  INFO ort::logging: GraphTransformer ReshapeFusion modified: 0 with status: OK
2026-08-27T02:34:22.918965Z  INFO ort::logging: GraphTransformer FreeDimensionOverrideTransformer modified: 0 with status: OK
2026-08-27T02:34:22.918981Z  INFO ort::logging: GraphTransformer GeluFusionL1 modified: 0 with status: OK
2026-08-27T02:34:22.918996Z  INFO ort::logging: GraphTransformer LayerNormFusionL1 modified: 0 with status: OK
2026-08-27T02:34:22.919083Z  INFO ort::logging: GraphTransformer QDQPropagationTransformer modified: 0 with status: OK
2026-08-27T02:34:22.919165Z  INFO ort::logging: GraphTransformer WeightBiasQuantization modified: 0 with status: OK
2026-08-27T02:34:22.919264Z  INFO ort::logging: GraphTransformer EnsureUniqueDQForNodeUnit modified: 0 with status: OK
2026-08-27T02:34:22.919347Z  INFO ort::logging: GraphTransformer WhereDummyDq modified: 0 with status: OK
2026-08-27T02:34:22.924492Z  INFO ort::logging: Running graph optimizations in loop 1 time/s (Graph Optimizations Loop Level : 1)
2026-08-27T02:34:22.924816Z  INFO ort::logging: GraphTransformer RemoveDuplicateCastTransformer modified: 0 with status: OK
2026-08-27T02:34:22.924838Z  INFO ort::logging: GraphTransformer CastFloat16Transformer modified: 0 with status: OK
2026-08-27T02:34:22.924873Z  INFO ort::logging: GraphTransformer MemcpyTransformer modified: 0 with status: OK
2026-08-27T02:34:22.930357Z  INFO ort::logging: Use DeviceBasedPartition as default
2026-08-27T02:34:22.968033Z  INFO ort::logging: Saving initialized tensors.
2026-08-27T02:34:22.968140Z  INFO ort::logging: Reserving memory in BFCArena for Cpu size: 24
2026-08-27T02:34:22.968193Z  INFO ort::logging: Reserving memory in BFCArena for Cpu size: 4
2026-08-27T02:34:22.968218Z  INFO ort::logging: Reserving memory in BFCArena for Cpu size: 24
2026-08-27T02:34:22.968245Z  INFO ort::logging: Reserving memory in BFCArena for Cpu size: 32
2026-08-27T02:34:22.968264Z  INFO ort::logging: Reserving memory in BFCArena for Cpu size: 8
2026-08-27T02:34:22.968291Z  INFO ort::logging: Reserving memory in BFCArena for Cpu size: 24
2026-08-27T02:34:22.968311Z  INFO ort::logging: Reserving memory in BFCArena for Cpu size: 32
2026-08-27T02:34:22.968335Z  INFO ort::logging: Reserving memory in BFCArena for Cpu size: 8
2026-08-27T02:34:22.968355Z  INFO ort::logging: Reserving memory in BFCArena for Cpu size: 32
2026-08-27T02:34:22.968390Z  INFO ort::logging: Reserving memory in BFCArena for Cpu size: 24
2026-08-27T02:34:22.968410Z  INFO ort::logging: Reserving memory in BFCArena for Cpu size: 32
2026-08-27T02:34:22.968434Z  INFO ort::logging: Reserving memory in BFCArena for Cpu size: 32
2026-08-27T02:34:22.968457Z  INFO ort::logging: Reserving memory in BFCArena for Cpu size: 24
2026-08-27T02:34:22.968488Z  INFO ort::logging: Reserving memory in BFCArena for Cpu size: 32
2026-08-27T02:34:22.968509Z  INFO ort::logging: Reserving memory in BFCArena for Cpu size: 4
2026-08-27T02:34:22.968531Z  INFO ort::logging: Reserving memory in BFCArena for Cpu size: 24
2026-08-27T02:34:22.968550Z  INFO ort::logging: Reserving memory in BFCArena for Cpu size: 32
2026-08-27T02:34:22.968572Z  INFO ort::logging: Reserving memory in BFCArena for Cpu size: 32
2026-08-27T02:34:22.968596Z  INFO ort::logging: Reserving memory in BFCArena for Cpu size: 16
2026-08-27T02:34:22.968626Z  INFO ort::logging: Reserving memory in BFCArena for Cpu size: 32
2026-08-27T02:34:22.968649Z  INFO ort::logging: Reserving memory in BFCArena for Cpu size: 4
2026-08-27T02:34:22.968675Z  INFO ort::logging: Reserving memory in BFCArena for Cpu size: 32
2026-08-27T02:34:22.968694Z  INFO ort::logging: Reserving memory in BFCArena for Cpu size: 4
2026-08-27T02:34:22.968712Z  INFO ort::logging: Reserving memory in BFCArena for Cpu size: 16
2026-08-27T02:34:22.968730Z  INFO ort::logging: Reserving memory in BFCArena for Cpu size: 32
2026-08-27T02:34:22.968750Z  INFO ort::logging: Reserving memory in BFCArena for Cpu size: 24
2026-08-27T02:34:22.968771Z  INFO ort::logging: Reserving memory in BFCArena for Cpu size: 8
2026-08-27T02:34:22.968793Z  INFO ort::logging: Reserving memory in BFCArena for Cpu size: 32
2026-08-27T02:34:22.968814Z  INFO ort::logging: Reserving memory in BFCArena for Cpu size: 8
2026-08-27T02:34:22.968846Z  INFO ort::logging: Reserving memory in BFCArena for Cpu size: 8
2026-08-27T02:34:22.968869Z  INFO ort::logging: Reserving memory in BFCArena for Cpu size: 4
2026-08-27T02:34:22.968889Z  INFO ort::logging: Reserving memory in BFCArena for Cpu size: 4
2026-08-27T02:34:22.968907Z  INFO ort::logging: Reserving memory in BFCArena for Cpu size: 32
2026-08-27T02:34:22.968928Z  INFO ort::logging: Reserving memory in BFCArena for Cpu size: 8
2026-08-27T02:34:22.968948Z  INFO ort::logging: Reserving memory in BFCArena for Cpu size: 24
2026-08-27T02:34:22.968969Z  INFO ort::logging: Reserving memory in BFCArena for Cpu size: 4
2026-08-27T02:34:22.968992Z  INFO ort::logging: Reserving memory in BFCArena for Cpu size: 32
2026-08-27T02:34:22.969011Z  INFO ort::logging: Reserving memory in BFCArena for Cpu size: 32
2026-08-27T02:34:22.969030Z  INFO ort::logging: Reserving memory in BFCArena for Cpu size: 8
2026-08-27T02:34:22.969050Z  INFO ort::logging: Reserving memory in BFCArena for Cpu size: 32
2026-08-27T02:34:22.969070Z  INFO ort::logging: Reserving memory in BFCArena for Cpu size: 4
2026-08-27T02:34:22.969095Z  INFO ort::logging: Reserving memory in BFCArena for Cpu size: 32
2026-08-27T02:34:22.969118Z  INFO ort::logging: Reserving memory in BFCArena for Cpu size: 32
2026-08-27T02:34:22.969140Z  INFO ort::logging: Done saving initialized tensors
2026-08-27T02:34:22.969789Z  INFO ort::logging: Reserving memory in BFCArena for Cpu size: 589824
2026-08-27T02:34:22.970042Z  INFO ort::logging: Reserving memory in BFCArena for Cpu size: 589824
2026-08-27T02:34:22.970270Z  INFO ort::logging: Reserving memory in BFCArena for Cpu size: 589824
2026-08-27T02:34:22.970479Z  INFO ort::logging: Reserving memory in BFCArena for Cpu size: 589824
2026-08-27T02:34:22.970682Z  INFO ort::logging: Reserving memory in BFCArena for Cpu size: 2359296
2026-08-27T02:34:22.972186Z  INFO ort::logging: Reserving memory in BFCArena for Cpu size: 2359296
2026-08-27T02:34:22.973563Z  INFO ort::logging: Reserving memory in BFCArena for Cpu size: 589824
2026-08-27T02:34:22.973938Z  INFO ort::logging: Reserving memory in BFCArena for Cpu size: 589824
2026-08-27T02:34:22.974159Z  INFO ort::logging: Reserving memory in BFCArena for Cpu size: 589824
2026-08-27T02:34:22.974383Z  INFO ort::logging: Reserving memory in BFCArena for Cpu size: 589824
2026-08-27T02:34:22.974595Z  INFO ort::logging: Reserving memory in BFCArena for Cpu size: 2359296
2026-08-27T02:34:22.976020Z  INFO ort::logging: Reserving memory in BFCArena for Cpu size: 2359296
2026-08-27T02:34:22.977561Z  INFO ort::logging: Reserving memory in BFCArena for Cpu size: 589824
2026-08-27T02:34:22.977819Z  INFO ort::logging: Reserving memory in BFCArena for Cpu size: 589824
2026-08-27T02:34:22.978046Z  INFO ort::logging: Reserving memory in BFCArena for Cpu size: 589824
2026-08-27T02:34:22.978268Z  INFO ort::logging: Reserving memory in BFCArena for Cpu size: 589824
2026-08-27T02:34:22.978481Z  INFO ort::logging: Reserving memory in BFCArena for Cpu size: 2359296
2026-08-27T02:34:22.980066Z  INFO ort::logging: Reserving memory in BFCArena for Cpu size: 2359296
2026-08-27T02:34:22.981460Z  INFO ort::logging: Reserving memory in BFCArena for Cpu size: 589824
2026-08-27T02:34:22.981685Z  INFO ort::logging: Reserving memory in BFCArena for Cpu size: 589824
2026-08-27T02:34:22.981899Z  INFO ort::logging: Reserving memory in BFCArena for Cpu size: 589824
2026-08-27T02:34:22.982130Z  INFO ort::logging: Reserving memory in BFCArena for Cpu size: 589824
2026-08-27T02:34:22.982349Z  INFO ort::logging: Reserving memory in BFCArena for Cpu size: 2359296
2026-08-27T02:34:22.983780Z  INFO ort::logging: Reserving memory in BFCArena for Cpu size: 2359296
2026-08-27T02:34:22.985189Z  INFO ort::logging: Reserving memory in BFCArena for Cpu size: 589824
2026-08-27T02:34:22.985414Z  INFO ort::logging: Reserving memory in BFCArena for Cpu size: 589824
2026-08-27T02:34:22.985626Z  INFO ort::logging: Reserving memory in BFCArena for Cpu size: 589824
2026-08-27T02:34:22.985842Z  INFO ort::logging: Reserving memory in BFCArena for Cpu size: 589824
2026-08-27T02:34:22.986078Z  INFO ort::logging: Reserving memory in BFCArena for Cpu size: 2359296
2026-08-27T02:34:22.987509Z  INFO ort::logging: Reserving memory in BFCArena for Cpu size: 2359296
2026-08-27T02:34:22.989014Z  INFO ort::logging: Reserving memory in BFCArena for Cpu size: 589824
2026-08-27T02:34:22.989244Z  INFO ort::logging: Reserving memory in BFCArena for Cpu size: 589824
2026-08-27T02:34:22.989475Z  INFO ort::logging: Reserving memory in BFCArena for Cpu size: 589824
2026-08-27T02:34:22.989690Z  INFO ort::logging: Reserving memory in BFCArena for Cpu size: 589824
2026-08-27T02:34:22.989906Z  INFO ort::logging: Reserving memory in BFCArena for Cpu size: 2359296
2026-08-27T02:34:22.991354Z  INFO ort::logging: Reserving memory in BFCArena for Cpu size: 2359296
2026-08-27T02:34:22.993213Z  INFO ort::logging: Session successfully initialized.
2026-08-27T02:34:22.993957Z  INFO actix_server::builder: starting 4 workers
2026-08-27T02:34:22.994068Z  INFO actix_server::server: Tokio runtime found; starting in existing Tokio runtime
2026-08-27T02:34:22.994113Z  INFO actix_server::server: starting service: "actix-web-service-127.0.0.1:8000", workers: 4, listening on: 127.0.0.1:8000
2026-08-27T02:34:22.994609Z  INFO MapleEMR: >get_application_secret_key()
2026-08-27T02:34:22.994888Z DEBUG MapleEMR::ui::tile_factory: >WebContentFactory:new() : Attempting read of: C:\uol\csm500-final-project\src\app\webc\static\LoginTile.htl
2026-08-27T02:34:22.997981Z  INFO MapleEMR: >get_application_secret_key()
2026-08-27T02:34:22.998056Z DEBUG MapleEMR::ui::tile_factory: >WebContentFactory:new() : Attempting read of: C:\uol\csm500-final-project\src\app\webc\static\LoginTile.htl
2026-08-27T02:34:22.999609Z  INFO MapleEMR: >get_application_secret_key()
2026-08-27T02:34:22.999660Z DEBUG MapleEMR::ui::tile_factory: >WebContentFactory:new() : Attempting read of: C:\uol\csm500-final-project\src\app\webc\static\LoginTile.htl
2026-08-27T02:34:23.001068Z  INFO MapleEMR: >get_application_secret_key()
2026-08-27T02:34:23.001120Z DEBUG MapleEMR::ui::tile_factory: >WebContentFactory:new() : Attempting read of: C:\uol\csm500-final-project\src\app\webc\static\LoginTile.htl
2026-08-27T02:34:38.103729Z DEBUG MapleEMR::route::default_route: -> /default_route Requested
2026-08-27T02:34:38.103866Z DEBUG MapleEMR::route::default_route: Checking session for Validation errors
2026-08-27T02:34:38.104083Z DEBUG MapleEMR::route::default_route: Ok( None ) No active session
2026-08-27T02:34:42.832535Z DEBUG MapleEMR::route::login_route: -> /login Requested
2026-08-27T02:34:42.832617Z DEBUG MapleEMR::dao::auth_dao: Query: SELECT id, name, username, email, created_timestamp, password FROM USERS WHERE USERNAME = 'chath' AND PASSWORD = 'nurse1'
2026-08-27T02:34:42.839700Z DEBUG sqlx::query: summary="SELECT id, name, username, …" db.statement="\n\nSELECT id, name, username, email, created_timestamp, password FROM USERS WHERE USERNAME = 'chath' AND PASSWORD = 'nurse1'\n" rows_affected=1 rows_returned=1 elapsed=6.6337ms elapsed_secs=0.0066337
2026-08-27T02:34:42.839802Z DEBUG MapleEMR::dao::auth_dao: Successful login (results found) for: chath
2026-08-27T02:34:42.839874Z DEBUG MapleEMR::route::login_route: User can login: chath redirect to /home
2026-08-27T02:34:42.839893Z DEBUG MapleEMR::dao::auth_dao: get_user_permissions Query: SELECT department_id, permission_id FROM public.user_permission where active_flag = 'Y' and users_id = 2 group by department_id, permission_id order by permission_id
2026-08-27T02:34:42.950460Z DEBUG sqlx::query: summary="SELECT department_id, permission_id FROM …" db.statement="\n\nSELECT department_id, permission_id FROM public.user_permission where active_flag = 'Y' and users_id = 2 group by department_id, permission_id order by permission_id\n" rows_affected=12 rows_returned=12 elapsed=4.1454ms elapsed_secs=0.0041454
2026-08-27T02:34:42.955375Z DEBUG MapleEMR::route::home_route: -> /home Route Requested
2026-08-27T02:34:42.955535Z DEBUG MapleEMR::dao::patient_dao: >get_patients_at_users_site_no_discharge() Query: SELECT p.id, e.id, e.location_id, legal_first_name, legal_last_name, COALESCE(legal_middle_names, '') as "legal_middle_names",
                                        COALESCE(admit_notes, '') as "admit_notes", COALESCE(discharge_notes, '') as "discharge_notes",
                                        birthdate, admit_timestamp,
                                        discharge_timestamp as "discharge_timestamp?",
                                        phn, l2.short_name "location_short_name"
                                    FROM patient p
                                    join encounter e on p.id = e.patient_id
									join location l2 on l2.id = e.location_id
                                    where discharge_timestamp is null
                                      and location_id in (
                                        select l.id
                                        from location l
                                        where site_id in (
                                        select site_id
                                        from user_permission up
                                        where users_id = 2
                                            and up.site_id = l.site_id)  )
2026-08-27T02:34:42.967419Z DEBUG sqlx::query: summary="SELECT p.id, e.id, e.location_id, …" db.statement="\n\nSELECT p.id, e.id, e.location_id, legal_first_name, legal_last_name, COALESCE(legal_middle_names, '') as \"legal_middle_names\",\n                                        COALESCE(admit_notes, '') as \"admit_notes\", COALESCE(discharge_notes, '') as \"discharge_notes\",\n                                        birthdate, admit_timestamp,\n                                        discharge_timestamp as \"discharge_timestamp?\",\n                                        phn, l2.short_name \"location_short_name\"\n                                    FROM patient p\n                                    join encounter e on p.id = e.patient_id\n\t\t\t\t\t\t\t\t\tjoin location l2 on l2.id = e.location_id\n                                    where discharge_timestamp is null\n                                      and location_id in (\n                                        select l.id\n                                        from location l\n                                        where site_id in (\n                                        select site_id\n                                        from user_permission up\n                                        where users_id = 2\n                                            and up.site_id = l.site_id)  )\n" rows_affected=7 rows_returned=7 elapsed=11.5084ms elapsed_secs=0.0115084
2026-08-27T02:34:42.967515Z DEBUG MapleEMR::route::home_route: Retrieved 7 patients:
2026-08-27T02:34:42.974766Z DEBUG sqlx::query: summary="select e.id \"encounter_id\", admit_timestamp, …" db.statement="\n\n\n                                    select e.id \"encounter_id\", admit_timestamp,\n                                        discharge_timestamp as \"discharge_timestamp?\",\n                                        COALESCE(admit_notes, '') as \"admit_notes\",\n                                        COALESCE(discharge_notes, '') as \"discharge_notes\",\n                                        s.name \"encounter_site_name\",\n                                        l.short_name \"room_identifier\",\n                                        'Y' as \"current_encounter\"\n                                    from encounter e\n                                    join location l on e.location_id = l.id\n                                    join site s on s.id = l.site_id\n                                    where patient_id = 1\n                                      and discharge_timestamp is null\n                                      limit 1\n                                    \n" rows_affected=1 rows_returned=1 elapsed=6.8274ms elapsed_secs=0.0068274
2026-08-27T02:34:42.980182Z DEBUG sqlx::query: summary="SELECT i.id intervention_id, encounter_id, …" db.statement="\n\n\n                                SELECT i.id intervention_id, encounter_id, i.description, i.notes, location_id, users_id,\n                                    intervention_type_id, status_id,\n                                    l.room_identifier,\n                                    ref1.name \"intervention_type\", \n                                    ref2.name \"status\", i.scheduled_timestamp, i.performed_timestamp\n                                FROM intervention i\n                                join location l on  l.id = i.location_id\n                                join common_reference_type ref1 on i.intervention_type_id = ref1.id\n                                join common_reference_type ref2 on i.status_id = ref2.id \n                                where i.encounter_id = 1\n                                  AND i.intervention_type_id = 38\n                                ORDER BY i.id DESC LIMIT 1\n                                                \n" rows_affected=1 rows_returned=1 elapsed=4.8498ms elapsed_secs=0.0048498
2026-08-27T02:34:42.981681Z DEBUG sqlx::query: summary="select e.id \"encounter_id\", admit_timestamp, …" db.statement="\n\n\n                                    select e.id \"encounter_id\", admit_timestamp,\n                                        discharge_timestamp as \"discharge_timestamp?\",\n                                        COALESCE(admit_notes, '') as \"admit_notes\",\n                                        COALESCE(discharge_notes, '') as \"discharge_notes\",\n                                        s.name \"encounter_site_name\",\n                                        l.short_name \"room_identifier\",\n                                        'Y' as \"current_encounter\"\n                                    from encounter e\n                                    join location l on e.location_id = l.id\n                                    join site s on s.id = l.site_id\n                                    where patient_id = 2\n                                      and discharge_timestamp is null\n                                      limit 1\n                                    \n" rows_affected=1 rows_returned=1 elapsed=1.0755ms elapsed_secs=0.0010755
2026-08-27T02:34:42.983091Z DEBUG sqlx::query: summary="SELECT i.id intervention_id, encounter_id, …" db.statement="\n\n\n                                SELECT i.id intervention_id, encounter_id, i.description, i.notes, location_id, users_id,\n                                    intervention_type_id, status_id,\n                                    l.room_identifier,\n                                    ref1.name \"intervention_type\", \n                                    ref2.name \"status\", i.scheduled_timestamp, i.performed_timestamp\n                                FROM intervention i\n                                join location l on  l.id = i.location_id\n                                join common_reference_type ref1 on i.intervention_type_id = ref1.id\n                                join common_reference_type ref2 on i.status_id = ref2.id \n                                where i.encounter_id = 2\n                                  AND i.intervention_type_id = 38\n                                ORDER BY i.id DESC LIMIT 1\n                                                \n" rows_affected=1 rows_returned=1 elapsed=1.0481ms elapsed_secs=0.0010481
2026-08-27T02:34:42.984315Z DEBUG sqlx::query: summary="select e.id \"encounter_id\", admit_timestamp, …" db.statement="\n\n\n                                    select e.id \"encounter_id\", admit_timestamp,\n                                        discharge_timestamp as \"discharge_timestamp?\",\n                                        COALESCE(admit_notes, '') as \"admit_notes\",\n                                        COALESCE(discharge_notes, '') as \"discharge_notes\",\n                                        s.name \"encounter_site_name\",\n                                        l.short_name \"room_identifier\",\n                                        'Y' as \"current_encounter\"\n                                    from encounter e\n                                    join location l on e.location_id = l.id\n                                    join site s on s.id = l.site_id\n                                    where patient_id = 3\n                                      and discharge_timestamp is null\n                                      limit 1\n                                    \n" rows_affected=1 rows_returned=1 elapsed=850.1µs elapsed_secs=0.0008501
2026-08-27T02:34:42.985801Z DEBUG sqlx::query: summary="SELECT i.id intervention_id, encounter_id, …" db.statement="\n\n\n                                SELECT i.id intervention_id, encounter_id, i.description, i.notes, location_id, users_id,\n                                    intervention_type_id, status_id,\n                                    l.room_identifier,\n                                    ref1.name \"intervention_type\", \n                                    ref2.name \"status\", i.scheduled_timestamp, i.performed_timestamp\n                                FROM intervention i\n                                join location l on  l.id = i.location_id\n                                join common_reference_type ref1 on i.intervention_type_id = ref1.id\n                                join common_reference_type ref2 on i.status_id = ref2.id \n                                where i.encounter_id = 3\n                                  AND i.intervention_type_id = 38\n                                ORDER BY i.id DESC LIMIT 1\n                                                \n" rows_affected=1 rows_returned=1 elapsed=1.1599ms elapsed_secs=0.0011599
2026-08-27T02:34:42.986947Z DEBUG sqlx::query: summary="select e.id \"encounter_id\", admit_timestamp, …" db.statement="\n\n\n                                    select e.id \"encounter_id\", admit_timestamp,\n                                        discharge_timestamp as \"discharge_timestamp?\",\n                                        COALESCE(admit_notes, '') as \"admit_notes\",\n                                        COALESCE(discharge_notes, '') as \"discharge_notes\",\n                                        s.name \"encounter_site_name\",\n                                        l.short_name \"room_identifier\",\n                                        'Y' as \"current_encounter\"\n                                    from encounter e\n                                    join location l on e.location_id = l.id\n                                    join site s on s.id = l.site_id\n                                    where patient_id = 5\n                                      and discharge_timestamp is null\n                                      limit 1\n                                    \n" rows_affected=1 rows_returned=1 elapsed=784.1µs elapsed_secs=0.0007841
2026-08-27T02:34:42.988130Z DEBUG sqlx::query: summary="SELECT i.id intervention_id, encounter_id, …" db.statement="\n\n\n                                SELECT i.id intervention_id, encounter_id, i.description, i.notes, location_id, users_id,\n                                    intervention_type_id, status_id,\n                                    l.room_identifier,\n                                    ref1.name \"intervention_type\", \n                                    ref2.name \"status\", i.scheduled_timestamp, i.performed_timestamp\n                                FROM intervention i\n                                join location l on  l.id = i.location_id\n                                join common_reference_type ref1 on i.intervention_type_id = ref1.id\n                                join common_reference_type ref2 on i.status_id = ref2.id \n                                where i.encounter_id = 10\n                                  AND i.intervention_type_id = 38\n                                ORDER BY i.id DESC LIMIT 1\n                                                \n" rows_affected=0 rows_returned=0 elapsed=906.4µs elapsed_secs=0.0009064
2026-08-27T02:34:42.988266Z DEBUG MapleEMR::dao::intervention_dao: No Interventions found for encounter_id: 10 [count=0]
2026-08-27T02:34:42.989528Z DEBUG sqlx::query: summary="select e.id \"encounter_id\", admit_timestamp, …" db.statement="\n\n\n                                    select e.id \"encounter_id\", admit_timestamp,\n                                        discharge_timestamp as \"discharge_timestamp?\",\n                                        COALESCE(admit_notes, '') as \"admit_notes\",\n                                        COALESCE(discharge_notes, '') as \"discharge_notes\",\n                                        s.name \"encounter_site_name\",\n                                        l.short_name \"room_identifier\",\n                                        'Y' as \"current_encounter\"\n                                    from encounter e\n                                    join location l on e.location_id = l.id\n                                    join site s on s.id = l.site_id\n                                    where patient_id = 25\n                                      and discharge_timestamp is null\n                                      limit 1\n                                    \n" rows_affected=1 rows_returned=1 elapsed=874.8µs elapsed_secs=0.0008748
2026-08-27T02:34:42.991355Z DEBUG sqlx::query: summary="SELECT i.id intervention_id, encounter_id, …" db.statement="\n\n\n                                SELECT i.id intervention_id, encounter_id, i.description, i.notes, location_id, users_id,\n                                    intervention_type_id, status_id,\n                                    l.room_identifier,\n                                    ref1.name \"intervention_type\", \n                                    ref2.name \"status\", i.scheduled_timestamp, i.performed_timestamp\n                                FROM intervention i\n                                join location l on  l.id = i.location_id\n                                join common_reference_type ref1 on i.intervention_type_id = ref1.id\n                                join common_reference_type ref2 on i.status_id = ref2.id \n                                where i.encounter_id = 11\n                                  AND i.intervention_type_id = 38\n                                ORDER BY i.id DESC LIMIT 1\n                                                \n" rows_affected=0 rows_returned=0 elapsed=960.7µs elapsed_secs=0.0009607
2026-08-27T02:34:42.991526Z DEBUG MapleEMR::dao::intervention_dao: No Interventions found for encounter_id: 11 [count=0]
2026-08-27T02:34:42.993335Z DEBUG sqlx::query: summary="select e.id \"encounter_id\", admit_timestamp, …" db.statement="\n\n\n                                    select e.id \"encounter_id\", admit_timestamp,\n                                        discharge_timestamp as \"discharge_timestamp?\",\n                                        COALESCE(admit_notes, '') as \"admit_notes\",\n                                        COALESCE(discharge_notes, '') as \"discharge_notes\",\n                                        s.name \"encounter_site_name\",\n                                        l.short_name \"room_identifier\",\n                                        'Y' as \"current_encounter\"\n                                    from encounter e\n                                    join location l on e.location_id = l.id\n                                    join site s on s.id = l.site_id\n                                    where patient_id = 26\n                                      and discharge_timestamp is null\n                                      limit 1\n                                    \n" rows_affected=1 rows_returned=1 elapsed=1.2834ms elapsed_secs=0.0012834
2026-08-27T02:34:42.995557Z DEBUG sqlx::query: summary="SELECT i.id intervention_id, encounter_id, …" db.statement="\n\n\n                                SELECT i.id intervention_id, encounter_id, i.description, i.notes, location_id, users_id,\n                                    intervention_type_id, status_id,\n                                    l.room_identifier,\n                                    ref1.name \"intervention_type\", \n                                    ref2.name \"status\", i.scheduled_timestamp, i.performed_timestamp\n                                FROM intervention i\n                                join location l on  l.id = i.location_id\n                                join common_reference_type ref1 on i.intervention_type_id = ref1.id\n                                join common_reference_type ref2 on i.status_id = ref2.id \n                                where i.encounter_id = 12\n                                  AND i.intervention_type_id = 38\n                                ORDER BY i.id DESC LIMIT 1\n                                                \n" rows_affected=0 rows_returned=0 elapsed=1.0501ms elapsed_secs=0.0010501
2026-08-27T02:34:42.995639Z DEBUG MapleEMR::dao::intervention_dao: No Interventions found for encounter_id: 12 [count=0]
2026-08-27T02:34:43.208709Z DEBUG sqlx::query: summary="select e.id \"encounter_id\", admit_timestamp, …" db.statement="\n\n\n                                    select e.id \"encounter_id\", admit_timestamp,\n                                        discharge_timestamp as \"discharge_timestamp?\",\n                                        COALESCE(admit_notes, '') as \"admit_notes\",\n                                        COALESCE(discharge_notes, '') as \"discharge_notes\",\n                                        s.name \"encounter_site_name\",\n                                        l.short_name \"room_identifier\",\n                                        'Y' as \"current_encounter\"\n                                    from encounter e\n                                    join location l on e.location_id = l.id\n                                    join site s on s.id = l.site_id\n                                    where patient_id = 27\n                                      and discharge_timestamp is null\n                                      limit 1\n                                    \n" rows_affected=1 rows_returned=1 elapsed=7.5852ms elapsed_secs=0.0075852
2026-08-27T02:34:43.213204Z DEBUG sqlx::query: summary="SELECT i.id intervention_id, encounter_id, …" db.statement="\n\n\n                                SELECT i.id intervention_id, encounter_id, i.description, i.notes, location_id, users_id,\n                                    intervention_type_id, status_id,\n                                    l.room_identifier,\n                                    ref1.name \"intervention_type\", \n                                    ref2.name \"status\", i.scheduled_timestamp, i.performed_timestamp\n                                FROM intervention i\n                                join location l on  l.id = i.location_id\n                                join common_reference_type ref1 on i.intervention_type_id = ref1.id\n                                join common_reference_type ref2 on i.status_id = ref2.id \n                                where i.encounter_id = 13\n                                  AND i.intervention_type_id = 38\n                                ORDER BY i.id DESC LIMIT 1\n                                                \n" rows_affected=0 rows_returned=0 elapsed=4.2081ms elapsed_secs=0.0042081
2026-08-27T02:34:43.213281Z DEBUG MapleEMR::dao::intervention_dao: No Interventions found for encounter_id: 13 [count=0]
2026-08-27T02:34:54.499983Z DEBUG MapleEMR::route::patient_route: -> /patientdtls Route Requested
2026-08-27T02:34:54.516968Z DEBUG sqlx::query: summary="select e.id \"encounter_id\", admit_timestamp, …" db.statement="\n\n\n                                    select e.id \"encounter_id\", admit_timestamp,\n                                        discharge_timestamp as \"discharge_timestamp?\",\n                                        COALESCE(admit_notes, '') as \"admit_notes\",\n                                        COALESCE(discharge_notes, '') as \"discharge_notes\",\n                                        s.name \"encounter_site_name\",\n                                        l.short_name \"room_identifier\",\n                                        'Y' as \"current_encounter\"\n                                    from encounter e\n                                    join location l on e.location_id = l.id\n                                    join site s on s.id = l.site_id\n                                    where patient_id = 1\n                                      and discharge_timestamp is null\n                                      limit 1\n                                    \n" rows_affected=1 rows_returned=1 elapsed=15.6237ms elapsed_secs=0.0156237
2026-08-27T02:34:54.535620Z DEBUG sqlx::query: summary="SELECT i.id intervention_id, encounter_id, …" db.statement="\n\n\n                                SELECT i.id intervention_id, encounter_id, i.description, i.notes, location_id, users_id,\n                                    intervention_type_id, status_id,\n                                    l.room_identifier,\n                                    ref1.name \"intervention_type\", \n                                    ref2.name \"status\", i.scheduled_timestamp, i.performed_timestamp\n                                FROM intervention i\n                                join location l on  l.id = i.location_id\n                                join common_reference_type ref1 on i.intervention_type_id = ref1.id\n                                join common_reference_type ref2 on i.status_id = ref2.id \n                                where i.encounter_id = 1\n                                  AND i.intervention_type_id = 38\n                                ORDER BY i.id DESC LIMIT 1\n                                                \n" rows_affected=1 rows_returned=1 elapsed=17.3277ms elapsed_secs=0.0173277
2026-08-27T02:34:54.541471Z DEBUG sqlx::query: summary="select e.id \"encounter_id\", admit_timestamp, …" db.statement="\n\n\n                                    select e.id \"encounter_id\", admit_timestamp,\n                                        discharge_timestamp as \"discharge_timestamp?\",\n                                        COALESCE(admit_notes, '') as \"admit_notes\",\n                                        COALESCE(discharge_notes, '') as \"discharge_notes\",\n                                        s.name \"encounter_site_name\",\n                                        l.short_name \"room_identifier\",\n                                        CASE WHEN discharge_timestamp is null then 'Y' else 'N' end as \"current_encounter\"\n                                    from encounter e\n                                    join location l on e.location_id = l.id\n                                    join site s on s.id = l.site_id\n                                    where patient_id = 1\n                                    order by admit_timestamp desc\n                                    \n" rows_affected=1 rows_returned=1 elapsed=4.6816ms elapsed_secs=0.0046816
2026-08-27T02:34:54.541740Z DEBUG MapleEMR::ui::simple_fmt: >get_encounter_list_tile()
2026-08-27T02:34:54.546361Z DEBUG sqlx::query: summary="SELECT i.id intervention_id, encounter_id, …" db.statement="\n\n\n                                SELECT i.id intervention_id, encounter_id, i.description, i.notes, location_id, users_id,\n                                     intervention_type_id, status_id,\n                                    l.room_identifier,\n                                    ref1.name \"intervention_type\", \n                                    ref2.name \"status\", i.scheduled_timestamp, i.performed_timestamp\n                                FROM intervention i\n                                join location l on  l.id = i.location_id\n                                join common_reference_type ref1 on i.intervention_type_id = ref1.id\n                                join common_reference_type ref2 on i.status_id = ref2.id \n                                where i.encounter_id = 1\n                                ORDER BY i.id DESC\n                                               \n" rows_affected=1 rows_returned=1 elapsed=3.5969ms elapsed_secs=0.0035969
2026-08-27T02:34:54.546538Z DEBUG MapleEMR::ui::simple_fmt: >get_intervention_list_tile()
2026-08-27T02:34:54.546720Z DEBUG MapleEMR::dao::patient_dao: get_patient_details Query: SELECT p.id "patient_id", e.id "encounter_id", e.location_id "location_id", legal_first_name, legal_last_name, COALESCE(legal_middle_names, '') as "legal_middle_names",
                                                COALESCE(admit_notes, '') as "admit_notes", COALESCE(discharge_notes, '') as "discharge_notes",
                                                birthdate, admit_timestamp,
                                                discharge_timestamp as "discharge_timestamp?",
                                                sin, phn, l2.short_name "location_short_name"
                                            FROM patient p
                                            join encounter e on p.id = e.patient_id
											join location l2 on l2.id = e.location_id
                                            where patient_id = 1
2026-08-27T02:34:54.554802Z DEBUG sqlx::query: summary="SELECT p.id \"patient_id\", e.id …" db.statement="\n\nSELECT p.id \"patient_id\", e.id \"encounter_id\", e.location_id \"location_id\", legal_first_name, legal_last_name, COALESCE(legal_middle_names, '') as \"legal_middle_names\",\n                                                COALESCE(admit_notes, '') as \"admit_notes\", COALESCE(discharge_notes, '') as \"discharge_notes\",\n                                                birthdate, admit_timestamp,\n                                                discharge_timestamp as \"discharge_timestamp?\",\n                                                sin, phn, l2.short_name \"location_short_name\"\n                                            FROM patient p\n                                            join encounter e on p.id = e.patient_id\n\t\t\t\t\t\t\t\t\t\t\tjoin location l2 on l2.id = e.location_id\n                                            where patient_id = 1\n" rows_affected=1 rows_returned=1 elapsed=7.3966ms elapsed_secs=0.0073966
2026-08-27T02:34:54.555110Z DEBUG MapleEMR::dao::patient_dao: >get_patients_at_users_site_no_discharge() Query: SELECT p.id, e.id, e.location_id, legal_first_name, legal_last_name, COALESCE(legal_middle_names, '') as "legal_middle_names",
                                        COALESCE(admit_notes, '') as "admit_notes", COALESCE(discharge_notes, '') as "discharge_notes",
                                        birthdate, admit_timestamp,
                                        discharge_timestamp as "discharge_timestamp?",
                                        phn, l2.short_name "location_short_name"
                                    FROM patient p
                                    join encounter e on p.id = e.patient_id
									join location l2 on l2.id = e.location_id
                                    where discharge_timestamp is null
                                      and location_id in (
                                        select l.id
                                        from location l
                                        where site_id in (
                                        select site_id
                                        from user_permission up
                                        where users_id = 2
                                            and up.site_id = l.site_id)  )
2026-08-27T02:34:54.563312Z DEBUG sqlx::query: summary="SELECT p.id, e.id, e.location_id, …" db.statement="\n\nSELECT p.id, e.id, e.location_id, legal_first_name, legal_last_name, COALESCE(legal_middle_names, '') as \"legal_middle_names\",\n                                        COALESCE(admit_notes, '') as \"admit_notes\", COALESCE(discharge_notes, '') as \"discharge_notes\",\n                                        birthdate, admit_timestamp,\n                                        discharge_timestamp as \"discharge_timestamp?\",\n                                        phn, l2.short_name \"location_short_name\"\n                                    FROM patient p\n                                    join encounter e on p.id = e.patient_id\n\t\t\t\t\t\t\t\t\tjoin location l2 on l2.id = e.location_id\n                                    where discharge_timestamp is null\n                                      and location_id in (\n                                        select l.id\n                                        from location l\n                                        where site_id in (\n                                        select site_id\n                                        from user_permission up\n                                        where users_id = 2\n                                            and up.site_id = l.site_id)  )\n" rows_affected=7 rows_returned=7 elapsed=7.6226ms elapsed_secs=0.0076226
2026-08-27T02:34:54.563509Z DEBUG MapleEMR::dao::common_dao: get_common_references()
2026-08-27T02:34:54.565333Z DEBUG sqlx::query: summary="select id, name, description …" db.statement="\n\nselect id, name, description from common_reference_type where group_id = 1 ORDER BY NAME\n" rows_affected=19 rows_returned=19 elapsed=1.353ms elapsed_secs=0.001353
2026-08-27T02:34:54.565437Z DEBUG MapleEMR::ui::tile_factory: >get_patient_details_full_tile()
2026-08-27T02:34:54.565561Z DEBUG MapleEMR::ui::common: > get_dropdown_generic(intervention_type_id)
2026-08-27T02:34:56.189201Z DEBUG MapleEMR::route::intervention_route: -> Route Requested: /intvlink  route_to_modify_intervention_basic()
2026-08-27T02:34:56.189263Z DEBUG MapleEMR::route::intervention_route: -> Route Requested: /intv  (add/modify)
2026-08-27T02:34:56.189398Z DEBUG MapleEMR::route::intervention_route:    Intervention exists: view existing Intervention
2026-08-27T02:34:56.191716Z DEBUG sqlx::query: summary="SELECT i.id intervention_id, encounter_id, …" db.statement="\n\nSELECT i.id intervention_id,\n                                                encounter_id,\n                                                i.description,\n                                                i.notes,\n                                                i.location_id,\n                                                users_id,\n                                                intervention_type_id,\n                                                status_id,\n                                                l.room_identifier,\n                                                ref1.name \"intervention_type\", \n                                                ref2.name \"status\",\n                                                i.scheduled_timestamp,\n                                                i.performed_timestamp,\n                                                e.patient_id\n                                            FROM intervention i\n                                            join encounter e ON e.id = i.encounter_id\n                                            join location l on  l.id = i.location_id\n                                            join common_reference_type ref1 on i.intervention_type_id = ref1.id\n                                            join common_reference_type ref2 on i.status_id = ref2.id \n                                            where i.id = 1\n                                              \n" rows_affected=1 rows_returned=1 elapsed=1.8946ms elapsed_secs=0.0018946
2026-08-27T02:34:56.196775Z DEBUG sqlx::query: summary="SELECT i.id \"intervention_details_id\", value, …" db.statement="\n\n\n                                                    SELECT i.id \"intervention_details_id\", value, notes, entry_timestamp, ref1.name \"intervention_type\", intervention_id, type_id\n                                                        FROM intervention_details i\n                                                        JOIN common_reference_type ref1 on i.type_id = ref1.id \n                                                        WHERE intervention_id = 1\n                                                \n" rows_affected=4 rows_returned=4 elapsed=4.2997ms elapsed_secs=0.0042997
2026-08-27T02:34:56.196887Z DEBUG MapleEMR::dao::patient_dao: >get_patients_at_users_site_no_discharge() Query: SELECT p.id, e.id, e.location_id, legal_first_name, legal_last_name, COALESCE(legal_middle_names, '') as "legal_middle_names",
                                        COALESCE(admit_notes, '') as "admit_notes", COALESCE(discharge_notes, '') as "discharge_notes",
                                        birthdate, admit_timestamp,
                                        discharge_timestamp as "discharge_timestamp?",
                                        phn, l2.short_name "location_short_name"
                                    FROM patient p
                                    join encounter e on p.id = e.patient_id
									join location l2 on l2.id = e.location_id
                                    where discharge_timestamp is null
                                      and location_id in (
                                        select l.id
                                        from location l
                                        where site_id in (
                                        select site_id
                                        from user_permission up
                                        where users_id = 2
                                            and up.site_id = l.site_id)  )
2026-08-27T02:34:56.198201Z DEBUG sqlx::query: summary="SELECT p.id, e.id, e.location_id, …" db.statement="\n\nSELECT p.id, e.id, e.location_id, legal_first_name, legal_last_name, COALESCE(legal_middle_names, '') as \"legal_middle_names\",\n                                        COALESCE(admit_notes, '') as \"admit_notes\", COALESCE(discharge_notes, '') as \"discharge_notes\",\n                                        birthdate, admit_timestamp,\n                                        discharge_timestamp as \"discharge_timestamp?\",\n                                        phn, l2.short_name \"location_short_name\"\n                                    FROM patient p\n                                    join encounter e on p.id = e.patient_id\n\t\t\t\t\t\t\t\t\tjoin location l2 on l2.id = e.location_id\n                                    where discharge_timestamp is null\n                                      and location_id in (\n                                        select l.id\n                                        from location l\n                                        where site_id in (\n                                        select site_id\n                                        from user_permission up\n                                        where users_id = 2\n                                            and up.site_id = l.site_id)  )\n" rows_affected=7 rows_returned=7 elapsed=923.8µs elapsed_secs=0.0009238
2026-08-27T02:34:56.198462Z DEBUG MapleEMR::dao::auth_dao: get_user_and_departments_at_current_user_sites()
2026-08-27T02:34:56.207028Z DEBUG sqlx::query: summary="select distinct u.id user_id, …" db.statement="\n\n\n                                                select distinct u.id user_id,\n                                                    d.name || ' ('|| u.name||')' \"name\",\n                                                    u.name \"user_name\"\n                                                from user_permission up\n                                                join users u on up.users_id = u.id\n                                                join department d on up.department_id = d.id\n                                                where up.active_flag = 'Y'\n                                                and users_id = 2\n                                                and site_id is not null\n\t\t\t\t\t\t\t\t\t\t\t\torder by  d.name || ' ('|| u.name||')'\n                                                \n" rows_affected=2 rows_returned=2 elapsed=7.9606ms elapsed_secs=0.0079606
2026-08-27T02:34:56.207124Z DEBUG MapleEMR::dao::common_dao: get_common_reference()
2026-08-27T02:34:56.208314Z DEBUG sqlx::query: summary="SELECT id, name, description …" db.statement="\n\nSELECT id, name, description FROM common_reference_type WHERE ID = 38 LIMIT 1\n" rows_affected=1 rows_returned=1 elapsed=840.8µs elapsed_secs=0.0008408
2026-08-27T02:34:56.208372Z DEBUG MapleEMR::dao::common_dao: get_common_references()
2026-08-27T02:34:56.210475Z DEBUG sqlx::query: summary="select id, name, description …" db.statement="\n\nselect id, name, description from common_reference_type where group_id = 2 ORDER BY NAME\n" rows_affected=6 rows_returned=6 elapsed=1.7827ms elapsed_secs=0.0017827
2026-08-27T02:34:56.210972Z DEBUG MapleEMR::dao::common_dao: get_locations_for_user()
2026-08-27T02:34:56.213030Z DEBUG sqlx::query: summary="select id, name || …" db.statement="\n\n\n                                        select id, name || ' (' || short_name|| ')' from location\n                                        where active_flag = 'Y'\n                                        and site_id in (\n                                            select site_id\n                                            from user_permission\n                                            where users_id = 2\n                                                and active_flag = 'Y' )\n" rows_affected=34 rows_returned=34 elapsed=1.4604ms elapsed_secs=0.0014604
2026-08-27T02:34:56.213110Z DEBUG MapleEMR::ui::common: > get_location_dropdown()
2026-08-27T02:34:56.213176Z DEBUG MapleEMR::ui::tile_factory: >get_modify_intervention_full_page_tile()
2026-08-27T02:34:56.213216Z DEBUG MapleEMR::ui::tile_factory:   Update existing Intervention
2026-08-27T02:34:56.213230Z DEBUG MapleEMR::ui::common: > get_dropdown_generic(users_id)
2026-08-27T02:34:56.213247Z DEBUG MapleEMR::ui::common: > get_dropdown_generic(status_id)
2026-08-27T03:06:48.691239Z  INFO ort::logging: Done Adding ETW Sink to logger with severity level: 2
2026-08-27T03:25:09.594334Z  INFO actix_server::server: SIGINT received; starting forced shutdown
2026-08-27T03:25:09.594503Z DEBUG actix_server::accept: paused accepting connections on 127.0.0.1:8000
2026-08-27T03:25:09.594537Z  INFO actix_server::accept: accept thread stopped
2026-08-27T03:25:09.599233Z  INFO actix_server::worker: shutting down idle worker
2026-08-27T03:25:09.599913Z  INFO actix_server::worker: shutting down idle worker
2026-08-27T03:25:09.601052Z  INFO actix_server::worker: shutting down idle worker
2026-08-27T03:25:09.601638Z  INFO actix_server::worker: shutting down idle worker
