2026-08-26T16:43:19.573588Z  INFO MapleEMR: MapleEMR is running! Access via: http://127.0.0.1:8000
2026-08-26T16:43:19.683891Z  INFO MapleEMR: Database connection established to: postgres://postgres:csm500@localhost:5432/csm500
2026-08-26T16:43:19.683956Z  INFO MapleEMR: CARGO_MANIFEST_DIR = C:\uol\csm500-final-project\src\app
2026-08-26T16:43:19.727738Z  INFO ort::logging: Discovered OrtHardwareDevice {vendor_id:0x8086, device_id:0x1912, vendor:Intel Corporation, type:1, metadata: [Description=Intel(R) HD Graphics 530, Discrete=0, DxgiAdapterNumber=0, DxgiHighPerformanceIndex=0, DxgiVideoMemory=128 MB, LUID=49304, ]}
2026-08-26T16:43:19.728100Z  INFO ort::logging: Discovered OrtHardwareDevice {vendor_id:0x8086, device_id:0x0, vendor:Intel, type:0, metadata: [Description=Intel(R) Core(TM) i5-6600 CPU @ 3.30GHz, ]}
2026-08-26T16:43:19.728747Z  INFO ort::logging: Session Options {  execution_mode:0 execution_order:DEFAULT enable_profiling:0 optimized_model_filepath: enable_mem_pattern:1 enable_mem_reuse:1 enable_cpu_mem_arena:1 profile_file_prefix:onnxruntime_profile_ session_logid: session_log_severity_level:-1 session_log_verbosity_level:0 max_num_graph_transformation_steps:10 graph_optimization_level:1 intra_op_param:OrtThreadPoolParams { thread_pool_size: 1 auto_set_affinity: 0 allow_spinning: 0 dynamic_block_base_: 0 stack_size: 0 affinity_str:  set_denormal_as_zero: 0 } inter_op_param:OrtThreadPoolParams { thread_pool_size: 0 auto_set_affinity: 0 allow_spinning: 0 dynamic_block_base_: 0 stack_size: 0 affinity_str:  set_denormal_as_zero: 0 } use_per_session_threads:1 thread_pool_allow_spinning:1 use_deterministic_compute:0 ep_selection_policy:5 config_options: {  } }
2026-08-26T16:43:19.728807Z  INFO ort::logging: Flush-to-zero and denormal-as-zero are off
2026-08-26T16:43:19.728825Z  INFO ort::logging: Creating and using per session threadpools since use_per_session_threads_ is true
2026-08-26T16:43:19.728881Z  INFO ort::logging: Dynamic block base set to 0
2026-08-26T16:43:19.784811Z  INFO ort::logging: Initializing session.
2026-08-26T16:43:19.784905Z  INFO ort::logging: Creating BFCArena for Cpu with following configs: initial_chunk_size_bytes: 1048576 max_dead_bytes_per_chunk: 134217728 initial_growth_chunk_size_bytes: 2097152 max_power_of_two_extend_bytes: 1073741824 memory limit: 18446744073709551615 arena_extend_strategy: 0
2026-08-26T16:43:19.789056Z  INFO ort::logging: This model does not have any local functions defined. AOT Inlining is not performed
2026-08-26T16:43:19.810304Z  INFO ort::logging: GraphTransformer EnsureUniqueDQForNodeUnit modified: 0 with status: OK
2026-08-26T16:43:19.810741Z  INFO ort::logging: GraphTransformer Level1_RuleBasedTransformer modified: 0 with status: OK
2026-08-26T16:43:19.810876Z  INFO ort::logging: GraphTransformer DoubleQDQPairsRemover modified: 0 with status: OK
2026-08-26T16:43:19.812311Z  INFO ort::logging: Total shared scalar initializer count: 199
2026-08-26T16:43:19.812342Z  INFO ort::logging: GraphTransformer ConstantSharing modified: 1 with status: OK
2026-08-26T16:43:19.817008Z  INFO ort::logging: GraphTransformer CommonSubexpressionElimination modified: 1 with status: OK
2026-08-26T16:43:19.823692Z  INFO ort::logging: GraphTransformer ConstantFolding modified: 1 with status: OK
2026-08-26T16:43:19.827563Z  INFO ort::logging: Removing initializer '/1/Constant_8_output_0'. It is no longer used by any node.
2026-08-26T16:43:19.827599Z  INFO ort::logging: Removing initializer '/0/auto_model/Shape_2_output_0'. It is no longer used by any node.
2026-08-26T16:43:19.827616Z  INFO ort::logging: Removing initializer '/1/Shape_3_output_0'. It is no longer used by any node.
2026-08-26T16:43:19.827826Z  INFO ort::logging: GraphTransformer MatMulAddFusion modified: 0 with status: OK
2026-08-26T16:43:19.828030Z  INFO ort::logging: Fused reshape node: /0/auto_model/encoder/layer.0/attention/self/Reshape_output_0
2026-08-26T16:43:19.828070Z  INFO ort::logging: Fused reshape node: /0/auto_model/encoder/layer.0/attention/self/Reshape_2_output_0
2026-08-26T16:43:19.828106Z  INFO ort::logging: Fused reshape node: /0/auto_model/encoder/layer.0/attention/self/Reshape_1_output_0
2026-08-26T16:43:19.828197Z  INFO ort::logging: Fused reshape node: /0/auto_model/encoder/layer.0/attention/self/Reshape_3_output_0
2026-08-26T16:43:19.828239Z  INFO ort::logging: Fused reshape node: /0/auto_model/encoder/layer.1/attention/self/Reshape_output_0
2026-08-26T16:43:19.828275Z  INFO ort::logging: Fused reshape node: /0/auto_model/encoder/layer.1/attention/self/Reshape_2_output_0
2026-08-26T16:43:19.828319Z  INFO ort::logging: Fused reshape node: /0/auto_model/encoder/layer.1/attention/self/Reshape_1_output_0
2026-08-26T16:43:19.828359Z  INFO ort::logging: Fused reshape node: /0/auto_model/encoder/layer.1/attention/self/Reshape_3_output_0
2026-08-26T16:43:19.828395Z  INFO ort::logging: Fused reshape node: /0/auto_model/encoder/layer.2/attention/self/Reshape_output_0
2026-08-26T16:43:19.828432Z  INFO ort::logging: Fused reshape node: /0/auto_model/encoder/layer.2/attention/self/Reshape_2_output_0
2026-08-26T16:43:19.828467Z  INFO ort::logging: Fused reshape node: /0/auto_model/encoder/layer.2/attention/self/Reshape_1_output_0
2026-08-26T16:43:19.828506Z  INFO ort::logging: Fused reshape node: /0/auto_model/encoder/layer.2/attention/self/Reshape_3_output_0
2026-08-26T16:43:19.828542Z  INFO ort::logging: Fused reshape node: /0/auto_model/encoder/layer.3/attention/self/Reshape_output_0
2026-08-26T16:43:19.828577Z  INFO ort::logging: Fused reshape node: /0/auto_model/encoder/layer.3/attention/self/Reshape_2_output_0
2026-08-26T16:43:19.828612Z  INFO ort::logging: Fused reshape node: /0/auto_model/encoder/layer.3/attention/self/Reshape_1_output_0
2026-08-26T16:43:19.828650Z  INFO ort::logging: Fused reshape node: /0/auto_model/encoder/layer.3/attention/self/Reshape_3_output_0
2026-08-26T16:43:19.828687Z  INFO ort::logging: Fused reshape node: /0/auto_model/encoder/layer.4/attention/self/Reshape_output_0
2026-08-26T16:43:19.828722Z  INFO ort::logging: Fused reshape node: /0/auto_model/encoder/layer.4/attention/self/Reshape_2_output_0
2026-08-26T16:43:19.828756Z  INFO ort::logging: Fused reshape node: /0/auto_model/encoder/layer.4/attention/self/Reshape_1_output_0
2026-08-26T16:43:19.828794Z  INFO ort::logging: Fused reshape node: /0/auto_model/encoder/layer.4/attention/self/Reshape_3_output_0
2026-08-26T16:43:19.828830Z  INFO ort::logging: Fused reshape node: /0/auto_model/encoder/layer.5/attention/self/Reshape_output_0
2026-08-26T16:43:19.828870Z  INFO ort::logging: Fused reshape node: /0/auto_model/encoder/layer.5/attention/self/Reshape_2_output_0
2026-08-26T16:43:19.828904Z  INFO ort::logging: Fused reshape node: /0/auto_model/encoder/layer.5/attention/self/Reshape_1_output_0
2026-08-26T16:43:19.828942Z  INFO ort::logging: Fused reshape node: /0/auto_model/encoder/layer.5/attention/self/Reshape_3_output_0
2026-08-26T16:43:19.828960Z  INFO ort::logging: Total fused reshape node count: 24
2026-08-26T16:43:19.828975Z  INFO ort::logging: GraphTransformer ReshapeFusion modified: 1 with status: OK
2026-08-26T16:43:19.831753Z  INFO ort::logging: Removing initializer '/0/auto_model/encoder/layer.4/attention/self/Constant_11_output_0'. It is no longer used by any node.
2026-08-26T16:43:19.831779Z  INFO ort::logging: Removing initializer '/0/auto_model/encoder/layer.4/attention/self/Constant_6_output_0'. It is no longer used by any node.
2026-08-26T16:43:19.831802Z  INFO ort::logging: Removing initializer '/0/auto_model/encoder/layer.0/attention/self/Constant_15_output_0'. It is no longer used by any node.
2026-08-26T16:43:19.831875Z  INFO ort::logging: GraphTransformer FreeDimensionOverrideTransformer modified: 0 with status: OK
2026-08-26T16:43:19.831902Z  INFO ort::logging: GraphTransformer GeluFusionL1 modified: 0 with status: OK
2026-08-26T16:43:19.831926Z  INFO ort::logging: GraphTransformer LayerNormFusionL1 modified: 0 with status: OK
2026-08-26T16:43:19.832041Z  INFO ort::logging: GraphTransformer QDQPropagationTransformer modified: 0 with status: OK
2026-08-26T16:43:19.832132Z  INFO ort::logging: GraphTransformer WeightBiasQuantization modified: 0 with status: OK
2026-08-26T16:43:19.832256Z  INFO ort::logging: GraphTransformer EnsureUniqueDQForNodeUnit modified: 0 with status: OK
2026-08-26T16:43:19.832358Z  INFO ort::logging: GraphTransformer WhereDummyDq modified: 0 with status: OK
2026-08-26T16:43:19.832875Z  INFO ort::logging: GraphTransformer TransposeOptimizer modified: 0 with status: OK
2026-08-26T16:43:19.833065Z  INFO ort::logging: GraphTransformer Level1_RuleBasedTransformer modified: 0 with status: OK
2026-08-26T16:43:19.833149Z  INFO ort::logging: GraphTransformer DoubleQDQPairsRemover modified: 0 with status: OK
2026-08-26T16:43:19.833484Z  INFO ort::logging: GraphTransformer CommonSubexpressionElimination modified: 0 with status: OK
2026-08-26T16:43:19.833626Z  INFO ort::logging: GraphTransformer ConstantFolding modified: 0 with status: OK
2026-08-26T16:43:19.833726Z  INFO ort::logging: GraphTransformer MatMulAddFusion modified: 0 with status: OK
2026-08-26T16:43:19.833811Z  INFO ort::logging: GraphTransformer ReshapeFusion modified: 0 with status: OK
2026-08-26T16:43:19.833830Z  INFO ort::logging: GraphTransformer FreeDimensionOverrideTransformer modified: 0 with status: OK
2026-08-26T16:43:19.833845Z  INFO ort::logging: GraphTransformer GeluFusionL1 modified: 0 with status: OK
2026-08-26T16:43:19.833859Z  INFO ort::logging: GraphTransformer LayerNormFusionL1 modified: 0 with status: OK
2026-08-26T16:43:19.833945Z  INFO ort::logging: GraphTransformer QDQPropagationTransformer modified: 0 with status: OK
2026-08-26T16:43:19.834024Z  INFO ort::logging: GraphTransformer WeightBiasQuantization modified: 0 with status: OK
2026-08-26T16:43:19.834108Z  INFO ort::logging: GraphTransformer EnsureUniqueDQForNodeUnit modified: 0 with status: OK
2026-08-26T16:43:19.834189Z  INFO ort::logging: GraphTransformer WhereDummyDq modified: 0 with status: OK
2026-08-26T16:43:19.839214Z  INFO ort::logging: Running graph optimizations in loop 1 time/s (Graph Optimizations Loop Level : 1)
2026-08-26T16:43:19.839538Z  INFO ort::logging: GraphTransformer RemoveDuplicateCastTransformer modified: 0 with status: OK
2026-08-26T16:43:19.839559Z  INFO ort::logging: GraphTransformer CastFloat16Transformer modified: 0 with status: OK
2026-08-26T16:43:19.839597Z  INFO ort::logging: GraphTransformer MemcpyTransformer modified: 0 with status: OK
2026-08-26T16:43:19.844720Z  INFO ort::logging: Use DeviceBasedPartition as default
2026-08-26T16:43:19.882138Z  INFO ort::logging: Saving initialized tensors.
2026-08-26T16:43:19.882249Z  INFO ort::logging: Reserving memory in BFCArena for Cpu size: 24
2026-08-26T16:43:19.882303Z  INFO ort::logging: Reserving memory in BFCArena for Cpu size: 4
2026-08-26T16:43:19.882329Z  INFO ort::logging: Reserving memory in BFCArena for Cpu size: 24
2026-08-26T16:43:19.882356Z  INFO ort::logging: Reserving memory in BFCArena for Cpu size: 32
2026-08-26T16:43:19.882376Z  INFO ort::logging: Reserving memory in BFCArena for Cpu size: 8
2026-08-26T16:43:19.882403Z  INFO ort::logging: Reserving memory in BFCArena for Cpu size: 24
2026-08-26T16:43:19.882423Z  INFO ort::logging: Reserving memory in BFCArena for Cpu size: 32
2026-08-26T16:43:19.882448Z  INFO ort::logging: Reserving memory in BFCArena for Cpu size: 8
2026-08-26T16:43:19.882468Z  INFO ort::logging: Reserving memory in BFCArena for Cpu size: 32
2026-08-26T16:43:19.882549Z  INFO ort::logging: Reserving memory in BFCArena for Cpu size: 24
2026-08-26T16:43:19.882571Z  INFO ort::logging: Reserving memory in BFCArena for Cpu size: 32
2026-08-26T16:43:19.882595Z  INFO ort::logging: Reserving memory in BFCArena for Cpu size: 32
2026-08-26T16:43:19.882619Z  INFO ort::logging: Reserving memory in BFCArena for Cpu size: 24
2026-08-26T16:43:19.882647Z  INFO ort::logging: Reserving memory in BFCArena for Cpu size: 32
2026-08-26T16:43:19.882668Z  INFO ort::logging: Reserving memory in BFCArena for Cpu size: 4
2026-08-26T16:43:19.882691Z  INFO ort::logging: Reserving memory in BFCArena for Cpu size: 24
2026-08-26T16:43:19.882710Z  INFO ort::logging: Reserving memory in BFCArena for Cpu size: 32
2026-08-26T16:43:19.882737Z  INFO ort::logging: Reserving memory in BFCArena for Cpu size: 32
2026-08-26T16:43:19.882759Z  INFO ort::logging: Reserving memory in BFCArena for Cpu size: 16
2026-08-26T16:43:19.882791Z  INFO ort::logging: Reserving memory in BFCArena for Cpu size: 32
2026-08-26T16:43:19.882815Z  INFO ort::logging: Reserving memory in BFCArena for Cpu size: 4
2026-08-26T16:43:19.882842Z  INFO ort::logging: Reserving memory in BFCArena for Cpu size: 32
2026-08-26T16:43:19.882861Z  INFO ort::logging: Reserving memory in BFCArena for Cpu size: 4
2026-08-26T16:43:19.882879Z  INFO ort::logging: Reserving memory in BFCArena for Cpu size: 16
2026-08-26T16:43:19.882898Z  INFO ort::logging: Reserving memory in BFCArena for Cpu size: 32
2026-08-26T16:43:19.882917Z  INFO ort::logging: Reserving memory in BFCArena for Cpu size: 24
2026-08-26T16:43:19.882939Z  INFO ort::logging: Reserving memory in BFCArena for Cpu size: 8
2026-08-26T16:43:19.882963Z  INFO ort::logging: Reserving memory in BFCArena for Cpu size: 32
2026-08-26T16:43:19.882988Z  INFO ort::logging: Reserving memory in BFCArena for Cpu size: 8
2026-08-26T16:43:19.883020Z  INFO ort::logging: Reserving memory in BFCArena for Cpu size: 8
2026-08-26T16:43:19.883043Z  INFO ort::logging: Reserving memory in BFCArena for Cpu size: 4
2026-08-26T16:43:19.883064Z  INFO ort::logging: Reserving memory in BFCArena for Cpu size: 4
2026-08-26T16:43:19.883082Z  INFO ort::logging: Reserving memory in BFCArena for Cpu size: 32
2026-08-26T16:43:19.883103Z  INFO ort::logging: Reserving memory in BFCArena for Cpu size: 8
2026-08-26T16:43:19.883123Z  INFO ort::logging: Reserving memory in BFCArena for Cpu size: 24
2026-08-26T16:43:19.883144Z  INFO ort::logging: Reserving memory in BFCArena for Cpu size: 4
2026-08-26T16:43:19.883168Z  INFO ort::logging: Reserving memory in BFCArena for Cpu size: 32
2026-08-26T16:43:19.883187Z  INFO ort::logging: Reserving memory in BFCArena for Cpu size: 32
2026-08-26T16:43:19.883207Z  INFO ort::logging: Reserving memory in BFCArena for Cpu size: 8
2026-08-26T16:43:19.883227Z  INFO ort::logging: Reserving memory in BFCArena for Cpu size: 32
2026-08-26T16:43:19.883247Z  INFO ort::logging: Reserving memory in BFCArena for Cpu size: 4
2026-08-26T16:43:19.883273Z  INFO ort::logging: Reserving memory in BFCArena for Cpu size: 32
2026-08-26T16:43:19.883296Z  INFO ort::logging: Reserving memory in BFCArena for Cpu size: 32
2026-08-26T16:43:19.883317Z  INFO ort::logging: Done saving initialized tensors
2026-08-26T16:43:19.883960Z  INFO ort::logging: Reserving memory in BFCArena for Cpu size: 589824
2026-08-26T16:43:19.884218Z  INFO ort::logging: Reserving memory in BFCArena for Cpu size: 589824
2026-08-26T16:43:19.884433Z  INFO ort::logging: Reserving memory in BFCArena for Cpu size: 589824
2026-08-26T16:43:19.884743Z  INFO ort::logging: Reserving memory in BFCArena for Cpu size: 589824
2026-08-26T16:43:19.885055Z  INFO ort::logging: Reserving memory in BFCArena for Cpu size: 2359296
2026-08-26T16:43:19.886850Z  INFO ort::logging: Reserving memory in BFCArena for Cpu size: 2359296
2026-08-26T16:43:19.888571Z  INFO ort::logging: Reserving memory in BFCArena for Cpu size: 589824
2026-08-26T16:43:19.888865Z  INFO ort::logging: Reserving memory in BFCArena for Cpu size: 589824
2026-08-26T16:43:19.889182Z  INFO ort::logging: Reserving memory in BFCArena for Cpu size: 589824
2026-08-26T16:43:19.889450Z  INFO ort::logging: Reserving memory in BFCArena for Cpu size: 589824
2026-08-26T16:43:19.889676Z  INFO ort::logging: Reserving memory in BFCArena for Cpu size: 2359296
2026-08-26T16:43:19.891730Z  INFO ort::logging: Reserving memory in BFCArena for Cpu size: 2359296
2026-08-26T16:43:19.893396Z  INFO ort::logging: Reserving memory in BFCArena for Cpu size: 589824
2026-08-26T16:43:19.893697Z  INFO ort::logging: Reserving memory in BFCArena for Cpu size: 589824
2026-08-26T16:43:19.893945Z  INFO ort::logging: Reserving memory in BFCArena for Cpu size: 589824
2026-08-26T16:43:19.894177Z  INFO ort::logging: Reserving memory in BFCArena for Cpu size: 589824
2026-08-26T16:43:19.894436Z  INFO ort::logging: Reserving memory in BFCArena for Cpu size: 2359296
2026-08-26T16:43:19.896064Z  INFO ort::logging: Reserving memory in BFCArena for Cpu size: 2359296
2026-08-26T16:43:19.897729Z  INFO ort::logging: Reserving memory in BFCArena for Cpu size: 589824
2026-08-26T16:43:19.897975Z  INFO ort::logging: Reserving memory in BFCArena for Cpu size: 589824
2026-08-26T16:43:19.898196Z  INFO ort::logging: Reserving memory in BFCArena for Cpu size: 589824
2026-08-26T16:43:19.898416Z  INFO ort::logging: Reserving memory in BFCArena for Cpu size: 589824
2026-08-26T16:43:19.898636Z  INFO ort::logging: Reserving memory in BFCArena for Cpu size: 2359296
2026-08-26T16:43:19.900080Z  INFO ort::logging: Reserving memory in BFCArena for Cpu size: 2359296
2026-08-26T16:43:19.901562Z  INFO ort::logging: Reserving memory in BFCArena for Cpu size: 589824
2026-08-26T16:43:19.901787Z  INFO ort::logging: Reserving memory in BFCArena for Cpu size: 589824
2026-08-26T16:43:19.902002Z  INFO ort::logging: Reserving memory in BFCArena for Cpu size: 589824
2026-08-26T16:43:19.902220Z  INFO ort::logging: Reserving memory in BFCArena for Cpu size: 589824
2026-08-26T16:43:19.902435Z  INFO ort::logging: Reserving memory in BFCArena for Cpu size: 2359296
2026-08-26T16:43:19.903833Z  INFO ort::logging: Reserving memory in BFCArena for Cpu size: 2359296
2026-08-26T16:43:19.905177Z  INFO ort::logging: Reserving memory in BFCArena for Cpu size: 589824
2026-08-26T16:43:19.905399Z  INFO ort::logging: Reserving memory in BFCArena for Cpu size: 589824
2026-08-26T16:43:19.905606Z  INFO ort::logging: Reserving memory in BFCArena for Cpu size: 589824
2026-08-26T16:43:19.905826Z  INFO ort::logging: Reserving memory in BFCArena for Cpu size: 589824
2026-08-26T16:43:19.906036Z  INFO ort::logging: Reserving memory in BFCArena for Cpu size: 2359296
2026-08-26T16:43:19.907440Z  INFO ort::logging: Reserving memory in BFCArena for Cpu size: 2359296
2026-08-26T16:43:19.909083Z  INFO ort::logging: Session successfully initialized.
2026-08-26T16:43:19.909785Z  INFO actix_server::builder: starting 4 workers
2026-08-26T16:43:19.909887Z  INFO actix_server::server: Tokio runtime found; starting in existing Tokio runtime
2026-08-26T16:43:19.909920Z  INFO actix_server::server: starting service: "actix-web-service-127.0.0.1:8000", workers: 4, listening on: 127.0.0.1:8000
2026-08-26T16:43:19.910440Z  INFO MapleEMR: >get_application_secret_key()
2026-08-26T16:43:19.910730Z DEBUG MapleEMR::webc::tile_factory: >WebContentFactory:new() : Attempting read of: C:\uol\csm500-final-project\src\app\webc\static\LoginTile.htl
2026-08-26T16:43:19.913757Z  INFO MapleEMR: >get_application_secret_key()
2026-08-26T16:43:19.913815Z DEBUG MapleEMR::webc::tile_factory: >WebContentFactory:new() : Attempting read of: C:\uol\csm500-final-project\src\app\webc\static\LoginTile.htl
2026-08-26T16:43:19.915294Z  INFO MapleEMR: >get_application_secret_key()
2026-08-26T16:43:19.915345Z DEBUG MapleEMR::webc::tile_factory: >WebContentFactory:new() : Attempting read of: C:\uol\csm500-final-project\src\app\webc\static\LoginTile.htl
2026-08-26T16:43:19.916806Z  INFO MapleEMR: >get_application_secret_key()
2026-08-26T16:43:19.916860Z DEBUG MapleEMR::webc::tile_factory: >WebContentFactory:new() : Attempting read of: C:\uol\csm500-final-project\src\app\webc\static\LoginTile.htl
2026-08-26T16:43:25.862596Z DEBUG MapleEMR::route::default_route: -> /default_route Requested
2026-08-26T16:43:25.862736Z DEBUG MapleEMR::route::default_route: Checking session for Validation errors
2026-08-26T16:43:25.862795Z DEBUG MapleEMR::route::default_route: Ok( None ) No active session
2026-08-26T16:43:30.004792Z DEBUG MapleEMR::route::login_route: -> /login Requested
2026-08-26T16:43:30.004861Z DEBUG MapleEMR::dao::auth_dao: Query: SELECT id, name, username, email, created_timestamp, password FROM USERS WHERE USERNAME = 'chath' AND PASSWORD = 'nurse1'
2026-08-26T16:43:30.013092Z DEBUG sqlx::query: summary="SELECT id, name, username, …" db.statement="\n\nSELECT id, name, username, email, created_timestamp, password FROM USERS WHERE USERNAME = 'chath' AND PASSWORD = 'nurse1'\n" rows_affected=1 rows_returned=1 elapsed=7.7527ms elapsed_secs=0.0077527
2026-08-26T16:43:30.013216Z DEBUG MapleEMR::dao::auth_dao: Successful login (results found) for: chath
2026-08-26T16:43:30.013301Z DEBUG MapleEMR::route::login_route: User can login: chath redirect to /home
2026-08-26T16:43:30.013318Z DEBUG MapleEMR::dao::auth_dao: get_user_permissions Query: SELECT department_id, permission_id FROM public.user_permission where active_flag = 'Y' and users_id = 2 group by department_id, permission_id order by permission_id
2026-08-26T16:43:30.119664Z DEBUG sqlx::query: summary="SELECT department_id, permission_id FROM …" db.statement="\n\nSELECT department_id, permission_id FROM public.user_permission where active_flag = 'Y' and users_id = 2 group by department_id, permission_id order by permission_id\n" rows_affected=12 rows_returned=12 elapsed=4.0241ms elapsed_secs=0.0040241
2026-08-26T16:43:30.126157Z DEBUG MapleEMR::route::home_route: -> /home Route Requested
2026-08-26T16:43:30.126417Z DEBUG MapleEMR::dao::patient_dao: >get_patients_at_users_site_no_discharge() Query: SELECT p.id, e.id, e.location_id, legal_first_name, legal_last_name, COALESCE(legal_middle_names, '') as "legal_middle_names",
                                        COALESCE(admit_notes, '') as "admit_notes", COALESCE(discharge_notes, '') as "discharge_notes",
                                        birthdate, admit_timestamp,
                                        discharge_timestamp as "discharge_timestamp?",
                                        phn, l2.short_name "location_short_name"
                                    FROM patient p
                                    join encounter e on p.id = e.patient_id
									join location l2 on l2.id = e.location_id
                                    where discharge_timestamp is null
                                      and location_id in (
                                        select l.id
                                        from location l
                                        where site_id in (
                                        select site_id
                                        from user_permission up
                                        where users_id = 2
                                            and up.site_id = l.site_id)  )
2026-08-26T16:43:30.137111Z DEBUG sqlx::query: summary="SELECT p.id, e.id, e.location_id, …" db.statement="\n\nSELECT p.id, e.id, e.location_id, legal_first_name, legal_last_name, COALESCE(legal_middle_names, '') as \"legal_middle_names\",\n                                        COALESCE(admit_notes, '') as \"admit_notes\", COALESCE(discharge_notes, '') as \"discharge_notes\",\n                                        birthdate, admit_timestamp,\n                                        discharge_timestamp as \"discharge_timestamp?\",\n                                        phn, l2.short_name \"location_short_name\"\n                                    FROM patient p\n                                    join encounter e on p.id = e.patient_id\n\t\t\t\t\t\t\t\t\tjoin location l2 on l2.id = e.location_id\n                                    where discharge_timestamp is null\n                                      and location_id in (\n                                        select l.id\n                                        from location l\n                                        where site_id in (\n                                        select site_id\n                                        from user_permission up\n                                        where users_id = 2\n                                            and up.site_id = l.site_id)  )\n" rows_affected=7 rows_returned=7 elapsed=10.2925ms elapsed_secs=0.0102925
2026-08-26T16:43:30.137202Z DEBUG MapleEMR::route::home_route: Retrieved 7 patients:
2026-08-26T16:43:30.147069Z DEBUG sqlx::query: summary="select e.id \"encounter_id\", admit_timestamp, …" db.statement="\n\n\n                                    select e.id \"encounter_id\", admit_timestamp,\n                                        discharge_timestamp as \"discharge_timestamp?\",\n                                        COALESCE(admit_notes, '') as \"admit_notes\",\n                                        COALESCE(discharge_notes, '') as \"discharge_notes\",\n                                        s.name \"encounter_site_name\",\n                                        l.short_name \"room_identifier\",\n                                        'Y' as \"current_encounter\"\n                                    from encounter e\n                                    join location l on e.location_id = l.id\n                                    join site s on s.id = l.site_id\n                                    where patient_id = 1\n                                      and discharge_timestamp is null\n                                      limit 1\n                                    \n" rows_affected=1 rows_returned=1 elapsed=9.5238ms elapsed_secs=0.0095238
2026-08-26T16:43:30.152149Z DEBUG sqlx::query: summary="SELECT i.id intervention_id, encounter_id, …" db.statement="\n\n\n                                SELECT i.id intervention_id, encounter_id, i.description, i.notes, location_id, users_id,\n                                    intervention_type_id, status_id,\n                                    l.room_identifier,\n                                    ref1.name \"intervention_type\", \n                                    ref2.name \"status\", i.scheduled_timestamp, i.performed_timestamp\n                                FROM intervention i\n                                join location l on  l.id = i.location_id\n                                join common_reference_type ref1 on i.intervention_type_id = ref1.id\n                                join common_reference_type ref2 on i.status_id = ref2.id \n                                where i.encounter_id = 1\n                                  AND i.intervention_type_id = 38\n                                ORDER BY i.id DESC LIMIT 1\n                                                \n" rows_affected=1 rows_returned=1 elapsed=4.6291ms elapsed_secs=0.0046291
2026-08-26T16:43:30.153414Z DEBUG sqlx::query: summary="select e.id \"encounter_id\", admit_timestamp, …" db.statement="\n\n\n                                    select e.id \"encounter_id\", admit_timestamp,\n                                        discharge_timestamp as \"discharge_timestamp?\",\n                                        COALESCE(admit_notes, '') as \"admit_notes\",\n                                        COALESCE(discharge_notes, '') as \"discharge_notes\",\n                                        s.name \"encounter_site_name\",\n                                        l.short_name \"room_identifier\",\n                                        'Y' as \"current_encounter\"\n                                    from encounter e\n                                    join location l on e.location_id = l.id\n                                    join site s on s.id = l.site_id\n                                    where patient_id = 2\n                                      and discharge_timestamp is null\n                                      limit 1\n                                    \n" rows_affected=1 rows_returned=1 elapsed=829.1µs elapsed_secs=0.0008291
2026-08-26T16:43:30.154777Z DEBUG sqlx::query: summary="SELECT i.id intervention_id, encounter_id, …" db.statement="\n\n\n                                SELECT i.id intervention_id, encounter_id, i.description, i.notes, location_id, users_id,\n                                    intervention_type_id, status_id,\n                                    l.room_identifier,\n                                    ref1.name \"intervention_type\", \n                                    ref2.name \"status\", i.scheduled_timestamp, i.performed_timestamp\n                                FROM intervention i\n                                join location l on  l.id = i.location_id\n                                join common_reference_type ref1 on i.intervention_type_id = ref1.id\n                                join common_reference_type ref2 on i.status_id = ref2.id \n                                where i.encounter_id = 2\n                                  AND i.intervention_type_id = 38\n                                ORDER BY i.id DESC LIMIT 1\n                                                \n" rows_affected=1 rows_returned=1 elapsed=1.011ms elapsed_secs=0.001011
2026-08-26T16:43:30.156038Z DEBUG sqlx::query: summary="select e.id \"encounter_id\", admit_timestamp, …" db.statement="\n\n\n                                    select e.id \"encounter_id\", admit_timestamp,\n                                        discharge_timestamp as \"discharge_timestamp?\",\n                                        COALESCE(admit_notes, '') as \"admit_notes\",\n                                        COALESCE(discharge_notes, '') as \"discharge_notes\",\n                                        s.name \"encounter_site_name\",\n                                        l.short_name \"room_identifier\",\n                                        'Y' as \"current_encounter\"\n                                    from encounter e\n                                    join location l on e.location_id = l.id\n                                    join site s on s.id = l.site_id\n                                    where patient_id = 3\n                                      and discharge_timestamp is null\n                                      limit 1\n                                    \n" rows_affected=1 rows_returned=1 elapsed=883.4µs elapsed_secs=0.0008834
2026-08-26T16:43:30.158060Z DEBUG sqlx::query: summary="SELECT i.id intervention_id, encounter_id, …" db.statement="\n\n\n                                SELECT i.id intervention_id, encounter_id, i.description, i.notes, location_id, users_id,\n                                    intervention_type_id, status_id,\n                                    l.room_identifier,\n                                    ref1.name \"intervention_type\", \n                                    ref2.name \"status\", i.scheduled_timestamp, i.performed_timestamp\n                                FROM intervention i\n                                join location l on  l.id = i.location_id\n                                join common_reference_type ref1 on i.intervention_type_id = ref1.id\n                                join common_reference_type ref2 on i.status_id = ref2.id \n                                where i.encounter_id = 3\n                                  AND i.intervention_type_id = 38\n                                ORDER BY i.id DESC LIMIT 1\n                                                \n" rows_affected=1 rows_returned=1 elapsed=1.6873ms elapsed_secs=0.0016873
2026-08-26T16:43:30.159564Z DEBUG sqlx::query: summary="select e.id \"encounter_id\", admit_timestamp, …" db.statement="\n\n\n                                    select e.id \"encounter_id\", admit_timestamp,\n                                        discharge_timestamp as \"discharge_timestamp?\",\n                                        COALESCE(admit_notes, '') as \"admit_notes\",\n                                        COALESCE(discharge_notes, '') as \"discharge_notes\",\n                                        s.name \"encounter_site_name\",\n                                        l.short_name \"room_identifier\",\n                                        'Y' as \"current_encounter\"\n                                    from encounter e\n                                    join location l on e.location_id = l.id\n                                    join site s on s.id = l.site_id\n                                    where patient_id = 5\n                                      and discharge_timestamp is null\n                                      limit 1\n                                    \n" rows_affected=1 rows_returned=1 elapsed=984.9µs elapsed_secs=0.0009849
2026-08-26T16:43:30.161025Z DEBUG sqlx::query: summary="SELECT i.id intervention_id, encounter_id, …" db.statement="\n\n\n                                SELECT i.id intervention_id, encounter_id, i.description, i.notes, location_id, users_id,\n                                    intervention_type_id, status_id,\n                                    l.room_identifier,\n                                    ref1.name \"intervention_type\", \n                                    ref2.name \"status\", i.scheduled_timestamp, i.performed_timestamp\n                                FROM intervention i\n                                join location l on  l.id = i.location_id\n                                join common_reference_type ref1 on i.intervention_type_id = ref1.id\n                                join common_reference_type ref2 on i.status_id = ref2.id \n                                where i.encounter_id = 10\n                                  AND i.intervention_type_id = 38\n                                ORDER BY i.id DESC LIMIT 1\n                                                \n" rows_affected=0 rows_returned=0 elapsed=1.1068ms elapsed_secs=0.0011068
2026-08-26T16:43:30.161156Z DEBUG MapleEMR::dao::intervention_dao: No Interventions found for encounter_id: 10 [count=0]
2026-08-26T16:43:30.162790Z DEBUG sqlx::query: summary="select e.id \"encounter_id\", admit_timestamp, …" db.statement="\n\n\n                                    select e.id \"encounter_id\", admit_timestamp,\n                                        discharge_timestamp as \"discharge_timestamp?\",\n                                        COALESCE(admit_notes, '') as \"admit_notes\",\n                                        COALESCE(discharge_notes, '') as \"discharge_notes\",\n                                        s.name \"encounter_site_name\",\n                                        l.short_name \"room_identifier\",\n                                        'Y' as \"current_encounter\"\n                                    from encounter e\n                                    join location l on e.location_id = l.id\n                                    join site s on s.id = l.site_id\n                                    where patient_id = 25\n                                      and discharge_timestamp is null\n                                      limit 1\n                                    \n" rows_affected=1 rows_returned=1 elapsed=1.2438ms elapsed_secs=0.0012438
2026-08-26T16:43:30.164333Z DEBUG sqlx::query: summary="SELECT i.id intervention_id, encounter_id, …" db.statement="\n\n\n                                SELECT i.id intervention_id, encounter_id, i.description, i.notes, location_id, users_id,\n                                    intervention_type_id, status_id,\n                                    l.room_identifier,\n                                    ref1.name \"intervention_type\", \n                                    ref2.name \"status\", i.scheduled_timestamp, i.performed_timestamp\n                                FROM intervention i\n                                join location l on  l.id = i.location_id\n                                join common_reference_type ref1 on i.intervention_type_id = ref1.id\n                                join common_reference_type ref2 on i.status_id = ref2.id \n                                where i.encounter_id = 11\n                                  AND i.intervention_type_id = 38\n                                ORDER BY i.id DESC LIMIT 1\n                                                \n" rows_affected=0 rows_returned=0 elapsed=1.1624ms elapsed_secs=0.0011624
2026-08-26T16:43:30.164413Z DEBUG MapleEMR::dao::intervention_dao: No Interventions found for encounter_id: 11 [count=0]
2026-08-26T16:43:30.165687Z DEBUG sqlx::query: summary="select e.id \"encounter_id\", admit_timestamp, …" db.statement="\n\n\n                                    select e.id \"encounter_id\", admit_timestamp,\n                                        discharge_timestamp as \"discharge_timestamp?\",\n                                        COALESCE(admit_notes, '') as \"admit_notes\",\n                                        COALESCE(discharge_notes, '') as \"discharge_notes\",\n                                        s.name \"encounter_site_name\",\n                                        l.short_name \"room_identifier\",\n                                        'Y' as \"current_encounter\"\n                                    from encounter e\n                                    join location l on e.location_id = l.id\n                                    join site s on s.id = l.site_id\n                                    where patient_id = 26\n                                      and discharge_timestamp is null\n                                      limit 1\n                                    \n" rows_affected=1 rows_returned=1 elapsed=862.2µs elapsed_secs=0.0008622
2026-08-26T16:43:30.167172Z DEBUG sqlx::query: summary="SELECT i.id intervention_id, encounter_id, …" db.statement="\n\n\n                                SELECT i.id intervention_id, encounter_id, i.description, i.notes, location_id, users_id,\n                                    intervention_type_id, status_id,\n                                    l.room_identifier,\n                                    ref1.name \"intervention_type\", \n                                    ref2.name \"status\", i.scheduled_timestamp, i.performed_timestamp\n                                FROM intervention i\n                                join location l on  l.id = i.location_id\n                                join common_reference_type ref1 on i.intervention_type_id = ref1.id\n                                join common_reference_type ref2 on i.status_id = ref2.id \n                                where i.encounter_id = 12\n                                  AND i.intervention_type_id = 38\n                                ORDER BY i.id DESC LIMIT 1\n                                                \n" rows_affected=0 rows_returned=0 elapsed=1.0786ms elapsed_secs=0.0010786
2026-08-26T16:43:30.167273Z DEBUG MapleEMR::dao::intervention_dao: No Interventions found for encounter_id: 12 [count=0]
2026-08-26T16:43:30.168638Z DEBUG sqlx::query: summary="select e.id \"encounter_id\", admit_timestamp, …" db.statement="\n\n\n                                    select e.id \"encounter_id\", admit_timestamp,\n                                        discharge_timestamp as \"discharge_timestamp?\",\n                                        COALESCE(admit_notes, '') as \"admit_notes\",\n                                        COALESCE(discharge_notes, '') as \"discharge_notes\",\n                                        s.name \"encounter_site_name\",\n                                        l.short_name \"room_identifier\",\n                                        'Y' as \"current_encounter\"\n                                    from encounter e\n                                    join location l on e.location_id = l.id\n                                    join site s on s.id = l.site_id\n                                    where patient_id = 27\n                                      and discharge_timestamp is null\n                                      limit 1\n                                    \n" rows_affected=1 rows_returned=1 elapsed=1.0729ms elapsed_secs=0.0010729
2026-08-26T16:43:30.170067Z DEBUG sqlx::query: summary="SELECT i.id intervention_id, encounter_id, …" db.statement="\n\n\n                                SELECT i.id intervention_id, encounter_id, i.description, i.notes, location_id, users_id,\n                                    intervention_type_id, status_id,\n                                    l.room_identifier,\n                                    ref1.name \"intervention_type\", \n                                    ref2.name \"status\", i.scheduled_timestamp, i.performed_timestamp\n                                FROM intervention i\n                                join location l on  l.id = i.location_id\n                                join common_reference_type ref1 on i.intervention_type_id = ref1.id\n                                join common_reference_type ref2 on i.status_id = ref2.id \n                                where i.encounter_id = 13\n                                  AND i.intervention_type_id = 38\n                                ORDER BY i.id DESC LIMIT 1\n                                                \n" rows_affected=0 rows_returned=0 elapsed=1.0919ms elapsed_secs=0.0010919
2026-08-26T16:43:30.170138Z DEBUG MapleEMR::dao::intervention_dao: No Interventions found for encounter_id: 13 [count=0]
2026-08-26T16:43:32.537946Z DEBUG MapleEMR::route::patient_route: -> /patientdtls Route Requested
2026-08-26T16:43:32.538752Z DEBUG sqlx::query: summary="select e.id \"encounter_id\", admit_timestamp, …" db.statement="\n\n\n                                    select e.id \"encounter_id\", admit_timestamp,\n                                        discharge_timestamp as \"discharge_timestamp?\",\n                                        COALESCE(admit_notes, '') as \"admit_notes\",\n                                        COALESCE(discharge_notes, '') as \"discharge_notes\",\n                                        s.name \"encounter_site_name\",\n                                        l.short_name \"room_identifier\",\n                                        'Y' as \"current_encounter\"\n                                    from encounter e\n                                    join location l on e.location_id = l.id\n                                    join site s on s.id = l.site_id\n                                    where patient_id = 3\n                                      and discharge_timestamp is null\n                                      limit 1\n                                    \n" rows_affected=1 rows_returned=1 elapsed=406.3µs elapsed_secs=0.0004063
2026-08-26T16:43:32.539666Z DEBUG sqlx::query: summary="SELECT i.id intervention_id, encounter_id, …" db.statement="\n\n\n                                SELECT i.id intervention_id, encounter_id, i.description, i.notes, location_id, users_id,\n                                    intervention_type_id, status_id,\n                                    l.room_identifier,\n                                    ref1.name \"intervention_type\", \n                                    ref2.name \"status\", i.scheduled_timestamp, i.performed_timestamp\n                                FROM intervention i\n                                join location l on  l.id = i.location_id\n                                join common_reference_type ref1 on i.intervention_type_id = ref1.id\n                                join common_reference_type ref2 on i.status_id = ref2.id \n                                where i.encounter_id = 3\n                                  AND i.intervention_type_id = 38\n                                ORDER BY i.id DESC LIMIT 1\n                                                \n" rows_affected=1 rows_returned=1 elapsed=547.1µs elapsed_secs=0.0005471
2026-08-26T16:43:32.541864Z DEBUG sqlx::query: summary="select e.id \"encounter_id\", admit_timestamp, …" db.statement="\n\n\n                                    select e.id \"encounter_id\", admit_timestamp,\n                                        discharge_timestamp as \"discharge_timestamp?\",\n                                        COALESCE(admit_notes, '') as \"admit_notes\",\n                                        COALESCE(discharge_notes, '') as \"discharge_notes\",\n                                        s.name \"encounter_site_name\",\n                                        l.short_name \"room_identifier\",\n                                        CASE WHEN discharge_timestamp is null then 'Y' else 'N' end as \"current_encounter\"\n                                    from encounter e\n                                    join location l on e.location_id = l.id\n                                    join site s on s.id = l.site_id\n                                    where patient_id = 3\n                                    order by admit_timestamp desc\n                                    \n" rows_affected=2 rows_returned=2 elapsed=1.7858ms elapsed_secs=0.0017858
2026-08-26T16:43:32.541979Z DEBUG MapleEMR::webc::simple_fmt: >get_encounter_list_tile()
2026-08-26T16:43:32.545257Z DEBUG sqlx::query: summary="SELECT i.id intervention_id, encounter_id, …" db.statement="\n\n\n                                SELECT i.id intervention_id, encounter_id, i.description, i.notes, location_id, users_id,\n                                     intervention_type_id, status_id,\n                                    l.room_identifier,\n                                    ref1.name \"intervention_type\", \n                                    ref2.name \"status\", i.scheduled_timestamp, i.performed_timestamp\n                                FROM intervention i\n                                join location l on  l.id = i.location_id\n                                join common_reference_type ref1 on i.intervention_type_id = ref1.id\n                                join common_reference_type ref2 on i.status_id = ref2.id \n                                where i.encounter_id = 3\n                                ORDER BY i.id DESC\n                                               \n" rows_affected=1 rows_returned=1 elapsed=2.832ms elapsed_secs=0.002832
2026-08-26T16:43:32.545352Z DEBUG MapleEMR::webc::simple_fmt: >get_intervention_list_tile()
2026-08-26T16:43:32.545460Z DEBUG MapleEMR::dao::patient_dao: get_patient_details Query: SELECT p.id "patient_id", e.id "encounter_id", e.location_id "location_id", legal_first_name, legal_last_name, COALESCE(legal_middle_names, '') as "legal_middle_names",
                                                COALESCE(admit_notes, '') as "admit_notes", COALESCE(discharge_notes, '') as "discharge_notes",
                                                birthdate, admit_timestamp,
                                                discharge_timestamp as "discharge_timestamp?",
                                                sin, phn, l2.short_name "location_short_name"
                                            FROM patient p
                                            join encounter e on p.id = e.patient_id
											join location l2 on l2.id = e.location_id
                                            where patient_id = 3
2026-08-26T16:43:32.550229Z DEBUG sqlx::query: summary="SELECT p.id \"patient_id\", e.id …" db.statement="\n\nSELECT p.id \"patient_id\", e.id \"encounter_id\", e.location_id \"location_id\", legal_first_name, legal_last_name, COALESCE(legal_middle_names, '') as \"legal_middle_names\",\n                                                COALESCE(admit_notes, '') as \"admit_notes\", COALESCE(discharge_notes, '') as \"discharge_notes\",\n                                                birthdate, admit_timestamp,\n                                                discharge_timestamp as \"discharge_timestamp?\",\n                                                sin, phn, l2.short_name \"location_short_name\"\n                                            FROM patient p\n                                            join encounter e on p.id = e.patient_id\n\t\t\t\t\t\t\t\t\t\t\tjoin location l2 on l2.id = e.location_id\n                                            where patient_id = 3\n" rows_affected=2 rows_returned=2 elapsed=4.1143ms elapsed_secs=0.0041143
2026-08-26T16:43:32.550381Z DEBUG MapleEMR::dao::patient_dao: >get_patients_at_users_site_no_discharge() Query: SELECT p.id, e.id, e.location_id, legal_first_name, legal_last_name, COALESCE(legal_middle_names, '') as "legal_middle_names",
                                        COALESCE(admit_notes, '') as "admit_notes", COALESCE(discharge_notes, '') as "discharge_notes",
                                        birthdate, admit_timestamp,
                                        discharge_timestamp as "discharge_timestamp?",
                                        phn, l2.short_name "location_short_name"
                                    FROM patient p
                                    join encounter e on p.id = e.patient_id
									join location l2 on l2.id = e.location_id
                                    where discharge_timestamp is null
                                      and location_id in (
                                        select l.id
                                        from location l
                                        where site_id in (
                                        select site_id
                                        from user_permission up
                                        where users_id = 2
                                            and up.site_id = l.site_id)  )
2026-08-26T16:43:32.551388Z DEBUG sqlx::query: summary="SELECT p.id, e.id, e.location_id, …" db.statement="\n\nSELECT p.id, e.id, e.location_id, legal_first_name, legal_last_name, COALESCE(legal_middle_names, '') as \"legal_middle_names\",\n                                        COALESCE(admit_notes, '') as \"admit_notes\", COALESCE(discharge_notes, '') as \"discharge_notes\",\n                                        birthdate, admit_timestamp,\n                                        discharge_timestamp as \"discharge_timestamp?\",\n                                        phn, l2.short_name \"location_short_name\"\n                                    FROM patient p\n                                    join encounter e on p.id = e.patient_id\n\t\t\t\t\t\t\t\t\tjoin location l2 on l2.id = e.location_id\n                                    where discharge_timestamp is null\n                                      and location_id in (\n                                        select l.id\n                                        from location l\n                                        where site_id in (\n                                        select site_id\n                                        from user_permission up\n                                        where users_id = 2\n                                            and up.site_id = l.site_id)  )\n" rows_affected=7 rows_returned=7 elapsed=670.6µs elapsed_secs=0.0006706
2026-08-26T16:43:32.551498Z DEBUG MapleEMR::dao::common_dao: get_common_references()
2026-08-26T16:43:32.553931Z DEBUG sqlx::query: summary="select id, name, description …" db.statement="\n\nselect id, name, description from common_reference_type where group_id = 1 ORDER BY NAME\n" rows_affected=13 rows_returned=13 elapsed=2.1341ms elapsed_secs=0.0021341
2026-08-26T16:43:32.554021Z DEBUG MapleEMR::webc::tile_factory: >get_patient_details_full_tile()
2026-08-26T16:43:32.554134Z DEBUG MapleEMR::webc::common: > get_dropdown_generic(intervention_type_id)
2026-08-26T16:43:34.056911Z DEBUG MapleEMR::route::intervention_route: -> Route Requested: /intvnew  route_to_add_new_intervention()
2026-08-26T16:43:34.056980Z DEBUG MapleEMR::route::intervention_route: -> Route Requested: /intv  (add/modify)
2026-08-26T16:43:34.057041Z DEBUG MapleEMR::route::intervention_route:    No Intervention specified: create a new Intervention
2026-08-26T16:43:34.060478Z DEBUG sqlx::query: summary="SELECT i.id \"intervention_details_id\", value, …" db.statement="\n\n\n                                                    SELECT i.id \"intervention_details_id\", value, notes, entry_timestamp, ref1.name \"intervention_type\", intervention_id, type_id\n                                                        FROM intervention_details i\n                                                        JOIN common_reference_type ref1 on i.type_id = ref1.id \n                                                        WHERE intervention_id = -1\n                                                \n" rows_affected=0 rows_returned=0 elapsed=3.0689ms elapsed_secs=0.0030689
2026-08-26T16:43:34.060578Z DEBUG MapleEMR::dao::intervention_dao: No intervention details found for intervention_id: -1 [0]
2026-08-26T16:43:34.060611Z DEBUG MapleEMR::dao::intervention_dao: get_interventions_details() Query: 
                                                    SELECT i.id "intervention_details_id", value, notes, entry_timestamp, ref1.name "intervention_type", intervention_id, type_id
                                                        FROM intervention_details i
                                                        JOIN common_reference_type ref1 on i.type_id = ref1.id 
                                                        WHERE intervention_id = -1
                                                
2026-08-26T16:43:34.060667Z DEBUG MapleEMR::dao::patient_dao: >get_patients_at_users_site_no_discharge() Query: SELECT p.id, e.id, e.location_id, legal_first_name, legal_last_name, COALESCE(legal_middle_names, '') as "legal_middle_names",
                                        COALESCE(admit_notes, '') as "admit_notes", COALESCE(discharge_notes, '') as "discharge_notes",
                                        birthdate, admit_timestamp,
                                        discharge_timestamp as "discharge_timestamp?",
                                        phn, l2.short_name "location_short_name"
                                    FROM patient p
                                    join encounter e on p.id = e.patient_id
									join location l2 on l2.id = e.location_id
                                    where discharge_timestamp is null
                                      and location_id in (
                                        select l.id
                                        from location l
                                        where site_id in (
                                        select site_id
                                        from user_permission up
                                        where users_id = 2
                                            and up.site_id = l.site_id)  )
2026-08-26T16:43:34.064837Z DEBUG sqlx::query: summary="SELECT p.id, e.id, e.location_id, …" db.statement="\n\nSELECT p.id, e.id, e.location_id, legal_first_name, legal_last_name, COALESCE(legal_middle_names, '') as \"legal_middle_names\",\n                                        COALESCE(admit_notes, '') as \"admit_notes\", COALESCE(discharge_notes, '') as \"discharge_notes\",\n                                        birthdate, admit_timestamp,\n                                        discharge_timestamp as \"discharge_timestamp?\",\n                                        phn, l2.short_name \"location_short_name\"\n                                    FROM patient p\n                                    join encounter e on p.id = e.patient_id\n\t\t\t\t\t\t\t\t\tjoin location l2 on l2.id = e.location_id\n                                    where discharge_timestamp is null\n                                      and location_id in (\n                                        select l.id\n                                        from location l\n                                        where site_id in (\n                                        select site_id\n                                        from user_permission up\n                                        where users_id = 2\n                                            and up.site_id = l.site_id)  )\n" rows_affected=7 rows_returned=7 elapsed=3.4314ms elapsed_secs=0.0034314
2026-08-26T16:43:34.065108Z DEBUG MapleEMR::dao::auth_dao: get_user_and_departments_at_current_user_sites()
2026-08-26T16:43:34.069687Z DEBUG sqlx::query: summary="select distinct u.id user_id, …" db.statement="\n\n\n                                                select distinct u.id user_id,\n                                                    d.name || ' ('|| u.name||')' \"name\",\n                                                    u.name \"user_name\"\n                                                from user_permission up\n                                                join users u on up.users_id = u.id\n                                                join department d on up.department_id = d.id\n                                                where up.active_flag = 'Y'\n                                                and users_id = 2\n                                                and site_id is not null\n\t\t\t\t\t\t\t\t\t\t\t\torder by  d.name || ' ('|| u.name||')'\n                                                \n" rows_affected=2 rows_returned=2 elapsed=4.2231ms elapsed_secs=0.0042231
2026-08-26T16:43:34.069795Z DEBUG MapleEMR::dao::common_dao: get_common_reference()
2026-08-26T16:43:34.070778Z DEBUG sqlx::query: summary="SELECT id, name, description …" db.statement="\n\nSELECT id, name, description FROM common_reference_type WHERE ID = 2 LIMIT 1\n" rows_affected=1 rows_returned=1 elapsed=641.1µs elapsed_secs=0.0006411
2026-08-26T16:43:34.070843Z DEBUG MapleEMR::dao::common_dao: get_common_references()
2026-08-26T16:43:34.071929Z DEBUG sqlx::query: summary="select id, name, description …" db.statement="\n\nselect id, name, description from common_reference_type where group_id = 2 ORDER BY NAME\n" rows_affected=6 rows_returned=6 elapsed=814µs elapsed_secs=0.000814
2026-08-26T16:43:34.072002Z DEBUG MapleEMR::dao::common_dao: get_locations_for_user()
2026-08-26T16:43:34.073222Z DEBUG sqlx::query: summary="select id, name || …" db.statement="\n\n\n                                        select id, name || ' (' || short_name|| ')' from location\n                                        where active_flag = 'Y'\n                                        and site_id in (\n                                            select site_id\n                                            from user_permission\n                                            where users_id = 2\n                                                and active_flag = 'Y' )\n" rows_affected=34 rows_returned=34 elapsed=926.7µs elapsed_secs=0.0009267
2026-08-26T16:43:34.073296Z DEBUG MapleEMR::webc::common: > get_location_dropdown()
2026-08-26T16:43:34.073343Z DEBUG MapleEMR::webc::tile_factory: >get_modify_intervention_full_page_tile()
2026-08-26T16:43:34.073387Z DEBUG MapleEMR::webc::tile_factory:   Create new Intervention
2026-08-26T16:43:34.073401Z DEBUG MapleEMR::webc::common: > get_dropdown_generic(users_id)
2026-08-26T16:43:34.073417Z DEBUG MapleEMR::webc::common: > get_dropdown_generic(status_id)
2026-08-26T16:43:35.126501Z DEBUG MapleEMR::route::patient_route: -> /patientdtls Route Requested
2026-08-26T16:43:35.133073Z DEBUG sqlx::query: summary="select e.id \"encounter_id\", admit_timestamp, …" db.statement="\n\n\n                                    select e.id \"encounter_id\", admit_timestamp,\n                                        discharge_timestamp as \"discharge_timestamp?\",\n                                        COALESCE(admit_notes, '') as \"admit_notes\",\n                                        COALESCE(discharge_notes, '') as \"discharge_notes\",\n                                        s.name \"encounter_site_name\",\n                                        l.short_name \"room_identifier\",\n                                        'Y' as \"current_encounter\"\n                                    from encounter e\n                                    join location l on e.location_id = l.id\n                                    join site s on s.id = l.site_id\n                                    where patient_id = 3\n                                      and discharge_timestamp is null\n                                      limit 1\n                                    \n" rows_affected=1 rows_returned=1 elapsed=6.151ms elapsed_secs=0.006151
2026-08-26T16:43:35.136078Z DEBUG sqlx::query: summary="SELECT i.id intervention_id, encounter_id, …" db.statement="\n\n\n                                SELECT i.id intervention_id, encounter_id, i.description, i.notes, location_id, users_id,\n                                    intervention_type_id, status_id,\n                                    l.room_identifier,\n                                    ref1.name \"intervention_type\", \n                                    ref2.name \"status\", i.scheduled_timestamp, i.performed_timestamp\n                                FROM intervention i\n                                join location l on  l.id = i.location_id\n                                join common_reference_type ref1 on i.intervention_type_id = ref1.id\n                                join common_reference_type ref2 on i.status_id = ref2.id \n                                where i.encounter_id = 3\n                                  AND i.intervention_type_id = 38\n                                ORDER BY i.id DESC LIMIT 1\n                                                \n" rows_affected=1 rows_returned=1 elapsed=2.5885ms elapsed_secs=0.0025885
2026-08-26T16:43:35.137839Z DEBUG sqlx::query: summary="select e.id \"encounter_id\", admit_timestamp, …" db.statement="\n\n\n                                    select e.id \"encounter_id\", admit_timestamp,\n                                        discharge_timestamp as \"discharge_timestamp?\",\n                                        COALESCE(admit_notes, '') as \"admit_notes\",\n                                        COALESCE(discharge_notes, '') as \"discharge_notes\",\n                                        s.name \"encounter_site_name\",\n                                        l.short_name \"room_identifier\",\n                                        CASE WHEN discharge_timestamp is null then 'Y' else 'N' end as \"current_encounter\"\n                                    from encounter e\n                                    join location l on e.location_id = l.id\n                                    join site s on s.id = l.site_id\n                                    where patient_id = 3\n                                    order by admit_timestamp desc\n                                    \n" rows_affected=2 rows_returned=2 elapsed=1.4143ms elapsed_secs=0.0014143
2026-08-26T16:43:35.137926Z DEBUG MapleEMR::webc::simple_fmt: >get_encounter_list_tile()
2026-08-26T16:43:35.139664Z DEBUG sqlx::query: summary="SELECT i.id intervention_id, encounter_id, …" db.statement="\n\n\n                                SELECT i.id intervention_id, encounter_id, i.description, i.notes, location_id, users_id,\n                                     intervention_type_id, status_id,\n                                    l.room_identifier,\n                                    ref1.name \"intervention_type\", \n                                    ref2.name \"status\", i.scheduled_timestamp, i.performed_timestamp\n                                FROM intervention i\n                                join location l on  l.id = i.location_id\n                                join common_reference_type ref1 on i.intervention_type_id = ref1.id\n                                join common_reference_type ref2 on i.status_id = ref2.id \n                                where i.encounter_id = 3\n                                ORDER BY i.id DESC\n                                               \n" rows_affected=1 rows_returned=1 elapsed=1.2224ms elapsed_secs=0.0012224
2026-08-26T16:43:35.139741Z DEBUG MapleEMR::webc::simple_fmt: >get_intervention_list_tile()
2026-08-26T16:43:35.139798Z DEBUG MapleEMR::dao::patient_dao: get_patient_details Query: SELECT p.id "patient_id", e.id "encounter_id", e.location_id "location_id", legal_first_name, legal_last_name, COALESCE(legal_middle_names, '') as "legal_middle_names",
                                                COALESCE(admit_notes, '') as "admit_notes", COALESCE(discharge_notes, '') as "discharge_notes",
                                                birthdate, admit_timestamp,
                                                discharge_timestamp as "discharge_timestamp?",
                                                sin, phn, l2.short_name "location_short_name"
                                            FROM patient p
                                            join encounter e on p.id = e.patient_id
											join location l2 on l2.id = e.location_id
                                            where patient_id = 3
2026-08-26T16:43:35.141046Z DEBUG sqlx::query: summary="SELECT p.id \"patient_id\", e.id …" db.statement="\n\nSELECT p.id \"patient_id\", e.id \"encounter_id\", e.location_id \"location_id\", legal_first_name, legal_last_name, COALESCE(legal_middle_names, '') as \"legal_middle_names\",\n                                                COALESCE(admit_notes, '') as \"admit_notes\", COALESCE(discharge_notes, '') as \"discharge_notes\",\n                                                birthdate, admit_timestamp,\n                                                discharge_timestamp as \"discharge_timestamp?\",\n                                                sin, phn, l2.short_name \"location_short_name\"\n                                            FROM patient p\n                                            join encounter e on p.id = e.patient_id\n\t\t\t\t\t\t\t\t\t\t\tjoin location l2 on l2.id = e.location_id\n                                            where patient_id = 3\n" rows_affected=2 rows_returned=2 elapsed=975.6µs elapsed_secs=0.0009756
2026-08-26T16:43:35.141244Z DEBUG MapleEMR::dao::patient_dao: >get_patients_at_users_site_no_discharge() Query: SELECT p.id, e.id, e.location_id, legal_first_name, legal_last_name, COALESCE(legal_middle_names, '') as "legal_middle_names",
                                        COALESCE(admit_notes, '') as "admit_notes", COALESCE(discharge_notes, '') as "discharge_notes",
                                        birthdate, admit_timestamp,
                                        discharge_timestamp as "discharge_timestamp?",
                                        phn, l2.short_name "location_short_name"
                                    FROM patient p
                                    join encounter e on p.id = e.patient_id
									join location l2 on l2.id = e.location_id
                                    where discharge_timestamp is null
                                      and location_id in (
                                        select l.id
                                        from location l
                                        where site_id in (
                                        select site_id
                                        from user_permission up
                                        where users_id = 2
                                            and up.site_id = l.site_id)  )
2026-08-26T16:43:35.142149Z DEBUG sqlx::query: summary="SELECT p.id, e.id, e.location_id, …" db.statement="\n\nSELECT p.id, e.id, e.location_id, legal_first_name, legal_last_name, COALESCE(legal_middle_names, '') as \"legal_middle_names\",\n                                        COALESCE(admit_notes, '') as \"admit_notes\", COALESCE(discharge_notes, '') as \"discharge_notes\",\n                                        birthdate, admit_timestamp,\n                                        discharge_timestamp as \"discharge_timestamp?\",\n                                        phn, l2.short_name \"location_short_name\"\n                                    FROM patient p\n                                    join encounter e on p.id = e.patient_id\n\t\t\t\t\t\t\t\t\tjoin location l2 on l2.id = e.location_id\n                                    where discharge_timestamp is null\n                                      and location_id in (\n                                        select l.id\n                                        from location l\n                                        where site_id in (\n                                        select site_id\n                                        from user_permission up\n                                        where users_id = 2\n                                            and up.site_id = l.site_id)  )\n" rows_affected=7 rows_returned=7 elapsed=592.6µs elapsed_secs=0.0005926
2026-08-26T16:43:35.142225Z DEBUG MapleEMR::dao::common_dao: get_common_references()
2026-08-26T16:43:35.143209Z DEBUG sqlx::query: summary="select id, name, description …" db.statement="\n\nselect id, name, description from common_reference_type where group_id = 1 ORDER BY NAME\n" rows_affected=13 rows_returned=13 elapsed=756.7µs elapsed_secs=0.0007567
2026-08-26T16:43:35.143265Z DEBUG MapleEMR::webc::tile_factory: >get_patient_details_full_tile()
2026-08-26T16:43:35.143344Z DEBUG MapleEMR::webc::common: > get_dropdown_generic(intervention_type_id)
2026-08-26T16:44:36.532281Z  INFO actix_server::server: SIGINT received; starting forced shutdown
2026-08-26T16:44:36.532437Z DEBUG actix_server::accept: paused accepting connections on 127.0.0.1:8000
2026-08-26T16:44:36.532472Z  INFO actix_server::accept: accept thread stopped
2026-08-26T16:44:36.532659Z  INFO actix_server::worker: shutting down idle worker
2026-08-26T16:44:36.532653Z  INFO actix_server::worker: shutting down idle worker
2026-08-26T16:44:36.532786Z  INFO actix_server::worker: shutting down idle worker
2026-08-26T16:44:36.532848Z  INFO actix_server::worker: shutting down idle worker
