2026-08-26T23:04:24.227862Z  INFO MapleEMR: MapleEMR is running!
2026-08-26T23:04:24.343910Z  INFO MapleEMR: Database connection established to: postgres://postgres:csm500@localhost:5432/csm500
2026-08-26T23:04:24.344003Z  INFO MapleEMR: CARGO_MANIFEST_DIR = C:\uol\csm500-final-project\src\app
2026-08-26T23:04:24.391978Z  INFO ort::logging: Discovered OrtHardwareDevice {vendor_id:0x8086, device_id:0x1912, vendor:Intel Corporation, type:1, metadata: [Description=Intel(R) HD Graphics 530, Discrete=0, DxgiAdapterNumber=0, DxgiHighPerformanceIndex=0, DxgiVideoMemory=128 MB, LUID=49304, ]}
2026-08-26T23:04:24.392226Z  INFO ort::logging: Discovered OrtHardwareDevice {vendor_id:0x8086, device_id:0x0, vendor:Intel, type:0, metadata: [Description=Intel(R) Core(TM) i5-6600 CPU @ 3.30GHz, ]}
2026-08-26T23:04:24.392905Z  INFO ort::logging: Session Options {  execution_mode:0 execution_order:DEFAULT enable_profiling:0 optimized_model_filepath: enable_mem_pattern:1 enable_mem_reuse:1 enable_cpu_mem_arena:1 profile_file_prefix:onnxruntime_profile_ session_logid: session_log_severity_level:-1 session_log_verbosity_level:0 max_num_graph_transformation_steps:10 graph_optimization_level:1 intra_op_param:OrtThreadPoolParams { thread_pool_size: 1 auto_set_affinity: 0 allow_spinning: 0 dynamic_block_base_: 0 stack_size: 0 affinity_str:  set_denormal_as_zero: 0 } inter_op_param:OrtThreadPoolParams { thread_pool_size: 0 auto_set_affinity: 0 allow_spinning: 0 dynamic_block_base_: 0 stack_size: 0 affinity_str:  set_denormal_as_zero: 0 } use_per_session_threads:1 thread_pool_allow_spinning:1 use_deterministic_compute:0 ep_selection_policy:5 config_options: {  } }
2026-08-26T23:04:24.392975Z  INFO ort::logging: Flush-to-zero and denormal-as-zero are off
2026-08-26T23:04:24.392997Z  INFO ort::logging: Creating and using per session threadpools since use_per_session_threads_ is true
2026-08-26T23:04:24.393049Z  INFO ort::logging: Dynamic block base set to 0
2026-08-26T23:04:24.452959Z  INFO ort::logging: Initializing session.
2026-08-26T23:04:24.453036Z  INFO ort::logging: Creating BFCArena for Cpu with following configs: initial_chunk_size_bytes: 1048576 max_dead_bytes_per_chunk: 134217728 initial_growth_chunk_size_bytes: 2097152 max_power_of_two_extend_bytes: 1073741824 memory limit: 18446744073709551615 arena_extend_strategy: 0
2026-08-26T23:04:24.457003Z  INFO ort::logging: This model does not have any local functions defined. AOT Inlining is not performed
2026-08-26T23:04:24.482300Z  INFO ort::logging: GraphTransformer EnsureUniqueDQForNodeUnit modified: 0 with status: OK
2026-08-26T23:04:24.482733Z  INFO ort::logging: GraphTransformer Level1_RuleBasedTransformer modified: 0 with status: OK
2026-08-26T23:04:24.482871Z  INFO ort::logging: GraphTransformer DoubleQDQPairsRemover modified: 0 with status: OK
2026-08-26T23:04:24.484323Z  INFO ort::logging: Total shared scalar initializer count: 199
2026-08-26T23:04:24.484356Z  INFO ort::logging: GraphTransformer ConstantSharing modified: 1 with status: OK
2026-08-26T23:04:24.489134Z  INFO ort::logging: GraphTransformer CommonSubexpressionElimination modified: 1 with status: OK
2026-08-26T23:04:24.496133Z  INFO ort::logging: GraphTransformer ConstantFolding modified: 1 with status: OK
2026-08-26T23:04:24.500124Z  INFO ort::logging: Removing initializer '/1/Constant_8_output_0'. It is no longer used by any node.
2026-08-26T23:04:24.500162Z  INFO ort::logging: Removing initializer '/0/auto_model/Shape_2_output_0'. It is no longer used by any node.
2026-08-26T23:04:24.500180Z  INFO ort::logging: Removing initializer '/1/Shape_3_output_0'. It is no longer used by any node.
2026-08-26T23:04:24.500412Z  INFO ort::logging: GraphTransformer MatMulAddFusion modified: 0 with status: OK
2026-08-26T23:04:24.500583Z  INFO ort::logging: Fused reshape node: /0/auto_model/encoder/layer.0/attention/self/Reshape_output_0
2026-08-26T23:04:24.500624Z  INFO ort::logging: Fused reshape node: /0/auto_model/encoder/layer.0/attention/self/Reshape_2_output_0
2026-08-26T23:04:24.500663Z  INFO ort::logging: Fused reshape node: /0/auto_model/encoder/layer.0/attention/self/Reshape_1_output_0
2026-08-26T23:04:24.500756Z  INFO ort::logging: Fused reshape node: /0/auto_model/encoder/layer.0/attention/self/Reshape_3_output_0
2026-08-26T23:04:24.500805Z  INFO ort::logging: Fused reshape node: /0/auto_model/encoder/layer.1/attention/self/Reshape_output_0
2026-08-26T23:04:24.500843Z  INFO ort::logging: Fused reshape node: /0/auto_model/encoder/layer.1/attention/self/Reshape_2_output_0
2026-08-26T23:04:24.500881Z  INFO ort::logging: Fused reshape node: /0/auto_model/encoder/layer.1/attention/self/Reshape_1_output_0
2026-08-26T23:04:24.500922Z  INFO ort::logging: Fused reshape node: /0/auto_model/encoder/layer.1/attention/self/Reshape_3_output_0
2026-08-26T23:04:24.500960Z  INFO ort::logging: Fused reshape node: /0/auto_model/encoder/layer.2/attention/self/Reshape_output_0
2026-08-26T23:04:24.500997Z  INFO ort::logging: Fused reshape node: /0/auto_model/encoder/layer.2/attention/self/Reshape_2_output_0
2026-08-26T23:04:24.501034Z  INFO ort::logging: Fused reshape node: /0/auto_model/encoder/layer.2/attention/self/Reshape_1_output_0
2026-08-26T23:04:24.501074Z  INFO ort::logging: Fused reshape node: /0/auto_model/encoder/layer.2/attention/self/Reshape_3_output_0
2026-08-26T23:04:24.501117Z  INFO ort::logging: Fused reshape node: /0/auto_model/encoder/layer.3/attention/self/Reshape_output_0
2026-08-26T23:04:24.501155Z  INFO ort::logging: Fused reshape node: /0/auto_model/encoder/layer.3/attention/self/Reshape_2_output_0
2026-08-26T23:04:24.501192Z  INFO ort::logging: Fused reshape node: /0/auto_model/encoder/layer.3/attention/self/Reshape_1_output_0
2026-08-26T23:04:24.501233Z  INFO ort::logging: Fused reshape node: /0/auto_model/encoder/layer.3/attention/self/Reshape_3_output_0
2026-08-26T23:04:24.501270Z  INFO ort::logging: Fused reshape node: /0/auto_model/encoder/layer.4/attention/self/Reshape_output_0
2026-08-26T23:04:24.501307Z  INFO ort::logging: Fused reshape node: /0/auto_model/encoder/layer.4/attention/self/Reshape_2_output_0
2026-08-26T23:04:24.501344Z  INFO ort::logging: Fused reshape node: /0/auto_model/encoder/layer.4/attention/self/Reshape_1_output_0
2026-08-26T23:04:24.501383Z  INFO ort::logging: Fused reshape node: /0/auto_model/encoder/layer.4/attention/self/Reshape_3_output_0
2026-08-26T23:04:24.501430Z  INFO ort::logging: Fused reshape node: /0/auto_model/encoder/layer.5/attention/self/Reshape_output_0
2026-08-26T23:04:24.501469Z  INFO ort::logging: Fused reshape node: /0/auto_model/encoder/layer.5/attention/self/Reshape_2_output_0
2026-08-26T23:04:24.501506Z  INFO ort::logging: Fused reshape node: /0/auto_model/encoder/layer.5/attention/self/Reshape_1_output_0
2026-08-26T23:04:24.501545Z  INFO ort::logging: Fused reshape node: /0/auto_model/encoder/layer.5/attention/self/Reshape_3_output_0
2026-08-26T23:04:24.501564Z  INFO ort::logging: Total fused reshape node count: 24
2026-08-26T23:04:24.501580Z  INFO ort::logging: GraphTransformer ReshapeFusion modified: 1 with status: OK
2026-08-26T23:04:24.504433Z  INFO ort::logging: Removing initializer '/0/auto_model/encoder/layer.4/attention/self/Constant_11_output_0'. It is no longer used by any node.
2026-08-26T23:04:24.504458Z  INFO ort::logging: Removing initializer '/0/auto_model/encoder/layer.4/attention/self/Constant_6_output_0'. It is no longer used by any node.
2026-08-26T23:04:24.504483Z  INFO ort::logging: Removing initializer '/0/auto_model/encoder/layer.0/attention/self/Constant_15_output_0'. It is no longer used by any node.
2026-08-26T23:04:24.504557Z  INFO ort::logging: GraphTransformer FreeDimensionOverrideTransformer modified: 0 with status: OK
2026-08-26T23:04:24.504582Z  INFO ort::logging: GraphTransformer GeluFusionL1 modified: 0 with status: OK
2026-08-26T23:04:24.504603Z  INFO ort::logging: GraphTransformer LayerNormFusionL1 modified: 0 with status: OK
2026-08-26T23:04:24.504707Z  INFO ort::logging: GraphTransformer QDQPropagationTransformer modified: 0 with status: OK
2026-08-26T23:04:24.504799Z  INFO ort::logging: GraphTransformer WeightBiasQuantization modified: 0 with status: OK
2026-08-26T23:04:24.504930Z  INFO ort::logging: GraphTransformer EnsureUniqueDQForNodeUnit modified: 0 with status: OK
2026-08-26T23:04:24.505023Z  INFO ort::logging: GraphTransformer WhereDummyDq modified: 0 with status: OK
2026-08-26T23:04:24.505528Z  INFO ort::logging: GraphTransformer TransposeOptimizer modified: 0 with status: OK
2026-08-26T23:04:24.505720Z  INFO ort::logging: GraphTransformer Level1_RuleBasedTransformer modified: 0 with status: OK
2026-08-26T23:04:24.505806Z  INFO ort::logging: GraphTransformer DoubleQDQPairsRemover modified: 0 with status: OK
2026-08-26T23:04:24.506196Z  INFO ort::logging: GraphTransformer CommonSubexpressionElimination modified: 0 with status: OK
2026-08-26T23:04:24.506342Z  INFO ort::logging: GraphTransformer ConstantFolding modified: 0 with status: OK
2026-08-26T23:04:24.506445Z  INFO ort::logging: GraphTransformer MatMulAddFusion modified: 0 with status: OK
2026-08-26T23:04:24.506532Z  INFO ort::logging: GraphTransformer ReshapeFusion modified: 0 with status: OK
2026-08-26T23:04:24.506551Z  INFO ort::logging: GraphTransformer FreeDimensionOverrideTransformer modified: 0 with status: OK
2026-08-26T23:04:24.506566Z  INFO ort::logging: GraphTransformer GeluFusionL1 modified: 0 with status: OK
2026-08-26T23:04:24.506581Z  INFO ort::logging: GraphTransformer LayerNormFusionL1 modified: 0 with status: OK
2026-08-26T23:04:24.506672Z  INFO ort::logging: GraphTransformer QDQPropagationTransformer modified: 0 with status: OK
2026-08-26T23:04:24.506754Z  INFO ort::logging: GraphTransformer WeightBiasQuantization modified: 0 with status: OK
2026-08-26T23:04:24.506840Z  INFO ort::logging: GraphTransformer EnsureUniqueDQForNodeUnit modified: 0 with status: OK
2026-08-26T23:04:24.506922Z  INFO ort::logging: GraphTransformer WhereDummyDq modified: 0 with status: OK
2026-08-26T23:04:24.512237Z  INFO ort::logging: Running graph optimizations in loop 1 time/s (Graph Optimizations Loop Level : 1)
2026-08-26T23:04:24.512615Z  INFO ort::logging: GraphTransformer RemoveDuplicateCastTransformer modified: 0 with status: OK
2026-08-26T23:04:24.512638Z  INFO ort::logging: GraphTransformer CastFloat16Transformer modified: 0 with status: OK
2026-08-26T23:04:24.512667Z  INFO ort::logging: GraphTransformer MemcpyTransformer modified: 0 with status: OK
2026-08-26T23:04:24.518054Z  INFO ort::logging: Use DeviceBasedPartition as default
2026-08-26T23:04:24.557375Z  INFO ort::logging: Saving initialized tensors.
2026-08-26T23:04:24.557489Z  INFO ort::logging: Reserving memory in BFCArena for Cpu size: 24
2026-08-26T23:04:24.557545Z  INFO ort::logging: Reserving memory in BFCArena for Cpu size: 4
2026-08-26T23:04:24.557571Z  INFO ort::logging: Reserving memory in BFCArena for Cpu size: 24
2026-08-26T23:04:24.557597Z  INFO ort::logging: Reserving memory in BFCArena for Cpu size: 32
2026-08-26T23:04:24.557617Z  INFO ort::logging: Reserving memory in BFCArena for Cpu size: 8
2026-08-26T23:04:24.557643Z  INFO ort::logging: Reserving memory in BFCArena for Cpu size: 24
2026-08-26T23:04:24.557663Z  INFO ort::logging: Reserving memory in BFCArena for Cpu size: 32
2026-08-26T23:04:24.557686Z  INFO ort::logging: Reserving memory in BFCArena for Cpu size: 8
2026-08-26T23:04:24.557705Z  INFO ort::logging: Reserving memory in BFCArena for Cpu size: 32
2026-08-26T23:04:24.557737Z  INFO ort::logging: Reserving memory in BFCArena for Cpu size: 24
2026-08-26T23:04:24.557757Z  INFO ort::logging: Reserving memory in BFCArena for Cpu size: 32
2026-08-26T23:04:24.557785Z  INFO ort::logging: Reserving memory in BFCArena for Cpu size: 32
2026-08-26T23:04:24.557807Z  INFO ort::logging: Reserving memory in BFCArena for Cpu size: 24
2026-08-26T23:04:24.557835Z  INFO ort::logging: Reserving memory in BFCArena for Cpu size: 32
2026-08-26T23:04:24.557856Z  INFO ort::logging: Reserving memory in BFCArena for Cpu size: 4
2026-08-26T23:04:24.557878Z  INFO ort::logging: Reserving memory in BFCArena for Cpu size: 24
2026-08-26T23:04:24.557896Z  INFO ort::logging: Reserving memory in BFCArena for Cpu size: 32
2026-08-26T23:04:24.557917Z  INFO ort::logging: Reserving memory in BFCArena for Cpu size: 32
2026-08-26T23:04:24.557941Z  INFO ort::logging: Reserving memory in BFCArena for Cpu size: 16
2026-08-26T23:04:24.557979Z  INFO ort::logging: Reserving memory in BFCArena for Cpu size: 32
2026-08-26T23:04:24.558003Z  INFO ort::logging: Reserving memory in BFCArena for Cpu size: 4
2026-08-26T23:04:24.558030Z  INFO ort::logging: Reserving memory in BFCArena for Cpu size: 32
2026-08-26T23:04:24.558050Z  INFO ort::logging: Reserving memory in BFCArena for Cpu size: 4
2026-08-26T23:04:24.558068Z  INFO ort::logging: Reserving memory in BFCArena for Cpu size: 16
2026-08-26T23:04:24.558086Z  INFO ort::logging: Reserving memory in BFCArena for Cpu size: 32
2026-08-26T23:04:24.558106Z  INFO ort::logging: Reserving memory in BFCArena for Cpu size: 24
2026-08-26T23:04:24.558128Z  INFO ort::logging: Reserving memory in BFCArena for Cpu size: 8
2026-08-26T23:04:24.558151Z  INFO ort::logging: Reserving memory in BFCArena for Cpu size: 32
2026-08-26T23:04:24.558173Z  INFO ort::logging: Reserving memory in BFCArena for Cpu size: 8
2026-08-26T23:04:24.558204Z  INFO ort::logging: Reserving memory in BFCArena for Cpu size: 8
2026-08-26T23:04:24.558228Z  INFO ort::logging: Reserving memory in BFCArena for Cpu size: 4
2026-08-26T23:04:24.558248Z  INFO ort::logging: Reserving memory in BFCArena for Cpu size: 4
2026-08-26T23:04:24.558266Z  INFO ort::logging: Reserving memory in BFCArena for Cpu size: 32
2026-08-26T23:04:24.558287Z  INFO ort::logging: Reserving memory in BFCArena for Cpu size: 8
2026-08-26T23:04:24.558307Z  INFO ort::logging: Reserving memory in BFCArena for Cpu size: 24
2026-08-26T23:04:24.558328Z  INFO ort::logging: Reserving memory in BFCArena for Cpu size: 4
2026-08-26T23:04:24.558351Z  INFO ort::logging: Reserving memory in BFCArena for Cpu size: 32
2026-08-26T23:04:24.558369Z  INFO ort::logging: Reserving memory in BFCArena for Cpu size: 32
2026-08-26T23:04:24.558389Z  INFO ort::logging: Reserving memory in BFCArena for Cpu size: 8
2026-08-26T23:04:24.558417Z  INFO ort::logging: Reserving memory in BFCArena for Cpu size: 32
2026-08-26T23:04:24.558438Z  INFO ort::logging: Reserving memory in BFCArena for Cpu size: 4
2026-08-26T23:04:24.558463Z  INFO ort::logging: Reserving memory in BFCArena for Cpu size: 32
2026-08-26T23:04:24.558485Z  INFO ort::logging: Reserving memory in BFCArena for Cpu size: 32
2026-08-26T23:04:24.558506Z  INFO ort::logging: Done saving initialized tensors
2026-08-26T23:04:24.559125Z  INFO ort::logging: Reserving memory in BFCArena for Cpu size: 589824
2026-08-26T23:04:24.559358Z  INFO ort::logging: Reserving memory in BFCArena for Cpu size: 589824
2026-08-26T23:04:24.559745Z  INFO ort::logging: Reserving memory in BFCArena for Cpu size: 589824
2026-08-26T23:04:24.560002Z  INFO ort::logging: Reserving memory in BFCArena for Cpu size: 589824
2026-08-26T23:04:24.560233Z  INFO ort::logging: Reserving memory in BFCArena for Cpu size: 2359296
2026-08-26T23:04:24.562449Z  INFO ort::logging: Reserving memory in BFCArena for Cpu size: 2359296
2026-08-26T23:04:24.563932Z  INFO ort::logging: Reserving memory in BFCArena for Cpu size: 589824
2026-08-26T23:04:24.564328Z  INFO ort::logging: Reserving memory in BFCArena for Cpu size: 589824
2026-08-26T23:04:24.564544Z  INFO ort::logging: Reserving memory in BFCArena for Cpu size: 589824
2026-08-26T23:04:24.564773Z  INFO ort::logging: Reserving memory in BFCArena for Cpu size: 589824
2026-08-26T23:04:24.564995Z  INFO ort::logging: Reserving memory in BFCArena for Cpu size: 2359296
2026-08-26T23:04:24.566511Z  INFO ort::logging: Reserving memory in BFCArena for Cpu size: 2359296
2026-08-26T23:04:24.567960Z  INFO ort::logging: Reserving memory in BFCArena for Cpu size: 589824
2026-08-26T23:04:24.568361Z  INFO ort::logging: Reserving memory in BFCArena for Cpu size: 589824
2026-08-26T23:04:24.568588Z  INFO ort::logging: Reserving memory in BFCArena for Cpu size: 589824
2026-08-26T23:04:24.568822Z  INFO ort::logging: Reserving memory in BFCArena for Cpu size: 589824
2026-08-26T23:04:24.569055Z  INFO ort::logging: Reserving memory in BFCArena for Cpu size: 2359296
2026-08-26T23:04:24.570603Z  INFO ort::logging: Reserving memory in BFCArena for Cpu size: 2359296
2026-08-26T23:04:24.572073Z  INFO ort::logging: Reserving memory in BFCArena for Cpu size: 589824
2026-08-26T23:04:24.572472Z  INFO ort::logging: Reserving memory in BFCArena for Cpu size: 589824
2026-08-26T23:04:24.572712Z  INFO ort::logging: Reserving memory in BFCArena for Cpu size: 589824
2026-08-26T23:04:24.572968Z  INFO ort::logging: Reserving memory in BFCArena for Cpu size: 589824
2026-08-26T23:04:24.573204Z  INFO ort::logging: Reserving memory in BFCArena for Cpu size: 2359296
2026-08-26T23:04:24.574654Z  INFO ort::logging: Reserving memory in BFCArena for Cpu size: 2359296
2026-08-26T23:04:24.576116Z  INFO ort::logging: Reserving memory in BFCArena for Cpu size: 589824
2026-08-26T23:04:24.576564Z  INFO ort::logging: Reserving memory in BFCArena for Cpu size: 589824
2026-08-26T23:04:24.576820Z  INFO ort::logging: Reserving memory in BFCArena for Cpu size: 589824
2026-08-26T23:04:24.577064Z  INFO ort::logging: Reserving memory in BFCArena for Cpu size: 589824
2026-08-26T23:04:24.577318Z  INFO ort::logging: Reserving memory in BFCArena for Cpu size: 2359296
2026-08-26T23:04:24.579495Z  INFO ort::logging: Reserving memory in BFCArena for Cpu size: 2359296
2026-08-26T23:04:24.581224Z  INFO ort::logging: Reserving memory in BFCArena for Cpu size: 589824
2026-08-26T23:04:24.581577Z  INFO ort::logging: Reserving memory in BFCArena for Cpu size: 589824
2026-08-26T23:04:24.581807Z  INFO ort::logging: Reserving memory in BFCArena for Cpu size: 589824
2026-08-26T23:04:24.582048Z  INFO ort::logging: Reserving memory in BFCArena for Cpu size: 589824
2026-08-26T23:04:24.582291Z  INFO ort::logging: Reserving memory in BFCArena for Cpu size: 2359296
2026-08-26T23:04:24.583750Z  INFO ort::logging: Reserving memory in BFCArena for Cpu size: 2359296
2026-08-26T23:04:24.585656Z  INFO ort::logging: Session successfully initialized.
2026-08-26T23:04:24.586266Z  INFO actix_server::builder: starting 4 workers
2026-08-26T23:04:24.586361Z  INFO actix_server::server: Tokio runtime found; starting in existing Tokio runtime
2026-08-26T23:04:24.586389Z  INFO actix_server::server: starting service: "actix-web-service-127.0.0.1:8000", workers: 4, listening on: 127.0.0.1:8000
2026-08-26T23:04:24.586855Z  INFO MapleEMR: >get_application_secret_key()
2026-08-26T23:04:24.587067Z DEBUG MapleEMR::webc::tile_factory: >WebContentFactory:new() : Attempting read of: C:\uol\csm500-final-project\src\app\webc\static\LoginTile.htl
2026-08-26T23:04:24.589567Z  INFO MapleEMR: >get_application_secret_key()
2026-08-26T23:04:24.589637Z DEBUG MapleEMR::webc::tile_factory: >WebContentFactory:new() : Attempting read of: C:\uol\csm500-final-project\src\app\webc\static\LoginTile.htl
2026-08-26T23:04:24.591043Z  INFO MapleEMR: >get_application_secret_key()
2026-08-26T23:04:24.591094Z DEBUG MapleEMR::webc::tile_factory: >WebContentFactory:new() : Attempting read of: C:\uol\csm500-final-project\src\app\webc\static\LoginTile.htl
2026-08-26T23:04:24.592395Z  INFO MapleEMR: >get_application_secret_key()
2026-08-26T23:04:24.592447Z DEBUG MapleEMR::webc::tile_factory: >WebContentFactory:new() : Attempting read of: C:\uol\csm500-final-project\src\app\webc\static\LoginTile.htl
2026-08-26T23:04:27.865814Z DEBUG MapleEMR::route::default_route: -> /default_route Requested
2026-08-26T23:04:27.865871Z DEBUG MapleEMR::route::default_route: Checking session for Validation errors
2026-08-26T23:04:27.865888Z DEBUG MapleEMR::route::default_route: Ok( None ) No active session
2026-08-26T23:04:32.358331Z DEBUG MapleEMR::route::login_route: -> /login Requested
2026-08-26T23:04:32.358394Z DEBUG MapleEMR::dao::auth_dao: Query: SELECT id, name, username, email, created_timestamp, password FROM USERS WHERE USERNAME = 'chath' AND PASSWORD = 'nurtse1'
2026-08-26T23:04:32.368292Z DEBUG sqlx::query: summary="SELECT id, name, username, …" db.statement="\n\nSELECT id, name, username, email, created_timestamp, password FROM USERS WHERE USERNAME = 'chath' AND PASSWORD = 'nurtse1'\n" rows_affected=0 rows_returned=0 elapsed=9.3705ms elapsed_secs=0.0093705
2026-08-26T23:04:32.368389Z DEBUG MapleEMR::dao::auth_dao: No user found for: chath
2026-08-26T23:04:32.368416Z DEBUG MapleEMR::route::login_route: Login denied for chath redirect back to /<default route>
2026-08-26T23:04:32.373815Z DEBUG MapleEMR::route::default_route: -> /default_route Requested
2026-08-26T23:04:32.373861Z DEBUG MapleEMR::route::default_route: Checking session for Validation errors
2026-08-26T23:04:32.373886Z DEBUG MapleEMR::route::default_route: Ok(Some()) Validation errors present in session: Invalid user or password. Please try again.
2026-08-26T23:04:37.652086Z DEBUG MapleEMR::route::login_route: -> /login Requested
2026-08-26T23:04:37.652246Z DEBUG MapleEMR::dao::auth_dao: Query: SELECT id, name, username, email, created_timestamp, password FROM USERS WHERE USERNAME = 'chath' AND PASSWORD = 'nurse1'
2026-08-26T23:04:37.655772Z DEBUG sqlx::query: summary="SELECT id, name, username, …" db.statement="\n\nSELECT id, name, username, email, created_timestamp, password FROM USERS WHERE USERNAME = 'chath' AND PASSWORD = 'nurse1'\n" rows_affected=1 rows_returned=1 elapsed=2.536ms elapsed_secs=0.002536
2026-08-26T23:04:37.655972Z DEBUG MapleEMR::dao::auth_dao: Successful login (results found) for: chath
2026-08-26T23:04:37.656234Z DEBUG MapleEMR::route::login_route: User can login: chath redirect to /home
2026-08-26T23:04:37.656333Z DEBUG MapleEMR::dao::auth_dao: get_user_permissions Query: SELECT department_id, permission_id FROM public.user_permission where active_flag = 'Y' and users_id = 2 group by department_id, permission_id order by permission_id
2026-08-26T23:04:37.784022Z DEBUG sqlx::query: summary="SELECT department_id, permission_id FROM …" db.statement="\n\nSELECT department_id, permission_id FROM public.user_permission where active_flag = 'Y' and users_id = 2 group by department_id, permission_id order by permission_id\n" rows_affected=12 rows_returned=12 elapsed=4.1358ms elapsed_secs=0.0041358
2026-08-26T23:04:37.789394Z DEBUG MapleEMR::route::home_route: -> /home Route Requested
2026-08-26T23:04:37.789526Z DEBUG MapleEMR::dao::patient_dao: >get_patients_at_users_site_no_discharge() Query: SELECT p.id, e.id, e.location_id, legal_first_name, legal_last_name, COALESCE(legal_middle_names, '') as "legal_middle_names",
                                        COALESCE(admit_notes, '') as "admit_notes", COALESCE(discharge_notes, '') as "discharge_notes",
                                        birthdate, admit_timestamp,
                                        discharge_timestamp as "discharge_timestamp?",
                                        phn, l2.short_name "location_short_name"
                                    FROM patient p
                                    join encounter e on p.id = e.patient_id
									join location l2 on l2.id = e.location_id
                                    where discharge_timestamp is null
                                      and location_id in (
                                        select l.id
                                        from location l
                                        where site_id in (
                                        select site_id
                                        from user_permission up
                                        where users_id = 2
                                            and up.site_id = l.site_id)  )
2026-08-26T23:04:37.800952Z DEBUG sqlx::query: summary="SELECT p.id, e.id, e.location_id, …" db.statement="\n\nSELECT p.id, e.id, e.location_id, legal_first_name, legal_last_name, COALESCE(legal_middle_names, '') as \"legal_middle_names\",\n                                        COALESCE(admit_notes, '') as \"admit_notes\", COALESCE(discharge_notes, '') as \"discharge_notes\",\n                                        birthdate, admit_timestamp,\n                                        discharge_timestamp as \"discharge_timestamp?\",\n                                        phn, l2.short_name \"location_short_name\"\n                                    FROM patient p\n                                    join encounter e on p.id = e.patient_id\n\t\t\t\t\t\t\t\t\tjoin location l2 on l2.id = e.location_id\n                                    where discharge_timestamp is null\n                                      and location_id in (\n                                        select l.id\n                                        from location l\n                                        where site_id in (\n                                        select site_id\n                                        from user_permission up\n                                        where users_id = 2\n                                            and up.site_id = l.site_id)  )\n" rows_affected=7 rows_returned=7 elapsed=11.0006ms elapsed_secs=0.0110006
2026-08-26T23:04:37.801042Z DEBUG MapleEMR::route::home_route: Retrieved 7 patients:
2026-08-26T23:04:37.809817Z DEBUG sqlx::query: summary="select e.id \"encounter_id\", admit_timestamp, …" db.statement="\n\n\n                                    select e.id \"encounter_id\", admit_timestamp,\n                                        discharge_timestamp as \"discharge_timestamp?\",\n                                        COALESCE(admit_notes, '') as \"admit_notes\",\n                                        COALESCE(discharge_notes, '') as \"discharge_notes\",\n                                        s.name \"encounter_site_name\",\n                                        l.short_name \"room_identifier\",\n                                        'Y' as \"current_encounter\"\n                                    from encounter e\n                                    join location l on e.location_id = l.id\n                                    join site s on s.id = l.site_id\n                                    where patient_id = 1\n                                      and discharge_timestamp is null\n                                      limit 1\n                                    \n" rows_affected=1 rows_returned=1 elapsed=8.3884ms elapsed_secs=0.0083884
2026-08-26T23:04:37.816141Z DEBUG sqlx::query: summary="SELECT i.id intervention_id, encounter_id, …" db.statement="\n\n\n                                SELECT i.id intervention_id, encounter_id, i.description, i.notes, location_id, users_id,\n                                    intervention_type_id, status_id,\n                                    l.room_identifier,\n                                    ref1.name \"intervention_type\", \n                                    ref2.name \"status\", i.scheduled_timestamp, i.performed_timestamp\n                                FROM intervention i\n                                join location l on  l.id = i.location_id\n                                join common_reference_type ref1 on i.intervention_type_id = ref1.id\n                                join common_reference_type ref2 on i.status_id = ref2.id \n                                where i.encounter_id = 1\n                                  AND i.intervention_type_id = 38\n                                ORDER BY i.id DESC LIMIT 1\n                                                \n" rows_affected=1 rows_returned=1 elapsed=5.8821ms elapsed_secs=0.0058821
2026-08-26T23:04:37.817436Z DEBUG sqlx::query: summary="select e.id \"encounter_id\", admit_timestamp, …" db.statement="\n\n\n                                    select e.id \"encounter_id\", admit_timestamp,\n                                        discharge_timestamp as \"discharge_timestamp?\",\n                                        COALESCE(admit_notes, '') as \"admit_notes\",\n                                        COALESCE(discharge_notes, '') as \"discharge_notes\",\n                                        s.name \"encounter_site_name\",\n                                        l.short_name \"room_identifier\",\n                                        'Y' as \"current_encounter\"\n                                    from encounter e\n                                    join location l on e.location_id = l.id\n                                    join site s on s.id = l.site_id\n                                    where patient_id = 2\n                                      and discharge_timestamp is null\n                                      limit 1\n                                    \n" rows_affected=1 rows_returned=1 elapsed=890.8µs elapsed_secs=0.0008908
2026-08-26T23:04:37.819027Z DEBUG sqlx::query: summary="SELECT i.id intervention_id, encounter_id, …" db.statement="\n\n\n                                SELECT i.id intervention_id, encounter_id, i.description, i.notes, location_id, users_id,\n                                    intervention_type_id, status_id,\n                                    l.room_identifier,\n                                    ref1.name \"intervention_type\", \n                                    ref2.name \"status\", i.scheduled_timestamp, i.performed_timestamp\n                                FROM intervention i\n                                join location l on  l.id = i.location_id\n                                join common_reference_type ref1 on i.intervention_type_id = ref1.id\n                                join common_reference_type ref2 on i.status_id = ref2.id \n                                where i.encounter_id = 2\n                                  AND i.intervention_type_id = 38\n                                ORDER BY i.id DESC LIMIT 1\n                                                \n" rows_affected=1 rows_returned=1 elapsed=1.1471ms elapsed_secs=0.0011471
2026-08-26T23:04:37.820415Z DEBUG sqlx::query: summary="select e.id \"encounter_id\", admit_timestamp, …" db.statement="\n\n\n                                    select e.id \"encounter_id\", admit_timestamp,\n                                        discharge_timestamp as \"discharge_timestamp?\",\n                                        COALESCE(admit_notes, '') as \"admit_notes\",\n                                        COALESCE(discharge_notes, '') as \"discharge_notes\",\n                                        s.name \"encounter_site_name\",\n                                        l.short_name \"room_identifier\",\n                                        'Y' as \"current_encounter\"\n                                    from encounter e\n                                    join location l on e.location_id = l.id\n                                    join site s on s.id = l.site_id\n                                    where patient_id = 3\n                                      and discharge_timestamp is null\n                                      limit 1\n                                    \n" rows_affected=1 rows_returned=1 elapsed=1.0029ms elapsed_secs=0.0010029
2026-08-26T23:04:37.823235Z DEBUG sqlx::query: summary="SELECT i.id intervention_id, encounter_id, …" db.statement="\n\n\n                                SELECT i.id intervention_id, encounter_id, i.description, i.notes, location_id, users_id,\n                                    intervention_type_id, status_id,\n                                    l.room_identifier,\n                                    ref1.name \"intervention_type\", \n                                    ref2.name \"status\", i.scheduled_timestamp, i.performed_timestamp\n                                FROM intervention i\n                                join location l on  l.id = i.location_id\n                                join common_reference_type ref1 on i.intervention_type_id = ref1.id\n                                join common_reference_type ref2 on i.status_id = ref2.id \n                                where i.encounter_id = 3\n                                  AND i.intervention_type_id = 38\n                                ORDER BY i.id DESC LIMIT 1\n                                                \n" rows_affected=1 rows_returned=1 elapsed=2.4345ms elapsed_secs=0.0024345
2026-08-26T23:04:37.824600Z DEBUG sqlx::query: summary="select e.id \"encounter_id\", admit_timestamp, …" db.statement="\n\n\n                                    select e.id \"encounter_id\", admit_timestamp,\n                                        discharge_timestamp as \"discharge_timestamp?\",\n                                        COALESCE(admit_notes, '') as \"admit_notes\",\n                                        COALESCE(discharge_notes, '') as \"discharge_notes\",\n                                        s.name \"encounter_site_name\",\n                                        l.short_name \"room_identifier\",\n                                        'Y' as \"current_encounter\"\n                                    from encounter e\n                                    join location l on e.location_id = l.id\n                                    join site s on s.id = l.site_id\n                                    where patient_id = 5\n                                      and discharge_timestamp is null\n                                      limit 1\n                                    \n" rows_affected=1 rows_returned=1 elapsed=1.0472ms elapsed_secs=0.0010472
2026-08-26T23:04:37.826128Z DEBUG sqlx::query: summary="SELECT i.id intervention_id, encounter_id, …" db.statement="\n\n\n                                SELECT i.id intervention_id, encounter_id, i.description, i.notes, location_id, users_id,\n                                    intervention_type_id, status_id,\n                                    l.room_identifier,\n                                    ref1.name \"intervention_type\", \n                                    ref2.name \"status\", i.scheduled_timestamp, i.performed_timestamp\n                                FROM intervention i\n                                join location l on  l.id = i.location_id\n                                join common_reference_type ref1 on i.intervention_type_id = ref1.id\n                                join common_reference_type ref2 on i.status_id = ref2.id \n                                where i.encounter_id = 10\n                                  AND i.intervention_type_id = 38\n                                ORDER BY i.id DESC LIMIT 1\n                                                \n" rows_affected=0 rows_returned=0 elapsed=1.1101ms elapsed_secs=0.0011101
2026-08-26T23:04:37.826227Z DEBUG MapleEMR::dao::intervention_dao: No Interventions found for encounter_id: 10 [count=0]
2026-08-26T23:04:37.827993Z DEBUG sqlx::query: summary="select e.id \"encounter_id\", admit_timestamp, …" db.statement="\n\n\n                                    select e.id \"encounter_id\", admit_timestamp,\n                                        discharge_timestamp as \"discharge_timestamp?\",\n                                        COALESCE(admit_notes, '') as \"admit_notes\",\n                                        COALESCE(discharge_notes, '') as \"discharge_notes\",\n                                        s.name \"encounter_site_name\",\n                                        l.short_name \"room_identifier\",\n                                        'Y' as \"current_encounter\"\n                                    from encounter e\n                                    join location l on e.location_id = l.id\n                                    join site s on s.id = l.site_id\n                                    where patient_id = 25\n                                      and discharge_timestamp is null\n                                      limit 1\n                                    \n" rows_affected=1 rows_returned=1 elapsed=1.4182ms elapsed_secs=0.0014182
2026-08-26T23:04:37.829620Z DEBUG sqlx::query: summary="SELECT i.id intervention_id, encounter_id, …" db.statement="\n\n\n                                SELECT i.id intervention_id, encounter_id, i.description, i.notes, location_id, users_id,\n                                    intervention_type_id, status_id,\n                                    l.room_identifier,\n                                    ref1.name \"intervention_type\", \n                                    ref2.name \"status\", i.scheduled_timestamp, i.performed_timestamp\n                                FROM intervention i\n                                join location l on  l.id = i.location_id\n                                join common_reference_type ref1 on i.intervention_type_id = ref1.id\n                                join common_reference_type ref2 on i.status_id = ref2.id \n                                where i.encounter_id = 11\n                                  AND i.intervention_type_id = 38\n                                ORDER BY i.id DESC LIMIT 1\n                                                \n" rows_affected=0 rows_returned=0 elapsed=1.2116ms elapsed_secs=0.0012116
2026-08-26T23:04:37.829713Z DEBUG MapleEMR::dao::intervention_dao: No Interventions found for encounter_id: 11 [count=0]
2026-08-26T23:04:37.831150Z DEBUG sqlx::query: summary="select e.id \"encounter_id\", admit_timestamp, …" db.statement="\n\n\n                                    select e.id \"encounter_id\", admit_timestamp,\n                                        discharge_timestamp as \"discharge_timestamp?\",\n                                        COALESCE(admit_notes, '') as \"admit_notes\",\n                                        COALESCE(discharge_notes, '') as \"discharge_notes\",\n                                        s.name \"encounter_site_name\",\n                                        l.short_name \"room_identifier\",\n                                        'Y' as \"current_encounter\"\n                                    from encounter e\n                                    join location l on e.location_id = l.id\n                                    join site s on s.id = l.site_id\n                                    where patient_id = 26\n                                      and discharge_timestamp is null\n                                      limit 1\n                                    \n" rows_affected=1 rows_returned=1 elapsed=1.0391ms elapsed_secs=0.0010391
2026-08-26T23:04:37.832629Z DEBUG sqlx::query: summary="SELECT i.id intervention_id, encounter_id, …" db.statement="\n\n\n                                SELECT i.id intervention_id, encounter_id, i.description, i.notes, location_id, users_id,\n                                    intervention_type_id, status_id,\n                                    l.room_identifier,\n                                    ref1.name \"intervention_type\", \n                                    ref2.name \"status\", i.scheduled_timestamp, i.performed_timestamp\n                                FROM intervention i\n                                join location l on  l.id = i.location_id\n                                join common_reference_type ref1 on i.intervention_type_id = ref1.id\n                                join common_reference_type ref2 on i.status_id = ref2.id \n                                where i.encounter_id = 12\n                                  AND i.intervention_type_id = 38\n                                ORDER BY i.id DESC LIMIT 1\n                                                \n" rows_affected=0 rows_returned=0 elapsed=1.0753ms elapsed_secs=0.0010753
2026-08-26T23:04:37.832712Z DEBUG MapleEMR::dao::intervention_dao: No Interventions found for encounter_id: 12 [count=0]
2026-08-26T23:04:37.833998Z DEBUG sqlx::query: summary="select e.id \"encounter_id\", admit_timestamp, …" db.statement="\n\n\n                                    select e.id \"encounter_id\", admit_timestamp,\n                                        discharge_timestamp as \"discharge_timestamp?\",\n                                        COALESCE(admit_notes, '') as \"admit_notes\",\n                                        COALESCE(discharge_notes, '') as \"discharge_notes\",\n                                        s.name \"encounter_site_name\",\n                                        l.short_name \"room_identifier\",\n                                        'Y' as \"current_encounter\"\n                                    from encounter e\n                                    join location l on e.location_id = l.id\n                                    join site s on s.id = l.site_id\n                                    where patient_id = 27\n                                      and discharge_timestamp is null\n                                      limit 1\n                                    \n" rows_affected=1 rows_returned=1 elapsed=967.6µs elapsed_secs=0.0009676
2026-08-26T23:04:37.835551Z DEBUG sqlx::query: summary="SELECT i.id intervention_id, encounter_id, …" db.statement="\n\n\n                                SELECT i.id intervention_id, encounter_id, i.description, i.notes, location_id, users_id,\n                                    intervention_type_id, status_id,\n                                    l.room_identifier,\n                                    ref1.name \"intervention_type\", \n                                    ref2.name \"status\", i.scheduled_timestamp, i.performed_timestamp\n                                FROM intervention i\n                                join location l on  l.id = i.location_id\n                                join common_reference_type ref1 on i.intervention_type_id = ref1.id\n                                join common_reference_type ref2 on i.status_id = ref2.id \n                                where i.encounter_id = 13\n                                  AND i.intervention_type_id = 38\n                                ORDER BY i.id DESC LIMIT 1\n                                                \n" rows_affected=0 rows_returned=0 elapsed=1.1601ms elapsed_secs=0.0011601
2026-08-26T23:04:37.835638Z DEBUG MapleEMR::dao::intervention_dao: No Interventions found for encounter_id: 13 [count=0]
2026-08-26T23:05:12.602553Z  INFO ort::logging: Done Adding ETW Sink to logger with severity level: 2
2026-08-26T23:10:18.439903Z DEBUG MapleEMR::route::home_route: -> /home Route Requested
2026-08-26T23:10:18.440027Z DEBUG MapleEMR::dao::patient_dao: >get_patients_at_users_site_no_discharge() Query: SELECT p.id, e.id, e.location_id, legal_first_name, legal_last_name, COALESCE(legal_middle_names, '') as "legal_middle_names",
                                        COALESCE(admit_notes, '') as "admit_notes", COALESCE(discharge_notes, '') as "discharge_notes",
                                        birthdate, admit_timestamp,
                                        discharge_timestamp as "discharge_timestamp?",
                                        phn, l2.short_name "location_short_name"
                                    FROM patient p
                                    join encounter e on p.id = e.patient_id
									join location l2 on l2.id = e.location_id
                                    where discharge_timestamp is null
                                      and location_id in (
                                        select l.id
                                        from location l
                                        where site_id in (
                                        select site_id
                                        from user_permission up
                                        where users_id = 2
                                            and up.site_id = l.site_id)  )
2026-08-26T23:10:18.516846Z DEBUG sqlx::query: summary="SELECT p.id, e.id, e.location_id, …" db.statement="\n\nSELECT p.id, e.id, e.location_id, legal_first_name, legal_last_name, COALESCE(legal_middle_names, '') as \"legal_middle_names\",\n                                        COALESCE(admit_notes, '') as \"admit_notes\", COALESCE(discharge_notes, '') as \"discharge_notes\",\n                                        birthdate, admit_timestamp,\n                                        discharge_timestamp as \"discharge_timestamp?\",\n                                        phn, l2.short_name \"location_short_name\"\n                                    FROM patient p\n                                    join encounter e on p.id = e.patient_id\n\t\t\t\t\t\t\t\t\tjoin location l2 on l2.id = e.location_id\n                                    where discharge_timestamp is null\n                                      and location_id in (\n                                        select l.id\n                                        from location l\n                                        where site_id in (\n                                        select site_id\n                                        from user_permission up\n                                        where users_id = 2\n                                            and up.site_id = l.site_id)  )\n" rows_affected=7 rows_returned=7 elapsed=76.367ms elapsed_secs=0.076367
2026-08-26T23:10:18.517113Z DEBUG MapleEMR::route::home_route: Retrieved 7 patients:
2026-08-26T23:10:18.559588Z DEBUG sqlx::query: summary="select e.id \"encounter_id\", admit_timestamp, …" db.statement="\n\n\n                                    select e.id \"encounter_id\", admit_timestamp,\n                                        discharge_timestamp as \"discharge_timestamp?\",\n                                        COALESCE(admit_notes, '') as \"admit_notes\",\n                                        COALESCE(discharge_notes, '') as \"discharge_notes\",\n                                        s.name \"encounter_site_name\",\n                                        l.short_name \"room_identifier\",\n                                        'Y' as \"current_encounter\"\n                                    from encounter e\n                                    join location l on e.location_id = l.id\n                                    join site s on s.id = l.site_id\n                                    where patient_id = 1\n                                      and discharge_timestamp is null\n                                      limit 1\n                                    \n" rows_affected=1 rows_returned=1 elapsed=42.1214ms elapsed_secs=0.0421214
2026-08-26T23:10:18.565489Z DEBUG sqlx::query: summary="SELECT i.id intervention_id, encounter_id, …" db.statement="\n\n\n                                SELECT i.id intervention_id, encounter_id, i.description, i.notes, location_id, users_id,\n                                    intervention_type_id, status_id,\n                                    l.room_identifier,\n                                    ref1.name \"intervention_type\", \n                                    ref2.name \"status\", i.scheduled_timestamp, i.performed_timestamp\n                                FROM intervention i\n                                join location l on  l.id = i.location_id\n                                join common_reference_type ref1 on i.intervention_type_id = ref1.id\n                                join common_reference_type ref2 on i.status_id = ref2.id \n                                where i.encounter_id = 1\n                                  AND i.intervention_type_id = 38\n                                ORDER BY i.id DESC LIMIT 1\n                                                \n" rows_affected=1 rows_returned=1 elapsed=5.3659ms elapsed_secs=0.0053659
2026-08-26T23:10:18.827769Z DEBUG sqlx::query: summary="select e.id \"encounter_id\", admit_timestamp, …" db.statement="\n\n\n                                    select e.id \"encounter_id\", admit_timestamp,\n                                        discharge_timestamp as \"discharge_timestamp?\",\n                                        COALESCE(admit_notes, '') as \"admit_notes\",\n                                        COALESCE(discharge_notes, '') as \"discharge_notes\",\n                                        s.name \"encounter_site_name\",\n                                        l.short_name \"room_identifier\",\n                                        'Y' as \"current_encounter\"\n                                    from encounter e\n                                    join location l on e.location_id = l.id\n                                    join site s on s.id = l.site_id\n                                    where patient_id = 2\n                                      and discharge_timestamp is null\n                                      limit 1\n                                    \n" rows_affected=1 rows_returned=1 elapsed=9.8222ms elapsed_secs=0.0098222
2026-08-26T23:10:18.829928Z DEBUG sqlx::query: summary="SELECT i.id intervention_id, encounter_id, …" db.statement="\n\n\n                                SELECT i.id intervention_id, encounter_id, i.description, i.notes, location_id, users_id,\n                                    intervention_type_id, status_id,\n                                    l.room_identifier,\n                                    ref1.name \"intervention_type\", \n                                    ref2.name \"status\", i.scheduled_timestamp, i.performed_timestamp\n                                FROM intervention i\n                                join location l on  l.id = i.location_id\n                                join common_reference_type ref1 on i.intervention_type_id = ref1.id\n                                join common_reference_type ref2 on i.status_id = ref2.id \n                                where i.encounter_id = 2\n                                  AND i.intervention_type_id = 38\n                                ORDER BY i.id DESC LIMIT 1\n                                                \n" rows_affected=1 rows_returned=1 elapsed=1.7297ms elapsed_secs=0.0017297
2026-08-26T23:10:18.831303Z DEBUG sqlx::query: summary="select e.id \"encounter_id\", admit_timestamp, …" db.statement="\n\n\n                                    select e.id \"encounter_id\", admit_timestamp,\n                                        discharge_timestamp as \"discharge_timestamp?\",\n                                        COALESCE(admit_notes, '') as \"admit_notes\",\n                                        COALESCE(discharge_notes, '') as \"discharge_notes\",\n                                        s.name \"encounter_site_name\",\n                                        l.short_name \"room_identifier\",\n                                        'Y' as \"current_encounter\"\n                                    from encounter e\n                                    join location l on e.location_id = l.id\n                                    join site s on s.id = l.site_id\n                                    where patient_id = 3\n                                      and discharge_timestamp is null\n                                      limit 1\n                                    \n" rows_affected=1 rows_returned=1 elapsed=964.9µs elapsed_secs=0.0009649
2026-08-26T23:10:18.836354Z DEBUG sqlx::query: summary="SELECT i.id intervention_id, encounter_id, …" db.statement="\n\n\n                                SELECT i.id intervention_id, encounter_id, i.description, i.notes, location_id, users_id,\n                                    intervention_type_id, status_id,\n                                    l.room_identifier,\n                                    ref1.name \"intervention_type\", \n                                    ref2.name \"status\", i.scheduled_timestamp, i.performed_timestamp\n                                FROM intervention i\n                                join location l on  l.id = i.location_id\n                                join common_reference_type ref1 on i.intervention_type_id = ref1.id\n                                join common_reference_type ref2 on i.status_id = ref2.id \n                                where i.encounter_id = 3\n                                  AND i.intervention_type_id = 38\n                                ORDER BY i.id DESC LIMIT 1\n                                                \n" rows_affected=1 rows_returned=1 elapsed=4.5474ms elapsed_secs=0.0045474
2026-08-26T23:10:18.837086Z DEBUG sqlx::query: summary="select e.id \"encounter_id\", admit_timestamp, …" db.statement="\n\n\n                                    select e.id \"encounter_id\", admit_timestamp,\n                                        discharge_timestamp as \"discharge_timestamp?\",\n                                        COALESCE(admit_notes, '') as \"admit_notes\",\n                                        COALESCE(discharge_notes, '') as \"discharge_notes\",\n                                        s.name \"encounter_site_name\",\n                                        l.short_name \"room_identifier\",\n                                        'Y' as \"current_encounter\"\n                                    from encounter e\n                                    join location l on e.location_id = l.id\n                                    join site s on s.id = l.site_id\n                                    where patient_id = 5\n                                      and discharge_timestamp is null\n                                      limit 1\n                                    \n" rows_affected=1 rows_returned=1 elapsed=335.7µs elapsed_secs=0.0003357
2026-08-26T23:10:18.837793Z DEBUG sqlx::query: summary="SELECT i.id intervention_id, encounter_id, …" db.statement="\n\n\n                                SELECT i.id intervention_id, encounter_id, i.description, i.notes, location_id, users_id,\n                                    intervention_type_id, status_id,\n                                    l.room_identifier,\n                                    ref1.name \"intervention_type\", \n                                    ref2.name \"status\", i.scheduled_timestamp, i.performed_timestamp\n                                FROM intervention i\n                                join location l on  l.id = i.location_id\n                                join common_reference_type ref1 on i.intervention_type_id = ref1.id\n                                join common_reference_type ref2 on i.status_id = ref2.id \n                                where i.encounter_id = 10\n                                  AND i.intervention_type_id = 38\n                                ORDER BY i.id DESC LIMIT 1\n                                                \n" rows_affected=0 rows_returned=0 elapsed=303.6µs elapsed_secs=0.0003036
2026-08-26T23:10:18.837866Z DEBUG MapleEMR::dao::intervention_dao: No Interventions found for encounter_id: 10 [count=0]
2026-08-26T23:10:18.839172Z DEBUG sqlx::query: summary="select e.id \"encounter_id\", admit_timestamp, …" db.statement="\n\n\n                                    select e.id \"encounter_id\", admit_timestamp,\n                                        discharge_timestamp as \"discharge_timestamp?\",\n                                        COALESCE(admit_notes, '') as \"admit_notes\",\n                                        COALESCE(discharge_notes, '') as \"discharge_notes\",\n                                        s.name \"encounter_site_name\",\n                                        l.short_name \"room_identifier\",\n                                        'Y' as \"current_encounter\"\n                                    from encounter e\n                                    join location l on e.location_id = l.id\n                                    join site s on s.id = l.site_id\n                                    where patient_id = 25\n                                      and discharge_timestamp is null\n                                      limit 1\n                                    \n" rows_affected=1 rows_returned=1 elapsed=980.6µs elapsed_secs=0.0009806
2026-08-26T23:10:18.840519Z DEBUG sqlx::query: summary="SELECT i.id intervention_id, encounter_id, …" db.statement="\n\n\n                                SELECT i.id intervention_id, encounter_id, i.description, i.notes, location_id, users_id,\n                                    intervention_type_id, status_id,\n                                    l.room_identifier,\n                                    ref1.name \"intervention_type\", \n                                    ref2.name \"status\", i.scheduled_timestamp, i.performed_timestamp\n                                FROM intervention i\n                                join location l on  l.id = i.location_id\n                                join common_reference_type ref1 on i.intervention_type_id = ref1.id\n                                join common_reference_type ref2 on i.status_id = ref2.id \n                                where i.encounter_id = 11\n                                  AND i.intervention_type_id = 38\n                                ORDER BY i.id DESC LIMIT 1\n                                                \n" rows_affected=0 rows_returned=0 elapsed=979.9µs elapsed_secs=0.0009799
2026-08-26T23:10:18.840603Z DEBUG MapleEMR::dao::intervention_dao: No Interventions found for encounter_id: 11 [count=0]
2026-08-26T23:10:18.842112Z DEBUG sqlx::query: summary="select e.id \"encounter_id\", admit_timestamp, …" db.statement="\n\n\n                                    select e.id \"encounter_id\", admit_timestamp,\n                                        discharge_timestamp as \"discharge_timestamp?\",\n                                        COALESCE(admit_notes, '') as \"admit_notes\",\n                                        COALESCE(discharge_notes, '') as \"discharge_notes\",\n                                        s.name \"encounter_site_name\",\n                                        l.short_name \"room_identifier\",\n                                        'Y' as \"current_encounter\"\n                                    from encounter e\n                                    join location l on e.location_id = l.id\n                                    join site s on s.id = l.site_id\n                                    where patient_id = 26\n                                      and discharge_timestamp is null\n                                      limit 1\n                                    \n" rows_affected=1 rows_returned=1 elapsed=1.1621ms elapsed_secs=0.0011621
2026-08-26T23:10:18.843852Z DEBUG sqlx::query: summary="SELECT i.id intervention_id, encounter_id, …" db.statement="\n\n\n                                SELECT i.id intervention_id, encounter_id, i.description, i.notes, location_id, users_id,\n                                    intervention_type_id, status_id,\n                                    l.room_identifier,\n                                    ref1.name \"intervention_type\", \n                                    ref2.name \"status\", i.scheduled_timestamp, i.performed_timestamp\n                                FROM intervention i\n                                join location l on  l.id = i.location_id\n                                join common_reference_type ref1 on i.intervention_type_id = ref1.id\n                                join common_reference_type ref2 on i.status_id = ref2.id \n                                where i.encounter_id = 12\n                                  AND i.intervention_type_id = 38\n                                ORDER BY i.id DESC LIMIT 1\n                                                \n" rows_affected=0 rows_returned=0 elapsed=1.2042ms elapsed_secs=0.0012042
2026-08-26T23:10:18.843983Z DEBUG MapleEMR::dao::intervention_dao: No Interventions found for encounter_id: 12 [count=0]
2026-08-26T23:10:18.844680Z DEBUG sqlx::query: summary="select e.id \"encounter_id\", admit_timestamp, …" db.statement="\n\n\n                                    select e.id \"encounter_id\", admit_timestamp,\n                                        discharge_timestamp as \"discharge_timestamp?\",\n                                        COALESCE(admit_notes, '') as \"admit_notes\",\n                                        COALESCE(discharge_notes, '') as \"discharge_notes\",\n                                        s.name \"encounter_site_name\",\n                                        l.short_name \"room_identifier\",\n                                        'Y' as \"current_encounter\"\n                                    from encounter e\n                                    join location l on e.location_id = l.id\n                                    join site s on s.id = l.site_id\n                                    where patient_id = 27\n                                      and discharge_timestamp is null\n                                      limit 1\n                                    \n" rows_affected=1 rows_returned=1 elapsed=324.5µs elapsed_secs=0.0003245
2026-08-26T23:10:18.845266Z DEBUG sqlx::query: summary="SELECT i.id intervention_id, encounter_id, …" db.statement="\n\n\n                                SELECT i.id intervention_id, encounter_id, i.description, i.notes, location_id, users_id,\n                                    intervention_type_id, status_id,\n                                    l.room_identifier,\n                                    ref1.name \"intervention_type\", \n                                    ref2.name \"status\", i.scheduled_timestamp, i.performed_timestamp\n                                FROM intervention i\n                                join location l on  l.id = i.location_id\n                                join common_reference_type ref1 on i.intervention_type_id = ref1.id\n                                join common_reference_type ref2 on i.status_id = ref2.id \n                                where i.encounter_id = 13\n                                  AND i.intervention_type_id = 38\n                                ORDER BY i.id DESC LIMIT 1\n                                                \n" rows_affected=0 rows_returned=0 elapsed=251.2µs elapsed_secs=0.0002512
2026-08-26T23:10:18.845343Z DEBUG MapleEMR::dao::intervention_dao: No Interventions found for encounter_id: 13 [count=0]
2026-08-26T23:12:55.139700Z  INFO MapleEMR::route::nle_route: -> /nlprompt Requested;  natural_language_prompt();  prompt: "A 34-year-old male patient, James Whitfield, weighing 82 kg (181 lbs), was admitted to the emergency department following a fall from a ladder at home, presenting with acute pain and swelling in the right wrist. Initial examination revealed deformity consistent with a suspected fracture, and the patient reported limited range of motion and tenderness on palpation. Vital signs were stable on arrival. X-ray imaging was ordered to confirm the extent of the injury, and the patient was given pain management while awaiting orthopedic consultation."
2026-08-26T23:12:55.139806Z  INFO MapleEMR::route::nle_route: CARGO_MANIFEST_DIR = C:\uol\csm500-final-project\src\app
2026-08-26T23:12:55.139845Z DEBUG MapleEMR::nle::nle: NaturalLanguageEngine::new()
2026-08-26T23:12:55.139864Z DEBUG MapleEMR::nle::nle: ..load model for session: C:\uol\csm500-final-project\src\app\data\all-MiniLM-L6-v2.onnx
2026-08-26T23:12:55.139876Z DEBUG MapleEMR::nle::nle: ..load tokenizer: C:\uol\csm500-final-project\src\app\data\tokenizer.json
2026-08-26T23:12:55.140243Z  INFO ort::logging: Session Options {  execution_mode:0 execution_order:DEFAULT enable_profiling:0 optimized_model_filepath: enable_mem_pattern:1 enable_mem_reuse:1 enable_cpu_mem_arena:1 profile_file_prefix:onnxruntime_profile_ session_logid: session_log_severity_level:-1 session_log_verbosity_level:0 max_num_graph_transformation_steps:10 graph_optimization_level:1 intra_op_param:OrtThreadPoolParams { thread_pool_size: 1 auto_set_affinity: 0 allow_spinning: 0 dynamic_block_base_: 0 stack_size: 0 affinity_str:  set_denormal_as_zero: 0 } inter_op_param:OrtThreadPoolParams { thread_pool_size: 0 auto_set_affinity: 0 allow_spinning: 0 dynamic_block_base_: 0 stack_size: 0 affinity_str:  set_denormal_as_zero: 0 } use_per_session_threads:1 thread_pool_allow_spinning:1 use_deterministic_compute:0 ep_selection_policy:5 config_options: {  } }
2026-08-26T23:12:55.140306Z  INFO ort::logging: Creating and using per session threadpools since use_per_session_threads_ is true
2026-08-26T23:12:55.140333Z  INFO ort::logging: Dynamic block base set to 0
2026-08-26T23:12:55.197360Z  INFO ort::logging: Initializing session.
2026-08-26T23:12:55.197415Z  INFO ort::logging: Creating BFCArena for Cpu with following configs: initial_chunk_size_bytes: 1048576 max_dead_bytes_per_chunk: 134217728 initial_growth_chunk_size_bytes: 2097152 max_power_of_two_extend_bytes: 1073741824 memory limit: 18446744073709551615 arena_extend_strategy: 0
2026-08-26T23:12:55.197498Z  INFO ort::logging: This model does not have any local functions defined. AOT Inlining is not performed
2026-08-26T23:12:55.221481Z  INFO ort::logging: GraphTransformer EnsureUniqueDQForNodeUnit modified: 0 with status: OK
2026-08-26T23:12:55.221936Z  INFO ort::logging: GraphTransformer Level1_RuleBasedTransformer modified: 0 with status: OK
2026-08-26T23:12:55.222079Z  INFO ort::logging: GraphTransformer DoubleQDQPairsRemover modified: 0 with status: OK
2026-08-26T23:12:55.223493Z  INFO ort::logging: Total shared scalar initializer count: 199
2026-08-26T23:12:55.223523Z  INFO ort::logging: GraphTransformer ConstantSharing modified: 1 with status: OK
2026-08-26T23:12:55.228592Z  INFO ort::logging: GraphTransformer CommonSubexpressionElimination modified: 1 with status: OK
2026-08-26T23:12:55.235730Z  INFO ort::logging: GraphTransformer ConstantFolding modified: 1 with status: OK
2026-08-26T23:12:55.239547Z  INFO ort::logging: Removing initializer '/1/Constant_8_output_0'. It is no longer used by any node.
2026-08-26T23:12:55.239584Z  INFO ort::logging: Removing initializer '/0/auto_model/Shape_2_output_0'. It is no longer used by any node.
2026-08-26T23:12:55.239601Z  INFO ort::logging: Removing initializer '/1/Shape_3_output_0'. It is no longer used by any node.
2026-08-26T23:12:55.239789Z  INFO ort::logging: GraphTransformer MatMulAddFusion modified: 0 with status: OK
2026-08-26T23:12:55.239937Z  INFO ort::logging: Fused reshape node: /0/auto_model/encoder/layer.0/attention/self/Reshape_output_0
2026-08-26T23:12:55.239977Z  INFO ort::logging: Fused reshape node: /0/auto_model/encoder/layer.0/attention/self/Reshape_2_output_0
2026-08-26T23:12:55.240022Z  INFO ort::logging: Fused reshape node: /0/auto_model/encoder/layer.0/attention/self/Reshape_1_output_0
2026-08-26T23:12:55.240062Z  INFO ort::logging: Fused reshape node: /0/auto_model/encoder/layer.0/attention/self/Reshape_3_output_0
2026-08-26T23:12:55.240100Z  INFO ort::logging: Fused reshape node: /0/auto_model/encoder/layer.1/attention/self/Reshape_output_0
2026-08-26T23:12:55.240136Z  INFO ort::logging: Fused reshape node: /0/auto_model/encoder/layer.1/attention/self/Reshape_2_output_0
2026-08-26T23:12:55.240174Z  INFO ort::logging: Fused reshape node: /0/auto_model/encoder/layer.1/attention/self/Reshape_1_output_0
2026-08-26T23:12:55.240213Z  INFO ort::logging: Fused reshape node: /0/auto_model/encoder/layer.1/attention/self/Reshape_3_output_0
2026-08-26T23:12:55.240251Z  INFO ort::logging: Fused reshape node: /0/auto_model/encoder/layer.2/attention/self/Reshape_output_0
2026-08-26T23:12:55.240290Z  INFO ort::logging: Fused reshape node: /0/auto_model/encoder/layer.2/attention/self/Reshape_2_output_0
2026-08-26T23:12:55.240326Z  INFO ort::logging: Fused reshape node: /0/auto_model/encoder/layer.2/attention/self/Reshape_1_output_0
2026-08-26T23:12:55.240366Z  INFO ort::logging: Fused reshape node: /0/auto_model/encoder/layer.2/attention/self/Reshape_3_output_0
2026-08-26T23:12:55.240404Z  INFO ort::logging: Fused reshape node: /0/auto_model/encoder/layer.3/attention/self/Reshape_output_0
2026-08-26T23:12:55.240440Z  INFO ort::logging: Fused reshape node: /0/auto_model/encoder/layer.3/attention/self/Reshape_2_output_0
2026-08-26T23:12:55.240476Z  INFO ort::logging: Fused reshape node: /0/auto_model/encoder/layer.3/attention/self/Reshape_1_output_0
2026-08-26T23:12:55.240516Z  INFO ort::logging: Fused reshape node: /0/auto_model/encoder/layer.3/attention/self/Reshape_3_output_0
2026-08-26T23:12:55.240557Z  INFO ort::logging: Fused reshape node: /0/auto_model/encoder/layer.4/attention/self/Reshape_output_0
2026-08-26T23:12:55.240593Z  INFO ort::logging: Fused reshape node: /0/auto_model/encoder/layer.4/attention/self/Reshape_2_output_0
2026-08-26T23:12:55.240629Z  INFO ort::logging: Fused reshape node: /0/auto_model/encoder/layer.4/attention/self/Reshape_1_output_0
2026-08-26T23:12:55.240667Z  INFO ort::logging: Fused reshape node: /0/auto_model/encoder/layer.4/attention/self/Reshape_3_output_0
2026-08-26T23:12:55.240704Z  INFO ort::logging: Fused reshape node: /0/auto_model/encoder/layer.5/attention/self/Reshape_output_0
2026-08-26T23:12:55.240739Z  INFO ort::logging: Fused reshape node: /0/auto_model/encoder/layer.5/attention/self/Reshape_2_output_0
2026-08-26T23:12:55.240776Z  INFO ort::logging: Fused reshape node: /0/auto_model/encoder/layer.5/attention/self/Reshape_1_output_0
2026-08-26T23:12:55.240822Z  INFO ort::logging: Fused reshape node: /0/auto_model/encoder/layer.5/attention/self/Reshape_3_output_0
2026-08-26T23:12:55.240843Z  INFO ort::logging: Total fused reshape node count: 24
2026-08-26T23:12:55.240859Z  INFO ort::logging: GraphTransformer ReshapeFusion modified: 1 with status: OK
2026-08-26T23:12:55.243735Z  INFO ort::logging: Removing initializer '/0/auto_model/encoder/layer.4/attention/self/Constant_11_output_0'. It is no longer used by any node.
2026-08-26T23:12:55.243764Z  INFO ort::logging: Removing initializer '/0/auto_model/encoder/layer.4/attention/self/Constant_6_output_0'. It is no longer used by any node.
2026-08-26T23:12:55.243790Z  INFO ort::logging: Removing initializer '/0/auto_model/encoder/layer.0/attention/self/Constant_15_output_0'. It is no longer used by any node.
2026-08-26T23:12:55.243857Z  INFO ort::logging: GraphTransformer FreeDimensionOverrideTransformer modified: 0 with status: OK
2026-08-26T23:12:55.243876Z  INFO ort::logging: GraphTransformer GeluFusionL1 modified: 0 with status: OK
2026-08-26T23:12:55.243892Z  INFO ort::logging: GraphTransformer LayerNormFusionL1 modified: 0 with status: OK
2026-08-26T23:12:55.244001Z  INFO ort::logging: GraphTransformer QDQPropagationTransformer modified: 0 with status: OK
2026-08-26T23:12:55.244088Z  INFO ort::logging: GraphTransformer WeightBiasQuantization modified: 0 with status: OK
2026-08-26T23:12:55.244192Z  INFO ort::logging: GraphTransformer EnsureUniqueDQForNodeUnit modified: 0 with status: OK
2026-08-26T23:12:55.244293Z  INFO ort::logging: GraphTransformer WhereDummyDq modified: 0 with status: OK
2026-08-26T23:12:55.244783Z  INFO ort::logging: GraphTransformer TransposeOptimizer modified: 0 with status: OK
2026-08-26T23:12:55.244989Z  INFO ort::logging: GraphTransformer Level1_RuleBasedTransformer modified: 0 with status: OK
2026-08-26T23:12:55.245076Z  INFO ort::logging: GraphTransformer DoubleQDQPairsRemover modified: 0 with status: OK
2026-08-26T23:12:55.245423Z  INFO ort::logging: GraphTransformer CommonSubexpressionElimination modified: 0 with status: OK
2026-08-26T23:12:55.245654Z  INFO ort::logging: GraphTransformer ConstantFolding modified: 0 with status: OK
2026-08-26T23:12:55.245773Z  INFO ort::logging: GraphTransformer MatMulAddFusion modified: 0 with status: OK
2026-08-26T23:12:55.245861Z  INFO ort::logging: GraphTransformer ReshapeFusion modified: 0 with status: OK
2026-08-26T23:12:55.245880Z  INFO ort::logging: GraphTransformer FreeDimensionOverrideTransformer modified: 0 with status: OK
2026-08-26T23:12:55.245896Z  INFO ort::logging: GraphTransformer GeluFusionL1 modified: 0 with status: OK
2026-08-26T23:12:55.245910Z  INFO ort::logging: GraphTransformer LayerNormFusionL1 modified: 0 with status: OK
2026-08-26T23:12:55.245997Z  INFO ort::logging: GraphTransformer QDQPropagationTransformer modified: 0 with status: OK
2026-08-26T23:12:55.246078Z  INFO ort::logging: GraphTransformer WeightBiasQuantization modified: 0 with status: OK
2026-08-26T23:12:55.246163Z  INFO ort::logging: GraphTransformer EnsureUniqueDQForNodeUnit modified: 0 with status: OK
2026-08-26T23:12:55.246244Z  INFO ort::logging: GraphTransformer WhereDummyDq modified: 0 with status: OK
2026-08-26T23:12:55.251180Z  INFO ort::logging: Running graph optimizations in loop 1 time/s (Graph Optimizations Loop Level : 1)
2026-08-26T23:12:55.251485Z  INFO ort::logging: GraphTransformer RemoveDuplicateCastTransformer modified: 0 with status: OK
2026-08-26T23:12:55.251505Z  INFO ort::logging: GraphTransformer CastFloat16Transformer modified: 0 with status: OK
2026-08-26T23:12:55.251525Z  INFO ort::logging: GraphTransformer MemcpyTransformer modified: 0 with status: OK
2026-08-26T23:12:55.256784Z  INFO ort::logging: Use DeviceBasedPartition as default
2026-08-26T23:12:55.293425Z  INFO ort::logging: Saving initialized tensors.
2026-08-26T23:12:55.293581Z  INFO ort::logging: Reserving memory in BFCArena for Cpu size: 32
2026-08-26T23:12:55.293613Z  INFO ort::logging: Reserving memory in BFCArena for Cpu size: 32
2026-08-26T23:12:55.293643Z  INFO ort::logging: Reserving memory in BFCArena for Cpu size: 4
2026-08-26T23:12:55.293688Z  INFO ort::logging: Reserving memory in BFCArena for Cpu size: 4
2026-08-26T23:12:55.293725Z  INFO ort::logging: Reserving memory in BFCArena for Cpu size: 32
2026-08-26T23:12:55.293748Z  INFO ort::logging: Reserving memory in BFCArena for Cpu size: 24
2026-08-26T23:12:55.293772Z  INFO ort::logging: Reserving memory in BFCArena for Cpu size: 32
2026-08-26T23:12:55.293798Z  INFO ort::logging: Reserving memory in BFCArena for Cpu size: 4
2026-08-26T23:12:55.293821Z  INFO ort::logging: Reserving memory in BFCArena for Cpu size: 4
2026-08-26T23:12:55.293848Z  INFO ort::logging: Reserving memory in BFCArena for Cpu size: 16
2026-08-26T23:12:55.293876Z  INFO ort::logging: Reserving memory in BFCArena for Cpu size: 8
2026-08-26T23:12:55.293901Z  INFO ort::logging: Reserving memory in BFCArena for Cpu size: 24
2026-08-26T23:12:55.293920Z  INFO ort::logging: Reserving memory in BFCArena for Cpu size: 4
2026-08-26T23:12:55.293945Z  INFO ort::logging: Reserving memory in BFCArena for Cpu size: 32
2026-08-26T23:12:55.293967Z  INFO ort::logging: Reserving memory in BFCArena for Cpu size: 4
2026-08-26T23:12:55.293987Z  INFO ort::logging: Reserving memory in BFCArena for Cpu size: 24
2026-08-26T23:12:55.294028Z  INFO ort::logging: Reserving memory in BFCArena for Cpu size: 24
2026-08-26T23:12:55.294072Z  INFO ort::logging: Reserving memory in BFCArena for Cpu size: 4
2026-08-26T23:12:55.294091Z  INFO ort::logging: Reserving memory in BFCArena for Cpu size: 32
2026-08-26T23:12:55.294112Z  INFO ort::logging: Reserving memory in BFCArena for Cpu size: 24
2026-08-26T23:12:55.294131Z  INFO ort::logging: Reserving memory in BFCArena for Cpu size: 8
2026-08-26T23:12:55.294154Z  INFO ort::logging: Reserving memory in BFCArena for Cpu size: 4
2026-08-26T23:12:55.294189Z  INFO ort::logging: Reserving memory in BFCArena for Cpu size: 32
2026-08-26T23:12:55.294209Z  INFO ort::logging: Reserving memory in BFCArena for Cpu size: 32
2026-08-26T23:12:55.294231Z  INFO ort::logging: Reserving memory in BFCArena for Cpu size: 32
2026-08-26T23:12:55.294254Z  INFO ort::logging: Reserving memory in BFCArena for Cpu size: 16
2026-08-26T23:12:55.294274Z  INFO ort::logging: Reserving memory in BFCArena for Cpu size: 32
2026-08-26T23:12:55.294294Z  INFO ort::logging: Reserving memory in BFCArena for Cpu size: 24
2026-08-26T23:12:55.294313Z  INFO ort::logging: Reserving memory in BFCArena for Cpu size: 8
2026-08-26T23:12:55.294331Z  INFO ort::logging: Reserving memory in BFCArena for Cpu size: 8
2026-08-26T23:12:55.294351Z  INFO ort::logging: Reserving memory in BFCArena for Cpu size: 8
2026-08-26T23:12:55.294368Z  INFO ort::logging: Reserving memory in BFCArena for Cpu size: 32
2026-08-26T23:12:55.294394Z  INFO ort::logging: Reserving memory in BFCArena for Cpu size: 8
2026-08-26T23:12:55.294414Z  INFO ort::logging: Reserving memory in BFCArena for Cpu size: 32
2026-08-26T23:12:55.294433Z  INFO ort::logging: Reserving memory in BFCArena for Cpu size: 32
2026-08-26T23:12:55.294456Z  INFO ort::logging: Reserving memory in BFCArena for Cpu size: 32
2026-08-26T23:12:55.294474Z  INFO ort::logging: Reserving memory in BFCArena for Cpu size: 32
2026-08-26T23:12:55.294493Z  INFO ort::logging: Reserving memory in BFCArena for Cpu size: 32
2026-08-26T23:12:55.294511Z  INFO ort::logging: Reserving memory in BFCArena for Cpu size: 8
2026-08-26T23:12:55.294533Z  INFO ort::logging: Reserving memory in BFCArena for Cpu size: 24
2026-08-26T23:12:55.294554Z  INFO ort::logging: Reserving memory in BFCArena for Cpu size: 32
2026-08-26T23:12:55.294575Z  INFO ort::logging: Reserving memory in BFCArena for Cpu size: 24
2026-08-26T23:12:55.294603Z  INFO ort::logging: Reserving memory in BFCArena for Cpu size: 32
2026-08-26T23:12:55.294626Z  INFO ort::logging: Done saving initialized tensors
2026-08-26T23:12:55.295186Z  INFO ort::logging: Reserving memory in BFCArena for Cpu size: 589824
2026-08-26T23:12:55.295407Z  INFO ort::logging: Reserving memory in BFCArena for Cpu size: 589824
2026-08-26T23:12:55.295652Z  INFO ort::logging: Reserving memory in BFCArena for Cpu size: 589824
2026-08-26T23:12:55.295901Z  INFO ort::logging: Reserving memory in BFCArena for Cpu size: 589824
2026-08-26T23:12:55.296124Z  INFO ort::logging: Reserving memory in BFCArena for Cpu size: 2359296
2026-08-26T23:12:55.297653Z  INFO ort::logging: Reserving memory in BFCArena for Cpu size: 2359296
2026-08-26T23:12:55.299122Z  INFO ort::logging: Reserving memory in BFCArena for Cpu size: 589824
2026-08-26T23:12:55.299363Z  INFO ort::logging: Reserving memory in BFCArena for Cpu size: 589824
2026-08-26T23:12:55.299581Z  INFO ort::logging: Reserving memory in BFCArena for Cpu size: 589824
2026-08-26T23:12:55.299798Z  INFO ort::logging: Reserving memory in BFCArena for Cpu size: 589824
2026-08-26T23:12:55.300013Z  INFO ort::logging: Reserving memory in BFCArena for Cpu size: 2359296
2026-08-26T23:12:55.301516Z  INFO ort::logging: Reserving memory in BFCArena for Cpu size: 2359296
2026-08-26T23:12:55.302914Z  INFO ort::logging: Reserving memory in BFCArena for Cpu size: 589824
2026-08-26T23:12:55.303167Z  INFO ort::logging: Reserving memory in BFCArena for Cpu size: 589824
2026-08-26T23:12:55.303392Z  INFO ort::logging: Reserving memory in BFCArena for Cpu size: 589824
2026-08-26T23:12:55.303619Z  INFO ort::logging: Reserving memory in BFCArena for Cpu size: 589824
2026-08-26T23:12:55.303842Z  INFO ort::logging: Reserving memory in BFCArena for Cpu size: 2359296
2026-08-26T23:12:55.305429Z  INFO ort::logging: Reserving memory in BFCArena for Cpu size: 2359296
2026-08-26T23:12:55.306806Z  INFO ort::logging: Reserving memory in BFCArena for Cpu size: 589824
2026-08-26T23:12:55.307027Z  INFO ort::logging: Reserving memory in BFCArena for Cpu size: 589824
2026-08-26T23:12:55.307254Z  INFO ort::logging: Reserving memory in BFCArena for Cpu size: 589824
2026-08-26T23:12:55.307484Z  INFO ort::logging: Reserving memory in BFCArena for Cpu size: 589824
2026-08-26T23:12:55.307723Z  INFO ort::logging: Reserving memory in BFCArena for Cpu size: 2359296
2026-08-26T23:12:55.309359Z  INFO ort::logging: Reserving memory in BFCArena for Cpu size: 2359296
2026-08-26T23:12:55.310878Z  INFO ort::logging: Reserving memory in BFCArena for Cpu size: 589824
2026-08-26T23:12:55.311201Z  INFO ort::logging: Reserving memory in BFCArena for Cpu size: 589824
2026-08-26T23:12:55.311426Z  INFO ort::logging: Reserving memory in BFCArena for Cpu size: 589824
2026-08-26T23:12:55.311654Z  INFO ort::logging: Reserving memory in BFCArena for Cpu size: 589824
2026-08-26T23:12:55.311868Z  INFO ort::logging: Reserving memory in BFCArena for Cpu size: 2359296
2026-08-26T23:12:55.313392Z  INFO ort::logging: Reserving memory in BFCArena for Cpu size: 2359296
2026-08-26T23:12:55.314823Z  INFO ort::logging: Reserving memory in BFCArena for Cpu size: 589824
2026-08-26T23:12:55.315077Z  INFO ort::logging: Reserving memory in BFCArena for Cpu size: 589824
2026-08-26T23:12:55.315300Z  INFO ort::logging: Reserving memory in BFCArena for Cpu size: 589824
2026-08-26T23:12:55.315524Z  INFO ort::logging: Reserving memory in BFCArena for Cpu size: 589824
2026-08-26T23:12:55.315753Z  INFO ort::logging: Reserving memory in BFCArena for Cpu size: 2359296
2026-08-26T23:12:55.317236Z  INFO ort::logging: Reserving memory in BFCArena for Cpu size: 2359296
2026-08-26T23:12:55.319156Z  INFO ort::logging: Session successfully initialized.
2026-08-26T23:12:55.400762Z DEBUG MapleEMR::nle::controller: CommandController::New() C:\uol\csm500-final-project\src\app\data\command_mapping.csv
2026-08-26T23:12:55.401227Z DEBUG MapleEMR::nle::controller: get_classifier_rankings_filtered_for_permissions()
2026-08-26T23:12:55.401296Z DEBUG MapleEMR::nle::nle: NaturalLanguageEngine::get_classifier_rankings()
2026-08-26T23:12:55.405736Z  INFO ort::logging: Extending BFCArena for Cpu. bin_num:0 (requested) num_bytes: 16 (actual) rounded_bytes:256
2026-08-26T23:12:55.405806Z  INFO ort::logging: Extended allocation by 1048576 bytes.
2026-08-26T23:12:55.405829Z  INFO ort::logging: Total allocated bytes: 43516792
2026-08-26T23:12:55.405847Z  INFO ort::logging: Allocated memory at 0000027F83CE5080 to 0000027F83DE5080
2026-08-26T23:12:55.406085Z  INFO ort::logging: Extending BFCArena for Cpu. bin_num:13 (requested) num_bytes: 2359296 (actual) rounded_bytes:2359296
2026-08-26T23:12:55.406118Z  INFO ort::logging: Extended allocation by 4194304 bytes.
2026-08-26T23:12:55.406134Z  INFO ort::logging: Total allocated bytes: 47711096
2026-08-26T23:12:55.406149Z  INFO ort::logging: Allocated memory at 0000027F8A1B1080 to 0000027F8A5B1080
2026-08-26T23:12:55.406720Z  INFO ort::logging: Extending BFCArena for Cpu. bin_num:13 (requested) num_bytes: 2359296 (actual) rounded_bytes:2359296
2026-08-26T23:12:55.406751Z  INFO ort::logging: Extended allocation by 4194304 bytes.
2026-08-26T23:12:55.406767Z  INFO ort::logging: Total allocated bytes: 51905400
2026-08-26T23:12:55.406781Z  INFO ort::logging: Allocated memory at 0000027F8A5CD080 to 0000027F8A9CD080
2026-08-26T23:12:55.407335Z  INFO ort::logging: Extending BFCArena for Cpu. bin_num:13 (requested) num_bytes: 2359296 (actual) rounded_bytes:2359296
2026-08-26T23:12:55.407368Z  INFO ort::logging: Extended allocation by 8388608 bytes.
2026-08-26T23:12:55.407383Z  INFO ort::logging: Total allocated bytes: 60294008
2026-08-26T23:12:55.407397Z  INFO ort::logging: Allocated memory at 0000027F8A9D5080 to 0000027F8B1D5080
2026-08-26T23:12:55.420944Z  INFO ort::logging: Extending BFCArena for Cpu. bin_num:15 (requested) num_bytes: 9437184 (actual) rounded_bytes:9437184
2026-08-26T23:12:55.421024Z  INFO ort::logging: Extended allocation by 16777216 bytes.
2026-08-26T23:12:55.421043Z  INFO ort::logging: Total allocated bytes: 77071224
2026-08-26T23:12:55.421059Z  INFO ort::logging: Allocated memory at 0000027F8EB6F080 to 0000027F8FB6F080
2026-08-26T23:12:55.426636Z  INFO ort::logging: Extending BFCArena for Cpu. bin_num:15 (requested) num_bytes: 9437184 (actual) rounded_bytes:9437184
2026-08-26T23:12:55.426760Z  INFO ort::logging: Extended allocation by 33554432 bytes.
2026-08-26T23:12:55.426780Z  INFO ort::logging: Total allocated bytes: 110625656
2026-08-26T23:12:55.427128Z  INFO ort::logging: Allocated memory at 0000027F8FB84080 to 0000027F91B84080
2026-08-26T23:12:55.881529Z  INFO MapleEMR::nle::nle: 	'admit patient': 25.3%
2026-08-26T23:12:55.881837Z  INFO MapleEMR::nle::nle: 	'admit add new open patient': 14.0%
2026-08-26T23:12:55.882191Z  INFO MapleEMR::nle::nle: 	'add patient': 26.1%
2026-08-26T23:12:55.882421Z  INFO MapleEMR::nle::nle: 	'new open patient': 16.9%
2026-08-26T23:12:55.882688Z  INFO MapleEMR::nle::nle: 	'create patient': 26.5%
2026-08-26T23:12:55.882901Z  INFO MapleEMR::nle::nle: 	'add information': 4.0%
2026-08-26T23:12:55.883153Z  INFO MapleEMR::nle::nle: 	'add medication': 18.1%
2026-08-26T23:12:55.883274Z  INFO MapleEMR::nle::nle: 	'prescribe medication': 11.8%
2026-08-26T23:12:55.883479Z  INFO MapleEMR::nle::nle: 	'move patient': 26.5%
2026-08-26T23:12:55.883679Z  INFO MapleEMR::nle::nle: 	'update contact information': 0.6%
2026-08-26T23:12:55.883929Z  INFO MapleEMR::nle::nle: 	'discharge patient': 24.9%
2026-08-26T23:12:55.884216Z DEBUG MapleEMR::nle::controller: get_permission_for_operation(): Compare to prompt: 'move patient'
2026-08-26T23:12:55.884236Z DEBUG MapleEMR::nle::controller: get_permission_for_operation(): Compare to prompt: 'create patient'
2026-08-26T23:12:55.884250Z DEBUG MapleEMR::nle::controller: get_permission_for_operation(): Compare to prompt: 'add patient'
2026-08-26T23:12:55.884261Z DEBUG MapleEMR::nle::controller: get_permission_for_operation(): Compare to prompt: 'admit patient'
2026-08-26T23:12:55.884273Z DEBUG MapleEMR::nle::controller: get_permission_for_operation(): Compare to prompt: 'discharge patient'
2026-08-26T23:12:55.884286Z DEBUG MapleEMR::nle::controller: get_permission_for_operation(): Compare to prompt: 'add medication'
2026-08-26T23:12:55.884298Z DEBUG MapleEMR::nle::controller: get_permission_for_operation(): Compare to prompt: 'new open patient'
2026-08-26T23:12:55.884314Z DEBUG MapleEMR::nle::controller: get_permission_for_operation(): Compare to prompt: 'admit add new open patient'
2026-08-26T23:12:55.884328Z DEBUG MapleEMR::nle::controller: get_permission_for_operation(): Compare to prompt: 'prescribe medication'
2026-08-26T23:12:55.884341Z DEBUG MapleEMR::nle::controller: get_permission_for_operation(): Compare to prompt: 'add information'
2026-08-26T23:12:55.884353Z DEBUG MapleEMR::nle::controller: get_permission_for_operation(): Compare to prompt: 'update contact information'
2026-08-26T23:12:55.884377Z DEBUG MapleEMR::nle::controller: get_permission_for_operation(): Compare to prompt: 'move patient'
2026-08-26T23:12:55.884408Z DEBUG MapleEMR::nle::controller: get_permission_for_operation(): Compare to prompt: 'create patient'
2026-08-26T23:12:55.884424Z DEBUG MapleEMR::nle::controller: get_permission_for_operation(): Compare to prompt: 'add patient'
2026-08-26T23:12:55.884439Z DEBUG MapleEMR::nle::controller: get_permission_for_operation(): Compare to prompt: 'admit patient'
2026-08-26T23:12:55.884454Z DEBUG MapleEMR::nle::controller: get_permission_for_operation(): Compare to prompt: 'discharge patient'
2026-08-26T23:12:55.884469Z DEBUG MapleEMR::nle::controller: get_permission_for_operation(): Compare to prompt: 'add medication'
2026-08-26T23:12:55.884483Z DEBUG MapleEMR::nle::controller: get_permission_for_operation(): Compare to prompt: 'new open patient'
2026-08-26T23:12:55.884497Z DEBUG MapleEMR::nle::controller: get_permission_for_operation(): Compare to prompt: 'admit add new open patient'
2026-08-26T23:12:55.884511Z DEBUG MapleEMR::nle::controller: get_permission_for_operation(): Compare to prompt: 'prescribe medication'
2026-08-26T23:12:55.884525Z DEBUG MapleEMR::nle::controller: get_permission_for_operation(): Compare to prompt: 'add information'
2026-08-26T23:12:55.884539Z DEBUG MapleEMR::nle::controller: get_permission_for_operation(): Compare to prompt: 'update contact information'
2026-08-27T01:21:48.781742Z  INFO ort::logging: Done Adding ETW Sink to logger with severity level: 2
2026-08-27T01:57:24.061316Z  INFO actix_server::server: SIGINT received; starting forced shutdown
2026-08-27T01:57:24.061512Z DEBUG actix_server::accept: paused accepting connections on 127.0.0.1:8000
2026-08-27T01:57:24.061552Z  INFO actix_server::accept: accept thread stopped
2026-08-27T01:57:24.061929Z  INFO actix_server::worker: shutting down idle worker
2026-08-27T01:57:24.061957Z  INFO actix_server::worker: shutting down idle worker
2026-08-27T01:57:24.061929Z  INFO actix_server::worker: shutting down idle worker
2026-08-27T01:57:24.061929Z  INFO actix_server::worker: shutting down idle worker
