2026-08-27T03:25:25.738119Z  INFO MapleEMR: MapleEMR is running!
2026-08-27T03:25:25.853923Z  INFO MapleEMR: Database connection established to: postgres://postgres:csm500@localhost:5432/csm500
2026-08-27T03:25:25.853991Z  INFO MapleEMR: CARGO_MANIFEST_DIR = C:\uol\csm500-final-project\src\app
2026-08-27T03:25:25.901513Z  INFO ort::logging: Discovered OrtHardwareDevice {vendor_id:0x8086, device_id:0x1912, vendor:Intel Corporation, type:1, metadata: [Description=Intel(R) HD Graphics 530, Discrete=0, DxgiAdapterNumber=0, DxgiHighPerformanceIndex=0, DxgiVideoMemory=128 MB, LUID=49304, ]}
2026-08-27T03:25:25.901759Z  INFO ort::logging: Discovered OrtHardwareDevice {vendor_id:0x8086, device_id:0x0, vendor:Intel, type:0, metadata: [Description=Intel(R) Core(TM) i5-6600 CPU @ 3.30GHz, ]}
2026-08-27T03:25:25.902385Z  INFO ort::logging: Session Options {  execution_mode:0 execution_order:DEFAULT enable_profiling:0 optimized_model_filepath: enable_mem_pattern:1 enable_mem_reuse:1 enable_cpu_mem_arena:1 profile_file_prefix:onnxruntime_profile_ session_logid: session_log_severity_level:-1 session_log_verbosity_level:0 max_num_graph_transformation_steps:10 graph_optimization_level:1 intra_op_param:OrtThreadPoolParams { thread_pool_size: 1 auto_set_affinity: 0 allow_spinning: 0 dynamic_block_base_: 0 stack_size: 0 affinity_str:  set_denormal_as_zero: 0 } inter_op_param:OrtThreadPoolParams { thread_pool_size: 0 auto_set_affinity: 0 allow_spinning: 0 dynamic_block_base_: 0 stack_size: 0 affinity_str:  set_denormal_as_zero: 0 } use_per_session_threads:1 thread_pool_allow_spinning:1 use_deterministic_compute:0 ep_selection_policy:5 config_options: {  } }
2026-08-27T03:25:25.902445Z  INFO ort::logging: Flush-to-zero and denormal-as-zero are off
2026-08-27T03:25:25.902465Z  INFO ort::logging: Creating and using per session threadpools since use_per_session_threads_ is true
2026-08-27T03:25:25.902513Z  INFO ort::logging: Dynamic block base set to 0
2026-08-27T03:25:25.961880Z  INFO ort::logging: Initializing session.
2026-08-27T03:25:25.961958Z  INFO ort::logging: Creating BFCArena for Cpu with following configs: initial_chunk_size_bytes: 1048576 max_dead_bytes_per_chunk: 134217728 initial_growth_chunk_size_bytes: 2097152 max_power_of_two_extend_bytes: 1073741824 memory limit: 18446744073709551615 arena_extend_strategy: 0
2026-08-27T03:25:25.965608Z  INFO ort::logging: This model does not have any local functions defined. AOT Inlining is not performed
2026-08-27T03:25:25.991145Z  INFO ort::logging: GraphTransformer EnsureUniqueDQForNodeUnit modified: 0 with status: OK
2026-08-27T03:25:25.991648Z  INFO ort::logging: GraphTransformer Level1_RuleBasedTransformer modified: 0 with status: OK
2026-08-27T03:25:25.991801Z  INFO ort::logging: GraphTransformer DoubleQDQPairsRemover modified: 0 with status: OK
2026-08-27T03:25:25.993278Z  INFO ort::logging: Total shared scalar initializer count: 199
2026-08-27T03:25:25.993314Z  INFO ort::logging: GraphTransformer ConstantSharing modified: 1 with status: OK
2026-08-27T03:25:25.998128Z  INFO ort::logging: GraphTransformer CommonSubexpressionElimination modified: 1 with status: OK
2026-08-27T03:25:26.004853Z  INFO ort::logging: GraphTransformer ConstantFolding modified: 1 with status: OK
2026-08-27T03:25:26.009723Z  INFO ort::logging: Removing initializer '/1/Constant_8_output_0'. It is no longer used by any node.
2026-08-27T03:25:26.009771Z  INFO ort::logging: Removing initializer '/0/auto_model/Shape_2_output_0'. It is no longer used by any node.
2026-08-27T03:25:26.009802Z  INFO ort::logging: Removing initializer '/1/Shape_3_output_0'. It is no longer used by any node.
2026-08-27T03:25:26.010111Z  INFO ort::logging: GraphTransformer MatMulAddFusion modified: 0 with status: OK
2026-08-27T03:25:26.010315Z  INFO ort::logging: Fused reshape node: /0/auto_model/encoder/layer.0/attention/self/Reshape_output_0
2026-08-27T03:25:26.010359Z  INFO ort::logging: Fused reshape node: /0/auto_model/encoder/layer.0/attention/self/Reshape_2_output_0
2026-08-27T03:25:26.010398Z  INFO ort::logging: Fused reshape node: /0/auto_model/encoder/layer.0/attention/self/Reshape_1_output_0
2026-08-27T03:25:26.010496Z  INFO ort::logging: Fused reshape node: /0/auto_model/encoder/layer.0/attention/self/Reshape_3_output_0
2026-08-27T03:25:26.010545Z  INFO ort::logging: Fused reshape node: /0/auto_model/encoder/layer.1/attention/self/Reshape_output_0
2026-08-27T03:25:26.010584Z  INFO ort::logging: Fused reshape node: /0/auto_model/encoder/layer.1/attention/self/Reshape_2_output_0
2026-08-27T03:25:26.010622Z  INFO ort::logging: Fused reshape node: /0/auto_model/encoder/layer.1/attention/self/Reshape_1_output_0
2026-08-27T03:25:26.010664Z  INFO ort::logging: Fused reshape node: /0/auto_model/encoder/layer.1/attention/self/Reshape_3_output_0
2026-08-27T03:25:26.010703Z  INFO ort::logging: Fused reshape node: /0/auto_model/encoder/layer.2/attention/self/Reshape_output_0
2026-08-27T03:25:26.010741Z  INFO ort::logging: Fused reshape node: /0/auto_model/encoder/layer.2/attention/self/Reshape_2_output_0
2026-08-27T03:25:26.010804Z  INFO ort::logging: Fused reshape node: /0/auto_model/encoder/layer.2/attention/self/Reshape_1_output_0
2026-08-27T03:25:26.010869Z  INFO ort::logging: Fused reshape node: /0/auto_model/encoder/layer.2/attention/self/Reshape_3_output_0
2026-08-27T03:25:26.010911Z  INFO ort::logging: Fused reshape node: /0/auto_model/encoder/layer.3/attention/self/Reshape_output_0
2026-08-27T03:25:26.010949Z  INFO ort::logging: Fused reshape node: /0/auto_model/encoder/layer.3/attention/self/Reshape_2_output_0
2026-08-27T03:25:26.010987Z  INFO ort::logging: Fused reshape node: /0/auto_model/encoder/layer.3/attention/self/Reshape_1_output_0
2026-08-27T03:25:26.011027Z  INFO ort::logging: Fused reshape node: /0/auto_model/encoder/layer.3/attention/self/Reshape_3_output_0
2026-08-27T03:25:26.011068Z  INFO ort::logging: Fused reshape node: /0/auto_model/encoder/layer.4/attention/self/Reshape_output_0
2026-08-27T03:25:26.011105Z  INFO ort::logging: Fused reshape node: /0/auto_model/encoder/layer.4/attention/self/Reshape_2_output_0
2026-08-27T03:25:26.011143Z  INFO ort::logging: Fused reshape node: /0/auto_model/encoder/layer.4/attention/self/Reshape_1_output_0
2026-08-27T03:25:26.011184Z  INFO ort::logging: Fused reshape node: /0/auto_model/encoder/layer.4/attention/self/Reshape_3_output_0
2026-08-27T03:25:26.011223Z  INFO ort::logging: Fused reshape node: /0/auto_model/encoder/layer.5/attention/self/Reshape_output_0
2026-08-27T03:25:26.011260Z  INFO ort::logging: Fused reshape node: /0/auto_model/encoder/layer.5/attention/self/Reshape_2_output_0
2026-08-27T03:25:26.011297Z  INFO ort::logging: Fused reshape node: /0/auto_model/encoder/layer.5/attention/self/Reshape_1_output_0
2026-08-27T03:25:26.011340Z  INFO ort::logging: Fused reshape node: /0/auto_model/encoder/layer.5/attention/self/Reshape_3_output_0
2026-08-27T03:25:26.011360Z  INFO ort::logging: Total fused reshape node count: 24
2026-08-27T03:25:26.011376Z  INFO ort::logging: GraphTransformer ReshapeFusion modified: 1 with status: OK
2026-08-27T03:25:26.014393Z  INFO ort::logging: Removing initializer '/0/auto_model/encoder/layer.4/attention/self/Constant_11_output_0'. It is no longer used by any node.
2026-08-27T03:25:26.014420Z  INFO ort::logging: Removing initializer '/0/auto_model/encoder/layer.4/attention/self/Constant_6_output_0'. It is no longer used by any node.
2026-08-27T03:25:26.014447Z  INFO ort::logging: Removing initializer '/0/auto_model/encoder/layer.0/attention/self/Constant_15_output_0'. It is no longer used by any node.
2026-08-27T03:25:26.014521Z  INFO ort::logging: GraphTransformer FreeDimensionOverrideTransformer modified: 0 with status: OK
2026-08-27T03:25:26.014545Z  INFO ort::logging: GraphTransformer GeluFusionL1 modified: 0 with status: OK
2026-08-27T03:25:26.014574Z  INFO ort::logging: GraphTransformer LayerNormFusionL1 modified: 0 with status: OK
2026-08-27T03:25:26.014684Z  INFO ort::logging: GraphTransformer QDQPropagationTransformer modified: 0 with status: OK
2026-08-27T03:25:26.014778Z  INFO ort::logging: GraphTransformer WeightBiasQuantization modified: 0 with status: OK
2026-08-27T03:25:26.014919Z  INFO ort::logging: GraphTransformer EnsureUniqueDQForNodeUnit modified: 0 with status: OK
2026-08-27T03:25:26.015015Z  INFO ort::logging: GraphTransformer WhereDummyDq modified: 0 with status: OK
2026-08-27T03:25:26.015530Z  INFO ort::logging: GraphTransformer TransposeOptimizer modified: 0 with status: OK
2026-08-27T03:25:26.015730Z  INFO ort::logging: GraphTransformer Level1_RuleBasedTransformer modified: 0 with status: OK
2026-08-27T03:25:26.015817Z  INFO ort::logging: GraphTransformer DoubleQDQPairsRemover modified: 0 with status: OK
2026-08-27T03:25:26.016163Z  INFO ort::logging: GraphTransformer CommonSubexpressionElimination modified: 0 with status: OK
2026-08-27T03:25:26.016312Z  INFO ort::logging: GraphTransformer ConstantFolding modified: 0 with status: OK
2026-08-27T03:25:26.016416Z  INFO ort::logging: GraphTransformer MatMulAddFusion modified: 0 with status: OK
2026-08-27T03:25:26.016505Z  INFO ort::logging: GraphTransformer ReshapeFusion modified: 0 with status: OK
2026-08-27T03:25:26.016523Z  INFO ort::logging: GraphTransformer FreeDimensionOverrideTransformer modified: 0 with status: OK
2026-08-27T03:25:26.016539Z  INFO ort::logging: GraphTransformer GeluFusionL1 modified: 0 with status: OK
2026-08-27T03:25:26.016553Z  INFO ort::logging: GraphTransformer LayerNormFusionL1 modified: 0 with status: OK
2026-08-27T03:25:26.016642Z  INFO ort::logging: GraphTransformer QDQPropagationTransformer modified: 0 with status: OK
2026-08-27T03:25:26.016725Z  INFO ort::logging: GraphTransformer WeightBiasQuantization modified: 0 with status: OK
2026-08-27T03:25:26.016852Z  INFO ort::logging: GraphTransformer EnsureUniqueDQForNodeUnit modified: 0 with status: OK
2026-08-27T03:25:26.016945Z  INFO ort::logging: GraphTransformer WhereDummyDq modified: 0 with status: OK
2026-08-27T03:25:26.021886Z  INFO ort::logging: Running graph optimizations in loop 1 time/s (Graph Optimizations Loop Level : 1)
2026-08-27T03:25:26.022201Z  INFO ort::logging: GraphTransformer RemoveDuplicateCastTransformer modified: 0 with status: OK
2026-08-27T03:25:26.022222Z  INFO ort::logging: GraphTransformer CastFloat16Transformer modified: 0 with status: OK
2026-08-27T03:25:26.022250Z  INFO ort::logging: GraphTransformer MemcpyTransformer modified: 0 with status: OK
2026-08-27T03:25:26.028286Z  INFO ort::logging: Use DeviceBasedPartition as default
2026-08-27T03:25:26.078277Z  INFO ort::logging: Saving initialized tensors.
2026-08-27T03:25:26.078460Z  INFO ort::logging: Reserving memory in BFCArena for Cpu size: 24
2026-08-27T03:25:26.078537Z  INFO ort::logging: Reserving memory in BFCArena for Cpu size: 4
2026-08-27T03:25:26.078583Z  INFO ort::logging: Reserving memory in BFCArena for Cpu size: 24
2026-08-27T03:25:26.078614Z  INFO ort::logging: Reserving memory in BFCArena for Cpu size: 32
2026-08-27T03:25:26.078636Z  INFO ort::logging: Reserving memory in BFCArena for Cpu size: 8
2026-08-27T03:25:26.078665Z  INFO ort::logging: Reserving memory in BFCArena for Cpu size: 24
2026-08-27T03:25:26.078687Z  INFO ort::logging: Reserving memory in BFCArena for Cpu size: 32
2026-08-27T03:25:26.078713Z  INFO ort::logging: Reserving memory in BFCArena for Cpu size: 8
2026-08-27T03:25:26.078734Z  INFO ort::logging: Reserving memory in BFCArena for Cpu size: 32
2026-08-27T03:25:26.078769Z  INFO ort::logging: Reserving memory in BFCArena for Cpu size: 24
2026-08-27T03:25:26.078790Z  INFO ort::logging: Reserving memory in BFCArena for Cpu size: 32
2026-08-27T03:25:26.078833Z  INFO ort::logging: Reserving memory in BFCArena for Cpu size: 32
2026-08-27T03:25:26.078868Z  INFO ort::logging: Reserving memory in BFCArena for Cpu size: 24
2026-08-27T03:25:26.078900Z  INFO ort::logging: Reserving memory in BFCArena for Cpu size: 32
2026-08-27T03:25:26.078922Z  INFO ort::logging: Reserving memory in BFCArena for Cpu size: 4
2026-08-27T03:25:26.078947Z  INFO ort::logging: Reserving memory in BFCArena for Cpu size: 24
2026-08-27T03:25:26.078968Z  INFO ort::logging: Reserving memory in BFCArena for Cpu size: 32
2026-08-27T03:25:26.078992Z  INFO ort::logging: Reserving memory in BFCArena for Cpu size: 32
2026-08-27T03:25:26.079018Z  INFO ort::logging: Reserving memory in BFCArena for Cpu size: 16
2026-08-27T03:25:26.079051Z  INFO ort::logging: Reserving memory in BFCArena for Cpu size: 32
2026-08-27T03:25:26.079094Z  INFO ort::logging: Reserving memory in BFCArena for Cpu size: 4
2026-08-27T03:25:26.079125Z  INFO ort::logging: Reserving memory in BFCArena for Cpu size: 32
2026-08-27T03:25:26.079146Z  INFO ort::logging: Reserving memory in BFCArena for Cpu size: 4
2026-08-27T03:25:26.079165Z  INFO ort::logging: Reserving memory in BFCArena for Cpu size: 16
2026-08-27T03:25:26.079185Z  INFO ort::logging: Reserving memory in BFCArena for Cpu size: 32
2026-08-27T03:25:26.079206Z  INFO ort::logging: Reserving memory in BFCArena for Cpu size: 24
2026-08-27T03:25:26.079231Z  INFO ort::logging: Reserving memory in BFCArena for Cpu size: 8
2026-08-27T03:25:26.079256Z  INFO ort::logging: Reserving memory in BFCArena for Cpu size: 32
2026-08-27T03:25:26.079279Z  INFO ort::logging: Reserving memory in BFCArena for Cpu size: 8
2026-08-27T03:25:26.079343Z  INFO ort::logging: Reserving memory in BFCArena for Cpu size: 8
2026-08-27T03:25:26.079373Z  INFO ort::logging: Reserving memory in BFCArena for Cpu size: 4
2026-08-27T03:25:26.079397Z  INFO ort::logging: Reserving memory in BFCArena for Cpu size: 4
2026-08-27T03:25:26.079419Z  INFO ort::logging: Reserving memory in BFCArena for Cpu size: 32
2026-08-27T03:25:26.079441Z  INFO ort::logging: Reserving memory in BFCArena for Cpu size: 8
2026-08-27T03:25:26.079463Z  INFO ort::logging: Reserving memory in BFCArena for Cpu size: 24
2026-08-27T03:25:26.079486Z  INFO ort::logging: Reserving memory in BFCArena for Cpu size: 4
2026-08-27T03:25:26.079512Z  INFO ort::logging: Reserving memory in BFCArena for Cpu size: 32
2026-08-27T03:25:26.079532Z  INFO ort::logging: Reserving memory in BFCArena for Cpu size: 32
2026-08-27T03:25:26.079554Z  INFO ort::logging: Reserving memory in BFCArena for Cpu size: 8
2026-08-27T03:25:26.079589Z  INFO ort::logging: Reserving memory in BFCArena for Cpu size: 32
2026-08-27T03:25:26.079612Z  INFO ort::logging: Reserving memory in BFCArena for Cpu size: 4
2026-08-27T03:25:26.079640Z  INFO ort::logging: Reserving memory in BFCArena for Cpu size: 32
2026-08-27T03:25:26.079667Z  INFO ort::logging: Reserving memory in BFCArena for Cpu size: 32
2026-08-27T03:25:26.079708Z  INFO ort::logging: Done saving initialized tensors
2026-08-27T03:25:26.080727Z  INFO ort::logging: Reserving memory in BFCArena for Cpu size: 589824
2026-08-27T03:25:26.081052Z  INFO ort::logging: Reserving memory in BFCArena for Cpu size: 589824
2026-08-27T03:25:26.081271Z  INFO ort::logging: Reserving memory in BFCArena for Cpu size: 589824
2026-08-27T03:25:26.081509Z  INFO ort::logging: Reserving memory in BFCArena for Cpu size: 589824
2026-08-27T03:25:26.081828Z  INFO ort::logging: Reserving memory in BFCArena for Cpu size: 2359296
2026-08-27T03:25:26.083353Z  INFO ort::logging: Reserving memory in BFCArena for Cpu size: 2359296
2026-08-27T03:25:26.084856Z  INFO ort::logging: Reserving memory in BFCArena for Cpu size: 589824
2026-08-27T03:25:26.085194Z  INFO ort::logging: Reserving memory in BFCArena for Cpu size: 589824
2026-08-27T03:25:26.085467Z  INFO ort::logging: Reserving memory in BFCArena for Cpu size: 589824
2026-08-27T03:25:26.085749Z  INFO ort::logging: Reserving memory in BFCArena for Cpu size: 589824
2026-08-27T03:25:26.086014Z  INFO ort::logging: Reserving memory in BFCArena for Cpu size: 2359296
2026-08-27T03:25:26.087451Z  INFO ort::logging: Reserving memory in BFCArena for Cpu size: 2359296
2026-08-27T03:25:26.088941Z  INFO ort::logging: Reserving memory in BFCArena for Cpu size: 589824
2026-08-27T03:25:26.089326Z  INFO ort::logging: Reserving memory in BFCArena for Cpu size: 589824
2026-08-27T03:25:26.089543Z  INFO ort::logging: Reserving memory in BFCArena for Cpu size: 589824
2026-08-27T03:25:26.089774Z  INFO ort::logging: Reserving memory in BFCArena for Cpu size: 589824
2026-08-27T03:25:26.090001Z  INFO ort::logging: Reserving memory in BFCArena for Cpu size: 2359296
2026-08-27T03:25:26.091737Z  INFO ort::logging: Reserving memory in BFCArena for Cpu size: 2359296
2026-08-27T03:25:26.093274Z  INFO ort::logging: Reserving memory in BFCArena for Cpu size: 589824
2026-08-27T03:25:26.093507Z  INFO ort::logging: Reserving memory in BFCArena for Cpu size: 589824
2026-08-27T03:25:26.093717Z  INFO ort::logging: Reserving memory in BFCArena for Cpu size: 589824
2026-08-27T03:25:26.093954Z  INFO ort::logging: Reserving memory in BFCArena for Cpu size: 589824
2026-08-27T03:25:26.094171Z  INFO ort::logging: Reserving memory in BFCArena for Cpu size: 2359296
2026-08-27T03:25:26.095720Z  INFO ort::logging: Reserving memory in BFCArena for Cpu size: 2359296
2026-08-27T03:25:26.097187Z  INFO ort::logging: Reserving memory in BFCArena for Cpu size: 589824
2026-08-27T03:25:26.097412Z  INFO ort::logging: Reserving memory in BFCArena for Cpu size: 589824
2026-08-27T03:25:26.097631Z  INFO ort::logging: Reserving memory in BFCArena for Cpu size: 589824
2026-08-27T03:25:26.097857Z  INFO ort::logging: Reserving memory in BFCArena for Cpu size: 589824
2026-08-27T03:25:26.098092Z  INFO ort::logging: Reserving memory in BFCArena for Cpu size: 2359296
2026-08-27T03:25:26.099608Z  INFO ort::logging: Reserving memory in BFCArena for Cpu size: 2359296
2026-08-27T03:25:26.101095Z  INFO ort::logging: Reserving memory in BFCArena for Cpu size: 589824
2026-08-27T03:25:26.101319Z  INFO ort::logging: Reserving memory in BFCArena for Cpu size: 589824
2026-08-27T03:25:26.101581Z  INFO ort::logging: Reserving memory in BFCArena for Cpu size: 589824
2026-08-27T03:25:26.101928Z  INFO ort::logging: Reserving memory in BFCArena for Cpu size: 589824
2026-08-27T03:25:26.102222Z  INFO ort::logging: Reserving memory in BFCArena for Cpu size: 2359296
2026-08-27T03:25:26.103686Z  INFO ort::logging: Reserving memory in BFCArena for Cpu size: 2359296
2026-08-27T03:25:26.105475Z  INFO ort::logging: Session successfully initialized.
2026-08-27T03:25:26.106086Z  INFO actix_server::builder: starting 4 workers
2026-08-27T03:25:26.106161Z  INFO actix_server::server: Tokio runtime found; starting in existing Tokio runtime
2026-08-27T03:25:26.106187Z  INFO actix_server::server: starting service: "actix-web-service-127.0.0.1:8000", workers: 4, listening on: 127.0.0.1:8000
2026-08-27T03:25:26.106637Z  INFO MapleEMR: >get_application_secret_key()
2026-08-27T03:25:26.106900Z DEBUG MapleEMR::ui::tile_factory: >WebContentFactory:new() : Attempting read of: C:\uol\csm500-final-project\src\app\webc\static\LoginTile.htl
2026-08-27T03:25:26.109715Z  INFO MapleEMR: >get_application_secret_key()
2026-08-27T03:25:26.109788Z DEBUG MapleEMR::ui::tile_factory: >WebContentFactory:new() : Attempting read of: C:\uol\csm500-final-project\src\app\webc\static\LoginTile.htl
2026-08-27T03:25:26.111378Z  INFO MapleEMR: >get_application_secret_key()
2026-08-27T03:25:26.111440Z DEBUG MapleEMR::ui::tile_factory: >WebContentFactory:new() : Attempting read of: C:\uol\csm500-final-project\src\app\webc\static\LoginTile.htl
2026-08-27T03:25:26.112803Z  INFO MapleEMR: >get_application_secret_key()
2026-08-27T03:25:26.112854Z DEBUG MapleEMR::ui::tile_factory: >WebContentFactory:new() : Attempting read of: C:\uol\csm500-final-project\src\app\webc\static\LoginTile.htl
2026-08-27T03:25:35.904641Z DEBUG MapleEMR::route::default_route: -> /default_route Requested
2026-08-27T03:25:35.904687Z DEBUG MapleEMR::route::default_route: Checking session for Validation errors
2026-08-27T03:25:35.904711Z DEBUG MapleEMR::route::default_route: Ok( None ) No active session
2026-08-27T03:25:40.389464Z DEBUG MapleEMR::route::login_route: -> /login Requested
2026-08-27T03:25:40.389526Z DEBUG MapleEMR::dao::auth_dao: Query: SELECT id, name, username, email, created_timestamp, password FROM USERS WHERE USERNAME = 'chath' AND PASSWORD = 'nurse1'
2026-08-27T03:25:40.402258Z DEBUG sqlx::query: summary="SELECT id, name, username, …" db.statement="\n\nSELECT id, name, username, email, created_timestamp, password FROM USERS WHERE USERNAME = 'chath' AND PASSWORD = 'nurse1'\n" rows_affected=1 rows_returned=1 elapsed=12.2464ms elapsed_secs=0.0122464
2026-08-27T03:25:40.402350Z DEBUG MapleEMR::dao::auth_dao: Successful login (results found) for: chath
2026-08-27T03:25:40.402423Z DEBUG MapleEMR::route::login_route: User can login: chath redirect to /home
2026-08-27T03:25:40.402440Z DEBUG MapleEMR::dao::auth_dao: get_user_permissions Query: SELECT department_id, permission_id FROM public.user_permission where active_flag = 'Y' and users_id = 2 group by department_id, permission_id order by permission_id
2026-08-27T03:25:40.510430Z DEBUG sqlx::query: summary="SELECT department_id, permission_id FROM …" db.statement="\n\nSELECT department_id, permission_id FROM public.user_permission where active_flag = 'Y' and users_id = 2 group by department_id, permission_id order by permission_id\n" rows_affected=12 rows_returned=12 elapsed=4.0614ms elapsed_secs=0.0040614
2026-08-27T03:25:40.515932Z DEBUG MapleEMR::route::home_route: -> /home Route Requested
2026-08-27T03:25:40.516071Z DEBUG MapleEMR::dao::patient_dao: >get_patients_at_users_site_no_discharge() Query: SELECT p.id, e.id, e.location_id, legal_first_name, legal_last_name, COALESCE(legal_middle_names, '') as "legal_middle_names",
                                        COALESCE(admit_notes, '') as "admit_notes", COALESCE(discharge_notes, '') as "discharge_notes",
                                        birthdate, admit_timestamp,
                                        discharge_timestamp as "discharge_timestamp?",
                                        phn, l2.short_name "location_short_name"
                                    FROM patient p
                                    join encounter e on p.id = e.patient_id
									join location l2 on l2.id = e.location_id
                                    where discharge_timestamp is null
                                      and location_id in (
                                        select l.id
                                        from location l
                                        where site_id in (
                                        select site_id
                                        from user_permission up
                                        where users_id = 2
                                            and up.site_id = l.site_id)  )
2026-08-27T03:25:40.528160Z DEBUG sqlx::query: summary="SELECT p.id, e.id, e.location_id, …" db.statement="\n\nSELECT p.id, e.id, e.location_id, legal_first_name, legal_last_name, COALESCE(legal_middle_names, '') as \"legal_middle_names\",\n                                        COALESCE(admit_notes, '') as \"admit_notes\", COALESCE(discharge_notes, '') as \"discharge_notes\",\n                                        birthdate, admit_timestamp,\n                                        discharge_timestamp as \"discharge_timestamp?\",\n                                        phn, l2.short_name \"location_short_name\"\n                                    FROM patient p\n                                    join encounter e on p.id = e.patient_id\n\t\t\t\t\t\t\t\t\tjoin location l2 on l2.id = e.location_id\n                                    where discharge_timestamp is null\n                                      and location_id in (\n                                        select l.id\n                                        from location l\n                                        where site_id in (\n                                        select site_id\n                                        from user_permission up\n                                        where users_id = 2\n                                            and up.site_id = l.site_id)  )\n" rows_affected=7 rows_returned=7 elapsed=11.7026ms elapsed_secs=0.0117026
2026-08-27T03:25:40.528259Z DEBUG MapleEMR::route::home_route: Retrieved 7 patients:
2026-08-27T03:25:40.538378Z DEBUG sqlx::query: summary="select e.id \"encounter_id\", admit_timestamp, …" db.statement="\n\n\n                                    select e.id \"encounter_id\", admit_timestamp,\n                                        discharge_timestamp as \"discharge_timestamp?\",\n                                        COALESCE(admit_notes, '') as \"admit_notes\",\n                                        COALESCE(discharge_notes, '') as \"discharge_notes\",\n                                        s.name \"encounter_site_name\",\n                                        l.short_name \"room_identifier\",\n                                        'Y' as \"current_encounter\"\n                                    from encounter e\n                                    join location l on e.location_id = l.id\n                                    join site s on s.id = l.site_id\n                                    where patient_id = 1\n                                      and discharge_timestamp is null\n                                      limit 1\n                                    \n" rows_affected=1 rows_returned=1 elapsed=9.7517ms elapsed_secs=0.0097517
2026-08-27T03:25:40.543569Z DEBUG sqlx::query: summary="SELECT i.id intervention_id, encounter_id, …" db.statement="\n\n\n                                SELECT i.id intervention_id, encounter_id, i.description, i.notes, location_id, users_id,\n                                    intervention_type_id, status_id,\n                                    l.room_identifier,\n                                    ref1.name \"intervention_type\", \n                                    ref2.name \"status\", i.scheduled_timestamp, i.performed_timestamp\n                                FROM intervention i\n                                join location l on  l.id = i.location_id\n                                join common_reference_type ref1 on i.intervention_type_id = ref1.id\n                                join common_reference_type ref2 on i.status_id = ref2.id \n                                where i.encounter_id = 1\n                                  AND i.intervention_type_id = 38\n                                ORDER BY i.id DESC LIMIT 1\n                                                \n" rows_affected=1 rows_returned=1 elapsed=4.7424ms elapsed_secs=0.0047424
2026-08-27T03:25:40.544847Z DEBUG sqlx::query: summary="select e.id \"encounter_id\", admit_timestamp, …" db.statement="\n\n\n                                    select e.id \"encounter_id\", admit_timestamp,\n                                        discharge_timestamp as \"discharge_timestamp?\",\n                                        COALESCE(admit_notes, '') as \"admit_notes\",\n                                        COALESCE(discharge_notes, '') as \"discharge_notes\",\n                                        s.name \"encounter_site_name\",\n                                        l.short_name \"room_identifier\",\n                                        'Y' as \"current_encounter\"\n                                    from encounter e\n                                    join location l on e.location_id = l.id\n                                    join site s on s.id = l.site_id\n                                    where patient_id = 2\n                                      and discharge_timestamp is null\n                                      limit 1\n                                    \n" rows_affected=1 rows_returned=1 elapsed=877.5µs elapsed_secs=0.0008775
2026-08-27T03:25:40.546383Z DEBUG sqlx::query: summary="SELECT i.id intervention_id, encounter_id, …" db.statement="\n\n\n                                SELECT i.id intervention_id, encounter_id, i.description, i.notes, location_id, users_id,\n                                    intervention_type_id, status_id,\n                                    l.room_identifier,\n                                    ref1.name \"intervention_type\", \n                                    ref2.name \"status\", i.scheduled_timestamp, i.performed_timestamp\n                                FROM intervention i\n                                join location l on  l.id = i.location_id\n                                join common_reference_type ref1 on i.intervention_type_id = ref1.id\n                                join common_reference_type ref2 on i.status_id = ref2.id \n                                where i.encounter_id = 2\n                                  AND i.intervention_type_id = 38\n                                ORDER BY i.id DESC LIMIT 1\n                                                \n" rows_affected=1 rows_returned=1 elapsed=1.157ms elapsed_secs=0.001157
2026-08-27T03:25:40.547746Z DEBUG sqlx::query: summary="select e.id \"encounter_id\", admit_timestamp, …" db.statement="\n\n\n                                    select e.id \"encounter_id\", admit_timestamp,\n                                        discharge_timestamp as \"discharge_timestamp?\",\n                                        COALESCE(admit_notes, '') as \"admit_notes\",\n                                        COALESCE(discharge_notes, '') as \"discharge_notes\",\n                                        s.name \"encounter_site_name\",\n                                        l.short_name \"room_identifier\",\n                                        'Y' as \"current_encounter\"\n                                    from encounter e\n                                    join location l on e.location_id = l.id\n                                    join site s on s.id = l.site_id\n                                    where patient_id = 3\n                                      and discharge_timestamp is null\n                                      limit 1\n                                    \n" rows_affected=1 rows_returned=1 elapsed=936.3µs elapsed_secs=0.0009363
2026-08-27T03:25:40.549313Z DEBUG sqlx::query: summary="SELECT i.id intervention_id, encounter_id, …" db.statement="\n\n\n                                SELECT i.id intervention_id, encounter_id, i.description, i.notes, location_id, users_id,\n                                    intervention_type_id, status_id,\n                                    l.room_identifier,\n                                    ref1.name \"intervention_type\", \n                                    ref2.name \"status\", i.scheduled_timestamp, i.performed_timestamp\n                                FROM intervention i\n                                join location l on  l.id = i.location_id\n                                join common_reference_type ref1 on i.intervention_type_id = ref1.id\n                                join common_reference_type ref2 on i.status_id = ref2.id \n                                where i.encounter_id = 3\n                                  AND i.intervention_type_id = 38\n                                ORDER BY i.id DESC LIMIT 1\n                                                \n" rows_affected=1 rows_returned=1 elapsed=1.2081ms elapsed_secs=0.0012081
2026-08-27T03:25:40.550751Z DEBUG sqlx::query: summary="select e.id \"encounter_id\", admit_timestamp, …" db.statement="\n\n\n                                    select e.id \"encounter_id\", admit_timestamp,\n                                        discharge_timestamp as \"discharge_timestamp?\",\n                                        COALESCE(admit_notes, '') as \"admit_notes\",\n                                        COALESCE(discharge_notes, '') as \"discharge_notes\",\n                                        s.name \"encounter_site_name\",\n                                        l.short_name \"room_identifier\",\n                                        'Y' as \"current_encounter\"\n                                    from encounter e\n                                    join location l on e.location_id = l.id\n                                    join site s on s.id = l.site_id\n                                    where patient_id = 5\n                                      and discharge_timestamp is null\n                                      limit 1\n                                    \n" rows_affected=1 rows_returned=1 elapsed=1.0315ms elapsed_secs=0.0010315
2026-08-27T03:25:40.552108Z DEBUG sqlx::query: summary="SELECT i.id intervention_id, encounter_id, …" db.statement="\n\n\n                                SELECT i.id intervention_id, encounter_id, i.description, i.notes, location_id, users_id,\n                                    intervention_type_id, status_id,\n                                    l.room_identifier,\n                                    ref1.name \"intervention_type\", \n                                    ref2.name \"status\", i.scheduled_timestamp, i.performed_timestamp\n                                FROM intervention i\n                                join location l on  l.id = i.location_id\n                                join common_reference_type ref1 on i.intervention_type_id = ref1.id\n                                join common_reference_type ref2 on i.status_id = ref2.id \n                                where i.encounter_id = 10\n                                  AND i.intervention_type_id = 38\n                                ORDER BY i.id DESC LIMIT 1\n                                                \n" rows_affected=0 rows_returned=0 elapsed=983.4µs elapsed_secs=0.0009834
2026-08-27T03:25:40.552365Z DEBUG MapleEMR::dao::intervention_dao: No Interventions found for encounter_id: 10 [count=0]
2026-08-27T03:25:40.554007Z DEBUG sqlx::query: summary="select e.id \"encounter_id\", admit_timestamp, …" db.statement="\n\n\n                                    select e.id \"encounter_id\", admit_timestamp,\n                                        discharge_timestamp as \"discharge_timestamp?\",\n                                        COALESCE(admit_notes, '') as \"admit_notes\",\n                                        COALESCE(discharge_notes, '') as \"discharge_notes\",\n                                        s.name \"encounter_site_name\",\n                                        l.short_name \"room_identifier\",\n                                        'Y' as \"current_encounter\"\n                                    from encounter e\n                                    join location l on e.location_id = l.id\n                                    join site s on s.id = l.site_id\n                                    where patient_id = 25\n                                      and discharge_timestamp is null\n                                      limit 1\n                                    \n" rows_affected=1 rows_returned=1 elapsed=1.178ms elapsed_secs=0.001178
2026-08-27T03:25:40.555715Z DEBUG sqlx::query: summary="SELECT i.id intervention_id, encounter_id, …" db.statement="\n\n\n                                SELECT i.id intervention_id, encounter_id, i.description, i.notes, location_id, users_id,\n                                    intervention_type_id, status_id,\n                                    l.room_identifier,\n                                    ref1.name \"intervention_type\", \n                                    ref2.name \"status\", i.scheduled_timestamp, i.performed_timestamp\n                                FROM intervention i\n                                join location l on  l.id = i.location_id\n                                join common_reference_type ref1 on i.intervention_type_id = ref1.id\n                                join common_reference_type ref2 on i.status_id = ref2.id \n                                where i.encounter_id = 11\n                                  AND i.intervention_type_id = 38\n                                ORDER BY i.id DESC LIMIT 1\n                                                \n" rows_affected=0 rows_returned=0 elapsed=1.2888ms elapsed_secs=0.0012888
2026-08-27T03:25:40.555823Z DEBUG MapleEMR::dao::intervention_dao: No Interventions found for encounter_id: 11 [count=0]
2026-08-27T03:25:40.557105Z DEBUG sqlx::query: summary="select e.id \"encounter_id\", admit_timestamp, …" db.statement="\n\n\n                                    select e.id \"encounter_id\", admit_timestamp,\n                                        discharge_timestamp as \"discharge_timestamp?\",\n                                        COALESCE(admit_notes, '') as \"admit_notes\",\n                                        COALESCE(discharge_notes, '') as \"discharge_notes\",\n                                        s.name \"encounter_site_name\",\n                                        l.short_name \"room_identifier\",\n                                        'Y' as \"current_encounter\"\n                                    from encounter e\n                                    join location l on e.location_id = l.id\n                                    join site s on s.id = l.site_id\n                                    where patient_id = 26\n                                      and discharge_timestamp is null\n                                      limit 1\n                                    \n" rows_affected=1 rows_returned=1 elapsed=902µs elapsed_secs=0.000902
2026-08-27T03:25:40.558771Z DEBUG sqlx::query: summary="SELECT i.id intervention_id, encounter_id, …" db.statement="\n\n\n                                SELECT i.id intervention_id, encounter_id, i.description, i.notes, location_id, users_id,\n                                    intervention_type_id, status_id,\n                                    l.room_identifier,\n                                    ref1.name \"intervention_type\", \n                                    ref2.name \"status\", i.scheduled_timestamp, i.performed_timestamp\n                                FROM intervention i\n                                join location l on  l.id = i.location_id\n                                join common_reference_type ref1 on i.intervention_type_id = ref1.id\n                                join common_reference_type ref2 on i.status_id = ref2.id \n                                where i.encounter_id = 12\n                                  AND i.intervention_type_id = 38\n                                ORDER BY i.id DESC LIMIT 1\n                                                \n" rows_affected=0 rows_returned=0 elapsed=1.1847ms elapsed_secs=0.0011847
2026-08-27T03:25:40.558856Z DEBUG MapleEMR::dao::intervention_dao: No Interventions found for encounter_id: 12 [count=0]
2026-08-27T03:25:40.560232Z DEBUG sqlx::query: summary="select e.id \"encounter_id\", admit_timestamp, …" db.statement="\n\n\n                                    select e.id \"encounter_id\", admit_timestamp,\n                                        discharge_timestamp as \"discharge_timestamp?\",\n                                        COALESCE(admit_notes, '') as \"admit_notes\",\n                                        COALESCE(discharge_notes, '') as \"discharge_notes\",\n                                        s.name \"encounter_site_name\",\n                                        l.short_name \"room_identifier\",\n                                        'Y' as \"current_encounter\"\n                                    from encounter e\n                                    join location l on e.location_id = l.id\n                                    join site s on s.id = l.site_id\n                                    where patient_id = 27\n                                      and discharge_timestamp is null\n                                      limit 1\n                                    \n" rows_affected=1 rows_returned=1 elapsed=1.0563ms elapsed_secs=0.0010563
2026-08-27T03:25:40.561751Z DEBUG sqlx::query: summary="SELECT i.id intervention_id, encounter_id, …" db.statement="\n\n\n                                SELECT i.id intervention_id, encounter_id, i.description, i.notes, location_id, users_id,\n                                    intervention_type_id, status_id,\n                                    l.room_identifier,\n                                    ref1.name \"intervention_type\", \n                                    ref2.name \"status\", i.scheduled_timestamp, i.performed_timestamp\n                                FROM intervention i\n                                join location l on  l.id = i.location_id\n                                join common_reference_type ref1 on i.intervention_type_id = ref1.id\n                                join common_reference_type ref2 on i.status_id = ref2.id \n                                where i.encounter_id = 13\n                                  AND i.intervention_type_id = 38\n                                ORDER BY i.id DESC LIMIT 1\n                                                \n" rows_affected=0 rows_returned=0 elapsed=1.1722ms elapsed_secs=0.0011722
2026-08-27T03:25:40.561897Z DEBUG MapleEMR::dao::intervention_dao: No Interventions found for encounter_id: 13 [count=0]
2026-08-27T03:25:41.978036Z DEBUG MapleEMR::route::patient_route: -> /patientdtls Route Requested
2026-08-27T03:25:41.978916Z DEBUG sqlx::query: summary="select e.id \"encounter_id\", admit_timestamp, …" db.statement="\n\n\n                                    select e.id \"encounter_id\", admit_timestamp,\n                                        discharge_timestamp as \"discharge_timestamp?\",\n                                        COALESCE(admit_notes, '') as \"admit_notes\",\n                                        COALESCE(discharge_notes, '') as \"discharge_notes\",\n                                        s.name \"encounter_site_name\",\n                                        l.short_name \"room_identifier\",\n                                        'Y' as \"current_encounter\"\n                                    from encounter e\n                                    join location l on e.location_id = l.id\n                                    join site s on s.id = l.site_id\n                                    where patient_id = 1\n                                      and discharge_timestamp is null\n                                      limit 1\n                                    \n" rows_affected=1 rows_returned=1 elapsed=440.3µs elapsed_secs=0.0004403
2026-08-27T03:25:41.979840Z DEBUG sqlx::query: summary="SELECT i.id intervention_id, encounter_id, …" db.statement="\n\n\n                                SELECT i.id intervention_id, encounter_id, i.description, i.notes, location_id, users_id,\n                                    intervention_type_id, status_id,\n                                    l.room_identifier,\n                                    ref1.name \"intervention_type\", \n                                    ref2.name \"status\", i.scheduled_timestamp, i.performed_timestamp\n                                FROM intervention i\n                                join location l on  l.id = i.location_id\n                                join common_reference_type ref1 on i.intervention_type_id = ref1.id\n                                join common_reference_type ref2 on i.status_id = ref2.id \n                                where i.encounter_id = 1\n                                  AND i.intervention_type_id = 38\n                                ORDER BY i.id DESC LIMIT 1\n                                                \n" rows_affected=1 rows_returned=1 elapsed=493.4µs elapsed_secs=0.0004934
2026-08-27T03:25:41.981896Z DEBUG sqlx::query: summary="select e.id \"encounter_id\", admit_timestamp, …" db.statement="\n\n\n                                    select e.id \"encounter_id\", admit_timestamp,\n                                        discharge_timestamp as \"discharge_timestamp?\",\n                                        COALESCE(admit_notes, '') as \"admit_notes\",\n                                        COALESCE(discharge_notes, '') as \"discharge_notes\",\n                                        s.name \"encounter_site_name\",\n                                        l.short_name \"room_identifier\",\n                                        CASE WHEN discharge_timestamp is null then 'Y' else 'N' end as \"current_encounter\"\n                                    from encounter e\n                                    join location l on e.location_id = l.id\n                                    join site s on s.id = l.site_id\n                                    where patient_id = 1\n                                    order by admit_timestamp desc\n                                    \n" rows_affected=1 rows_returned=1 elapsed=1.4505ms elapsed_secs=0.0014505
2026-08-27T03:25:41.982063Z DEBUG MapleEMR::ui::simple_fmt: >get_encounter_list_tile()
2026-08-27T03:25:41.984756Z DEBUG sqlx::query: summary="SELECT i.id intervention_id, encounter_id, …" db.statement="\n\n\n                                SELECT i.id intervention_id, encounter_id, i.description, i.notes, location_id, users_id,\n                                     intervention_type_id, status_id,\n                                    l.room_identifier,\n                                    ref1.name \"intervention_type\", \n                                    ref2.name \"status\", i.scheduled_timestamp, i.performed_timestamp\n                                FROM intervention i\n                                join location l on  l.id = i.location_id\n                                join common_reference_type ref1 on i.intervention_type_id = ref1.id\n                                join common_reference_type ref2 on i.status_id = ref2.id \n                                where i.encounter_id = 1\n                                ORDER BY i.id DESC\n                                               \n" rows_affected=1 rows_returned=1 elapsed=2.221ms elapsed_secs=0.002221
2026-08-27T03:25:41.984882Z DEBUG MapleEMR::ui::simple_fmt: >get_intervention_list_tile()
2026-08-27T03:25:41.985006Z DEBUG MapleEMR::dao::patient_dao: get_patient_details Query: SELECT p.id "patient_id", e.id "encounter_id", e.location_id "location_id", legal_first_name, legal_last_name, COALESCE(legal_middle_names, '') as "legal_middle_names",
                                                COALESCE(admit_notes, '') as "admit_notes", COALESCE(discharge_notes, '') as "discharge_notes",
                                                birthdate, admit_timestamp,
                                                discharge_timestamp as "discharge_timestamp?",
                                                sin, phn, l2.short_name "location_short_name"
                                            FROM patient p
                                            join encounter e on p.id = e.patient_id
											join location l2 on l2.id = e.location_id
                                            where patient_id = 1
2026-08-27T03:25:41.990106Z DEBUG sqlx::query: summary="SELECT p.id \"patient_id\", e.id …" db.statement="\n\nSELECT p.id \"patient_id\", e.id \"encounter_id\", e.location_id \"location_id\", legal_first_name, legal_last_name, COALESCE(legal_middle_names, '') as \"legal_middle_names\",\n                                                COALESCE(admit_notes, '') as \"admit_notes\", COALESCE(discharge_notes, '') as \"discharge_notes\",\n                                                birthdate, admit_timestamp,\n                                                discharge_timestamp as \"discharge_timestamp?\",\n                                                sin, phn, l2.short_name \"location_short_name\"\n                                            FROM patient p\n                                            join encounter e on p.id = e.patient_id\n\t\t\t\t\t\t\t\t\t\t\tjoin location l2 on l2.id = e.location_id\n                                            where patient_id = 1\n" rows_affected=1 rows_returned=1 elapsed=4.4071ms elapsed_secs=0.0044071
2026-08-27T03:25:41.990289Z DEBUG MapleEMR::dao::patient_dao: >get_patients_at_users_site_no_discharge() Query: SELECT p.id, e.id, e.location_id, legal_first_name, legal_last_name, COALESCE(legal_middle_names, '') as "legal_middle_names",
                                        COALESCE(admit_notes, '') as "admit_notes", COALESCE(discharge_notes, '') as "discharge_notes",
                                        birthdate, admit_timestamp,
                                        discharge_timestamp as "discharge_timestamp?",
                                        phn, l2.short_name "location_short_name"
                                    FROM patient p
                                    join encounter e on p.id = e.patient_id
									join location l2 on l2.id = e.location_id
                                    where discharge_timestamp is null
                                      and location_id in (
                                        select l.id
                                        from location l
                                        where site_id in (
                                        select site_id
                                        from user_permission up
                                        where users_id = 2
                                            and up.site_id = l.site_id)  )
2026-08-27T03:25:41.991247Z DEBUG sqlx::query: summary="SELECT p.id, e.id, e.location_id, …" db.statement="\n\nSELECT p.id, e.id, e.location_id, legal_first_name, legal_last_name, COALESCE(legal_middle_names, '') as \"legal_middle_names\",\n                                        COALESCE(admit_notes, '') as \"admit_notes\", COALESCE(discharge_notes, '') as \"discharge_notes\",\n                                        birthdate, admit_timestamp,\n                                        discharge_timestamp as \"discharge_timestamp?\",\n                                        phn, l2.short_name \"location_short_name\"\n                                    FROM patient p\n                                    join encounter e on p.id = e.patient_id\n\t\t\t\t\t\t\t\t\tjoin location l2 on l2.id = e.location_id\n                                    where discharge_timestamp is null\n                                      and location_id in (\n                                        select l.id\n                                        from location l\n                                        where site_id in (\n                                        select site_id\n                                        from user_permission up\n                                        where users_id = 2\n                                            and up.site_id = l.site_id)  )\n" rows_affected=7 rows_returned=7 elapsed=629.9µs elapsed_secs=0.0006299
2026-08-27T03:25:41.991366Z DEBUG MapleEMR::dao::common_dao: get_common_references()
2026-08-27T03:25:41.994212Z DEBUG sqlx::query: summary="select id, name, description …" db.statement="\n\nselect id, name, description from common_reference_type where group_id = 1 ORDER BY NAME\n" rows_affected=19 rows_returned=19 elapsed=2.5778ms elapsed_secs=0.0025778
2026-08-27T03:25:41.994303Z DEBUG MapleEMR::ui::tile_factory: >get_patient_details_full_tile()
2026-08-27T03:25:41.994393Z DEBUG MapleEMR::ui::common: > get_dropdown_generic(intervention_type_id)
2026-08-27T03:25:43.582266Z DEBUG MapleEMR::route::intervention_route: -> Route Requested: /intvlink  route_to_modify_intervention_basic()
2026-08-27T03:25:43.582318Z DEBUG MapleEMR::route::intervention_route: -> Route Requested: /intv  (add/modify)
2026-08-27T03:25:43.582396Z DEBUG MapleEMR::route::intervention_route:    Intervention exists: view existing Intervention
2026-08-27T03:25:43.585118Z DEBUG sqlx::query: summary="SELECT i.id intervention_id, encounter_id, …" db.statement="\n\nSELECT i.id intervention_id,\n                                                encounter_id,\n                                                i.description,\n                                                i.notes,\n                                                i.location_id,\n                                                users_id,\n                                                intervention_type_id,\n                                                status_id,\n                                                l.room_identifier,\n                                                ref1.name \"intervention_type\", \n                                                ref2.name \"status\",\n                                                i.scheduled_timestamp,\n                                                i.performed_timestamp,\n                                                e.patient_id\n                                            FROM intervention i\n                                            join encounter e ON e.id = i.encounter_id\n                                            join location l on  l.id = i.location_id\n                                            join common_reference_type ref1 on i.intervention_type_id = ref1.id\n                                            join common_reference_type ref2 on i.status_id = ref2.id \n                                            where i.id = 1\n                                              \n" rows_affected=1 rows_returned=1 elapsed=2.3466ms elapsed_secs=0.0023466
2026-08-27T03:25:43.589515Z DEBUG sqlx::query: summary="SELECT i.id \"intervention_details_id\", value, …" db.statement="\n\n\n                                                    SELECT i.id \"intervention_details_id\", value, notes, entry_timestamp, ref1.name \"intervention_type\", intervention_id, type_id\n                                                        FROM intervention_details i\n                                                        JOIN common_reference_type ref1 on i.type_id = ref1.id \n                                                        WHERE intervention_id = 1\n                                                \n" rows_affected=4 rows_returned=4 elapsed=3.3775ms elapsed_secs=0.0033775
2026-08-27T03:25:43.589638Z DEBUG MapleEMR::dao::patient_dao: >get_patients_at_users_site_no_discharge() Query: SELECT p.id, e.id, e.location_id, legal_first_name, legal_last_name, COALESCE(legal_middle_names, '') as "legal_middle_names",
                                        COALESCE(admit_notes, '') as "admit_notes", COALESCE(discharge_notes, '') as "discharge_notes",
                                        birthdate, admit_timestamp,
                                        discharge_timestamp as "discharge_timestamp?",
                                        phn, l2.short_name "location_short_name"
                                    FROM patient p
                                    join encounter e on p.id = e.patient_id
									join location l2 on l2.id = e.location_id
                                    where discharge_timestamp is null
                                      and location_id in (
                                        select l.id
                                        from location l
                                        where site_id in (
                                        select site_id
                                        from user_permission up
                                        where users_id = 2
                                            and up.site_id = l.site_id)  )
2026-08-27T03:25:43.590938Z DEBUG sqlx::query: summary="SELECT p.id, e.id, e.location_id, …" db.statement="\n\nSELECT p.id, e.id, e.location_id, legal_first_name, legal_last_name, COALESCE(legal_middle_names, '') as \"legal_middle_names\",\n                                        COALESCE(admit_notes, '') as \"admit_notes\", COALESCE(discharge_notes, '') as \"discharge_notes\",\n                                        birthdate, admit_timestamp,\n                                        discharge_timestamp as \"discharge_timestamp?\",\n                                        phn, l2.short_name \"location_short_name\"\n                                    FROM patient p\n                                    join encounter e on p.id = e.patient_id\n\t\t\t\t\t\t\t\t\tjoin location l2 on l2.id = e.location_id\n                                    where discharge_timestamp is null\n                                      and location_id in (\n                                        select l.id\n                                        from location l\n                                        where site_id in (\n                                        select site_id\n                                        from user_permission up\n                                        where users_id = 2\n                                            and up.site_id = l.site_id)  )\n" rows_affected=7 rows_returned=7 elapsed=839.9µs elapsed_secs=0.0008399
2026-08-27T03:25:43.591116Z DEBUG MapleEMR::dao::auth_dao: get_user_and_departments_at_current_user_sites()
2026-08-27T03:25:43.596925Z DEBUG sqlx::query: summary="select distinct u.id user_id, …" db.statement="\n\n\n                                                select distinct u.id user_id,\n                                                    d.name || ' ('|| u.name||')' \"name\",\n                                                    u.name \"user_name\"\n                                                from user_permission up\n                                                join users u on up.users_id = u.id\n                                                join department d on up.department_id = d.id\n                                                where up.active_flag = 'Y'\n                                                and users_id = 2\n                                                and site_id is not null\n\t\t\t\t\t\t\t\t\t\t\t\torder by  d.name || ' ('|| u.name||')'\n                                                \n" rows_affected=2 rows_returned=2 elapsed=5.4376ms elapsed_secs=0.0054376
2026-08-27T03:25:43.597018Z DEBUG MapleEMR::dao::common_dao: get_common_reference()
2026-08-27T03:25:43.597967Z DEBUG sqlx::query: summary="SELECT id, name, description …" db.statement="\n\nSELECT id, name, description FROM common_reference_type WHERE ID = 38 LIMIT 1\n" rows_affected=1 rows_returned=1 elapsed=651.8µs elapsed_secs=0.0006518
2026-08-27T03:25:43.598023Z DEBUG MapleEMR::dao::common_dao: get_common_references()
2026-08-27T03:25:43.598839Z DEBUG sqlx::query: summary="select id, name, description …" db.statement="\n\nselect id, name, description from common_reference_type where group_id = 2 ORDER BY NAME\n" rows_affected=6 rows_returned=6 elapsed=580.2µs elapsed_secs=0.0005802
2026-08-27T03:25:43.598985Z DEBUG MapleEMR::dao::common_dao: get_locations_for_user()
2026-08-27T03:25:43.601087Z DEBUG sqlx::query: summary="select id, name || …" db.statement="\n\n\n                                        select id, name || ' (' || short_name|| ')' from location\n                                        where active_flag = 'Y'\n                                        and site_id in (\n                                            select site_id\n                                            from user_permission\n                                            where users_id = 2\n                                                and active_flag = 'Y' )\n" rows_affected=34 rows_returned=34 elapsed=1.7189ms elapsed_secs=0.0017189
2026-08-27T03:25:43.601220Z DEBUG MapleEMR::ui::common: > get_location_dropdown()
2026-08-27T03:25:43.601332Z DEBUG MapleEMR::ui::tile_factory: >get_modify_intervention_full_page_tile()
2026-08-27T03:25:43.601382Z DEBUG MapleEMR::ui::tile_factory:   Update existing Intervention
2026-08-27T03:25:43.601492Z DEBUG MapleEMR::ui::common: > get_dropdown_generic(users_id)
2026-08-27T03:25:43.601518Z DEBUG MapleEMR::ui::common: > get_dropdown_generic(status_id)
2026-08-27T03:27:45.174633Z  INFO actix_server::server: SIGINT received; starting forced shutdown
2026-08-27T03:27:45.174733Z DEBUG actix_server::accept: paused accepting connections on 127.0.0.1:8000
2026-08-27T03:27:45.174768Z  INFO actix_server::accept: accept thread stopped
2026-08-27T03:27:45.175294Z  INFO actix_server::worker: shutting down idle worker
2026-08-27T03:27:45.175396Z  INFO actix_server::worker: shutting down idle worker
2026-08-27T03:27:45.175424Z  INFO actix_server::worker: shutting down idle worker
2026-08-27T03:27:45.175572Z  INFO actix_server::worker: shutting down idle worker
